Archive member included to satisfy reference by file (symbol)

c:/nxp/mcuxpressoide_10.0.0_344/ide/tools/bin/../lib/gcc/arm-none-eabi/5.4.1/armv6-m\libgcc.a(_udivsi3.o)
                              ./freertos/fsl_tickless_lptmr.o (__aeabi_uidiv)
c:/nxp/mcuxpressoide_10.0.0_344/ide/tools/bin/../lib/gcc/arm-none-eabi/5.4.1/armv6-m\libgcc.a(_dvmd_tls.o)
                              c:/nxp/mcuxpressoide_10.0.0_344/ide/tools/bin/../lib/gcc/arm-none-eabi/5.4.1/armv6-m\libgcc.a(_udivsi3.o) (__aeabi_idiv0)
c:/nxp/mcuxpressoide_10.0.0_344/ide/tools/bin/../lib/gcc/arm-none-eabi/5.4.1/armv6-m\libgcc.a(divdf3.o)
                              ./source/_ADCSense.o (__aeabi_ddiv)
c:/nxp/mcuxpressoide_10.0.0_344/ide/tools/bin/../lib/gcc/arm-none-eabi/5.4.1/armv6-m\libgcc.a(muldf3.o)
                              ./source/_ADCSense.o (__aeabi_dmul)
c:/nxp/mcuxpressoide_10.0.0_344/ide/tools/bin/../lib/gcc/arm-none-eabi/5.4.1/armv6-m\libgcc.a(floatunsidf.o)
                              ./source/_ADCSense.o (__aeabi_ui2d)
c:/nxp/mcuxpressoide_10.0.0_344/ide/tools/bin/../lib/gcc/arm-none-eabi/5.4.1/armv6-m\libgcc.a(_clzsi2.o)
                              c:/nxp/mcuxpressoide_10.0.0_344/ide/tools/bin/../lib/gcc/arm-none-eabi/5.4.1/armv6-m\libgcc.a(divdf3.o) (__clzsi2)
c:/nxp/mcuxpressoide_10.0.0_344/ide/tools/bin/../lib/gcc/arm-none-eabi/5.4.1/../../../../arm-none-eabi/lib/armv6-m\libc.a(lib_a-exit.o)
                              c:/nxp/mcuxpressoide_10.0.0_344/ide/tools/bin/../lib/gcc/arm-none-eabi/5.4.1/../../../../arm-none-eabi/lib/armv6-m/crt0.o (exit)
c:/nxp/mcuxpressoide_10.0.0_344/ide/tools/bin/../lib/gcc/arm-none-eabi/5.4.1/../../../../arm-none-eabi/lib/armv6-m\libc.a(lib_a-impure.o)
                              c:/nxp/mcuxpressoide_10.0.0_344/ide/tools/bin/../lib/gcc/arm-none-eabi/5.4.1/../../../../arm-none-eabi/lib/armv6-m\libc.a(lib_a-exit.o) (_global_impure_ptr)
c:/nxp/mcuxpressoide_10.0.0_344/ide/tools/bin/../lib/gcc/arm-none-eabi/5.4.1/../../../../arm-none-eabi/lib/armv6-m\libc.a(lib_a-init.o)
                              c:/nxp/mcuxpressoide_10.0.0_344/ide/tools/bin/../lib/gcc/arm-none-eabi/5.4.1/../../../../arm-none-eabi/lib/armv6-m/crt0.o (__libc_init_array)
c:/nxp/mcuxpressoide_10.0.0_344/ide/tools/bin/../lib/gcc/arm-none-eabi/5.4.1/../../../../arm-none-eabi/lib/armv6-m\libc.a(lib_a-memcpy-stub.o)
                              ./source/_Bluetooth.o (memcpy)
c:/nxp/mcuxpressoide_10.0.0_344/ide/tools/bin/../lib/gcc/arm-none-eabi/5.4.1/../../../../arm-none-eabi/lib/armv6-m\libc.a(lib_a-memset.o)
                              c:/nxp/mcuxpressoide_10.0.0_344/ide/tools/bin/../lib/gcc/arm-none-eabi/5.4.1/../../../../arm-none-eabi/lib/armv6-m/crt0.o (memset)
c:/nxp/mcuxpressoide_10.0.0_344/ide/tools/bin/../lib/gcc/arm-none-eabi/5.4.1/../../../../arm-none-eabi/lib/armv6-m\libc.a(lib_a-printf.o)
                              ./source/SmartTorqueFW.o (printf)
c:/nxp/mcuxpressoide_10.0.0_344/ide/tools/bin/../lib/gcc/arm-none-eabi/5.4.1/../../../../arm-none-eabi/lib/armv6-m\libc.a(lib_a-strcmp.o)
                              ./source/_Bluetooth.o (strcmp)
c:/nxp/mcuxpressoide_10.0.0_344/ide/tools/bin/../lib/gcc/arm-none-eabi/5.4.1/../../../../arm-none-eabi/lib/armv6-m\libc.a(lib_a-vfprintf.o)
                              c:/nxp/mcuxpressoide_10.0.0_344/ide/tools/bin/../lib/gcc/arm-none-eabi/5.4.1/../../../../arm-none-eabi/lib/armv6-m\libc.a(lib_a-printf.o) (_vfprintf_r)
c:/nxp/mcuxpressoide_10.0.0_344/ide/tools/bin/../lib/gcc/arm-none-eabi/5.4.1/../../../../arm-none-eabi/lib/armv6-m\libc.a(lib_a-wsetup.o)
                              c:/nxp/mcuxpressoide_10.0.0_344/ide/tools/bin/../lib/gcc/arm-none-eabi/5.4.1/../../../../arm-none-eabi/lib/armv6-m\libc.a(lib_a-vfprintf.o) (__swsetup_r)
c:/nxp/mcuxpressoide_10.0.0_344/ide/tools/bin/../lib/gcc/arm-none-eabi/5.4.1/../../../../arm-none-eabi/lib/armv6-m\libc.a(lib_a-__call_atexit.o)
                              c:/nxp/mcuxpressoide_10.0.0_344/ide/tools/bin/../lib/gcc/arm-none-eabi/5.4.1/../../../../arm-none-eabi/lib/armv6-m\libc.a(lib_a-exit.o) (__call_exitprocs)
c:/nxp/mcuxpressoide_10.0.0_344/ide/tools/bin/../lib/gcc/arm-none-eabi/5.4.1/../../../../arm-none-eabi/lib/armv6-m\libc.a(lib_a-atexit.o)
                              c:/nxp/mcuxpressoide_10.0.0_344/ide/tools/bin/../lib/gcc/arm-none-eabi/5.4.1/../../../../arm-none-eabi/lib/armv6-m\libc.a(lib_a-__call_atexit.o) (atexit)
c:/nxp/mcuxpressoide_10.0.0_344/ide/tools/bin/../lib/gcc/arm-none-eabi/5.4.1/../../../../arm-none-eabi/lib/armv6-m\libc.a(lib_a-dtoa.o)
                              c:/nxp/mcuxpressoide_10.0.0_344/ide/tools/bin/../lib/gcc/arm-none-eabi/5.4.1/../../../../arm-none-eabi/lib/armv6-m\libc.a(lib_a-vfprintf.o) (_dtoa_r)
c:/nxp/mcuxpressoide_10.0.0_344/ide/tools/bin/../lib/gcc/arm-none-eabi/5.4.1/../../../../arm-none-eabi/lib/armv6-m\libc.a(lib_a-fflush.o)
[...]
Memory Configuration

Name             Origin             Length             Attributes
PROGRAM_FLASH    0x00000000         0x00040000         xr
SRAM             0x1fffe000         0x00008000         xrw
*default*        0x00000000         0xffffffff

Linker script and memory map

LOAD c:/nxp/mcuxpressoide_10.0.0_344/ide/tools/bin/../lib/gcc/arm-none-eabi/5.4.1/armv6-m/crti.o
LOAD c:/nxp/mcuxpressoide_10.0.0_344/ide/tools/bin/../lib/gcc/arm-none-eabi/5.4.1/armv6-m/crtbegin.o
LOAD c:/nxp/mcuxpressoide_10.0.0_344/ide/tools/bin/../lib/gcc/arm-none-eabi/5.4.1/../../../../arm-none-eabi/lib/armv6-m/crt0.o
LOAD ./utilities/fsl_debug_console.o
LOAD ./startup/startup_mkl43z4.o
LOAD ./source/SmartTorqueFW.o
LOAD ./source/_ADCSense.o
LOAD ./source/_Bluetooth.o
LOAD ./source/_Display.o
LOAD ./source/_FRAM.o
LOAD ./source/_HMI.o
LOAD ./source/_RTC.o
LOAD ./source/_Sys_Config.o
LOAD ./freertos/croutine.o
LOAD ./freertos/event_groups.o
LOAD ./freertos/fsl_tickless_lptmr.o
LOAD ./freertos/fsl_tickless_systick.o
LOAD ./freertos/heap_4.o
LOAD ./freertos/list.o
LOAD ./freertos/port.o
LOAD ./freertos/queue.o
LOAD ./freertos/tasks.o
LOAD ./freertos/timers.o
LOAD ./drivers/fsl_adc16.o
LOAD ./drivers/fsl_clock.o
LOAD ./drivers/fsl_common.o
LOAD ./drivers/fsl_dma.o
LOAD ./drivers/fsl_dmamux.o
LOAD ./drivers/fsl_flash.o
LOAD ./drivers/fsl_gpio.o
LOAD ./drivers/fsl_i2c.o
LOAD ./drivers/fsl_i2c_freertos.o
LOAD ./drivers/fsl_lptmr.o
LOAD ./drivers/fsl_lpuart.o
LOAD ./drivers/fsl_lpuart_freertos.o
LOAD ./drivers/fsl_pmc.o
LOAD ./drivers/fsl_rtc.o
LOAD ./drivers/fsl_slcd.o
LOAD ./drivers/fsl_smc.o
LOAD ./drivers/fsl_uart.o
LOAD ./drivers/fsl_uart_freertos.o
LOAD ./board/board.o
LOAD ./board/clock_config.o
LOAD ./board/mtb.o
LOAD ./board/pin_mux.o
LOAD ./CMSIS/system_MKL43Z4.o
START GROUP
LOAD c:/nxp/mcuxpressoide_10.0.0_344/ide/tools/bin/../lib/gcc/arm-none-eabi/5.4.1/armv6-m\libgcc.a
LOAD c:/nxp/mcuxpressoide_10.0.0_344/ide/tools/bin/../lib/gcc/arm-none-eabi/5.4.1/../../../../arm-none-eabi/lib/armv6-m\libc.a
END GROUP
LOAD c:/nxp/mcuxpressoide_10.0.0_344/ide/tools/bin/../lib/gcc/arm-none-eabi/5.4.1/armv6-m/crtend.o
LOAD c:/nxp/mcuxpressoide_10.0.0_344/ide/tools/bin/../lib/gcc/arm-none-eabi/5.4.1/armv6-m/crtn.o
START GROUP
LOAD c:/nxp/mcuxpressoide_10.0.0_344/ide/tools/bin/../lib/gcc/arm-none-eabi/5.4.1/armv6-m\libgcc.a
LOAD c:/nxp/mcuxpressoide_10.0.0_344/ide/tools/bin/../lib/gcc/arm-none-eabi/5.4.1/../../../../arm-none-eabi/lib/armv6-m\libc.a
LOAD c:/nxp/mcuxpressoide_10.0.0_344/ide/tools/bin/../lib/gcc/arm-none-eabi/5.4.1/../../../../arm-none-eabi/lib/armv6-m\libm.a
LOAD c:/nxp/mcuxpressoide_10.0.0_344/ide/tools/bin/../lib/gcc/arm-none-eabi/5.4.1/../../../../arm-none-eabi/lib/armv6-m\libcr_newlib_semihost.a
END GROUP
                0x00000000                __base_PROGRAM_FLASH = 0x0
                0x00000000                __base_Flash = 0x0
                0x00040000                __top_PROGRAM_FLASH = 0x40000
                0x00040000                __top_Flash = 0x40000
                0x1fffe000                __base_SRAM = 0x1fffe000
                0x1fffe000                __base_RAM = 0x1fffe000
                0x20006000                __top_SRAM = 0x20006000
                0x20006000                __top_RAM = 0x20006000

.text           0x00000000    0x10208
 FILL mask 0xff
                0x00000000                __vectors_start__ = ABSOLUTE (.)
 *(.isr_vector)
 .isr_vector    0x00000000       0xc0 ./startup/startup_mkl43z4.o
                0x00000000                g_pfnVectors
                0x00000000                __Vectors
                0x000000c0                . = ALIGN (0x4)
                0x000000c0                __section_table_start = .
                0x000000c0                __data_section_table = .
                0x000000c0        0x4 LONG 0x10218 LOADADDR (.data)
                0x000000c4        0x4 LONG 0x1fffe080 ADDR (.data)
                0x000000c8        0x4 LONG 0x9d8 SIZEOF (.data)
                0x000000cc                __data_section_table_end = .
                0x000000cc                __bss_section_table = .
                0x000000cc        0x4 LONG 0x1fffea58 ADDR (.bss)
                0x000000d0        0x4 LONG 0x5544 SIZEOF (.bss)
                0x000000d4                __bss_section_table_end = .
                0x000000d4                __section_table_end = .
 *(.after_vectors*)
 .after_vectors.init_data
                0x000000d4       0x18 ./startup/startup_mkl43z4.o
                0x000000d4                data_init
 .after_vectors.init_bss
                0x000000ec       0x14 ./startup/startup_mkl43z4.o
                0x000000ec                bss_init
 .after_vectors.reset
                0x00000100       0x4c ./startup/startup_mkl43z4.o
                0x00000100                ResetISR
 .after_vectors
                0x0000014c      0x118 ./startup/startup_mkl43z4.o
                0x0000014c                NMI_Handler
                0x00000150                HardFault_Handler
                0x00000160                Reserved42_DriverIRQHandler
                0x00000160                PIT_DriverIRQHandler
                0x00000160                SPI1_DriverIRQHandler
                0x00000160                LPTMR0_DriverIRQHandler
                0x00000160                PORTC_PORTD_DriverIRQHandler
                0x00000160                PMC_DriverIRQHandler
                0x00000160                Reserved43_DriverIRQHandler
                0x00000160                CMP0_DriverIRQHandler
                0x00000160                I2S0_DriverIRQHandler
                0x00000160                ADC0_DriverIRQHandler
                0x00000160                TPM2_DriverIRQHandler
                0x00000160                SPI0_DriverIRQHandler
                0x00000160                LCD_DriverIRQHandler
                0x00000160                RTC_DriverIRQHandler
                0x00000160                RTC_Seconds_DriverIRQHandler
                0x00000160                LLWU_DriverIRQHandler
                0x00000160                TPM1_DriverIRQHandler
                0x00000160                PORTA_DriverIRQHandler
                0x00000160                UART2_FLEXIO_DriverIRQHandler
                0x00000160                FTFA_DriverIRQHandler
                0x00000160                IntDefaultHandler
                0x00000160                USB0_DriverIRQHandler
                0x00000160                DAC0_DriverIRQHandler
                0x00000160                TPM0_DriverIRQHandler
                0x00000160                Reserved20_DriverIRQHandler
                0x0000016c                DMA1_IRQHandler
                0x00000174                DMA2_IRQHandler
                0x0000017c                DMA3_IRQHandler
                0x00000184                Reserved20_IRQHandler
                0x0000018c                FTFA_IRQHandler
                0x00000194                PMC_IRQHandler
                0x0000019c                LLWU_IRQHandler
                0x000001a4                I2C0_IRQHandler
                0x000001ac                I2C1_IRQHandler
                0x000001b4                SPI0_IRQHandler
                0x000001bc                SPI1_IRQHandler
                0x000001c4                LPUART0_IRQHandler
                0x000001cc                LPUART1_IRQHandler
                0x000001dc                ADC0_IRQHandler
                0x000001e4                CMP0_IRQHandler
                0x000001ec                TPM0_IRQHandler
                0x000001f4                TPM1_IRQHandler
                0x000001fc                TPM2_IRQHandler
                0x00000204                RTC_IRQHandler
                0x00000214                PIT_IRQHandler
                0x0000021c                I2S0_IRQHandler
                0x00000224                USB0_IRQHandler
                0x0000022c                DAC0_IRQHandler
                0x00000234                Reserved42_IRQHandler
                0x0000023c                Reserved43_IRQHandler
                0x00000244                LPTMR0_IRQHandler
                0x0000024c                LCD_IRQHandler
                0x00000400                . = 0x400
 *fill*         0x00000264      0x19c ff
                0x00000400                PROVIDE (__FLASH_CONFIG_START__, .)
 *(.FlashConfig)
 .FlashConfig   0x00000400       0x10 ./startup/startup_mkl43z4.o
                0x00000400                Flash_Config
                0x00000410                PROVIDE (__FLASH_CONFIG_END__, .)
                0x00000001                ASSERT (! ((__FLASH_CONFIG_START__ == __FLASH_CONFIG_END__)), Linker Flash Config Support Enabled, but no .FlashConfig section provided within application)
 *(.text*)
 .text.main     0x00000410       0xa4 ./source/SmartTorqueFW.o
                0x00000410                main
 .text.vApplicationTickHook
                0x000004b4       0x2c ./source/SmartTorqueFW.o
                0x000004b4                vApplicationTickHook
 .text.vApplicationMallocFailedHook
                0x000004e0        0x8 ./source/SmartTorqueFW.o
                0x000004e0                vApplicationMallocFailedHook
 .text.vApplicationStackOverflowHook
                0x000004e8        0xc ./source/SmartTorqueFW.o
                0x000004e8                vApplicationStackOverflowHook
 .text.vApplicationIdleHook
                0x000004f4       0x18 ./source/SmartTorqueFW.o
                0x000004f4                vApplicationIdleHook
 .text.NVIC_EnableIRQ
                0x0000050c       0x2c ./source/_ADCSense.o
 .text.ADC16_EnableDMA
                0x00000538       0x3c ./source/_ADCSense.o
 .text.ADC16_EnableHardwareTrigger
                0x00000574       0x3c ./source/_ADCSense.o
 .text.DMA_EnableCycleSteal
                0x000005b0       0x70 ./source/_ADCSense.o
 .text.DMA_EnableAsyncRequest
                0x00000620       0x70 ./source/_ADCSense.o
 .text.DMA_EnableInterrupts
                0x00000690       0x5c ./source/_ADCSense.o
 .text.DMA_ClearChannelStatusFlags
                0x000006ec       0x64 ./source/_ADCSense.o
 .text.DMA_StartTransfer
                0x00000750       0x64 ./source/_ADCSense.o
 .text.LPTMR_SetTimerPeriod
                0x000007b4       0x40 ./source/_ADCSense.o
 .text.LPTMR_StartTimer
                0x000007f4       0x2c ./source/_ADCSense.o
 .text.LPTMR_StopTimer
                0x00000820       0x2c ./source/_ADCSense.o
 .text.DMAMUX_EnableChannel
                0x0000084c       0x4c ./source/_ADCSense.o
 .text.DMAMUX_SetSource
                0x00000898       0x5c ./source/_ADCSense.o
 .text.ADC_INIT
                0x000008f4       0xa8 ./source/_ADCSense.o
                0x000008f4                ADC_INIT
 .text.BOARD_ConfigTrigger
                0x0000099c       0x24 ./source/_ADCSense.o
                0x0000099c                BOARD_ConfigTrigger
 .text.DMA_CONFIG
                0x000009c0       0xb0 ./source/_ADCSense.o
                0x000009c0                DMA_CONFIG
 .text.DMA0_IRQHandler
                0x00000a70       0xdc ./source/_ADCSense.o
                0x00000a70                DMA0_IRQHandler
 .text.getMeasurements
                0x00000b4c       0xc4 ./source/_ADCSense.o
                0x00000b4c                getMeasurements
 .text.LPTMR_TRIG
                0x00000c10       0x30 ./source/_ADCSense.o
                0x00000c10                LPTMR_TRIG
 .text.vADC16Task
                0x00000c40       0x30 ./source/_ADCSense.o
                0x00000c40                vADC16Task
 .text.NVIC_EnableIRQ
                0x00000c70       0x2c ./source/_Bluetooth.o
 .text.NVIC_SetPriority
                0x00000c9c       0xdc ./source/_Bluetooth.o
 .text.EnableIRQ
                0x00000d78       0x2c ./source/_Bluetooth.o
 .text.UART_WriteByte
                0x00000da4       0x20 ./source/_Bluetooth.o
 .text.UART_ReadByte
                0x00000dc4       0x18 ./source/_Bluetooth.o
 .text.on_message_send
                0x00000ddc       0xcc ./source/_Bluetooth.o
                0x00000ddc                on_message_send
 .text.Bluetooth_INIT
                0x00000ea8       0x6c ./source/_Bluetooth.o
                0x00000ea8                Bluetooth_INIT
 .text.UART2_FLEXIO_IRQHandler
                0x00000f14       0x78 ./source/_Bluetooth.o
                0x00000f14                UART2_FLEXIO_IRQHandler
 .text.vBluetoothTask
                0x00000f8c      0x690 ./source/_Bluetooth.o
                0x00000f8c                vBluetoothTask
 .text.print_address
                0x0000161c       0x54 ./source/_Bluetooth.o
                0x0000161c                print_address
 .text.CLOCK_EnableClock
                0x00001670       0x38 ./source/_Display.o
 .text.SLCD_StartDisplay
                0x000016a8       0x1c ./source/_Display.o
 .text.SLCD_SetBackPlanePhase
                0x000016c4       0x28 ./source/_Display.o
 .text.SLCD_SetFrontPlaneSegments
                0x000016ec       0x28 ./source/_Display.o
 .text.PORT_SetPinMux
                0x00001714       0x40 ./source/_Display.o
 .text.InitPins
                0x00001754       0xdc ./source/_Display.o
                0x00001754                InitPins
 .text.Display_Init
                0x00001830       0xe0 ./source/_Display.o
                0x00001830                Display_Init
 .text.Display_Cycle
                0x00001910      0x180 ./source/_Display.o
                0x00001910                Display_Cycle
 .text.Delay    0x00001a90       0x2c ./source/_Display.o
                0x00001a90                Delay
 .text.CLOCK_EnableClock
                0x00001abc       0x38 ./source/_FRAM.o
 .text.GPIO_WritePinOutput
                0x00001af4       0x34 ./source/_FRAM.o
 .text.PORT_SetPinConfig
                0x00001b28       0x48 ./source/_FRAM.o
 .text.i2c_master_callback
                0x00001b70       0x48 ./source/_FRAM.o
                0x00001b70                i2c_master_callback
 .text.FRAM_INIT
                0x00001bb8       0x88 ./source/_FRAM.o
                0x00001bb8                FRAM_INIT
 .text.i2c_release_bus_delay
                0x00001c40       0x28 ./source/_FRAM.o
 .text.BOARD_I2C_ReleaseBus
                0x00001c68      0x178 ./source/_FRAM.o
                0x00001c68                BOARD_I2C_ReleaseBus
 .text.write    0x00001de0       0xc4 ./source/_FRAM.o
                0x00001de0                write
 .text.read     0x00001ea4       0xb8 ./source/_FRAM.o
                0x00001ea4                read
 .text.NVIC_EnableIRQ
                0x00001f5c       0x2c ./source/_HMI.o
 .text.EnableIRQ
                0x00001f88       0x2c ./source/_HMI.o
 .text.PORT_SetPinInterruptConfig
                0x00001fb4       0x40 ./source/_HMI.o
 .text.PORTA_IRQHandler
                0x00001ff4       0x84 ./source/_HMI.o
                0x00001ff4                PORTA_IRQHandler
 .text.PORTC_PORTD_IRQHandler
                0x00002078       0x60 ./source/_HMI.o
                0x00002078                PORTC_PORTD_IRQHandler
 .text.HMI_INIT
                0x000020d8       0x68 ./source/_HMI.o
                0x000020d8                HMI_INIT
 .text.RTC_Seconds_IRQHandler
                0x00002140       0x90 ./source/_RTC.o
                0x00002140                RTC_Seconds_IRQHandler
 .text.Sys_Config_INIT
                0x000021d0       0xa8 ./source/_Sys_Config.o
                0x000021d0                Sys_Config_INIT
 .text.vSystemConfigTask
                0x00002278       0x4c ./source/_Sys_Config.o
                0x00002278                vSystemConfigTask
 .text.xEventGroupCreate
                0x000022c4       0x30 ./freertos/event_groups.o
                0x000022c4                xEventGroupCreate
 .text.xEventGroupSetBits
                0x000022f4       0xf4 ./freertos/event_groups.o
                0x000022f4                xEventGroupSetBits
 .text.vEventGroupDelete
                0x000023e8       0x54 ./freertos/event_groups.o
                0x000023e8                vEventGroupDelete
 .text.vEventGroupSetBitsCallback
                0x0000243c       0x20 ./freertos/event_groups.o
                0x0000243c                vEventGroupSetBitsCallback
 .text.xEventGroupSetBitsFromISR
                0x0000245c       0x2c ./freertos/event_groups.o
                0x0000245c                xEventGroupSetBitsFromISR
 .text.prvSetupTimerInterrupt
                0x00002488       0x3c ./freertos/fsl_tickless_lptmr.o
                0x00002488                prvSetupTimerInterrupt
 .text.pvPortMalloc
                0x000024c4      0x154 ./freertos/heap_4.o
                0x000024c4                pvPortMalloc
 .text.vPortFree
                0x00002618       0x90 ./freertos/heap_4.o
                0x00002618                vPortFree
 .text.xPortGetFreeHeapSize
                0x000026a8       0x14 ./freertos/heap_4.o
                0x000026a8                xPortGetFreeHeapSize
 .text.prvHeapInit
                0x000026bc       0xc0 ./freertos/heap_4.o
 .text.prvInsertBlockIntoFreeList
                0x0000277c       0xb0 ./freertos/heap_4.o
 .text.vListInitialise
                0x0000282c       0x3c ./freertos/list.o
                0x0000282c                vListInitialise
 .text.vListInitialiseItem
                0x00002868       0x18 ./freertos/list.o
                0x00002868                vListInitialiseItem
 .text.vListInsertEnd
                0x00002880       0x44 ./freertos/list.o
                0x00002880                vListInsertEnd
 .text.vListInsert
                0x000028c4       0x6c ./freertos/list.o
                0x000028c4                vListInsert
 .text.uxListRemove
                0x00002930       0x50 ./freertos/list.o
                0x00002930                uxListRemove
 .text.pxPortInitialiseStack
                0x00002980       0x54 ./freertos/port.o
                0x00002980                pxPortInitialiseStack
 .text.prvTaskExitError
                0x000029d4       0x18 ./freertos/port.o
 .text.SVC_Handler
                0x000029ec        0xc ./freertos/port.o
                0x000029ec                SVC_Handler
 *fill*         0x000029f8        0x8 ff
 .text.vPortStartFirstTask
                0x00002a00       0x38 ./freertos/port.o
 .text.xPortStartScheduler
                0x00002a38       0x44 ./freertos/port.o
                0x00002a38                xPortStartScheduler
 .text.vPortYield
                0x00002a7c       0x20 ./freertos/port.o
                0x00002a7c                vPortYield
 .text.vPortEnterCritical
                0x00002a9c       0x24 ./freertos/port.o
                0x00002a9c                vPortEnterCritical
 .text.vPortExitCritical
                0x00002ac0       0x30 ./freertos/port.o
                0x00002ac0                vPortExitCritical
 .text.ulSetInterruptMaskFromISR
                0x00002af0        0xc ./freertos/port.o
                0x00002af0                ulSetInterruptMaskFromISR
 .text.vClearInterruptMaskFromISR
                0x00002afc        0x8 ./freertos/port.o
                0x00002afc                vClearInterruptMaskFromISR
 *fill*         0x00002b04        0xc ff
 .text.PendSV_Handler
                0x00002b10       0x48 ./freertos/port.o
                0x00002b10                PendSV_Handler
 .text.SysTick_Handler
                0x00002b58       0x34 ./freertos/port.o
                0x00002b58                SysTick_Handler
 .text.xQueueGenericReset
                0x00002b8c       0xa8 ./freertos/queue.o
                0x00002b8c                xQueueGenericReset
 .text.xQueueGenericCreate
                0x00002c34       0x64 ./freertos/queue.o
                0x00002c34                xQueueGenericCreate
 .text.prvInitialiseNewQueue
                0x00002c98       0x50 ./freertos/queue.o
 .text.prvInitialiseMutex
                0x00002ce8       0x34 ./freertos/queue.o
 .text.xQueueCreateMutex
                0x00002d1c       0x38 ./freertos/queue.o
                0x00002d1c                xQueueCreateMutex
 .text.xQueueGenericSend
                0x00002d54      0x188 ./freertos/queue.o
                0x00002d54                xQueueGenericSend
 .text.xQueueGenericSendFromISR
                0x00002edc       0xe4 ./freertos/queue.o
                0x00002edc                xQueueGenericSendFromISR
 .text.xQueueGenericReceive
                0x00002fc0      0x1c8 ./freertos/queue.o
                0x00002fc0                xQueueGenericReceive
 .text.vQueueDelete
                0x00003188       0x30 ./freertos/queue.o
                0x00003188                vQueueDelete
 .text.prvCopyDataToQueue
                0x000031b8       0xd8 ./freertos/queue.o
 .text.prvCopyDataFromQueue
                0x00003290       0x4c ./freertos/queue.o
 .text.prvUnlockQueue
                0x000032dc       0xc0 ./freertos/queue.o
 .text.prvIsQueueEmpty
                0x0000339c       0x2c ./freertos/queue.o
 .text.prvIsQueueFull
                0x000033c8       0x30 ./freertos/queue.o
 .text.vQueueAddToRegistry
                0x000033f8       0x50 ./freertos/queue.o
                0x000033f8                vQueueAddToRegistry
 .text.vQueueUnregisterQueue
                0x00003448       0x54 ./freertos/queue.o
                0x00003448                vQueueUnregisterQueue
 .text.vQueueWaitForMessageRestricted
                0x0000349c       0x68 ./freertos/queue.o
                0x0000349c                vQueueWaitForMessageRestricted
 .text.xTaskCreate
                0x00003504       0x90 ./freertos/tasks.o
                0x00003504                xTaskCreate
 .text.prvInitialiseNewTask
                0x00003594      0x12c ./freertos/tasks.o
 .text.prvAddNewTaskToReadyList
                0x000036c0       0xd0 ./freertos/tasks.o
 .text.vTaskDelay
                0x00003790       0x4c ./freertos/tasks.o
                0x00003790                vTaskDelay
 .text.vTaskSuspend
                0x000037dc       0xb8 ./freertos/tasks.o
                0x000037dc                vTaskSuspend
 .text.vTaskStartScheduler
                0x00003894       0x78 ./freertos/tasks.o
                0x00003894                vTaskStartScheduler
 .text.vTaskSuspendAll
                0x0000390c       0x18 ./freertos/tasks.o
                0x0000390c                vTaskSuspendAll
 .text.xTaskResumeAll
                0x00003924      0x118 ./freertos/tasks.o
                0x00003924                xTaskResumeAll
 .text.xTaskGetTickCount
                0x00003a3c       0x1c ./freertos/tasks.o
                0x00003a3c                xTaskGetTickCount
 .text.xTaskIncrementTick
                0x00003a58      0x160 ./freertos/tasks.o
                0x00003a58                xTaskIncrementTick
 .text.vTaskSwitchContext
                0x00003bb8       0xf4 ./freertos/tasks.o
                0x00003bb8                vTaskSwitchContext
 .text.vTaskPlaceOnEventList
                0x00003cac       0x3c ./freertos/tasks.o
                0x00003cac                vTaskPlaceOnEventList
 .text.vTaskPlaceOnEventListRestricted
                0x00003ce8       0x4c ./freertos/tasks.o
                0x00003ce8                vTaskPlaceOnEventListRestricted
 .text.xTaskRemoveFromEventList
                0x00003d34       0xb8 ./freertos/tasks.o
                0x00003d34                xTaskRemoveFromEventList
 .text.xTaskRemoveFromUnorderedEventList
                0x00003dec       0xb0 ./freertos/tasks.o
                0x00003dec                xTaskRemoveFromUnorderedEventList
 .text.vTaskSetTimeOutState
                0x00003e9c       0x34 ./freertos/tasks.o
                0x00003e9c                vTaskSetTimeOutState
 .text.xTaskCheckForTimeOut
                0x00003ed0       0x9c ./freertos/tasks.o
                0x00003ed0                xTaskCheckForTimeOut
 .text.vTaskMissedYield
                0x00003f6c       0x14 ./freertos/tasks.o
                0x00003f6c                vTaskMissedYield
 .text.prvIdleTask
                0x00003f80       0x24 ./freertos/tasks.o
 .text.prvInitialiseTaskLists
                0x00003fa4       0x88 ./freertos/tasks.o
 .text.prvCheckTasksWaitingTermination
                0x0000402c       0x74 ./freertos/tasks.o
 .text.prvDeleteTCB
                0x000040a0       0x24 ./freertos/tasks.o
 .text.prvResetNextTaskUnblockTime
                0x000040c4       0x48 ./freertos/tasks.o
 .text.xTaskGetSchedulerState
                0x0000410c       0x38 ./freertos/tasks.o
                0x0000410c                xTaskGetSchedulerState
 .text.vTaskPriorityInherit
                0x00004144       0xbc ./freertos/tasks.o
                0x00004144                vTaskPriorityInherit
 .text.xTaskPriorityDisinherit
                0x00004200       0xb8 ./freertos/tasks.o
                0x00004200                xTaskPriorityDisinherit
 .text.pvTaskIncrementMutexHeldCount
                0x000042b8       0x24 ./freertos/tasks.o
                0x000042b8                pvTaskIncrementMutexHeldCount
 .text.prvAddCurrentTaskToDelayedList
                0x000042dc       0xa8 ./freertos/tasks.o
 .text.xTimerCreateTimerTask
                0x00004384       0x54 ./freertos/timers.o
                0x00004384                xTimerCreateTimerTask
 .text.xTimerGenericCommand
                0x000043d8       0x9c ./freertos/timers.o
                0x000043d8                xTimerGenericCommand
 .text.prvProcessExpiredTimer
                0x00004474       0x70 ./freertos/timers.o
 .text.prvTimerTask
                0x000044e4       0x28 ./freertos/timers.o
 .text.prvProcessTimerOrBlockTask
                0x0000450c       0x8c ./freertos/timers.o
 .text.prvGetNextExpireTime
                0x00004598       0x40 ./freertos/timers.o
 .text.prvSampleTimeNow
                0x000045d8       0x40 ./freertos/timers.o
 .text.prvInsertTimerInActiveList
                0x00004618       0x84 ./freertos/timers.o
 .text.prvProcessReceivedCommands
                0x0000469c      0x12c ./freertos/timers.o
 .text.prvSwitchTimerLists
                0x000047c8       0xb4 ./freertos/timers.o
 .text.prvCheckForValidListAndQueue
                0x0000487c       0x74 ./freertos/timers.o
 .text.xTimerPendFunctionCallFromISR
                0x000048f0       0x54 ./freertos/timers.o
                0x000048f0                xTimerPendFunctionCallFromISR
 .text.CLOCK_EnableClock
                0x00004944       0x38 ./drivers/fsl_adc16.o
 .text.ADC16_GetInstance
                0x0000497c       0x54 ./drivers/fsl_adc16.o
 .text.ADC16_Init
                0x000049d0      0x120 ./drivers/fsl_adc16.o
                0x000049d0                ADC16_Init
 .text.ADC16_GetDefaultConfig
                0x00004af0       0x64 ./drivers/fsl_adc16.o
                0x00004af0                ADC16_GetDefaultConfig
 .text.ADC16_DoAutoCalibration
                0x00004b54      0x11c ./drivers/fsl_adc16.o
                0x00004b54                ADC16_DoAutoCalibration
 .text.ADC16_SetChannelMuxMode
                0x00004c70       0x3c ./drivers/fsl_adc16.o
                0x00004c70                ADC16_SetChannelMuxMode
 .text.ADC16_SetHardwareAverage
                0x00004cac       0x40 ./drivers/fsl_adc16.o
                0x00004cac                ADC16_SetHardwareAverage
 .text.ADC16_GetStatusFlags
                0x00004cec       0x3c ./drivers/fsl_adc16.o
                0x00004cec                ADC16_GetStatusFlags
 .text.ADC16_SetChannelConfig
                0x00004d28       0x88 ./drivers/fsl_adc16.o
                0x00004d28                ADC16_SetChannelConfig
 .text.ADC16_GetChannelStatusFlags
                0x00004db0       0x54 ./drivers/fsl_adc16.o
                0x00004db0                ADC16_GetChannelStatusFlags
 .text.CLOCK_SetEr32kClock
                0x00004e04       0x30 ./drivers/fsl_clock.o
 .text.CLOCK_GetLircClkFreq
                0x00004e34       0x48 ./drivers/fsl_clock.o
 .text.CLOCK_GetOsc0ErClkFreq
                0x00004e7c       0x48 ./drivers/fsl_clock.o
                0x00004e7c                CLOCK_GetOsc0ErClkFreq
 .text.CLOCK_GetEr32kClkFreq
                0x00004ec4       0x80 ./drivers/fsl_clock.o
                0x00004ec4                CLOCK_GetEr32kClkFreq
 .text.CLOCK_GetFreq
                0x00004f44       0xc4 ./drivers/fsl_clock.o
                0x00004f44                CLOCK_GetFreq
 .text.CLOCK_SetSimConfig
                0x00005008       0x2c ./drivers/fsl_clock.o
                0x00005008                CLOCK_SetSimConfig
 .text.CLOCK_GetInternalRefClkFreq
                0x00005034       0x48 ./drivers/fsl_clock.o
                0x00005034                CLOCK_GetInternalRefClkFreq
 .text.CLOCK_GetPeriphClkFreq
                0x0000507c       0x34 ./drivers/fsl_clock.o
                0x0000507c                CLOCK_GetPeriphClkFreq
 .text.CLOCK_GetOutClkFreq
                0x000050b0       0x8c ./drivers/fsl_clock.o
                0x000050b0                CLOCK_GetOutClkFreq
 .text.CLOCK_SetMcgliteConfig
                0x0000513c      0x128 ./drivers/fsl_clock.o
                0x0000513c                CLOCK_SetMcgliteConfig
 .text.__assert_func
                0x00005264       0x28 ./drivers/fsl_common.o
                0x00005264                __assert_func
 .text.NVIC_EnableIRQ
                0x0000528c       0x2c ./drivers/fsl_dma.o
 .text.CLOCK_EnableClock
                0x000052b8       0x38 ./drivers/fsl_dma.o
 .text.EnableIRQ
                0x000052f0       0x2c ./drivers/fsl_dma.o
 .text.DMA_ClearChannelStatusFlags
                0x0000531c       0x64 ./drivers/fsl_dma.o
 .text.DMA_GetInstance
                0x00005380       0x54 ./drivers/fsl_dma.o
 .text.DMA_Init
                0x000053d4       0x24 ./drivers/fsl_dma.o
                0x000053d4                DMA_Init
 .text.DMA_SetTransferConfig
                0x000053f8       0xec ./drivers/fsl_dma.o
                0x000053f8                DMA_SetTransferConfig
 .text.DMA_CreateHandle
                0x000054e4       0xa0 ./drivers/fsl_dma.o
                0x000054e4                DMA_CreateHandle
 .text.DMA_PrepareTransfer
                0x00005584      0x144 ./drivers/fsl_dma.o
                0x00005584                DMA_PrepareTransfer
 .text.DMA_HandleIRQ
                0x000056c8       0x60 ./drivers/fsl_dma.o
                0x000056c8                DMA_HandleIRQ
 .text.DMA0_DriverIRQHandler
                0x00005728       0x18 ./drivers/fsl_dma.o
                0x00005728                DMA0_DriverIRQHandler
 .text.DMA1_DriverIRQHandler
                0x00005740       0x18 ./drivers/fsl_dma.o
                0x00005740                DMA1_DriverIRQHandler
 .text.DMA2_DriverIRQHandler
                0x00005758       0x18 ./drivers/fsl_dma.o
                0x00005758                DMA2_DriverIRQHandler
 .text.DMA3_DriverIRQHandler
                0x00005770       0x18 ./drivers/fsl_dma.o
                0x00005770                DMA3_DriverIRQHandler
 .text.CLOCK_EnableClock
                0x00005788       0x38 ./drivers/fsl_dmamux.o
 .text.DMAMUX_GetInstance
                0x000057c0       0x54 ./drivers/fsl_dmamux.o
 .text.DMAMUX_Init
                0x00005814       0x24 ./drivers/fsl_dmamux.o
                0x00005814                DMAMUX_Init
 .text.GPIO_WritePinOutput
                0x00005838       0x34 ./drivers/fsl_gpio.o
 .text.GPIO_GetInstance
                0x0000586c       0x58 ./drivers/fsl_gpio.o
 .text.GPIO_PinInit
                0x000058c4       0x70 ./drivers/fsl_gpio.o
                0x000058c4                GPIO_PinInit
 .text.GPIO_ClearPinsInterruptFlags
                0x00005934       0x3c ./drivers/fsl_gpio.o
                0x00005934                GPIO_ClearPinsInterruptFlags
 .text.NVIC_EnableIRQ
                0x00005970       0x2c ./drivers/fsl_i2c.o
 .text.CLOCK_EnableClock
                0x0000599c       0x38 ./drivers/fsl_i2c.o
 .text.EnableIRQ
                0x000059d4       0x2c ./drivers/fsl_i2c.o
 .text.I2C_MasterClearStatusFlags
                0x00005a00       0x58 ./drivers/fsl_i2c.o
 .text.I2C_GetInstance
                0x00005a58       0x58 ./drivers/fsl_i2c.o
                0x00005a58                I2C_GetInstance
 .text.I2C_InitTransferStateMachine
                0x00005ab0       0xa0 ./drivers/fsl_i2c.o
 .text.I2C_CheckAndClearError
                0x00005b50       0x40 ./drivers/fsl_i2c.o
 .text.I2C_MasterTransferRunStateMachine
                0x00005b90      0x268 ./drivers/fsl_i2c.o
 .text.I2C_TransferCommonIRQHandler
                0x00005df8       0x54 ./drivers/fsl_i2c.o
 .text.I2C_MasterInit
                0x00005e4c      0x11c ./drivers/fsl_i2c.o
                0x00005e4c                I2C_MasterInit
 .text.I2C_MasterGetDefaultConfig
                0x00005f68       0x50 ./drivers/fsl_i2c.o
                0x00005f68                I2C_MasterGetDefaultConfig
 .text.I2C_EnableInterrupts
                0x00005fb8       0x68 ./drivers/fsl_i2c.o
                0x00005fb8                I2C_EnableInterrupts
 .text.I2C_DisableInterrupts
                0x00006020       0x44 ./drivers/fsl_i2c.o
                0x00006020                I2C_DisableInterrupts
 .text.I2C_MasterSetBaudRate
                0x00006064       0xf4 ./drivers/fsl_i2c.o
                0x00006064                I2C_MasterSetBaudRate
 .text.I2C_MasterStart
                0x00006158       0x84 ./drivers/fsl_i2c.o
                0x00006158                I2C_MasterStart
 .text.I2C_MasterRepeatedStart
                0x000061dc       0xd4 ./drivers/fsl_i2c.o
                0x000061dc                I2C_MasterRepeatedStart
 .text.I2C_MasterStop
                0x000062b0       0x68 ./drivers/fsl_i2c.o
                0x000062b0                I2C_MasterStop
 .text.I2C_MasterGetStatusFlags
                0x00006318       0x4c ./drivers/fsl_i2c.o
                0x00006318                I2C_MasterGetStatusFlags
 .text.I2C_MasterTransferCreateHandle
                0x00006364       0x8c ./drivers/fsl_i2c.o
                0x00006364                I2C_MasterTransferCreateHandle
 .text.I2C_MasterTransferNonBlocking
                0x000063f0       0x88 ./drivers/fsl_i2c.o
                0x000063f0                I2C_MasterTransferNonBlocking
 .text.I2C_MasterTransferHandleIRQ
                0x00006478       0xd0 ./drivers/fsl_i2c.o
                0x00006478                I2C_MasterTransferHandleIRQ
 .text.I2C0_DriverIRQHandler
                0x00006548       0x20 ./drivers/fsl_i2c.o
                0x00006548                I2C0_DriverIRQHandler
 .text.I2C1_DriverIRQHandler
                0x00006568       0x20 ./drivers/fsl_i2c.o
                0x00006568                I2C1_DriverIRQHandler
 .text.CLOCK_EnableClock
                0x00006588       0x38 ./drivers/fsl_lptmr.o
 .text.LPTMR_GetInstance
                0x000065c0       0x54 ./drivers/fsl_lptmr.o
 .text.LPTMR_Init
                0x00006614       0xa0 ./drivers/fsl_lptmr.o
                0x00006614                LPTMR_Init
 .text.LPTMR_GetDefaultConfig
                0x000066b4       0x58 ./drivers/fsl_lptmr.o
                0x000066b4                LPTMR_GetDefaultConfig
 .text.LPUART0_DriverIRQHandler
                0x0000670c       0x24 ./drivers/fsl_lpuart.o
                0x0000670c                LPUART0_DriverIRQHandler
 .text.LPUART1_DriverIRQHandler
                0x00006730       0x24 ./drivers/fsl_lpuart.o
                0x00006730                LPUART1_DriverIRQHandler
 .text.NVIC_EnableIRQ
                0x00006754       0x2c ./drivers/fsl_slcd.o
 .text.CLOCK_EnableClock
                0x00006780       0x38 ./drivers/fsl_slcd.o
 .text.EnableIRQ
                0x000067b8       0x2c ./drivers/fsl_slcd.o
 .text.SLCD_GetInstance
                0x000067e4       0x54 ./drivers/fsl_slcd.o
 .text.SLCD_Init
                0x00006838      0x238 ./drivers/fsl_slcd.o
                0x00006838                SLCD_Init
 .text.SLCD_GetDefaultConfig
                0x00006a70       0x4c ./drivers/fsl_slcd.o
                0x00006a70                SLCD_GetDefaultConfig
 .text.NVIC_EnableIRQ
                0x00006abc       0x2c ./drivers/fsl_uart.o
 .text.CLOCK_EnableClock
                0x00006ae8       0x38 ./drivers/fsl_uart.o
 .text.EnableIRQ
                0x00006b20       0x2c ./drivers/fsl_uart.o
 .text.UART_GetInstance
                0x00006b4c       0x60 ./drivers/fsl_uart.o
                0x00006b4c                UART_GetInstance
 .text.UART_TransferGetRxRingBufferLength
                0x00006bac       0x6c ./drivers/fsl_uart.o
 .text.UART_TransferIsRxRingBufferFull
                0x00006c18       0x5c ./drivers/fsl_uart.o
 .text.UART_Init
                0x00006c74      0x20c ./drivers/fsl_uart.o
                0x00006c74                UART_Init
 .text.UART_GetDefaultConfig
                0x00006e80       0x50 ./drivers/fsl_uart.o
                0x00006e80                UART_GetDefaultConfig
 .text.UART_EnableInterrupts
                0x00006ed0       0x58 ./drivers/fsl_uart.o
                0x00006ed0                UART_EnableInterrupts
 .text.UART_DisableInterrupts
                0x00006f28       0x64 ./drivers/fsl_uart.o
                0x00006f28                UART_DisableInterrupts
 .text.UART_GetStatusFlags
                0x00006f8c       0x28 ./drivers/fsl_uart.o
                0x00006f8c                UART_GetStatusFlags
 .text.UART_ClearStatusFlags
                0x00006fb4       0x80 ./drivers/fsl_uart.o
                0x00006fb4                UART_ClearStatusFlags
 .text.UART_WriteNonBlocking
                0x00007034       0x58 ./drivers/fsl_uart.o
 .text.UART_ReadNonBlocking
                0x0000708c       0x58 ./drivers/fsl_uart.o
 .text.UART_TransferCreateHandle
                0x000070e4       0x9c ./drivers/fsl_uart.o
                0x000070e4                UART_TransferCreateHandle
 .text.UART_TransferStartRingBuffer
                0x00007180       0x98 ./drivers/fsl_uart.o
                0x00007180                UART_TransferStartRingBuffer
 .text.UART_TransferHandleIRQ
                0x00007218      0x3bc ./drivers/fsl_uart.o
                0x00007218                UART_TransferHandleIRQ
 .text.UART_EnableTx
                0x000075d4       0x40 ./drivers/fsl_uart_freertos.o
 .text.UART_EnableRx
                0x00007614       0x40 ./drivers/fsl_uart_freertos.o
 .text.UART_RTOS_Callback
                0x00007654       0xc8 ./drivers/fsl_uart_freertos.o
 .text.UART_RTOS_Init
                0x0000771c      0x170 ./drivers/fsl_uart_freertos.o
                0x0000771c                UART_RTOS_Init
 .text.CLOCK_SetSimSafeDivs
                0x0000788c       0x20 ./board/clock_config.o
 .text.BOARD_BootClockRUN
                0x000078ac       0x34 ./board/clock_config.o
                0x000078ac                BOARD_BootClockRUN
 .text.CLOCK_EnableClock
                0x000078e0       0x38 ./board/pin_mux.o
 .text.PORT_SetPinConfig
                0x00007918       0x48 ./board/pin_mux.o
 .text.PORT_SetPinMux
                0x00007960       0x40 ./board/pin_mux.o
 .text.BOARD_InitPins
                0x000079a0       0xd4 ./board/pin_mux.o
                0x000079a0                BOARD_InitPins
 .text.BOARD_InitLCD
                0x00007a74      0x1a4 ./board/pin_mux.o
                0x00007a74                BOARD_InitLCD
 .text.BOARD_InitBUTTONS
                0x00007c18       0x88 ./board/pin_mux.o
                0x00007c18                BOARD_InitBUTTONS
 .text.BOARD_InitDEBUG_UART
                0x00007ca0       0x7c ./board/pin_mux.o
                0x00007ca0                BOARD_InitDEBUG_UART
 .text.SystemInit
                0x00007d1c       0x3c ./CMSIS/system_MKL43Z4.o
                0x00007d1c                SystemInit
 .text          0x00007d58      0x114 c:/nxp/mcuxpressoide_10.0.0_344/ide/tools/bin/../lib/gcc/arm-none-eabi/5.4.1/armv6-m\libgcc.a(_udivsi3.o)
                0x00007d58                __aeabi_uidiv
                0x00007d58                __udivsi3
                0x00007e64                __aeabi_uidivmod
 .text          0x00007e6c        0x4 c:/nxp/mcuxpressoide_10.0.0_344/ide/tools/bin/../lib/gcc/arm-none-eabi/5.4.1/armv6-m\libgcc.a(_dvmd_tls.o)
                0x00007e6c                __aeabi_idiv0
                0x00007e6c                __aeabi_ldiv0
 .text          0x00007e70      0x62c c:/nxp/mcuxpressoide_10.0.0_344/ide/tools/bin/../lib/gcc/arm-none-eabi/5.4.1/armv6-m\libgcc.a(divdf3.o)
                0x00007e70                __aeabi_ddiv
 .text          0x0000849c      0x4f4 c:/nxp/mcuxpressoide_10.0.0_344/ide/tools/bin/../lib/gcc/arm-none-eabi/5.4.1/armv6-m\libgcc.a(muldf3.o)
                0x0000849c                __aeabi_dmul
 .text          0x00008990       0x70 c:/nxp/mcuxpressoide_10.0.0_344/ide/tools/bin/../lib/gcc/arm-none-eabi/5.4.1/armv6-m\libgcc.a(floatunsidf.o)
                0x00008990                __aeabi_ui2d
 .text          0x00008a00       0x3c c:/nxp/mcuxpressoide_10.0.0_344/ide/tools/bin/../lib/gcc/arm-none-eabi/5.4.1/armv6-m\libgcc.a(_clzsi2.o)
                0x00008a00                __clzsi2
 .text.memcpy   0x00008a3c       0x7c c:/nxp/mcuxpressoide_10.0.0_344/ide/tools/bin/../lib/gcc/arm-none-eabi/5.4.1/../../../../arm-none-eabi/lib/armv6-m\libc.a(lib_a-memcpy-stub.o)
                0x00008a3c                memcpy
 .text.memset   0x00008ab8       0x8c c:/nxp/mcuxpressoide_10.0.0_344/ide/tools/bin/../lib/gcc/arm-none-eabi/5.4.1/../../../../arm-none-eabi/lib/armv6-m\libc.a(lib_a-memset.o)
                0x00008ab8                memset
 .text.printf   0x00008b44       0x24 c:/nxp/mcuxpressoide_10.0.0_344/ide/tools/bin/../lib/gcc/arm-none-eabi/5.4.1/../../../../arm-none-eabi/lib/armv6-m\libc.a(lib_a-printf.o)
                0x00008b44                printf
 .text          0x00008b68       0x88 c:/nxp/mcuxpressoide_10.0.0_344/ide/tools/bin/../lib/gcc/arm-none-eabi/5.4.1/../../../../arm-none-eabi/lib/armv6-m\libc.a(lib_a-strcmp.o)
                0x00008b68                strcmp
 .text._vfprintf_r
                0x00008bf0     0x1828 c:/nxp/mcuxpressoide_10.0.0_344/ide/tools/bin/../lib/gcc/arm-none-eabi/5.4.1/../../../../arm-none-eabi/lib/armv6-m\libc.a(lib_a-vfprintf.o)
                0x00008bf0                _vfprintf_r
 .text.__sbprintf
                0x0000a418       0x74 c:/nxp/mcuxpressoide_10.0.0_344/ide/tools/bin/../lib/gcc/arm-none-eabi/5.4.1/../../../../arm-none-eabi/lib/armv6-m\libc.a(lib_a-vfprintf.o)
 .text.__swsetup_r
                0x0000a48c       0xd4 c:/nxp/mcuxpressoide_10.0.0_344/ide/tools/bin/../lib/gcc/arm-none-eabi/5.4.1/../../../../arm-none-eabi/lib/armv6-m\libc.a(lib_a-wsetup.o)
                0x0000a48c                __swsetup_r
 .text.quorem   0x0000a560      0x150 c:/nxp/mcuxpressoide_10.0.0_344/ide/tools/bin/../lib/gcc/arm-none-eabi/5.4.1/../../../../arm-none-eabi/lib/armv6-m\libc.a(lib_a-dtoa.o)
 .text._dtoa_r  0x0000a6b0      0xf54 c:/nxp/mcuxpressoide_10.0.0_344/ide/tools/bin/../lib/gcc/arm-none-eabi/5.4.1/../../../../arm-none-eabi/lib/armv6-m\libc.a(lib_a-dtoa.o)
                0x0000a6b0                _dtoa_r
 .text.__sflush_r
                0x0000b604      0x150 c:/nxp/mcuxpressoide_10.0.0_344/ide/tools/bin/../lib/gcc/arm-none-eabi/5.4.1/../../../../arm-none-eabi/lib/armv6-m\libc.a(lib_a-fflush.o)
                0x0000b604                __sflush_r
 .text._fflush_r
                0x0000b754       0x2c c:/nxp/mcuxpressoide_10.0.0_344/ide/tools/bin/../lib/gcc/arm-none-eabi/5.4.1/../../../../arm-none-eabi/lib/armv6-m\libc.a(lib_a-fflush.o)
                0x0000b754                _fflush_r
 .text._cleanup_r
                0x0000b780       0x10 c:/nxp/mcuxpressoide_10.0.0_344/ide/tools/bin/../lib/gcc/arm-none-eabi/5.4.1/../../../../arm-none-eabi/lib/armv6-m\libc.a(lib_a-findfp.o)
                0x0000b780                _cleanup_r
 .text.__sinit.part.1
                0x0000b790       0xf0 c:/nxp/mcuxpressoide_10.0.0_344/ide/tools/bin/../lib/gcc/arm-none-eabi/5.4.1/../../../../arm-none-eabi/lib/armv6-m\libc.a(lib_a-findfp.o)
 .text.__sinit  0x0000b880       0x10 c:/nxp/mcuxpressoide_10.0.0_344/ide/tools/bin/../lib/gcc/arm-none-eabi/5.4.1/../../../../arm-none-eabi/lib/armv6-m\libc.a(lib_a-findfp.o)
                0x0000b880                __sinit
 .text.__sfp_lock_acquire
                0x0000b890        0x4 c:/nxp/mcuxpressoide_10.0.0_344/ide/tools/bin/../lib/gcc/arm-none-eabi/5.4.1/../../../../arm-none-eabi/lib/armv6-m\libc.a(lib_a-findfp.o)
                0x0000b890                __sfp_lock_acquire
 .text.__sfp_lock_release
                0x0000b894        0x4 c:/nxp/mcuxpressoide_10.0.0_344/ide/tools/bin/../lib/gcc/arm-none-eabi/5.4.1/../../../../arm-none-eabi/lib/armv6-m\libc.a(lib_a-findfp.o)
                0x0000b894                __sfp_lock_release
 .text._malloc_trim_r
                0x0000b898       0xa0 c:/nxp/mcuxpressoide_10.0.0_344/ide/tools/bin/../lib/gcc/arm-none-eabi/5.4.1/../../../../arm-none-eabi/lib/armv6-m\libc.a(lib_a-freer.o)
                0x0000b898                _malloc_trim_r
 .text._free_r  0x0000b938      0x1c4 c:/nxp/mcuxpressoide_10.0.0_344/ide/tools/bin/../lib/gcc/arm-none-eabi/5.4.1/../../../../arm-none-eabi/lib/armv6-m\libc.a(lib_a-freer.o)
                0x0000b938                _free_r
 .text._fwalk_reent
                0x0000bafc       0x4c c:/nxp/mcuxpressoide_10.0.0_344/ide/tools/bin/../lib/gcc/arm-none-eabi/5.4.1/../../../../arm-none-eabi/lib/armv6-m\libc.a(lib_a-fwalk.o)
                0x0000bafc                _fwalk_reent
 .text._localeconv_r
                0x0000bb48       0x1c c:/nxp/mcuxpressoide_10.0.0_344/ide/tools/bin/../lib/gcc/arm-none-eabi/5.4.1/../../../../arm-none-eabi/lib/armv6-m\libc.a(lib_a-localeconv.o)
                0x0000bb48                _localeconv_r
 .text.__swhatbuf_r
                0x0000bb64       0x60 c:/nxp/mcuxpressoide_10.0.0_344/ide/tools/bin/../lib/gcc/arm-none-eabi/5.4.1/../../../../arm-none-eabi/lib/armv6-m\libc.a(lib_a-makebuf.o)
                0x0000bb64                __swhatbuf_r
 .text.__smakebuf_r
                0x0000bbc4       0x88 c:/nxp/mcuxpressoide_10.0.0_344/ide/tools/bin/../lib/gcc/arm-none-eabi/5.4.1/../../../../arm-none-eabi/lib/armv6-m\libc.a(lib_a-makebuf.o)
                0x0000bbc4                __smakebuf_r
 .text._malloc_r
                0x0000bc4c      0x554 c:/nxp/mcuxpressoide_10.0.0_344/ide/tools/bin/../lib/gcc/arm-none-eabi/5.4.1/../../../../arm-none-eabi/lib/armv6-m\libc.a(lib_a-mallocr.o)
                0x0000bc4c                _malloc_r
 .text.memchr   0x0000c1a0       0x90 c:/nxp/mcuxpressoide_10.0.0_344/ide/tools/bin/../lib/gcc/arm-none-eabi/5.4.1/../../../../arm-none-eabi/lib/armv6-m\libc.a(lib_a-memchr-stub.o)
                0x0000c1a0                memchr
 .text.__malloc_lock
                0x0000c230        0x4 c:/nxp/mcuxpressoide_10.0.0_344/ide/tools/bin/../lib/gcc/arm-none-eabi/5.4.1/../../../../arm-none-eabi/lib/armv6-m\libc.a(lib_a-mlock.o)
                0x0000c230                __malloc_lock
 .text.__malloc_unlock
                0x0000c234        0x4 c:/nxp/mcuxpressoide_10.0.0_344/ide/tools/bin/../lib/gcc/arm-none-eabi/5.4.1/../../../../arm-none-eabi/lib/armv6-m\libc.a(lib_a-mlock.o)
                0x0000c234                __malloc_unlock
 .text._Balloc  0x0000c238       0x50 c:/nxp/mcuxpressoide_10.0.0_344/ide/tools/bin/../lib/gcc/arm-none-eabi/5.4.1/../../../../arm-none-eabi/lib/armv6-m\libc.a(lib_a-mprec.o)
                0x0000c238                _Balloc
 .text._Bfree   0x0000c288       0x14 c:/nxp/mcuxpressoide_10.0.0_344/ide/tools/bin/../lib/gcc/arm-none-eabi/5.4.1/../../../../arm-none-eabi/lib/armv6-m\libc.a(lib_a-mprec.o)
                0x0000c288                _Bfree
 .text.__multadd
                0x0000c29c       0x8c c:/nxp/mcuxpressoide_10.0.0_344/ide/tools/bin/../lib/gcc/arm-none-eabi/5.4.1/../../../../arm-none-eabi/lib/armv6-m\libc.a(lib_a-mprec.o)
                0x0000c29c                __multadd
 .text.__hi0bits
                0x0000c328       0x3c c:/nxp/mcuxpressoide_10.0.0_344/ide/tools/bin/../lib/gcc/arm-none-eabi/5.4.1/../../../../arm-none-eabi/lib/armv6-m\libc.a(lib_a-mprec.o)
                0x0000c328                __hi0bits
 .text.__lo0bits
                0x0000c364       0x5c c:/nxp/mcuxpressoide_10.0.0_344/ide/tools/bin/../lib/gcc/arm-none-eabi/5.4.1/../../../../arm-none-eabi/lib/armv6-m\libc.a(lib_a-mprec.o)
                0x0000c364                __lo0bits
 .text.__i2b    0x0000c3c0       0x14 c:/nxp/mcuxpressoide_10.0.0_344/ide/tools/bin/../lib/gcc/arm-none-eabi/5.4.1/../../../../arm-none-eabi/lib/armv6-m\libc.a(lib_a-mprec.o)
                0x0000c3c0                __i2b
 .text.__multiply
                0x0000c3d4      0x15c c:/nxp/mcuxpressoide_10.0.0_344/ide/tools/bin/../lib/gcc/arm-none-eabi/5.4.1/../../../../arm-none-eabi/lib/armv6-m\libc.a(lib_a-mprec.o)
                0x0000c3d4                __multiply
 .text.__pow5mult
                0x0000c530       0xbc c:/nxp/mcuxpressoide_10.0.0_344/ide/tools/bin/../lib/gcc/arm-none-eabi/5.4.1/../../../../arm-none-eabi/lib/armv6-m\libc.a(lib_a-mprec.o)
                0x0000c530                __pow5mult
 .text.__lshift
                0x0000c5ec       0xc0 c:/nxp/mcuxpressoide_10.0.0_344/ide/tools/bin/../lib/gcc/arm-none-eabi/5.4.1/../../../../arm-none-eabi/lib/armv6-m\libc.a(lib_a-mprec.o)
                0x0000c5ec                __lshift
 .text.__mcmp   0x0000c6ac       0x3c c:/nxp/mcuxpressoide_10.0.0_344/ide/tools/bin/../lib/gcc/arm-none-eabi/5.4.1/../../../../arm-none-eabi/lib/armv6-m\libc.a(lib_a-mprec.o)
                0x0000c6ac                __mcmp
 .text.__mdiff  0x0000c6e8      0x11c c:/nxp/mcuxpressoide_10.0.0_344/ide/tools/bin/../lib/gcc/arm-none-eabi/5.4.1/../../../../arm-none-eabi/lib/armv6-m\libc.a(lib_a-mprec.o)
                0x0000c6e8                __mdiff
 .text.__d2b    0x0000c804       0xbc c:/nxp/mcuxpressoide_10.0.0_344/ide/tools/bin/../lib/gcc/arm-none-eabi/5.4.1/../../../../arm-none-eabi/lib/armv6-m\libc.a(lib_a-mprec.o)
                0x0000c804                __d2b
 .text._sbrk_r  0x0000c8c0       0x24 c:/nxp/mcuxpressoide_10.0.0_344/ide/tools/bin/../lib/gcc/arm-none-eabi/5.4.1/../../../../arm-none-eabi/lib/armv6-m\libc.a(lib_a-sbrkr.o)
                0x0000c8c0                _sbrk_r
 .text.__sread  0x0000c8e4       0x28 c:/nxp/mcuxpressoide_10.0.0_344/ide/tools/bin/../lib/gcc/arm-none-eabi/5.4.1/../../../../arm-none-eabi/lib/armv6-m\libc.a(lib_a-stdio.o)
                0x0000c8e4                __sread
 .text.__swrite
                0x0000c90c       0x3c c:/nxp/mcuxpressoide_10.0.0_344/ide/tools/bin/../lib/gcc/arm-none-eabi/5.4.1/../../../../arm-none-eabi/lib/armv6-m\libc.a(lib_a-stdio.o)
                0x0000c90c                __swrite
 .text.__sseek  0x0000c948       0x2c c:/nxp/mcuxpressoide_10.0.0_344/ide/tools/bin/../lib/gcc/arm-none-eabi/5.4.1/../../../../arm-none-eabi/lib/armv6-m\libc.a(lib_a-stdio.o)
                0x0000c948                __sseek
 .text.__sclose
                0x0000c974        0xc c:/nxp/mcuxpressoide_10.0.0_344/ide/tools/bin/../lib/gcc/arm-none-eabi/5.4.1/../../../../arm-none-eabi/lib/armv6-m\libc.a(lib_a-stdio.o)
                0x0000c974                __sclose
 .text.strlen   0x0000c980       0x68 c:/nxp/mcuxpressoide_10.0.0_344/ide/tools/bin/../lib/gcc/arm-none-eabi/5.4.1/../../../../arm-none-eabi/lib/armv6-m\libc.a(lib_a-strlen-stub.o)
                0x0000c980                strlen
 .text.__sprint_r.part.0
                0x0000c9e8       0x78 c:/nxp/mcuxpressoide_10.0.0_344/ide/tools/bin/../lib/gcc/arm-none-eabi/5.4.1/../../../../arm-none-eabi/lib/armv6-m\libc.a(lib_a-vfiprintf.o)
 .text.__sprint_r
                0x0000ca60       0x14 c:/nxp/mcuxpressoide_10.0.0_344/ide/tools/bin/../lib/gcc/arm-none-eabi/5.4.1/../../../../arm-none-eabi/lib/armv6-m\libc.a(lib_a-vfiprintf.o)
                0x0000ca60                __sprint_r
 .text._write_r
                0x0000ca74       0x28 c:/nxp/mcuxpressoide_10.0.0_344/ide/tools/bin/../lib/gcc/arm-none-eabi/5.4.1/../../../../arm-none-eabi/lib/armv6-m\libc.a(lib_a-writer.o)
                0x0000ca74                _write_r
 .text._calloc_r
                0x0000ca9c       0x60 c:/nxp/mcuxpressoide_10.0.0_344/ide/tools/bin/../lib/gcc/arm-none-eabi/5.4.1/../../../../arm-none-eabi/lib/armv6-m\libc.a(lib_a-callocr.o)
                0x0000ca9c                _calloc_r
 .text._close_r
                0x0000cafc       0x24 c:/nxp/mcuxpressoide_10.0.0_344/ide/tools/bin/../lib/gcc/arm-none-eabi/5.4.1/../../../../arm-none-eabi/lib/armv6-m\libc.a(lib_a-closer.o)
                0x0000cafc                _close_r
 .text._fclose_r
                0x0000cb20       0x8c c:/nxp/mcuxpressoide_10.0.0_344/ide/tools/bin/../lib/gcc/arm-none-eabi/5.4.1/../../../../arm-none-eabi/lib/armv6-m\libc.a(lib_a-fclose.o)
                0x0000cb20                _fclose_r
 .text.__fputwc
                0x0000cbac       0x98 c:/nxp/mcuxpressoide_10.0.0_344/ide/tools/bin/../lib/gcc/arm-none-eabi/5.4.1/../../../../arm-none-eabi/lib/armv6-m\libc.a(lib_a-fputwc.o)
                0x0000cbac                __fputwc
 .text._fputwc_r
                0x0000cc44       0x20 c:/nxp/mcuxpressoide_10.0.0_344/ide/tools/bin/../lib/gcc/arm-none-eabi/5.4.1/../../../../arm-none-eabi/lib/armv6-m\libc.a(lib_a-fputwc.o)
                0x0000cc44                _fputwc_r
 .text._fstat_r
                0x0000cc64       0x28 c:/nxp/mcuxpressoide_10.0.0_344/ide/tools/bin/../lib/gcc/arm-none-eabi/5.4.1/../../../../arm-none-eabi/lib/armv6-m\libc.a(lib_a-fstatr.o)
                0x0000cc64                _fstat_r
 .text.__sfvwrite_r
                0x0000cc8c      0x31c c:/nxp/mcuxpressoide_10.0.0_344/ide/tools/bin/../lib/gcc/arm-none-eabi/5.4.1/../../../../arm-none-eabi/lib/armv6-m\libc.a(lib_a-fvwrite.o)
                0x0000cc8c                __sfvwrite_r
 .text._isatty_r
                0x0000cfa8       0x24 c:/nxp/mcuxpressoide_10.0.0_344/ide/tools/bin/../lib/gcc/arm-none-eabi/5.4.1/../../../../arm-none-eabi/lib/armv6-m\libc.a(lib_a-isattyr.o)
                0x0000cfa8                _isatty_r
 .text.__locale_mb_cur_max
                0x0000cfcc       0x20 c:/nxp/mcuxpressoide_10.0.0_344/ide/tools/bin/../lib/gcc/arm-none-eabi/5.4.1/../../../../arm-none-eabi/lib/armv6-m\libc.a(lib_a-locale.o)
                0x0000cfcc                __locale_mb_cur_max
 .text._lseek_r
                0x0000cfec       0x28 c:/nxp/mcuxpressoide_10.0.0_344/ide/tools/bin/../lib/gcc/arm-none-eabi/5.4.1/../../../../arm-none-eabi/lib/armv6-m\libc.a(lib_a-lseekr.o)
                0x0000cfec                _lseek_r
 .text.__ascii_mbtowc
                0x0000d014       0x2c c:/nxp/mcuxpressoide_10.0.0_344/ide/tools/bin/../lib/gcc/arm-none-eabi/5.4.1/../../../../arm-none-eabi/lib/armv6-m\libc.a(lib_a-mbtowc_r.o)
                0x0000d014                __ascii_mbtowc
 .text.memmove  0x0000d040       0x98 c:/nxp/mcuxpressoide_10.0.0_344/ide/tools/bin/../lib/gcc/arm-none-eabi/5.4.1/../../../../arm-none-eabi/lib/armv6-m\libc.a(lib_a-memmove.o)
                0x0000d040                memmove
 .text._read_r  0x0000d0d8       0x28 c:/nxp/mcuxpressoide_10.0.0_344/ide/tools/bin/../lib/gcc/arm-none-eabi/5.4.1/../../../../arm-none-eabi/lib/armv6-m\libc.a(lib_a-readr.o)
                0x0000d0d8                _read_r
 .text._realloc_r
                0x0000d100      0x3dc c:/nxp/mcuxpressoide_10.0.0_344/ide/tools/bin/../lib/gcc/arm-none-eabi/5.4.1/../../../../arm-none-eabi/lib/armv6-m\libc.a(lib_a-reallocr.o)
                0x0000d100                _realloc_r
 .text.__swbuf_r
                0x0000d4dc       0xb8 c:/nxp/mcuxpressoide_10.0.0_344/ide/tools/bin/../lib/gcc/arm-none-eabi/5.4.1/../../../../arm-none-eabi/lib/armv6-m\libc.a(lib_a-wbuf.o)
                0x0000d4dc                __swbuf_r
 .text._wcrtomb_r
                0x0000d594       0x54 c:/nxp/mcuxpressoide_10.0.0_344/ide/tools/bin/../lib/gcc/arm-none-eabi/5.4.1/../../../../arm-none-eabi/lib/armv6-m\libc.a(lib_a-wcrtomb.o)
                0x0000d594                _wcrtomb_r
 .text.__ascii_wctomb
                0x0000d5e8       0x1c c:/nxp/mcuxpressoide_10.0.0_344/ide/tools/bin/../lib/gcc/arm-none-eabi/5.4.1/../../../../arm-none-eabi/lib/armv6-m\libc.a(lib_a-wctomb_r.o)
                0x0000d5e8                __ascii_wctomb
 .text          0x0000d604      0x1d4 c:/nxp/mcuxpressoide_10.0.0_344/ide/tools/bin/../lib/gcc/arm-none-eabi/5.4.1/armv6-m\libgcc.a(_divsi3.o)
                0x0000d604                __divsi3
                0x0000d604                __aeabi_idiv
                0x0000d7d0                __aeabi_idivmod
 .text          0x0000d7d8       0x7c c:/nxp/mcuxpressoide_10.0.0_344/ide/tools/bin/../lib/gcc/arm-none-eabi/5.4.1/armv6-m\libgcc.a(_arm_cmpdf2.o)
                0x0000d7d8                __aeabi_cdrcmple
                0x0000d7e8                __aeabi_cdcmple
                0x0000d7e8                __aeabi_cdcmpeq
                0x0000d7f8                __aeabi_dcmpeq
                0x0000d804                __aeabi_dcmplt
                0x0000d818                __aeabi_dcmple
                0x0000d82c                __aeabi_dcmpgt
                0x0000d840                __aeabi_dcmpge
 .text          0x0000d854       0x40 c:/nxp/mcuxpressoide_10.0.0_344/ide/tools/bin/../lib/gcc/arm-none-eabi/5.4.1/armv6-m\libgcc.a(_aeabi_uldivmod.o)
                0x0000d854                __aeabi_uldivmod
 .text          0x0000d894      0x180 c:/nxp/mcuxpressoide_10.0.0_344/ide/tools/bin/../lib/gcc/arm-none-eabi/5.4.1/armv6-m\libgcc.a(_udivmoddi4.o)
                0x0000d894                __udivmoddi4
 .text          0x0000da14      0x658 c:/nxp/mcuxpressoide_10.0.0_344/ide/tools/bin/../lib/gcc/arm-none-eabi/5.4.1/armv6-m\libgcc.a(adddf3.o)
                0x0000da14                __aeabi_dadd
 .text          0x0000e06c       0x80 c:/nxp/mcuxpressoide_10.0.0_344/ide/tools/bin/../lib/gcc/arm-none-eabi/5.4.1/armv6-m\libgcc.a(eqdf2.o)
                0x0000e06c                __nedf2
                0x0000e06c                __eqdf2
 .text          0x0000e0ec       0xc8 c:/nxp/mcuxpressoide_10.0.0_344/ide/tools/bin/../lib/gcc/arm-none-eabi/5.4.1/armv6-m\libgcc.a(gedf2.o)
                0x0000e0ec                __gedf2
                0x0000e0ec                __gtdf2
 .text          0x0000e1b4       0xd4 c:/nxp/mcuxpressoide_10.0.0_344/ide/tools/bin/../lib/gcc/arm-none-eabi/5.4.1/armv6-m\libgcc.a(ledf2.o)
                0x0000e1b4                __ledf2
                0x0000e1b4                __ltdf2
 .text          0x0000e288      0x6a8 c:/nxp/mcuxpressoide_10.0.0_344/ide/tools/bin/../lib/gcc/arm-none-eabi/5.4.1/armv6-m\libgcc.a(subdf3.o)
                0x0000e288                __aeabi_dsub
 .text          0x0000e930       0x40 c:/nxp/mcuxpressoide_10.0.0_344/ide/tools/bin/../lib/gcc/arm-none-eabi/5.4.1/armv6-m\libgcc.a(unorddf2.o)
                0x0000e930                __aeabi_dcmpun
 .text          0x0000e970       0x6c c:/nxp/mcuxpressoide_10.0.0_344/ide/tools/bin/../lib/gcc/arm-none-eabi/5.4.1/armv6-m\libgcc.a(fixdfsi.o)
                0x0000e970                __aeabi_d2iz
 .text          0x0000e9dc       0x84 c:/nxp/mcuxpressoide_10.0.0_344/ide/tools/bin/../lib/gcc/arm-none-eabi/5.4.1/armv6-m\libgcc.a(floatsidf.o)
                0x0000e9dc                __aeabi_i2d
 .text          0x0000ea60       0x18 c:/nxp/mcuxpressoide_10.0.0_344/ide/tools/bin/../lib/gcc/arm-none-eabi/5.4.1/armv6-m\libgcc.a(_clzdi2.o)
                0x0000ea60                __clzdi2
 .text._sbrk    0x0000ea78       0x40 c:/nxp/mcuxpressoide_10.0.0_344/ide/tools/bin/../lib/gcc/arm-none-eabi/5.4.1/../../../../arm-none-eabi/lib/armv6-m\libcr_newlib_semihost.a(_cr_sbrk.o)
                0x0000ea78                _sbrk
 .text.error    0x0000eab8       0x1c c:/nxp/mcuxpressoide_10.0.0_344/ide/tools/bin/../lib/gcc/arm-none-eabi/5.4.1/../../../../arm-none-eabi/lib/armv6-m\libcr_newlib_semihost.a(syscalls.o)
 .text.initialise_monitor_handles.part.0
                0x0000ead4       0x9c c:/nxp/mcuxpressoide_10.0.0_344/ide/tools/bin/../lib/gcc/arm-none-eabi/5.4.1/../../../../arm-none-eabi/lib/armv6-m\libcr_newlib_semihost.a(syscalls.o)
 .text.findslot
                0x0000eb70       0x30 c:/nxp/mcuxpressoide_10.0.0_344/ide/tools/bin/../lib/gcc/arm-none-eabi/5.4.1/../../../../arm-none-eabi/lib/armv6-m\libcr_newlib_semihost.a(syscalls.o)
 .text.checkerror
                0x0000eba0       0x20 c:/nxp/mcuxpressoide_10.0.0_344/ide/tools/bin/../lib/gcc/arm-none-eabi/5.4.1/../../../../arm-none-eabi/lib/armv6-m\libcr_newlib_semihost.a(syscalls.o)
 .text._swiread
                0x0000ebc0       0x20 c:/nxp/mcuxpressoide_10.0.0_344/ide/tools/bin/../lib/gcc/arm-none-eabi/5.4.1/../../../../arm-none-eabi/lib/armv6-m\libcr_newlib_semihost.a(syscalls.o)
                0x0000ebc0                _swiread
 .text._read    0x0000ebe0       0x36 c:/nxp/mcuxpressoide_10.0.0_344/ide/tools/bin/../lib/gcc/arm-none-eabi/5.4.1/../../../../arm-none-eabi/lib/armv6-m\libcr_newlib_semihost.a(syscalls.o)
                0x0000ebe0                _read
 .text._swilseek
                0x0000ec16       0x76 c:/nxp/mcuxpressoide_10.0.0_344/ide/tools/bin/../lib/gcc/arm-none-eabi/5.4.1/../../../../arm-none-eabi/lib/armv6-m\libcr_newlib_semihost.a(syscalls.o)
                0x0000ec16                _swilseek
 .text._lseek   0x0000ec8c        0x8 c:/nxp/mcuxpressoide_10.0.0_344/ide/tools/bin/../lib/gcc/arm-none-eabi/5.4.1/../../../../arm-none-eabi/lib/armv6-m\libcr_newlib_semihost.a(syscalls.o)
                0x0000ec8c                _lseek
 .text._swiwrite
                0x0000ec94       0x20 c:/nxp/mcuxpressoide_10.0.0_344/ide/tools/bin/../lib/gcc/arm-none-eabi/5.4.1/../../../../arm-none-eabi/lib/armv6-m\libcr_newlib_semihost.a(syscalls.o)
                0x0000ec94                _swiwrite
 .text._write   0x0000ecb4       0x40 c:/nxp/mcuxpressoide_10.0.0_344/ide/tools/bin/../lib/gcc/arm-none-eabi/5.4.1/../../../../arm-none-eabi/lib/armv6-m\libcr_newlib_semihost.a(syscalls.o)
                0x0000ecb4                _write
 .text._swiclose
                0x0000ecf4       0x18 c:/nxp/mcuxpressoide_10.0.0_344/ide/tools/bin/../lib/gcc/arm-none-eabi/5.4.1/../../../../arm-none-eabi/lib/armv6-m\libcr_newlib_semihost.a(syscalls.o)
                0x0000ecf4                _swiclose
 .text._close   0x0000ed0c       0x4c c:/nxp/mcuxpressoide_10.0.0_344/ide/tools/bin/../lib/gcc/arm-none-eabi/5.4.1/../../../../arm-none-eabi/lib/armv6-m\libcr_newlib_semihost.a(syscalls.o)
                0x0000ed0c                _close
 .text._swistat
                0x0000ed58       0x46 c:/nxp/mcuxpressoide_10.0.0_344/ide/tools/bin/../lib/gcc/arm-none-eabi/5.4.1/../../../../arm-none-eabi/lib/armv6-m\libcr_newlib_semihost.a(syscalls.o)
                0x0000ed58                _swistat
 .text._fstat   0x0000ed9e       0x1a c:/nxp/mcuxpressoide_10.0.0_344/ide/tools/bin/../lib/gcc/arm-none-eabi/5.4.1/../../../../arm-none-eabi/lib/armv6-m\libcr_newlib_semihost.a(syscalls.o)
                0x0000ed9e                _fstat
 .text._isatty  0x0000edb8       0x28 c:/nxp/mcuxpressoide_10.0.0_344/ide/tools/bin/../lib/gcc/arm-none-eabi/5.4.1/../../../../arm-none-eabi/lib/armv6-m\libcr_newlib_semihost.a(syscalls.o)
                0x0000edb8                _isatty
 .text.__check_heap_overflow
                0x0000ede0       0x14 c:/nxp/mcuxpressoide_10.0.0_344/ide/tools/bin/../lib/gcc/arm-none-eabi/5.4.1/../../../../arm-none-eabi/lib/armv6-m\libcr_newlib_semihost.a(_cr_check_heap.o)
                0x0000ede0                __check_heap_overflow
 .text.__errno  0x0000edf4        0xc c:/nxp/mcuxpressoide_10.0.0_344/ide/tools/bin/../lib/gcc/arm-none-eabi/5.4.1/../../../../arm-none-eabi/lib/armv6-m\libc.a(lib_a-errno.o)
                0x0000edf4                __errno
 *(.rodata .rodata.* .constdata .constdata.*)
 .rodata        0x0000ee00       0x63 ./source/SmartTorqueFW.o
 *fill*         0x0000ee63        0x1 ff
 .rodata        0x0000ee64       0xf7 ./source/_ADCSense.o
 *fill*         0x0000ef5b        0x1 ff
 .rodata.__func__.6786
                0x0000ef5c       0x11 ./source/_ADCSense.o
 *fill*         0x0000ef6d        0x3 ff
 .rodata.__func__.6775
                0x0000ef70       0x15 ./source/_ADCSense.o
 *fill*         0x0000ef85        0x3 ff
 .rodata.__func__.6602
                0x0000ef88       0x15 ./source/_ADCSense.o
 *fill*         0x0000ef9d        0x3 ff
 .rodata.__func__.6597
                0x0000efa0       0x17 ./source/_ADCSense.o
 *fill*         0x0000efb7        0x1 ff
 .rodata.__func__.6585
                0x0000efb8       0x15 ./source/_ADCSense.o
 *fill*         0x0000efcd        0x3 ff
 .rodata.__func__.6662
                0x0000efd0       0x12 ./source/_ADCSense.o
 *fill*         0x0000efe2        0x2 ff
 .rodata.__func__.6638
                0x0000efe4       0x1c ./source/_ADCSense.o
 .rodata.__func__.6755
                0x0000f000       0x15 ./source/_ADCSense.o
 *fill*         0x0000f015        0x3 ff
 .rodata        0x0000f018      0x208 ./source/_Bluetooth.o
 .rodata        0x0000f220        0x4 ./source/_Display.o
 .rodata.Display_Cycle
                0x0000f224       0x28 ./source/_Display.o
 .rodata        0x0000f24c       0x41 ./source/_FRAM.o
 *fill*         0x0000f28d        0x3 ff
 .rodata.__func__.6866
                0x0000f290       0x12 ./source/_FRAM.o
 *fill*         0x0000f2a2        0x2 ff
 .rodata        0x0000f2a4       0x69 ./source/_HMI.o
 *fill*         0x0000f30d        0x3 ff
 .rodata        0x0000f310       0x18 ./freertos/tasks.o
                0x0000f318                FreeRTOSDebugConfig
 .rodata        0x0000f328        0xd ./freertos/timers.o
 *fill*         0x0000f335        0x3 ff
 .rodata.prvProcessReceivedCommands
                0x0000f338       0x28 ./freertos/timers.o
 .rodata        0x0000f360       0x69 ./drivers/fsl_adc16.o
 *fill*         0x0000f3c9        0x3 ff
 .rodata.__func__.5369
                0x0000f3cc       0x12 ./drivers/fsl_adc16.o
 *fill*         0x0000f3de        0x2 ff
 .rodata.__func__.5374
                0x0000f3e0        0xb ./drivers/fsl_adc16.o
 *fill*         0x0000f3eb        0x1 ff
 .rodata.__func__.5382
                0x0000f3ec       0x17 ./drivers/fsl_adc16.o
 *fill*         0x0000f403        0x1 ff
 .rodata.__func__.5425
                0x0000f404       0x17 ./drivers/fsl_adc16.o
 *fill*         0x0000f41b        0x1 ff
 .rodata.__func__.5431
                0x0000f41c       0x1c ./drivers/fsl_adc16.o
 .rodata        0x0000f438       0x41 ./drivers/fsl_clock.o
 *fill*         0x0000f479        0x3 ff
 .rodata.CLOCK_GetFreq
                0x0000f47c       0x50 ./drivers/fsl_clock.o
 .rodata.lircFreqs.5239
                0x0000f4cc        0x8 ./drivers/fsl_clock.o
 .rodata.__func__.5247
                0x0000f4d4       0x17 ./drivers/fsl_clock.o
 *fill*         0x0000f4eb        0x1 ff
 .rodata.__func__.5255
                0x0000f4ec       0x16 ./drivers/fsl_clock.o
 *fill*         0x0000f502        0x2 ff
 .rodata.__func__.5312
                0x0000f504       0x14 ./drivers/fsl_clock.o
 .rodata.__func__.5326
                0x0000f518       0x17 ./drivers/fsl_clock.o
 *fill*         0x0000f52f        0x1 ff
 .rodata        0x0000f530       0x3e ./drivers/fsl_common.o
 *fill*         0x0000f56e        0x2 ff
 .rodata        0x0000f570      0x168 ./drivers/fsl_dma.o
 .rodata.s_dmaIRQNumber
                0x0000f6d8        0x4 ./drivers/fsl_dma.o
 .rodata.__func__.5443
                0x0000f6dc       0x10 ./drivers/fsl_dma.o
 .rodata.__func__.5460
                0x0000f6ec       0x16 ./drivers/fsl_dma.o
 *fill*         0x0000f702        0x2 ff
 .rodata.__func__.5482
                0x0000f704       0x11 ./drivers/fsl_dma.o
 *fill*         0x0000f715        0x3 ff
 .rodata.__func__.5494
                0x0000f718       0x14 ./drivers/fsl_dma.o
 .rodata.__func__.5529
                0x0000f72c        0xe ./drivers/fsl_dma.o
 *fill*         0x0000f73a        0x2 ff
 .rodata.__func__.5397
                0x0000f73c       0x1c ./drivers/fsl_dma.o
 .rodata        0x0000f758       0x40 ./drivers/fsl_dmamux.o
 .rodata.__func__.5271
                0x0000f798       0x13 ./drivers/fsl_dmamux.o
 *fill*         0x0000f7ab        0x1 ff
 .rodata.s_portBases
                0x0000f7ac       0x14 ./drivers/fsl_gpio.o
 .rodata.s_gpioBases
                0x0000f7c0       0x14 ./drivers/fsl_gpio.o
 .rodata        0x0000f7d4       0x68 ./drivers/fsl_gpio.o
 .rodata.__func__.5309
                0x0000f83c       0x11 ./drivers/fsl_gpio.o
 *fill*         0x0000f84d        0x3 ff
 .rodata.__func__.5315
                0x0000f850        0xd ./drivers/fsl_gpio.o
 *fill*         0x0000f85d        0x3 ff
 .rodata.s_i2cDividerTable
                0x0000f860       0x80 ./drivers/fsl_i2c.o
 .rodata.s_i2cBases
                0x0000f8e0        0x8 ./drivers/fsl_i2c.o
 .rodata.s_i2cIrqs
                0x0000f8e8        0x2 ./drivers/fsl_i2c.o
 *fill*         0x0000f8ea        0x2 ff
 .rodata.s_i2cClocks
                0x0000f8ec        0x8 ./drivers/fsl_i2c.o
 .rodata        0x0000f8f4       0xc6 ./drivers/fsl_i2c.o
 *fill*         0x0000f9ba        0x2 ff
 .rodata.__func__.5495
                0x0000f9bc       0x10 ./drivers/fsl_i2c.o
 .rodata.__func__.5551
                0x0000f9cc        0xf ./drivers/fsl_i2c.o
 *fill*         0x0000f9db        0x1 ff
 .rodata.__func__.5559
                0x0000f9dc       0x1b ./drivers/fsl_i2c.o
 *fill*         0x0000f9f7        0x1 ff
 .rodata.__func__.5686
                0x0000f9f8       0x1f ./drivers/fsl_i2c.o
 *fill*         0x0000fa17        0x1 ff
 .rodata.__func__.5693
                0x0000fa18       0x1e ./drivers/fsl_i2c.o
 *fill*         0x0000fa36        0x2 ff
 .rodata.__func__.5717
                0x0000fa38       0x1c ./drivers/fsl_i2c.o
 .rodata        0x0000fa54       0x43 ./drivers/fsl_lptmr.o
 *fill*         0x0000fa97        0x1 ff
 .rodata.__func__.5337
                0x0000fa98       0x12 ./drivers/fsl_lptmr.o
 *fill*         0x0000faaa        0x2 ff
 .rodata.__func__.5342
                0x0000faac        0xb ./drivers/fsl_lptmr.o
 *fill*         0x0000fab7        0x1 ff
 .rodata.__func__.5351
                0x0000fab8       0x17 ./drivers/fsl_lptmr.o
 *fill*         0x0000facf        0x1 ff
 .rodata        0x0000fad0       0x5d ./drivers/fsl_slcd.o
 *fill*         0x0000fb2d        0x3 ff
 .rodata.__func__.5453
                0x0000fb30       0x11 ./drivers/fsl_slcd.o
 *fill*         0x0000fb41        0x3 ff
 .rodata.__func__.5458
                0x0000fb44        0xa ./drivers/fsl_slcd.o
 *fill*         0x0000fb4e        0x2 ff
 .rodata.__func__.5473
                0x0000fb50       0x16 ./drivers/fsl_slcd.o
 *fill*         0x0000fb66        0x2 ff
 .rodata.s_uartBases
                0x0000fb68        0xc ./drivers/fsl_uart.o
 .rodata.s_uartIRQ
                0x0000fb74        0x3 ./drivers/fsl_uart.o
 *fill*         0x0000fb77        0x1 ff
 .rodata.s_uartClock
                0x0000fb78        0xc ./drivers/fsl_uart.o
 .rodata        0x0000fb84       0xaa ./drivers/fsl_uart.o
 *fill*         0x0000fc2e        0x2 ff
 .rodata.__func__.5445
                0x0000fc30       0x11 ./drivers/fsl_uart.o
 *fill*         0x0000fc41        0x3 ff
 .rodata.__func__.5449
                0x0000fc44       0x23 ./drivers/fsl_uart.o
 *fill*         0x0000fc67        0x1 ff
 .rodata.__func__.5454
                0x0000fc68       0x20 ./drivers/fsl_uart.o
 .rodata.__func__.5461
                0x0000fc88        0xa ./drivers/fsl_uart.o
 *fill*         0x0000fc92        0x2 ff
 .rodata.__func__.5476
                0x0000fc94       0x16 ./drivers/fsl_uart.o
 *fill*         0x0000fcaa        0x2 ff
 .rodata.__func__.5526
                0x0000fcac       0x16 ./drivers/fsl_uart.o
 *fill*         0x0000fcc2        0x2 ff
 .rodata.__func__.5549
                0x0000fcc4       0x15 ./drivers/fsl_uart.o
 *fill*         0x0000fcd9        0x3 ff
 .rodata.__func__.5560
                0x0000fcdc       0x1a ./drivers/fsl_uart.o
 *fill*         0x0000fcf6        0x2 ff
 .rodata.__func__.5568
                0x0000fcf8       0x1d ./drivers/fsl_uart.o
 *fill*         0x0000fd15        0x3 ff
 .rodata.__func__.5622
                0x0000fd18       0x17 ./drivers/fsl_uart.o
 *fill*         0x0000fd2f        0x1 ff
 .rodata.mcgliteConfig_BOARD_BootClockRUN
                0x0000fd30        0x6 ./board/clock_config.o
                0x0000fd30                mcgliteConfig_BOARD_BootClockRUN
 *fill*         0x0000fd36        0x2 ff
 .rodata.simConfig_BOARD_BootClockRUN
                0x0000fd38        0x8 ./board/clock_config.o
                0x0000fd38                simConfig_BOARD_BootClockRUN
 .rodata        0x0000fd40       0x41 ./board/pin_mux.o
 *fill*         0x0000fd81        0x3 ff
 .rodata.__func__.5290
                0x0000fd84       0x12 ./board/pin_mux.o
 *fill*         0x0000fd96        0x2 ff
 .rodata        0x0000fd98       0x40 c:/nxp/mcuxpressoide_10.0.0_344/ide/tools/bin/../lib/gcc/arm-none-eabi/5.4.1/armv6-m\libgcc.a(divdf3.o)
 .rodata        0x0000fdd8       0x40 c:/nxp/mcuxpressoide_10.0.0_344/ide/tools/bin/../lib/gcc/arm-none-eabi/5.4.1/armv6-m\libgcc.a(muldf3.o)
 .rodata._vfprintf_r
                0x0000fe18      0x164 c:/nxp/mcuxpressoide_10.0.0_344/ide/tools/bin/../lib/gcc/arm-none-eabi/5.4.1/../../../../arm-none-eabi/lib/armv6-m\libc.a(lib_a-vfprintf.o)
 .rodata.zeroes.7271
                0x0000ff7c       0x10 c:/nxp/mcuxpressoide_10.0.0_344/ide/tools/bin/../lib/gcc/arm-none-eabi/5.4.1/../../../../arm-none-eabi/lib/armv6-m\libc.a(lib_a-vfprintf.o)
 .rodata.str1.4
                0x0000ff8c       0x42 c:/nxp/mcuxpressoide_10.0.0_344/ide/tools/bin/../lib/gcc/arm-none-eabi/5.4.1/../../../../arm-none-eabi/lib/armv6-m\libc.a(lib_a-vfprintf.o)
 *fill*         0x0000ffce        0x2 ff
 .rodata.blanks.7270
                0x0000ffd0       0x10 c:/nxp/mcuxpressoide_10.0.0_344/ide/tools/bin/../lib/gcc/arm-none-eabi/5.4.1/../../../../arm-none-eabi/lib/armv6-m\libc.a(lib_a-vfprintf.o)
 .rodata.str1.4
                0x0000ffe0       0x10 c:/nxp/mcuxpressoide_10.0.0_344/ide/tools/bin/../lib/gcc/arm-none-eabi/5.4.1/../../../../arm-none-eabi/lib/armv6-m\libc.a(lib_a-dtoa.o)
                                 0x12 (size before relaxing)
 .rodata.__mprec_tens
                0x0000fff0       0xc8 c:/nxp/mcuxpressoide_10.0.0_344/ide/tools/bin/../lib/gcc/arm-none-eabi/5.4.1/../../../../arm-none-eabi/lib/armv6-m\libc.a(lib_a-mprec.o)
                0x0000fff0                __mprec_tens
 .rodata.p05.6085
                0x000100b8        0xc c:/nxp/mcuxpressoide_10.0.0_344/ide/tools/bin/../lib/gcc/arm-none-eabi/5.4.1/../../../../arm-none-eabi/lib/armv6-m\libc.a(lib_a-mprec.o)
 *fill*         0x000100c4        0x4 ff
 .rodata.__mprec_bigtens
                0x000100c8       0x28 c:/nxp/mcuxpressoide_10.0.0_344/ide/tools/bin/../lib/gcc/arm-none-eabi/5.4.1/../../../../arm-none-eabi/lib/armv6-m\libc.a(lib_a-mprec.o)
                0x000100c8                __mprec_bigtens
 .rodata.str1.4
                0x000100f0       0x10 c:/nxp/mcuxpressoide_10.0.0_344/ide/tools/bin/../lib/gcc/arm-none-eabi/5.4.1/../../../../arm-none-eabi/lib/armv6-m\libc.a(lib_a-locale.o)
                                 0x12 (size before relaxing)
 .rodata._ctype_
                0x00010100      0x101 c:/nxp/mcuxpressoide_10.0.0_344/ide/tools/bin/../lib/gcc/arm-none-eabi/5.4.1/../../../../arm-none-eabi/lib/armv6-m\libc.a(lib_a-ctype_.o)
                0x00010100                _ctype_
 .rodata.str1.1
                0x00010201        0x4 c:/nxp/mcuxpressoide_10.0.0_344/ide/tools/bin/../lib/gcc/arm-none-eabi/5.4.1/../../../../arm-none-eabi/lib/armv6-m\libcr_newlib_semihost.a(syscalls.o)
                0x00010208                . = ALIGN (0x4)
 *fill*         0x00010205        0x3 ff

.glue_7         0x00010208        0x0
 .glue_7        0x00010208        0x0 linker stubs

.glue_7t        0x00010208        0x0
 .glue_7t       0x00010208        0x0 linker stubs

.vfp11_veneer   0x00010208        0x0
 .vfp11_veneer  0x00010208        0x0 linker stubs

.v4_bx          0x00010208        0x0
 .v4_bx         0x00010208        0x0 linker stubs

.init           0x00010208        0x4
 .init          0x00010208        0x4 c:/nxp/mcuxpressoide_10.0.0_344/ide/tools/bin/../lib/gcc/arm-none-eabi/5.4.1/armv6-m/crti.o
                0x00010208                _init

.fini           0x0001020c        0x4
 .fini          0x0001020c        0x4 c:/nxp/mcuxpressoide_10.0.0_344/ide/tools/bin/../lib/gcc/arm-none-eabi/5.4.1/armv6-m/crti.o
                0x0001020c                _fini

.iplt           0x00010210        0x0
 .iplt          0x00010210        0x0 c:/nxp/mcuxpressoide_10.0.0_344/ide/tools/bin/../lib/gcc/arm-none-eabi/5.4.1/armv6-m/crtbegin.o

.ARM.extab
 *(.ARM.extab* .gnu.linkonce.armextab.*)
                0x00010210                __exidx_start = .

.ARM.exidx      0x00010210        0x8
 *(.ARM.exidx* .gnu.linkonce.armexidx.*)
 .ARM.exidx     0x00010210        0x8 c:/nxp/mcuxpressoide_10.0.0_344/ide/tools/bin/../lib/gcc/arm-none-eabi/5.4.1/armv6-m\libgcc.a(_udivmoddi4.o)
                0x00010218                __exidx_end = .
                0x00010218                _etext = .

.rel.dyn        0x00010218        0x0
 .rel.iplt      0x00010218        0x0 c:/nxp/mcuxpressoide_10.0.0_344/ide/tools/bin/../lib/gcc/arm-none-eabi/5.4.1/armv6-m/crtbegin.o

.m_usb_data
 *(m_usb_bdt)

.mtb_buffer_default
                0x1fffe000       0x80
 *(.mtb*)
 .mtb.$RAM1     0x1fffe000       0x80 ./board/mtb.o
                0x1fffe000                __mtb_buffer__

.uninit_RESERVED
                0x1fffe080        0x0
 *(.bss.$RESERVED*)
                0x1fffe080                . = ALIGN (0x4)
                0x1fffe080                _end_uninit_RESERVED = .

.data           0x1fffe080      0x9d8 load address 0x00010218
 FILL mask 0xff
                0x1fffe080                _data = .
 *(vtable)
 *(.ramfunc*)
 *(.data*)
 .data.uart_config
                0x1fffe080       0x18 ./source/_Bluetooth.o
                0x1fffe080                uart_config
 .data.mainConfigAddr
                0x1fffe098        0x2 ./source/_Sys_Config.o
                0x1fffe098                mainConfigAddr
 *fill*         0x1fffe09a        0x2 ff
 .data.configSize
                0x1fffe09c        0x4 ./source/_Sys_Config.o
                0x1fffe09c                configSize
 .data.msg      0x1fffe0a0        0x7 ./source/_Sys_Config.o
                0x1fffe0a0                msg
 *fill*         0x1fffe0a7        0x1 ff
 .data.uxCriticalNesting
                0x1fffe0a8        0x4 ./freertos/port.o
 .data.SystemCoreClock
                0x1fffe0ac        0x4 ./CMSIS/system_MKL43Z4.o
                0x1fffe0ac                SystemCoreClock
 .data.impure_data
                0x1fffe0b0      0x428 c:/nxp/mcuxpressoide_10.0.0_344/ide/tools/bin/../lib/gcc/arm-none-eabi/5.4.1/../../../../arm-none-eabi/lib/armv6-m\libc.a(lib_a-impure.o)
 .data._impure_ptr
                0x1fffe4d8        0x4 c:/nxp/mcuxpressoide_10.0.0_344/ide/tools/bin/../lib/gcc/arm-none-eabi/5.4.1/../../../../arm-none-eabi/lib/armv6-m\libc.a(lib_a-impure.o)
                0x1fffe4d8                _impure_ptr
 .data.__malloc_av_
                0x1fffe4dc      0x408 c:/nxp/mcuxpressoide_10.0.0_344/ide/tools/bin/../lib/gcc/arm-none-eabi/5.4.1/../../../../arm-none-eabi/lib/armv6-m\libc.a(lib_a-mallocr.o)
                0x1fffe4dc                __malloc_av_
 .data.__malloc_trim_threshold
                0x1fffe8e4        0x4 c:/nxp/mcuxpressoide_10.0.0_344/ide/tools/bin/../lib/gcc/arm-none-eabi/5.4.1/../../../../arm-none-eabi/lib/armv6-m\libc.a(lib_a-mallocr.o)
                0x1fffe8e4                __malloc_trim_threshold
 .data.__malloc_sbrk_base
                0x1fffe8e8        0x4 c:/nxp/mcuxpressoide_10.0.0_344/ide/tools/bin/../lib/gcc/arm-none-eabi/5.4.1/../../../../arm-none-eabi/lib/armv6-m\libc.a(lib_a-mallocr.o)
                0x1fffe8e8                __malloc_sbrk_base
 .data.__global_locale
                0x1fffe8ec      0x16c c:/nxp/mcuxpressoide_10.0.0_344/ide/tools/bin/../lib/gcc/arm-none-eabi/5.4.1/../../../../arm-none-eabi/lib/armv6-m\libc.a(lib_a-locale.o)
                0x1fffe8ec                __global_locale
                0x1fffea58                . = ALIGN (0x4)
                0x1fffea58                _edata = .

.igot.plt       0x1fffea58        0x0 load address 0x00010bf0
 .igot.plt      0x1fffea58        0x0 c:/nxp/mcuxpressoide_10.0.0_344/ide/tools/bin/../lib/gcc/arm-none-eabi/5.4.1/armv6-m/crtbegin.o

.bss            0x1fffea58     0x5544 load address 0x00010bf0
                0x1fffea58                _bss = .
 *(.bss*)
 .bss.ulCount.9872
                0x1fffea58        0x4 ./source/SmartTorqueFW.o
 .bss.adc16ChanConfig
                0x1fffea5c        0x8 ./source/_ADCSense.o
                0x1fffea5c                adc16ChanConfig
 .bss.adc16Config
                0x1fffea64        0x9 ./source/_ADCSense.o
                0x1fffea64                adc16Config
 *fill*         0x1fffea6d        0x3 
 .bss.DMA_handle
                0x1fffea70       0x10 ./source/_ADCSense.o
                0x1fffea70                DMA_handle
 .bss.DMA_transfer
                0x1fffea80       0x10 ./source/_ADCSense.o
                0x1fffea80                DMA_transfer
 .bss.gBatterySense
                0x1fffea90       0x20 ./source/_ADCSense.o
                0x1fffea90                gBatterySense
 .bss.temp      0x1fffeab0        0x4 ./source/_ADCSense.o
                0x1fffeab0                temp
 .bss.ADC16_Array
                0x1fffeab4       0x80 ./source/_ADCSense.o
                0x1fffeab4                ADC16_Array
 .bss.channelswap.6828
                0x1fffeb34        0x2 ./source/_ADCSense.o
 *fill*         0x1fffeb36        0x2 
 .bss.bglib_temp_msg
                0x1fffeb38       0x1c ./source/_Bluetooth.o
                0x1fffeb38                bglib_temp_msg
 .bss.bglib_output
                0x1fffeb54        0x4 ./source/_Bluetooth.o
                0x1fffeb54                bglib_output
 .bss.msg_Head  0x1fffeb58        0x4 ./source/_Bluetooth.o
                0x1fffeb58                msg_Head
 .bss.btBuffer  0x1fffeb5c       0x40 ./source/_Bluetooth.o
                0x1fffeb5c                btBuffer
 .bss.respBuffer
                0x1fffeb9c       0x40 ./source/_Bluetooth.o
                0x1fffeb9c                respBuffer
 .bss.pck       0x1fffebdc        0x4 ./source/_Bluetooth.o
                0x1fffebdc                pck
 .bss.my_address
                0x1fffebe0        0x6 ./source/_Bluetooth.o
                0x1fffebe0                my_address
 *fill*         0x1fffebe6        0x2 
 .bss.connected_address
                0x1fffebe8        0x6 ./source/_Bluetooth.o
                0x1fffebe8                connected_address
 *fill*         0x1fffebee        0x2 
 .bss.uart_handle
                0x1fffebf0       0x28 ./source/_Bluetooth.o
                0x1fffebf0                uart_handle
 .bss.t_uart_handle
                0x1fffec18       0x30 ./source/_Bluetooth.o
                0x1fffec18                t_uart_handle
 .bss.rxIndex   0x1fffec48        0x1 ./source/_Bluetooth.o
                0x1fffec48                rxIndex
 .bss.serviceLocation
                0x1fffec49        0x1 ./source/_Bluetooth.o
                0x1fffec49                serviceLocation
 *fill*         0x1fffec4a        0x2 
 .bss.g_m_handle
                0x1fffec4c       0x28 ./source/_FRAM.o
                0x1fffec4c                g_m_handle
 .bss.completionFlag
                0x1fffec74        0x1 ./source/_FRAM.o
                0x1fffec74                completionFlag
 .bss.nakFlag   0x1fffec75        0x1 ./source/_FRAM.o
                0x1fffec75                nakFlag
 *fill*         0x1fffec76        0x2 
 .bss._FRAM     0x1fffec78       0x38 ./source/_FRAM.o
                0x1fffec78                _FRAM
 .bss.realTime  0x1fffecb0        0x8 ./source/_RTC.o
                0x1fffecb0                realTime
 .bss.mainConfig
                0x1fffecb8       0x14 ./source/_Sys_Config.o
                0x1fffecb8                mainConfig
 .bss.rxBuff    0x1fffeccc       0x80 ./source/_Sys_Config.o
                0x1fffeccc                rxBuff
 .bss.ucHeap    0x1fffed4c     0x5000 ./freertos/heap_4.o
 .bss.xStart    0x20003d4c        0x8 ./freertos/heap_4.o
 .bss.pxEnd     0x20003d54        0x4 ./freertos/heap_4.o
 .bss.xFreeBytesRemaining
                0x20003d58        0x4 ./freertos/heap_4.o
 .bss.xMinimumEverFreeBytesRemaining
                0x20003d5c        0x4 ./freertos/heap_4.o
 .bss.xBlockAllocatedBit
                0x20003d60        0x4 ./freertos/heap_4.o
 .bss.xQueueRegistry
                0x20003d64       0x40 ./freertos/queue.o
                0x20003d64                xQueueRegistry
 .bss.pxCurrentTCB
                0x20003da4        0x4 ./freertos/tasks.o
                0x20003da4                pxCurrentTCB
 .bss.pxReadyTasksLists
                0x20003da8       0x64 ./freertos/tasks.o
 .bss.xDelayedTaskList1
                0x20003e0c       0x14 ./freertos/tasks.o
 .bss.xDelayedTaskList2
                0x20003e20       0x14 ./freertos/tasks.o
 .bss.pxDelayedTaskList
                0x20003e34        0x4 ./freertos/tasks.o
 .bss.pxOverflowDelayedTaskList
                0x20003e38        0x4 ./freertos/tasks.o
 .bss.xPendingReadyList
                0x20003e3c       0x14 ./freertos/tasks.o
 .bss.xTasksWaitingTermination
                0x20003e50       0x14 ./freertos/tasks.o
 .bss.uxDeletedTasksWaitingCleanUp
                0x20003e64        0x4 ./freertos/tasks.o
 .bss.xSuspendedTaskList
                0x20003e68       0x14 ./freertos/tasks.o
 .bss.uxCurrentNumberOfTasks
                0x20003e7c        0x4 ./freertos/tasks.o
 .bss.xTickCount
                0x20003e80        0x4 ./freertos/tasks.o
 .bss.uxTopReadyPriority
                0x20003e84        0x4 ./freertos/tasks.o
 .bss.xSchedulerRunning
                0x20003e88        0x4 ./freertos/tasks.o
 .bss.uxPendedTicks
                0x20003e8c        0x4 ./freertos/tasks.o
 .bss.xYieldPending
                0x20003e90        0x4 ./freertos/tasks.o
 .bss.xNumOfOverflows
                0x20003e94        0x4 ./freertos/tasks.o
 .bss.uxTaskNumber
                0x20003e98        0x4 ./freertos/tasks.o
 .bss.xNextTaskUnblockTime
                0x20003e9c        0x4 ./freertos/tasks.o
 .bss.xIdleTaskHandle
                0x20003ea0        0x4 ./freertos/tasks.o
 .bss.uxSchedulerSuspended
                0x20003ea4        0x4 ./freertos/tasks.o
 .bss.xActiveTimerList1
                0x20003ea8       0x14 ./freertos/timers.o
 .bss.xActiveTimerList2
                0x20003ebc       0x14 ./freertos/timers.o
 .bss.pxCurrentTimerList
                0x20003ed0        0x4 ./freertos/timers.o
 .bss.pxOverflowTimerList
                0x20003ed4        0x4 ./freertos/timers.o
 .bss.xTimerQueue
                0x20003ed8        0x4 ./freertos/timers.o
 .bss.xTimerTaskHandle
                0x20003edc        0x4 ./freertos/timers.o
 .bss.xLastTime.4949
                0x20003ee0        0x4 ./freertos/timers.o
 .bss.g_xtal0Freq
                0x20003ee4        0x4 ./drivers/fsl_clock.o
                0x20003ee4                g_xtal0Freq
 .bss.g_xtal32Freq
                0x20003ee8        0x4 ./drivers/fsl_clock.o
                0x20003ee8                g_xtal32Freq
 .bss.s_DMAHandle
                0x20003eec       0x10 ./drivers/fsl_dma.o
 .bss.s_i2cHandle
                0x20003efc        0x8 ./drivers/fsl_i2c.o
 .bss.s_i2cMasterIsr
                0x20003f04        0x4 ./drivers/fsl_i2c.o
 .bss.s_i2cSlaveIsr
                0x20003f08        0x4 ./drivers/fsl_i2c.o
 .bss.s_lpuartHandle
                0x20003f0c        0x8 ./drivers/fsl_lpuart.o
 .bss.s_lpuartIsr
                0x20003f14        0x4 ./drivers/fsl_lpuart.o
 .bss.s_uartHandle
                0x20003f18        0xc ./drivers/fsl_uart.o
 .bss.s_uartIsr
                0x20003f24        0x4 ./drivers/fsl_uart.o
 .bss.__malloc_max_total_mem
                0x20003f28        0x4 c:/nxp/mcuxpressoide_10.0.0_344/ide/tools/bin/../lib/gcc/arm-none-eabi/5.4.1/../../../../arm-none-eabi/lib/armv6-m\libc.a(lib_a-mallocr.o)
                0x20003f28                __malloc_max_total_mem
 .bss.__malloc_max_sbrked_mem
                0x20003f2c        0x4 c:/nxp/mcuxpressoide_10.0.0_344/ide/tools/bin/../lib/gcc/arm-none-eabi/5.4.1/../../../../arm-none-eabi/lib/armv6-m\libc.a(lib_a-mallocr.o)
                0x20003f2c                __malloc_max_sbrked_mem
 .bss.__malloc_top_pad
                0x20003f30        0x4 c:/nxp/mcuxpressoide_10.0.0_344/ide/tools/bin/../lib/gcc/arm-none-eabi/5.4.1/../../../../arm-none-eabi/lib/armv6-m\libc.a(lib_a-mallocr.o)
                0x20003f30                __malloc_top_pad
 .bss.__malloc_current_mallinfo
                0x20003f34       0x28 c:/nxp/mcuxpressoide_10.0.0_344/ide/tools/bin/../lib/gcc/arm-none-eabi/5.4.1/../../../../arm-none-eabi/lib/armv6-m\libc.a(lib_a-mallocr.o)
                0x20003f34                __malloc_current_mallinfo
 .bss.__end_of_heap
                0x20003f5c        0x4 c:/nxp/mcuxpressoide_10.0.0_344/ide/tools/bin/../lib/gcc/arm-none-eabi/5.4.1/../../../../arm-none-eabi/lib/armv6-m\libcr_newlib_semihost.a(_cr_sbrk.o)
                0x20003f5c                __end_of_heap
 .bss.monitor_stdout
                0x20003f60        0x4 c:/nxp/mcuxpressoide_10.0.0_344/ide/tools/bin/../lib/gcc/arm-none-eabi/5.4.1/../../../../arm-none-eabi/lib/armv6-m\libcr_newlib_semihost.a(syscalls.o)
 .bss.initialized.5636
                0x20003f64        0x4 c:/nxp/mcuxpressoide_10.0.0_344/ide/tools/bin/../lib/gcc/arm-none-eabi/5.4.1/../../../../arm-none-eabi/lib/armv6-m\libcr_newlib_semihost.a(syscalls.o)
 .bss.monitor_stdin
                0x20003f68        0x4 c:/nxp/mcuxpressoide_10.0.0_344/ide/tools/bin/../lib/gcc/arm-none-eabi/5.4.1/../../../../arm-none-eabi/lib/armv6-m\libcr_newlib_semihost.a(syscalls.o)
 .bss.monitor_stderr
                0x20003f6c        0x4 c:/nxp/mcuxpressoide_10.0.0_344/ide/tools/bin/../lib/gcc/arm-none-eabi/5.4.1/../../../../arm-none-eabi/lib/armv6-m\libcr_newlib_semihost.a(syscalls.o)
 .bss.openfiles
                0x20003f70       0x28 c:/nxp/mcuxpressoide_10.0.0_344/ide/tools/bin/../lib/gcc/arm-none-eabi/5.4.1/../../../../arm-none-eabi/lib/armv6-m\libcr_newlib_semihost.a(syscalls.o)
 *(COMMON)
 COMMON         0x20003f98        0x4 c:/nxp/mcuxpressoide_10.0.0_344/ide/tools/bin/../lib/gcc/arm-none-eabi/5.4.1/../../../../arm-none-eabi/lib/armv6-m\libc.a(lib_a-reent.o)
                0x20003f98                errno
                0x20003f9c                . = ALIGN (0x4)
                0x20003f9c                _ebss = .
                [!provide]                PROVIDE (end, .)

.noinit         0x20003f9c        0x0 load address 0x00010bf0
                0x20003f9c                _noinit = .
 *(.noinit*)
                0x20003f9c                . = ALIGN (0x4)
                0x20003f9c                _end_noinit = .

.heap           0x20003f9c      0x800 load address 0x00010bf0
                0x20003f9c                _pvHeapStart = .
                0x2000479c                . = (. + 0x800)
 *fill*         0x20003f9c      0x800 
                0x2000479c                . = ALIGN (0x4)
                0x2000479c                _pvHeapLimit = .

.heap2stackfill
                0x2000479c      0x800 load address 0x00010bf0
                0x20004f9c                . = (. + 0x800)
 *fill*         0x2000479c      0x800 

.stack          0x20005800        0x0
                0x20005800                _vStackBase = .
                0x20005800                . = ALIGN (0x4)
                0x20006000                _vStackTop = (. + 0x800)
OUTPUT(SmartTorqueFW.axf elf32-littlearm)

.ARM.attributes
                0x00000000       0x28
 .ARM.attributes
                0x00000000       0x1e c:/nxp/mcuxpressoide_10.0.0_344/ide/tools/bin/../lib/gcc/arm-none-eabi/5.4.1/armv6-m/crti.o
 .ARM.attributes
                0x0000001e       0x32 ./startup/startup_mkl43z4.o
 .ARM.attributes
                0x00000050       0x32 ./source/SmartTorqueFW.o
 .ARM.attributes
                0x00000082       0x32 ./source/_ADCSense.o
 .ARM.attributes
                0x000000b4       0x32 ./source/_Bluetooth.o
 .ARM.attributes
                0x000000e6       0x32 ./source/_Display.o
 .ARM.attributes
                0x00000118       0x32 ./source/_FRAM.o
 .ARM.attributes
                0x0000014a       0x32 ./source/_HMI.o
 .ARM.attributes
                0x0000017c       0x32 ./source/_RTC.o
 .ARM.attributes
                0x000001ae       0x32 ./source/_Sys_Config.o
 .ARM.attributes
                0x000001e0       0x32 ./freertos/event_groups.o
 .ARM.attributes
                0x00000212       0x32 ./freertos/fsl_tickless_lptmr.o
 .ARM.attributes
                0x00000244       0x32 ./freertos/heap_4.o
 .ARM.attributes
                0x00000276       0x32 ./freertos/list.o
 .ARM.attributes
                0x000002a8       0x32 ./freertos/port.o
 .ARM.attributes
                0x000002da       0x32 ./freertos/queue.o
 .ARM.attributes
                0x0000030c       0x32 ./freertos/tasks.o
 .ARM.attributes
                0x0000033e       0x32 ./freertos/timers.o
 .ARM.attributes
                0x00000370       0x32 ./drivers/fsl_adc16.o
 .ARM.attributes
                0x000003a2       0x32 ./drivers/fsl_clock.o
 .ARM.attributes
                0x000003d4       0x32 ./drivers/fsl_common.o
 .ARM.attributes
                0x00000406       0x32 ./drivers/fsl_dma.o
 .ARM.attributes
                0x00000438       0x32 ./drivers/fsl_dmamux.o
 .ARM.attributes
                0x0000046a       0x32 ./drivers/fsl_gpio.o
 .ARM.attributes
                0x0000049c       0x32 ./drivers/fsl_i2c.o
 .ARM.attributes
                0x000004ce       0x32 ./drivers/fsl_lptmr.o
 .ARM.attributes
                0x00000500       0x32 ./drivers/fsl_lpuart.o
 .ARM.attributes
                0x00000532       0x32 ./drivers/fsl_slcd.o
 .ARM.attributes
                0x00000564       0x32 ./drivers/fsl_uart.o
 .ARM.attributes
                0x00000596       0x32 ./drivers/fsl_uart_freertos.o
 .ARM.attributes
                0x000005c8       0x32 ./board/clock_config.o
 .ARM.attributes
                0x000005fa       0x32 ./board/mtb.o
 .ARM.attributes