Archive member included to satisfy reference by file (symbol)

c:/nxp/mcuxpressoide_10.0.0_344/ide/tools/bin/../lib/gcc/arm-none-eabi/5.4.1/armv6-m\libgcc.a(_udivsi3.o)
                              ./source/_Display.o (__aeabi_uidiv)
c:/nxp/mcuxpressoide_10.0.0_344/ide/tools/bin/../lib/gcc/arm-none-eabi/5.4.1/armv6-m\libgcc.a(_divsi3.o)
                              ./drivers/fsl_tpm.o (__aeabi_idiv)
c:/nxp/mcuxpressoide_10.0.0_344/ide/tools/bin/../lib/gcc/arm-none-eabi/5.4.1/armv6-m\libgcc.a(_dvmd_tls.o)
                              c:/nxp/mcuxpressoide_10.0.0_344/ide/tools/bin/../lib/gcc/arm-none-eabi/5.4.1/armv6-m\libgcc.a(_udivsi3.o) (__aeabi_idiv0)
c:/nxp/mcuxpressoide_10.0.0_344/ide/tools/bin/../lib/gcc/arm-none-eabi/5.4.1/armv6-m\libgcc.a(divdf3.o)
                              ./source/_ADCSense.o (__aeabi_ddiv)
c:/nxp/mcuxpressoide_10.0.0_344/ide/tools/bin/../lib/gcc/arm-none-eabi/5.4.1/armv6-m\libgcc.a(muldf3.o)
                              ./source/_ADCSense.o (__aeabi_dmul)
c:/nxp/mcuxpressoide_10.0.0_344/ide/tools/bin/../lib/gcc/arm-none-eabi/5.4.1/armv6-m\libgcc.a(fixdfsi.o)
                              ./source/_ADCSense.o (__aeabi_d2iz)
c:/nxp/mcuxpressoide_10.0.0_344/ide/tools/bin/../lib/gcc/arm-none-eabi/5.4.1/armv6-m\libgcc.a(floatunsidf.o)
                              ./source/_ADCSense.o (__aeabi_ui2d)
c:/nxp/mcuxpressoide_10.0.0_344/ide/tools/bin/../lib/gcc/arm-none-eabi/5.4.1/armv6-m\libgcc.a(_clzsi2.o)
                              c:/nxp/mcuxpressoide_10.0.0_344/ide/tools/bin/../lib/gcc/arm-none-eabi/5.4.1/armv6-m\libgcc.a(divdf3.o) (__clzsi2)
c:/nxp/mcuxpressoide_10.0.0_344/ide/tools/bin/../lib/gcc/arm-none-eabi/5.4.1/../../../../arm-none-eabi/lib/armv6-m\libc.a(lib_a-atoi.o)
                              ./source/_Sys_Control.o (atoi)
c:/nxp/mcuxpressoide_10.0.0_344/ide/tools/bin/../lib/gcc/arm-none-eabi/5.4.1/../../../../arm-none-eabi/lib/armv6-m\libc.a(lib_a-exit.o)
                              c:/nxp/mcuxpressoide_10.0.0_344/ide/tools/bin/../lib/gcc/arm-none-eabi/5.4.1/../../../../arm-none-eabi/lib/armv6-m/crt0.o (exit)
c:/nxp/mcuxpressoide_10.0.0_344/ide/tools/bin/../lib/gcc/arm-none-eabi/5.4.1/../../../../arm-none-eabi/lib/armv6-m\libc.a(lib_a-impure.o)
                              c:/nxp/mcuxpressoide_10.0.0_344/ide/tools/bin/../lib/gcc/arm-none-eabi/5.4.1/../../../../arm-none-eabi/lib/armv6-m\libc.a(lib_a-exit.o) (_global_impure_ptr)
c:/nxp/mcuxpressoide_10.0.0_344/ide/tools/bin/../lib/gcc/arm-none-eabi/5.4.1/../../../../arm-none-eabi/lib/armv6-m\libc.a(lib_a-init.o)
                              c:/nxp/mcuxpressoide_10.0.0_344/ide/tools/bin/../lib/gcc/arm-none-eabi/5.4.1/../../../../arm-none-eabi/lib/armv6-m/crt0.o (__libc_init_array)
c:/nxp/mcuxpressoide_10.0.0_344/ide/tools/bin/../lib/gcc/arm-none-eabi/5.4.1/../../../../arm-none-eabi/lib/armv6-m\libc.a(lib_a-itoa.o)
                              ./source/_Sys_Control.o (itoa)
c:/nxp/mcuxpressoide_10.0.0_344/ide/tools/bin/../lib/gcc/arm-none-eabi/5.4.1/../../../../arm-none-eabi/lib/armv6-m\libc.a(lib_a-memcmp.o)
                              ./source/_FRAM.o (memcmp)
c:/nxp/mcuxpressoide_10.0.0_344/ide/tools/bin/../lib/gcc/arm-none-eabi/5.4.1/../../../../arm-none-eabi/lib/armv6-m\libc.a(lib_a-memcpy-stub.o)
                              ./source/_Bluetooth.o (memcpy)
c:/nxp/mcuxpressoide_10.0.0_344/ide/tools/bin/../lib/gcc/arm-none-eabi/5.4.1/../../../../arm-none-eabi/lib/armv6-m\libc.a(lib_a-memset.o)
                              c:/nxp/mcuxpressoide_10.0.0_344/ide/tools/bin/../lib/gcc/arm-none-eabi/5.4.1/../../../../arm-none-eabi/lib/armv6-m/crt0.o (memset)
c:/nxp/mcuxpressoide_10.0.0_344/ide/tools/bin/../lib/gcc/arm-none-eabi/5.4.1/../../../../arm-none-eabi/lib/armv6-m\libc.a(lib_a-printf.o)
                              ./source/_Bluetooth.o (printf)
c:/nxp/mcuxpressoide_10.0.0_344/ide/tools/bin/../lib/gcc/arm-none-eabi/5.4.1/../../../../arm-none-eabi/lib/armv6-m\libc.a(lib_a-strcmp.o)
                              ./source/_Sys_Control.o (strcmp)
c:/nxp/mcuxpressoide_10.0.0_344/ide/tools/bin/../lib/gcc/arm-none-eabi/5.4.1/../../../../arm-none-eabi/lib/armv6-m\libc.a(lib_a-strcpy.o)
                              ./source/_Sys_Control.o (strcpy)
c:/nxp/mcuxpressoide_10.0.0_344/ide/tools/bin/../lib/gcc/arm-none-eabi/5.4.1/../../../../arm-none-eabi/lib/armv6-m\libc.a(lib_a-strlen-stub.o)
                              ./source/_Bluetooth.o (strlen)
c:/nxp/mcuxpressoide_10.0.0_344/ide/tools/bin/../lib/gcc/arm-none-eabi/5.4.1/../../../../arm-none-eabi/lib/armv6-m\libc.a(lib_a-strtol.o)
                              c:/nxp/mcuxpressoide_10.0.0_344/ide/tools/bin/../lib/gcc/arm-none-eabi/5.4.1/../../../../arm-none-eabi/lib/armv6-m\libc.a(lib_a-atoi.o) (_strtol_r)
c:/nxp/mcuxpressoide_10.0.0_344/ide/tools/bin/../lib/gcc/arm-none-eabi/5.4.1/../../../../arm-none-eabi/lib/armv6-m\libc.a(lib_a-utoa.o)
[...]
Memory Configuration

Name             Origin             Length             Attributes
PROGRAM_FLASH    0x00000000         0x00040000         xr
SRAM             0x1fffe000         0x00008000         xrw
*default*        0x00000000         0xffffffff

Linker script and memory map

LOAD c:/nxp/mcuxpressoide_10.0.0_344/ide/tools/bin/../lib/gcc/arm-none-eabi/5.4.1/armv6-m/crti.o
LOAD c:/nxp/mcuxpressoide_10.0.0_344/ide/tools/bin/../lib/gcc/arm-none-eabi/5.4.1/armv6-m/crtbegin.o
LOAD c:/nxp/mcuxpressoide_10.0.0_344/ide/tools/bin/../lib/gcc/arm-none-eabi/5.4.1/../../../../arm-none-eabi/lib/armv6-m/crt0.o
LOAD ./utilities/fsl_debug_console.o
LOAD ./startup/startup_mkl43z4.o
LOAD ./source/SmartTorqueFW.o
LOAD ./source/_ADCSense.o
LOAD ./source/_Bluetooth.o
LOAD ./source/_Display.o
LOAD ./source/_FRAM.o
LOAD ./source/_HMI.o
LOAD ./source/_RTC.o
LOAD ./source/_Sys_Control.o
LOAD ./source/_Timer.o
LOAD ./freertos/croutine.o
LOAD ./freertos/event_groups.o
LOAD ./freertos/fsl_tickless_lptmr.o
LOAD ./freertos/fsl_tickless_systick.o
LOAD ./freertos/heap_4.o
LOAD ./freertos/list.o
LOAD ./freertos/port.o
LOAD ./freertos/queue.o
LOAD ./freertos/tasks.o
LOAD ./freertos/timers.o
LOAD ./drivers/fsl_adc16.o
LOAD ./drivers/fsl_clock.o
LOAD ./drivers/fsl_common.o
LOAD ./drivers/fsl_dma.o
LOAD ./drivers/fsl_dmamux.o
LOAD ./drivers/fsl_flash.o
LOAD ./drivers/fsl_gpio.o
LOAD ./drivers/fsl_i2c.o
LOAD ./drivers/fsl_i2c_freertos.o
LOAD ./drivers/fsl_lptmr.o
LOAD ./drivers/fsl_lpuart.o
LOAD ./drivers/fsl_lpuart_freertos.o
LOAD ./drivers/fsl_pmc.o
LOAD ./drivers/fsl_rtc.o
LOAD ./drivers/fsl_slcd.o
LOAD ./drivers/fsl_smc.o
LOAD ./drivers/fsl_tpm.o
LOAD ./drivers/fsl_uart.o
LOAD ./drivers/fsl_uart_freertos.o
LOAD ./board/board.o
LOAD ./board/clock_config.o
LOAD ./board/mtb.o
LOAD ./board/pin_mux.o
LOAD ./CMSIS/system_MKL43Z4.o
START GROUP
LOAD c:/nxp/mcuxpressoide_10.0.0_344/ide/tools/bin/../lib/gcc/arm-none-eabi/5.4.1/armv6-m\libgcc.a
LOAD c:/nxp/mcuxpressoide_10.0.0_344/ide/tools/bin/../lib/gcc/arm-none-eabi/5.4.1/../../../../arm-none-eabi/lib/armv6-m\libc.a
END GROUP
LOAD c:/nxp/mcuxpressoide_10.0.0_344/ide/tools/bin/../lib/gcc/arm-none-eabi/5.4.1/armv6-m/crtend.o
LOAD c:/nxp/mcuxpressoide_10.0.0_344/ide/tools/bin/../lib/gcc/arm-none-eabi/5.4.1/armv6-m/crtn.o
START GROUP
LOAD c:/nxp/mcuxpressoide_10.0.0_344/ide/tools/bin/../lib/gcc/arm-none-eabi/5.4.1/armv6-m\libgcc.a
LOAD c:/nxp/mcuxpressoide_10.0.0_344/ide/tools/bin/../lib/gcc/arm-none-eabi/5.4.1/../../../../arm-none-eabi/lib/armv6-m\libc_nano.a
LOAD c:/nxp/mcuxpressoide_10.0.0_344/ide/tools/bin/../lib/gcc/arm-none-eabi/5.4.1/../../../../arm-none-eabi/lib/armv6-m\libm.a
LOAD c:/nxp/mcuxpressoide_10.0.0_344/ide/tools/bin/../lib/gcc/arm-none-eabi/5.4.1/../../../../arm-none-eabi/lib/armv6-m\libcr_newlib_semihost.a
END GROUP
                0x00000000                __base_PROGRAM_FLASH = 0x0
                0x00000000                __base_Flash = 0x0
                0x00040000                __top_PROGRAM_FLASH = 0x40000
                0x00040000                __top_Flash = 0x40000
                0x1fffe000                __base_SRAM = 0x1fffe000
                0x1fffe000                __base_RAM = 0x1fffe000
                0x20006000                __top_SRAM = 0x20006000
                0x20006000                __top_RAM = 0x20006000

.text           0x00000000    0x14a28
 FILL mask 0xff
                0x00000000                __vectors_start__ = ABSOLUTE (.)
 *(.isr_vector)
 .isr_vector    0x00000000       0xc0 ./startup/startup_mkl43z4.o
                0x00000000                g_pfnVectors
                0x00000000                __Vectors
                0x000000c0                . = ALIGN (0x4)
                0x000000c0                __section_table_start = .
                0x000000c0                __data_section_table = .
                0x000000c0        0x4 LONG 0x14a38 LOADADDR (.data)
                0x000000c4        0x4 LONG 0x1fffe080 ADDR (.data)
                0x000000c8        0x4 LONG 0x9d0 SIZEOF (.data)
                0x000000cc                __data_section_table_end = .
                0x000000cc                __bss_section_table = .
                0x000000cc        0x4 LONG 0x1fffea50 ADDR (.bss)
                0x000000d0        0x4 LONG 0x418c SIZEOF (.bss)
                0x000000d4                __bss_section_table_end = .
                0x000000d4                __section_table_end = .
 *(.after_vectors*)
 .after_vectors.init_data
                0x000000d4       0x18 ./startup/startup_mkl43z4.o
                0x000000d4                data_init
 .after_vectors.init_bss
                0x000000ec       0x14 ./startup/startup_mkl43z4.o
                0x000000ec                bss_init
 .after_vectors.reset
                0x00000100       0x4c ./startup/startup_mkl43z4.o
                0x00000100                ResetISR
 .after_vectors
                0x0000014c      0x118 ./startup/startup_mkl43z4.o
                0x0000014c                NMI_Handler
                0x00000150                HardFault_Handler
                0x00000160                Reserved42_DriverIRQHandler
                0x00000160                PIT_DriverIRQHandler
                0x00000160                SPI1_DriverIRQHandler
                0x00000160                LPTMR0_DriverIRQHandler
                0x00000160                PORTC_PORTD_DriverIRQHandler
                0x00000160                PMC_DriverIRQHandler
                0x00000160                Reserved43_DriverIRQHandler
                0x00000160                CMP0_DriverIRQHandler
                0x00000160                I2S0_DriverIRQHandler
                0x00000160                ADC0_DriverIRQHandler
                0x00000160                TPM2_DriverIRQHandler
                0x00000160                SPI0_DriverIRQHandler
                0x00000160                LCD_DriverIRQHandler
                0x00000160                RTC_DriverIRQHandler
                0x00000160                RTC_Seconds_DriverIRQHandler
                0x00000160                LLWU_DriverIRQHandler
                0x00000160                TPM1_DriverIRQHandler
                0x00000160                PORTA_DriverIRQHandler
                0x00000160                UART2_FLEXIO_DriverIRQHandler
                0x00000160                FTFA_DriverIRQHandler
                0x00000160                IntDefaultHandler
                0x00000160                USB0_DriverIRQHandler
                0x00000160                DAC0_DriverIRQHandler
                0x00000160                TPM0_DriverIRQHandler
                0x00000160                Reserved20_DriverIRQHandler
                0x0000016c                DMA1_IRQHandler
                0x00000174                DMA2_IRQHandler
                0x0000017c                DMA3_IRQHandler
                0x00000184                Reserved20_IRQHandler
                0x0000018c                FTFA_IRQHandler
                0x00000194                PMC_IRQHandler
                0x0000019c                LLWU_IRQHandler
                0x000001a4                I2C0_IRQHandler
                0x000001ac                I2C1_IRQHandler
                0x000001b4                SPI0_IRQHandler
                0x000001bc                SPI1_IRQHandler
                0x000001c4                LPUART0_IRQHandler
                0x000001cc                LPUART1_IRQHandler
                0x000001dc                ADC0_IRQHandler
                0x000001e4                CMP0_IRQHandler
                0x000001ec                TPM0_IRQHandler
                0x000001f4                TPM1_IRQHandler
                0x000001fc                TPM2_IRQHandler
                0x00000204                RTC_IRQHandler
                0x00000214                PIT_IRQHandler
                0x0000021c                I2S0_IRQHandler
                0x00000224                USB0_IRQHandler
                0x0000022c                DAC0_IRQHandler
                0x00000234                Reserved42_IRQHandler
                0x0000023c                Reserved43_IRQHandler
                0x00000244                LPTMR0_IRQHandler
                0x0000024c                LCD_IRQHandler
                0x00000400                . = 0x400
 *fill*         0x00000264      0x19c ff
                0x00000400                PROVIDE (__FLASH_CONFIG_START__, .)
 *(.FlashConfig)
 .FlashConfig   0x00000400       0x10 ./startup/startup_mkl43z4.o
                0x00000400                Flash_Config
                0x00000410                PROVIDE (__FLASH_CONFIG_END__, .)
                0x00000001                ASSERT (! ((__FLASH_CONFIG_START__ == __FLASH_CONFIG_END__)), Linker Flash Config Support Enabled, but no .FlashConfig section provided within application)
 *(.text*)
 .text.main     0x00000410       0xa8 ./source/SmartTorqueFW.o
                0x00000410                main
 .text.vApplicationTickHook
                0x000004b8       0x2c ./source/SmartTorqueFW.o
                0x000004b8                vApplicationTickHook
 .text.vApplicationMallocFailedHook
                0x000004e4        0x8 ./source/SmartTorqueFW.o
                0x000004e4                vApplicationMallocFailedHook
 .text.vApplicationStackOverflowHook
                0x000004ec        0xc ./source/SmartTorqueFW.o
                0x000004ec                vApplicationStackOverflowHook
 .text.vApplicationIdleHook
                0x000004f8       0x18 ./source/SmartTorqueFW.o
                0x000004f8                vApplicationIdleHook
 .text.NVIC_EnableIRQ
                0x00000510       0x2c ./source/_ADCSense.o
 .text.ADC16_EnableDMA
                0x0000053c       0x3c ./source/_ADCSense.o
 .text.ADC16_EnableHardwareTrigger
                0x00000578       0x3c ./source/_ADCSense.o
 .text.DMA_EnableCycleSteal
                0x000005b4       0x70 ./source/_ADCSense.o
 .text.DMA_EnableAsyncRequest
                0x00000624       0x70 ./source/_ADCSense.o
 .text.DMA_EnableInterrupts
                0x00000694       0x5c ./source/_ADCSense.o
 .text.DMA_ClearChannelStatusFlags
                0x000006f0       0x64 ./source/_ADCSense.o
 .text.DMA_StartTransfer
                0x00000754       0x64 ./source/_ADCSense.o
 .text.LPTMR_SetTimerPeriod
                0x000007b8       0x40 ./source/_ADCSense.o
 .text.LPTMR_StartTimer
                0x000007f8       0x2c ./source/_ADCSense.o
 .text.LPTMR_StopTimer
                0x00000824       0x2c ./source/_ADCSense.o
 .text.DMAMUX_EnableChannel
                0x00000850       0x4c ./source/_ADCSense.o
 .text.DMAMUX_SetSource
                0x0000089c       0x5c ./source/_ADCSense.o
 .text.ADC_INIT
                0x000008f8       0xd4 ./source/_ADCSense.o
                0x000008f8                ADC_INIT
 .text.BOARD_ConfigTrigger
                0x000009cc       0x24 ./source/_ADCSense.o
                0x000009cc                BOARD_ConfigTrigger
 .text.DMA_CONFIG
                0x000009f0       0xb0 ./source/_ADCSense.o
                0x000009f0                DMA_CONFIG
 .text.DMA0_IRQHandler
                0x00000aa0       0xdc ./source/_ADCSense.o
                0x00000aa0                DMA0_IRQHandler
 .text.getMeasurements
                0x00000b7c      0x118 ./source/_ADCSense.o
                0x00000b7c                getMeasurements
 .text.LPTMR_TRIG
                0x00000c94       0x30 ./source/_ADCSense.o
                0x00000c94                LPTMR_TRIG
 .text.vADC16Task
                0x00000cc4       0x14 ./source/_ADCSense.o
                0x00000cc4                vADC16Task
 .text.NVIC_EnableIRQ
                0x00000cd8       0x2c ./source/_Bluetooth.o
 .text.NVIC_SetPriority
                0x00000d04       0xdc ./source/_Bluetooth.o
 .text.EnableIRQ
                0x00000de0       0x2c ./source/_Bluetooth.o
 .text.UART_WriteByte
                0x00000e0c       0x20 ./source/_Bluetooth.o
 .text.UART_ReadByte
                0x00000e2c       0x18 ./source/_Bluetooth.o
 .text.on_message_send
                0x00000e44       0xcc ./source/_Bluetooth.o
                0x00000e44                on_message_send
 .text.Bluetooth_INIT
                0x00000f10       0x74 ./source/_Bluetooth.o
                0x00000f10                Bluetooth_INIT
 .text.UART2_FLEXIO_IRQHandler
                0x00000f84       0x78 ./source/_Bluetooth.o
                0x00000f84                UART2_FLEXIO_IRQHandler
 .text.vBluetoothTask
                0x00000ffc      0x5e4 ./source/_Bluetooth.o
                0x00000ffc                vBluetoothTask
 .text.Bluetooth_Send
                0x000015e0       0x88 ./source/_Bluetooth.o
                0x000015e0                Bluetooth_Send
 .text.Bluetooth_Reset
                0x00001668       0x30 ./source/_Bluetooth.o
                0x00001668                Bluetooth_Reset
 .text.print_address
                0x00001698       0x54 ./source/_Bluetooth.o
                0x00001698                print_address
 .text.SLCD_StartDisplay
                0x000016ec       0x1c ./source/_Display.o
 .text.SLCD_StopBlinkMode
                0x00001708       0x20 ./source/_Display.o
 .text.SLCD_SetBackPlanePhase
                0x00001728       0x28 ./source/_Display.o
 .text.SLCD_SetFrontPlaneSegments
                0x00001750       0x28 ./source/_Display.o
 .text.SLCD_SetFrontPlaneOnePhase
                0x00001778       0x88 ./source/_Display.o
 .text.Display_Init
                0x00001800       0xc4 ./source/_Display.o
                0x00001800                Display_Init
 .text.Display_Blink
                0x000018c4       0x1c ./source/_Display.o
                0x000018c4                Display_Blink
 .text.Display_Stop_Blink
                0x000018e0       0x18 ./source/_Display.o
                0x000018e0                Display_Stop_Blink
 .text.Set_Display
                0x000018f8       0xfc ./source/_Display.o
                0x000018f8                Set_Display
 .text.Display_Number
                0x000019f4      0x178 ./source/_Display.o
                0x000019f4                Display_Number
 .text.CLOCK_EnableClock
                0x00001b6c       0x38 ./source/_FRAM.o
 .text.PORT_SetPinConfig
                0x00001ba4       0x48 ./source/_FRAM.o
 .text.GPIO_WritePinOutput
                0x00001bec       0x34 ./source/_FRAM.o
 .text.i2c_master_callback
                0x00001c20       0x48 ./source/_FRAM.o
                0x00001c20                i2c_master_callback
 .text.FRAM_INIT
                0x00001c68       0xa0 ./source/_FRAM.o
                0x00001c68                FRAM_INIT
 .text.i2c_release_bus_delay
                0x00001d08       0x28 ./source/_FRAM.o
 .text.BOARD_I2C_ReleaseBus
                0x00001d30      0x178 ./source/_FRAM.o
                0x00001d30                BOARD_I2C_ReleaseBus
 .text.write    0x00001ea8       0xb8 ./source/_FRAM.o
                0x00001ea8                write
 .text.read     0x00001f60       0xb8 ./source/_FRAM.o
                0x00001f60                read
 .text.sleep    0x00002018       0x90 ./source/_FRAM.o
                0x00002018                sleep
 .text.wakeup   0x000020a8       0x98 ./source/_FRAM.o
                0x000020a8                wakeup
 .text.test     0x00002140       0x44 ./source/_FRAM.o
                0x00002140                test
 .text.NVIC_EnableIRQ
                0x00002184       0x2c ./source/_HMI.o
 .text.EnableIRQ
                0x000021b0       0x2c ./source/_HMI.o
 .text.PORT_SetPinInterruptConfig
                0x000021dc       0x40 ./source/_HMI.o
 .text.PORTA_IRQHandler
                0x0000221c       0xa4 ./source/_HMI.o
                0x0000221c                PORTA_IRQHandler
 .text.PORTC_PORTD_IRQHandler
                0x000022c0       0x74 ./source/_HMI.o
                0x000022c0                PORTC_PORTD_IRQHandler
 .text.HMI_INIT
                0x00002334       0x68 ./source/_HMI.o
                0x00002334                HMI_INIT
 .text.RTC_Seconds_IRQHandler
                0x0000239c       0x90 ./source/_RTC.o
                0x0000239c                RTC_Seconds_IRQHandler
 .text.GPIO_WritePinOutput
                0x0000242c       0x34 ./source/_Sys_Control.o
 .text.GPIO_SetPinsOutput
                0x00002460       0x18 ./source/_Sys_Control.o
 .text.GPIO_ClearPinsOutput
                0x00002478       0x18 ./source/_Sys_Control.o
 .text.Sys_Control_INIT
                0x00002490      0x164 ./source/_Sys_Control.o
                0x00002490                Sys_Control_INIT
 .text.HandleButtons
                0x000025f4       0xa0 ./source/_Sys_Control.o
                0x000025f4                HandleButtons
 .text.UpdateDisplay
                0x00002694       0x1c ./source/_Sys_Control.o
                0x00002694                UpdateDisplay
 .text.vSystemControllerTask
                0x000026b0       0x9c ./source/_Sys_Control.o
                0x000026b0                vSystemControllerTask
 .text.ConfigurationBuilder
                0x0000274c      0x5c4 ./source/_Sys_Control.o
                0x0000274c                ConfigurationBuilder
 .text.Set_Configuration_default
                0x00002d10       0x60 ./source/_Sys_Control.o
                0x00002d10                Set_Configuration_default
 .text.TorqueWithinRange
                0x00002d70       0x24 ./source/_Sys_Control.o
                0x00002d70                TorqueWithinRange
 .text.HandleTorch
                0x00002d94       0x98 ./source/_Sys_Control.o
                0x00002d94                HandleTorch
 .text.ManageTransmission
                0x00002e2c      0x20c ./source/_Sys_Control.o
                0x00002e2c                ManageTransmission
 .text.HandleCommands
                0x00003038      0x144 ./source/_Sys_Control.o
                0x00003038                HandleCommands
 .text.CLOCK_SetTpmClock
                0x0000317c       0x38 ./source/_Timer.o
 .text.TPM_StartTimer
                0x000031b4       0x3c ./source/_Timer.o
 .text.TPM_StopTimer
                0x000031f0       0x2c ./source/_Timer.o
 .text.Timer_INIT
                0x0000321c       0x70 ./source/_Timer.o
                0x0000321c                Timer_INIT
 .text.Enable_Torch
                0x0000328c       0x18 ./source/_Timer.o
                0x0000328c                Enable_Torch
 .text.Stop_Torch
                0x000032a4       0x18 ./source/_Timer.o
                0x000032a4                Stop_Torch
 .text.UpdatePWM
                0x000032bc       0x34 ./source/_Timer.o
                0x000032bc                UpdatePWM
 .text.xEventGroupCreate
                0x000032f0       0x30 ./freertos/event_groups.o
                0x000032f0                xEventGroupCreate
 .text.xEventGroupSetBits
                0x00003320       0xf4 ./freertos/event_groups.o
                0x00003320                xEventGroupSetBits
 .text.vEventGroupDelete
                0x00003414       0x54 ./freertos/event_groups.o
                0x00003414                vEventGroupDelete
 .text.vEventGroupSetBitsCallback
                0x00003468       0x20 ./freertos/event_groups.o
                0x00003468                vEventGroupSetBitsCallback
 .text.xEventGroupSetBitsFromISR
                0x00003488       0x2c ./freertos/event_groups.o
                0x00003488                xEventGroupSetBitsFromISR
 .text.prvSetupTimerInterrupt
                0x000034b4       0x3c ./freertos/fsl_tickless_lptmr.o
                0x000034b4                prvSetupTimerInterrupt
 .text.pvPortMalloc
                0x000034f0      0x154 ./freertos/heap_4.o
                0x000034f0                pvPortMalloc
 .text.vPortFree
                0x00003644       0x90 ./freertos/heap_4.o
                0x00003644                vPortFree
 .text.xPortGetFreeHeapSize
                0x000036d4       0x14 ./freertos/heap_4.o
                0x000036d4                xPortGetFreeHeapSize
 .text.prvHeapInit
                0x000036e8       0xc0 ./freertos/heap_4.o
 .text.prvInsertBlockIntoFreeList
                0x000037a8       0xb0 ./freertos/heap_4.o
 .text.vListInitialise
                0x00003858       0x3c ./freertos/list.o
                0x00003858                vListInitialise
 .text.vListInitialiseItem
                0x00003894       0x18 ./freertos/list.o
                0x00003894                vListInitialiseItem
 .text.vListInsertEnd
                0x000038ac       0x44 ./freertos/list.o
                0x000038ac                vListInsertEnd
 .text.vListInsert
                0x000038f0       0x6c ./freertos/list.o
                0x000038f0                vListInsert
 .text.uxListRemove
                0x0000395c       0x50 ./freertos/list.o
                0x0000395c                uxListRemove
 .text.pxPortInitialiseStack
                0x000039ac       0x54 ./freertos/port.o
                0x000039ac                pxPortInitialiseStack
 .text.prvTaskExitError
                0x00003a00       0x18 ./freertos/port.o
 .text.SVC_Handler
                0x00003a18        0xc ./freertos/port.o
                0x00003a18                SVC_Handler
 *fill*         0x00003a24        0xc ff
 .text.vPortStartFirstTask
                0x00003a30       0x38 ./freertos/port.o
 .text.xPortStartScheduler
                0x00003a68       0x44 ./freertos/port.o
                0x00003a68                xPortStartScheduler
 .text.vPortYield
                0x00003aac       0x20 ./freertos/port.o
                0x00003aac                vPortYield
 .text.vPortEnterCritical
                0x00003acc       0x24 ./freertos/port.o
                0x00003acc                vPortEnterCritical
 .text.vPortExitCritical
                0x00003af0       0x30 ./freertos/port.o
                0x00003af0                vPortExitCritical
 .text.ulSetInterruptMaskFromISR
                0x00003b20        0xc ./freertos/port.o
                0x00003b20                ulSetInterruptMaskFromISR
 .text.vClearInterruptMaskFromISR
                0x00003b2c        0x8 ./freertos/port.o
                0x00003b2c                vClearInterruptMaskFromISR
 *fill*         0x00003b34        0xc ff
 .text.PendSV_Handler
                0x00003b40       0x48 ./freertos/port.o
                0x00003b40                PendSV_Handler
 .text.SysTick_Handler
                0x00003b88       0x34 ./freertos/port.o
                0x00003b88                SysTick_Handler
 .text.xQueueGenericReset
                0x00003bbc       0xa8 ./freertos/queue.o
                0x00003bbc                xQueueGenericReset
 .text.xQueueGenericCreate
                0x00003c64       0x64 ./freertos/queue.o
                0x00003c64                xQueueGenericCreate
 .text.prvInitialiseNewQueue
                0x00003cc8       0x50 ./freertos/queue.o
 .text.prvInitialiseMutex
                0x00003d18       0x34 ./freertos/queue.o
 .text.xQueueCreateMutex
                0x00003d4c       0x38 ./freertos/queue.o
                0x00003d4c                xQueueCreateMutex
 .text.xQueueGenericSend
                0x00003d84      0x188 ./freertos/queue.o
                0x00003d84                xQueueGenericSend
 .text.xQueueGenericSendFromISR
                0x00003f0c       0xe4 ./freertos/queue.o
                0x00003f0c                xQueueGenericSendFromISR
 .text.xQueueGenericReceive
                0x00003ff0      0x1c8 ./freertos/queue.o
                0x00003ff0                xQueueGenericReceive
 .text.vQueueDelete
                0x000041b8       0x30 ./freertos/queue.o
                0x000041b8                vQueueDelete
 .text.prvCopyDataToQueue
                0x000041e8       0xd8 ./freertos/queue.o
 .text.prvCopyDataFromQueue
                0x000042c0       0x4c ./freertos/queue.o
 .text.prvUnlockQueue
                0x0000430c       0xc0 ./freertos/queue.o
 .text.prvIsQueueEmpty
                0x000043cc       0x2c ./freertos/queue.o
 .text.prvIsQueueFull
                0x000043f8       0x30 ./freertos/queue.o
 .text.vQueueAddToRegistry
                0x00004428       0x50 ./freertos/queue.o
                0x00004428                vQueueAddToRegistry
 .text.vQueueUnregisterQueue
                0x00004478       0x54 ./freertos/queue.o
                0x00004478                vQueueUnregisterQueue
 .text.vQueueWaitForMessageRestricted
                0x000044cc       0x68 ./freertos/queue.o
                0x000044cc                vQueueWaitForMessageRestricted
 .text.xTaskCreate
                0x00004534       0x90 ./freertos/tasks.o
                0x00004534                xTaskCreate
 .text.prvInitialiseNewTask
                0x000045c4      0x12c ./freertos/tasks.o
 .text.prvAddNewTaskToReadyList
                0x000046f0       0xd0 ./freertos/tasks.o
 .text.vTaskDelay
                0x000047c0       0x4c ./freertos/tasks.o
                0x000047c0                vTaskDelay
 .text.vTaskSuspend
                0x0000480c       0xb8 ./freertos/tasks.o
                0x0000480c                vTaskSuspend
 .text.prvTaskIsTaskSuspended
                0x000048c4       0x60 ./freertos/tasks.o
 .text.vTaskResume
                0x00004924       0x9c ./freertos/tasks.o
                0x00004924                vTaskResume
 .text.vTaskStartScheduler
                0x000049c0       0x78 ./freertos/tasks.o
                0x000049c0                vTaskStartScheduler
 .text.vTaskSuspendAll
                0x00004a38       0x18 ./freertos/tasks.o
                0x00004a38                vTaskSuspendAll
 .text.xTaskResumeAll
                0x00004a50      0x118 ./freertos/tasks.o
                0x00004a50                xTaskResumeAll
 .text.xTaskGetTickCount
                0x00004b68       0x1c ./freertos/tasks.o
                0x00004b68                xTaskGetTickCount
 .text.xTaskIncrementTick
                0x00004b84      0x160 ./freertos/tasks.o
                0x00004b84                xTaskIncrementTick
 .text.vTaskSwitchContext
                0x00004ce4       0xf4 ./freertos/tasks.o
                0x00004ce4                vTaskSwitchContext
 .text.vTaskPlaceOnEventList
                0x00004dd8       0x3c ./freertos/tasks.o
                0x00004dd8                vTaskPlaceOnEventList
 .text.vTaskPlaceOnEventListRestricted
                0x00004e14       0x4c ./freertos/tasks.o
                0x00004e14                vTaskPlaceOnEventListRestricted
 .text.xTaskRemoveFromEventList
                0x00004e60       0xb8 ./freertos/tasks.o
                0x00004e60                xTaskRemoveFromEventList
 .text.xTaskRemoveFromUnorderedEventList
                0x00004f18       0xb0 ./freertos/tasks.o
                0x00004f18                xTaskRemoveFromUnorderedEventList
 .text.vTaskSetTimeOutState
                0x00004fc8       0x34 ./freertos/tasks.o
                0x00004fc8                vTaskSetTimeOutState
 .text.xTaskCheckForTimeOut
                0x00004ffc       0x9c ./freertos/tasks.o
                0x00004ffc                xTaskCheckForTimeOut
 .text.vTaskMissedYield
                0x00005098       0x14 ./freertos/tasks.o
                0x00005098                vTaskMissedYield
 .text.prvIdleTask
                0x000050ac       0x24 ./freertos/tasks.o
 .text.prvInitialiseTaskLists
                0x000050d0       0x88 ./freertos/tasks.o
 .text.prvCheckTasksWaitingTermination
                0x00005158       0x74 ./freertos/tasks.o
 .text.prvDeleteTCB
                0x000051cc       0x24 ./freertos/tasks.o
 .text.prvResetNextTaskUnblockTime
                0x000051f0       0x48 ./freertos/tasks.o
 .text.xTaskGetSchedulerState
                0x00005238       0x38 ./freertos/tasks.o
                0x00005238                xTaskGetSchedulerState
 .text.vTaskPriorityInherit
                0x00005270       0xbc ./freertos/tasks.o
                0x00005270                vTaskPriorityInherit
 .text.xTaskPriorityDisinherit
                0x0000532c       0xb8 ./freertos/tasks.o
                0x0000532c                xTaskPriorityDisinherit
 .text.pvTaskIncrementMutexHeldCount
                0x000053e4       0x24 ./freertos/tasks.o
                0x000053e4                pvTaskIncrementMutexHeldCount
 .text.prvAddCurrentTaskToDelayedList
                0x00005408       0xa8 ./freertos/tasks.o
 .text.xTimerCreateTimerTask
                0x000054b0       0x54 ./freertos/timers.o
                0x000054b0                xTimerCreateTimerTask
 .text.xTimerGenericCommand
                0x00005504       0x9c ./freertos/timers.o
                0x00005504                xTimerGenericCommand
 .text.prvProcessExpiredTimer
                0x000055a0       0x70 ./freertos/timers.o
 .text.prvTimerTask
                0x00005610       0x28 ./freertos/timers.o
 .text.prvProcessTimerOrBlockTask
                0x00005638       0x8c ./freertos/timers.o
 .text.prvGetNextExpireTime
                0x000056c4       0x40 ./freertos/timers.o
 .text.prvSampleTimeNow
                0x00005704       0x40 ./freertos/timers.o
 .text.prvInsertTimerInActiveList
                0x00005744       0x84 ./freertos/timers.o
 .text.prvProcessReceivedCommands
                0x000057c8      0x12c ./freertos/timers.o
 .text.prvSwitchTimerLists
                0x000058f4       0xb4 ./freertos/timers.o
 .text.prvCheckForValidListAndQueue
                0x000059a8       0x74 ./freertos/timers.o
 .text.xTimerPendFunctionCallFromISR
                0x00005a1c       0x54 ./freertos/timers.o
                0x00005a1c                xTimerPendFunctionCallFromISR
 .text.CLOCK_EnableClock
                0x00005a70       0x38 ./drivers/fsl_adc16.o
 .text.ADC16_GetInstance
                0x00005aa8       0x54 ./drivers/fsl_adc16.o
 .text.ADC16_Init
                0x00005afc      0x120 ./drivers/fsl_adc16.o
                0x00005afc                ADC16_Init
 .text.ADC16_GetDefaultConfig
                0x00005c1c       0x64 ./drivers/fsl_adc16.o
                0x00005c1c                ADC16_GetDefaultConfig
 .text.ADC16_DoAutoCalibration
                0x00005c80      0x11c ./drivers/fsl_adc16.o
                0x00005c80                ADC16_DoAutoCalibration
 .text.ADC16_SetChannelMuxMode
                0x00005d9c       0x3c ./drivers/fsl_adc16.o
                0x00005d9c                ADC16_SetChannelMuxMode
 .text.ADC16_GetStatusFlags
                0x00005dd8       0x3c ./drivers/fsl_adc16.o
                0x00005dd8                ADC16_GetStatusFlags
 .text.ADC16_SetChannelConfig
                0x00005e14       0x88 ./drivers/fsl_adc16.o
                0x00005e14                ADC16_SetChannelConfig
 .text.ADC16_GetChannelStatusFlags
                0x00005e9c       0x54 ./drivers/fsl_adc16.o
                0x00005e9c                ADC16_GetChannelStatusFlags
 .text.CLOCK_SetEr32kClock
                0x00005ef0       0x30 ./drivers/fsl_clock.o
 .text.OSC_SetExtRefClkConfig
                0x00005f20       0x48 ./drivers/fsl_clock.o
 .text.OSC_SetCapLoad
                0x00005f68       0x4c ./drivers/fsl_clock.o
 .text.CLOCK_GetLircClkFreq
                0x00005fb4       0x48 ./drivers/fsl_clock.o
 .text.CLOCK_GetOscRangeFromFreq
                0x00005ffc       0x4c ./drivers/fsl_clock.o
 .text.CLOCK_GetOsc0ErClkFreq
                0x00006048       0x48 ./drivers/fsl_clock.o
                0x00006048                CLOCK_GetOsc0ErClkFreq
 .text.CLOCK_GetEr32kClkFreq
                0x00006090       0x80 ./drivers/fsl_clock.o
                0x00006090                CLOCK_GetEr32kClkFreq
 .text.CLOCK_GetFreq
                0x00006110       0xc4 ./drivers/fsl_clock.o
                0x00006110                CLOCK_GetFreq
 .text.CLOCK_SetSimConfig
                0x000061d4       0x2c ./drivers/fsl_clock.o
                0x000061d4                CLOCK_SetSimConfig
 .text.CLOCK_GetInternalRefClkFreq
                0x00006200       0x48 ./drivers/fsl_clock.o
                0x00006200                CLOCK_GetInternalRefClkFreq
 .text.CLOCK_GetPeriphClkFreq
                0x00006248       0x34 ./drivers/fsl_clock.o
                0x00006248                CLOCK_GetPeriphClkFreq
 .text.CLOCK_GetOutClkFreq
                0x0000627c       0x8c ./drivers/fsl_clock.o
                0x0000627c                CLOCK_GetOutClkFreq
 .text.CLOCK_SetMcgliteConfig
                0x00006308      0x128 ./drivers/fsl_clock.o
                0x00006308                CLOCK_SetMcgliteConfig
 .text.CLOCK_InitOsc0
                0x00006430       0x98 ./drivers/fsl_clock.o
                0x00006430                CLOCK_InitOsc0
 .text.__assert_func
                0x000064c8       0x28 ./drivers/fsl_common.o
                0x000064c8                __assert_func
 .text.NVIC_EnableIRQ
                0x000064f0       0x2c ./drivers/fsl_dma.o
 .text.CLOCK_EnableClock
                0x0000651c       0x38 ./drivers/fsl_dma.o
 .text.EnableIRQ
                0x00006554       0x2c ./drivers/fsl_dma.o
 .text.DMA_ClearChannelStatusFlags
                0x00006580       0x64 ./drivers/fsl_dma.o
 .text.DMA_GetInstance
                0x000065e4       0x54 ./drivers/fsl_dma.o
 .text.DMA_Init
                0x00006638       0x24 ./drivers/fsl_dma.o
                0x00006638                DMA_Init
 .text.DMA_SetTransferConfig
                0x0000665c       0xec ./drivers/fsl_dma.o
                0x0000665c                DMA_SetTransferConfig
 .text.DMA_CreateHandle
                0x00006748       0xa0 ./drivers/fsl_dma.o
                0x00006748                DMA_CreateHandle
 .text.DMA_PrepareTransfer
                0x000067e8      0x144 ./drivers/fsl_dma.o
                0x000067e8                DMA_PrepareTransfer
 .text.DMA_HandleIRQ
                0x0000692c       0x60 ./drivers/fsl_dma.o
                0x0000692c                DMA_HandleIRQ
 .text.DMA0_DriverIRQHandler
                0x0000698c       0x18 ./drivers/fsl_dma.o
                0x0000698c                DMA0_DriverIRQHandler
 .text.DMA1_DriverIRQHandler
                0x000069a4       0x18 ./drivers/fsl_dma.o
                0x000069a4                DMA1_DriverIRQHandler
 .text.DMA2_DriverIRQHandler
                0x000069bc       0x18 ./drivers/fsl_dma.o
                0x000069bc                DMA2_DriverIRQHandler
 .text.DMA3_DriverIRQHandler
                0x000069d4       0x18 ./drivers/fsl_dma.o
                0x000069d4                DMA3_DriverIRQHandler
 .text.CLOCK_EnableClock
                0x000069ec       0x38 ./drivers/fsl_dmamux.o
 .text.DMAMUX_GetInstance
                0x00006a24       0x54 ./drivers/fsl_dmamux.o
 .text.DMAMUX_Init
                0x00006a78       0x24 ./drivers/fsl_dmamux.o
                0x00006a78                DMAMUX_Init
 .text.GPIO_WritePinOutput
                0x00006a9c       0x34 ./drivers/fsl_gpio.o
 .text.GPIO_GetInstance
                0x00006ad0       0x58 ./drivers/fsl_gpio.o
 .text.GPIO_PinInit
                0x00006b28       0x70 ./drivers/fsl_gpio.o
                0x00006b28                GPIO_PinInit
 .text.GPIO_ClearPinsInterruptFlags
                0x00006b98       0x3c ./drivers/fsl_gpio.o
                0x00006b98                GPIO_ClearPinsInterruptFlags
 .text.NVIC_EnableIRQ
                0x00006bd4       0x2c ./drivers/fsl_i2c.o
 .text.CLOCK_EnableClock
                0x00006c00       0x38 ./drivers/fsl_i2c.o
 .text.EnableIRQ
                0x00006c38       0x2c ./drivers/fsl_i2c.o
 .text.I2C_MasterClearStatusFlags
                0x00006c64       0x58 ./drivers/fsl_i2c.o
 .text.I2C_GetInstance
                0x00006cbc       0x58 ./drivers/fsl_i2c.o
                0x00006cbc                I2C_GetInstance
 .text.I2C_InitTransferStateMachine
                0x00006d14       0xa0 ./drivers/fsl_i2c.o
 .text.I2C_CheckAndClearError
                0x00006db4       0x40 ./drivers/fsl_i2c.o
 .text.I2C_MasterTransferRunStateMachine
                0x00006df4      0x268 ./drivers/fsl_i2c.o
 .text.I2C_TransferCommonIRQHandler
                0x0000705c       0x54 ./drivers/fsl_i2c.o
 .text.I2C_MasterInit
                0x000070b0      0x11c ./drivers/fsl_i2c.o
                0x000070b0                I2C_MasterInit
 .text.I2C_MasterGetDefaultConfig
                0x000071cc       0x50 ./drivers/fsl_i2c.o
                0x000071cc                I2C_MasterGetDefaultConfig
 .text.I2C_EnableInterrupts
                0x0000721c       0x68 ./drivers/fsl_i2c.o
                0x0000721c                I2C_EnableInterrupts
 .text.I2C_DisableInterrupts
                0x00007284       0x44 ./drivers/fsl_i2c.o
                0x00007284                I2C_DisableInterrupts
 .text.I2C_MasterSetBaudRate
                0x000072c8       0xf4 ./drivers/fsl_i2c.o
                0x000072c8                I2C_MasterSetBaudRate
 .text.I2C_MasterStart
                0x000073bc       0x84 ./drivers/fsl_i2c.o
                0x000073bc                I2C_MasterStart
 .text.I2C_MasterRepeatedStart
                0x00007440       0xd4 ./drivers/fsl_i2c.o
                0x00007440                I2C_MasterRepeatedStart
 .text.I2C_MasterStop
                0x00007514       0x68 ./drivers/fsl_i2c.o
                0x00007514                I2C_MasterStop
 .text.I2C_MasterGetStatusFlags
                0x0000757c       0x4c ./drivers/fsl_i2c.o
                0x0000757c                I2C_MasterGetStatusFlags
 .text.I2C_MasterWriteBlocking
                0x000075c8       0xec ./drivers/fsl_i2c.o
                0x000075c8                I2C_MasterWriteBlocking
 .text.I2C_MasterReadBlocking
                0x000076b4       0xf0 ./drivers/fsl_i2c.o
                0x000076b4                I2C_MasterReadBlocking
 .text.I2C_MasterTransferBlocking
                0x000077a4      0x240 ./drivers/fsl_i2c.o
                0x000077a4                I2C_MasterTransferBlocking
 .text.I2C_MasterTransferCreateHandle
                0x000079e4       0x8c ./drivers/fsl_i2c.o
                0x000079e4                I2C_MasterTransferCreateHandle
 .text.I2C_MasterTransferNonBlocking
                0x00007a70       0x88 ./drivers/fsl_i2c.o
                0x00007a70                I2C_MasterTransferNonBlocking
 .text.I2C_MasterTransferHandleIRQ
                0x00007af8       0xd0 ./drivers/fsl_i2c.o
                0x00007af8                I2C_MasterTransferHandleIRQ
 .text.I2C0_DriverIRQHandler
                0x00007bc8       0x20 ./drivers/fsl_i2c.o
                0x00007bc8                I2C0_DriverIRQHandler
 .text.I2C1_DriverIRQHandler
                0x00007be8       0x20 ./drivers/fsl_i2c.o
                0x00007be8                I2C1_DriverIRQHandler
 .text.CLOCK_EnableClock
                0x00007c08       0x38 ./drivers/fsl_lptmr.o
 .text.LPTMR_GetInstance
                0x00007c40       0x54 ./drivers/fsl_lptmr.o
 .text.LPTMR_Init
                0x00007c94       0xa0 ./drivers/fsl_lptmr.o
                0x00007c94                LPTMR_Init
 .text.LPTMR_GetDefaultConfig
                0x00007d34       0x58 ./drivers/fsl_lptmr.o
                0x00007d34                LPTMR_GetDefaultConfig
 .text.LPUART0_DriverIRQHandler
                0x00007d8c       0x24 ./drivers/fsl_lpuart.o
                0x00007d8c                LPUART0_DriverIRQHandler
 .text.LPUART1_DriverIRQHandler
                0x00007db0       0x24 ./drivers/fsl_lpuart.o
                0x00007db0                LPUART1_DriverIRQHandler
 .text.NVIC_EnableIRQ
                0x00007dd4       0x2c ./drivers/fsl_slcd.o
 .text.CLOCK_EnableClock
                0x00007e00       0x38 ./drivers/fsl_slcd.o
 .text.EnableIRQ
                0x00007e38       0x2c ./drivers/fsl_slcd.o
 .text.SLCD_GetInstance
                0x00007e64       0x54 ./drivers/fsl_slcd.o
 .text.SLCD_Init
                0x00007eb8      0x238 ./drivers/fsl_slcd.o
                0x00007eb8                SLCD_Init
 .text.SLCD_GetDefaultConfig
                0x000080f0       0x4c ./drivers/fsl_slcd.o
                0x000080f0                SLCD_GetDefaultConfig
 .text.SLCD_StartBlinkMode
                0x0000813c       0x64 ./drivers/fsl_slcd.o
                0x0000813c                SLCD_StartBlinkMode
 .text.CLOCK_EnableClock
                0x000081a0       0x38 ./drivers/fsl_tpm.o
 .text.TPM_GetInstance
                0x000081d8       0x60 ./drivers/fsl_tpm.o
 .text.TPM_Init
                0x00008238       0xf8 ./drivers/fsl_tpm.o
                0x00008238                TPM_Init
 .text.TPM_GetDefaultConfig
                0x00008330       0x6c ./drivers/fsl_tpm.o
                0x00008330                TPM_GetDefaultConfig
 .text.TPM_SetupPwm
                0x0000839c      0x214 ./drivers/fsl_tpm.o
                0x0000839c                TPM_SetupPwm
 .text.NVIC_EnableIRQ
                0x000085b0       0x2c ./drivers/fsl_uart.o
 .text.CLOCK_EnableClock
                0x000085dc       0x38 ./drivers/fsl_uart.o
 .text.EnableIRQ
                0x00008614       0x2c ./drivers/fsl_uart.o
 .text.UART_GetInstance
                0x00008640       0x60 ./drivers/fsl_uart.o
                0x00008640                UART_GetInstance
 .text.UART_TransferGetRxRingBufferLength
                0x000086a0       0x6c ./drivers/fsl_uart.o
 .text.UART_TransferIsRxRingBufferFull
                0x0000870c       0x5c ./drivers/fsl_uart.o
 .text.UART_Init
                0x00008768      0x20c ./drivers/fsl_uart.o
                0x00008768                UART_Init
 .text.UART_GetDefaultConfig
                0x00008974       0x50 ./drivers/fsl_uart.o
                0x00008974                UART_GetDefaultConfig
 .text.UART_EnableInterrupts
                0x000089c4       0x58 ./drivers/fsl_uart.o
                0x000089c4                UART_EnableInterrupts
 .text.UART_DisableInterrupts
                0x00008a1c       0x64 ./drivers/fsl_uart.o
                0x00008a1c                UART_DisableInterrupts
 .text.UART_GetStatusFlags
                0x00008a80       0x28 ./drivers/fsl_uart.o
                0x00008a80                UART_GetStatusFlags
 .text.UART_ClearStatusFlags
                0x00008aa8       0x80 ./drivers/fsl_uart.o
                0x00008aa8                UART_ClearStatusFlags
 .text.UART_WriteNonBlocking
                0x00008b28       0x58 ./drivers/fsl_uart.o
 .text.UART_ReadNonBlocking
                0x00008b80       0x58 ./drivers/fsl_uart.o
 .text.UART_TransferCreateHandle
                0x00008bd8       0x9c ./drivers/fsl_uart.o
                0x00008bd8                UART_TransferCreateHandle
 .text.UART_TransferStartRingBuffer
                0x00008c74       0x98 ./drivers/fsl_uart.o
                0x00008c74                UART_TransferStartRingBuffer
 .text.UART_TransferHandleIRQ
                0x00008d0c      0x3bc ./drivers/fsl_uart.o
                0x00008d0c                UART_TransferHandleIRQ
 .text.UART_EnableTx
                0x000090c8       0x40 ./drivers/fsl_uart_freertos.o
 .text.UART_EnableRx
                0x00009108       0x40 ./drivers/fsl_uart_freertos.o
 .text.UART_RTOS_Callback
                0x00009148       0xc8 ./drivers/fsl_uart_freertos.o
 .text.UART_RTOS_Init
                0x00009210      0x170 ./drivers/fsl_uart_freertos.o
                0x00009210                UART_RTOS_Init
 .text.CLOCK_SetSimSafeDivs
                0x00009380       0x20 ./board/clock_config.o
 .text.OSC_SetExtRefClkConfig
                0x000093a0       0x48 ./board/clock_config.o
 .text.CLOCK_SetXtal0Freq
                0x000093e8       0x1c ./board/clock_config.o
 .text.BOARD_BootClockRUN
                0x00009404       0x6c ./board/clock_config.o
                0x00009404                BOARD_BootClockRUN
 .text.CLOCK_EnableClock
                0x00009470       0x38 ./board/pin_mux.o
 .text.PORT_SetPinConfig
                0x000094a8       0x48 ./board/pin_mux.o
 .text.PORT_SetPinMux
                0x000094f0       0x40 ./board/pin_mux.o
 .text.BOARD_InitPins
                0x00009530      0x13c ./board/pin_mux.o
                0x00009530                BOARD_InitPins
 .text.BOARD_InitLCD
                0x0000966c      0x1a4 ./board/pin_mux.o
                0x0000966c                BOARD_InitLCD
 .text.BOARD_InitBUTTONS
                0x00009810       0x88 ./board/pin_mux.o
                0x00009810                BOARD_InitBUTTONS
 .text.BOARD_InitLEDs
                0x00009898       0x58 ./board/pin_mux.o
                0x00009898                BOARD_InitLEDs
 .text.BOARD_InitDEBUG_UART
                0x000098f0       0x7c ./board/pin_mux.o
                0x000098f0                BOARD_InitDEBUG_UART
 .text.BOARD_InitOSC
                0x0000996c       0x34 ./board/pin_mux.o
                0x0000996c                BOARD_InitOSC
 .text.SystemInit
                0x000099a0       0x3c ./CMSIS/system_MKL43Z4.o
                0x000099a0                SystemInit
 .text          0x000099dc      0x114 c:/nxp/mcuxpressoide_10.0.0_344/ide/tools/bin/../lib/gcc/arm-none-eabi/5.4.1/armv6-m\libgcc.a(_udivsi3.o)
                0x000099dc                __aeabi_uidiv
                0x000099dc                __udivsi3
                0x00009ae8                __aeabi_uidivmod
 .text          0x00009af0      0x1d4 c:/nxp/mcuxpressoide_10.0.0_344/ide/tools/bin/../lib/gcc/arm-none-eabi/5.4.1/armv6-m\libgcc.a(_divsi3.o)
                0x00009af0                __divsi3
                0x00009af0                __aeabi_idiv
                0x00009cbc                __aeabi_idivmod
 .text          0x00009cc4        0x4 c:/nxp/mcuxpressoide_10.0.0_344/ide/tools/bin/../lib/gcc/arm-none-eabi/5.4.1/armv6-m\libgcc.a(_dvmd_tls.o)
                0x00009cc4                __aeabi_idiv0
                0x00009cc4                __aeabi_ldiv0
 .text          0x00009cc8      0x62c c:/nxp/mcuxpressoide_10.0.0_344/ide/tools/bin/../lib/gcc/arm-none-eabi/5.4.1/armv6-m\libgcc.a(divdf3.o)
                0x00009cc8                __aeabi_ddiv
 .text          0x0000a2f4      0x4f4 c:/nxp/mcuxpressoide_10.0.0_344/ide/tools/bin/../lib/gcc/arm-none-eabi/5.4.1/armv6-m\libgcc.a(muldf3.o)
                0x0000a2f4                __aeabi_dmul
 .text          0x0000a7e8       0x6c c:/nxp/mcuxpressoide_10.0.0_344/ide/tools/bin/../lib/gcc/arm-none-eabi/5.4.1/armv6-m\libgcc.a(fixdfsi.o)
                0x0000a7e8                __aeabi_d2iz
 .text          0x0000a854       0x70 c:/nxp/mcuxpressoide_10.0.0_344/ide/tools/bin/../lib/gcc/arm-none-eabi/5.4.1/armv6-m\libgcc.a(floatunsidf.o)
                0x0000a854                __aeabi_ui2d
 .text          0x0000a8c4       0x3c c:/nxp/mcuxpressoide_10.0.0_344/ide/tools/bin/../lib/gcc/arm-none-eabi/5.4.1/armv6-m\libgcc.a(_clzsi2.o)
                0x0000a8c4                __clzsi2
 .text.atoi     0x0000a900        0xc c:/nxp/mcuxpressoide_10.0.0_344/ide/tools/bin/../lib/gcc/arm-none-eabi/5.4.1/../../../../arm-none-eabi/lib/armv6-m\libc.a(lib_a-atoi.o)
                0x0000a900                atoi
 .text.__itoa   0x0000a90c       0x30 c:/nxp/mcuxpressoide_10.0.0_344/ide/tools/bin/../lib/gcc/arm-none-eabi/5.4.1/../../../../arm-none-eabi/lib/armv6-m\libc.a(lib_a-itoa.o)
                0x0000a90c                __itoa
 .text.itoa     0x0000a93c        0x8 c:/nxp/mcuxpressoide_10.0.0_344/ide/tools/bin/../lib/gcc/arm-none-eabi/5.4.1/../../../../arm-none-eabi/lib/armv6-m\libc.a(lib_a-itoa.o)
                0x0000a93c                itoa
 .text.memcmp   0x0000a944       0x50 c:/nxp/mcuxpressoide_10.0.0_344/ide/tools/bin/../lib/gcc/arm-none-eabi/5.4.1/../../../../arm-none-eabi/lib/armv6-m\libc.a(lib_a-memcmp.o)
                0x0000a944                memcmp
 .text.memcpy   0x0000a994       0x7c c:/nxp/mcuxpressoide_10.0.0_344/ide/tools/bin/../lib/gcc/arm-none-eabi/5.4.1/../../../../arm-none-eabi/lib/armv6-m\libc.a(lib_a-memcpy-stub.o)
                0x0000a994                memcpy
 .text.memset   0x0000aa10       0x8c c:/nxp/mcuxpressoide_10.0.0_344/ide/tools/bin/../lib/gcc/arm-none-eabi/5.4.1/../../../../arm-none-eabi/lib/armv6-m\libc.a(lib_a-memset.o)
                0x0000aa10                memset
 .text.printf   0x0000aa9c       0x24 c:/nxp/mcuxpressoide_10.0.0_344/ide/tools/bin/../lib/gcc/arm-none-eabi/5.4.1/../../../../arm-none-eabi/lib/armv6-m\libc.a(lib_a-printf.o)
                0x0000aa9c                printf
 .text          0x0000aac0       0x88 c:/nxp/mcuxpressoide_10.0.0_344/ide/tools/bin/../lib/gcc/arm-none-eabi/5.4.1/../../../../arm-none-eabi/lib/armv6-m\libc.a(lib_a-strcmp.o)
                0x0000aac0                strcmp
 .text.strcpy   0x0000ab48       0x10 c:/nxp/mcuxpressoide_10.0.0_344/ide/tools/bin/../lib/gcc/arm-none-eabi/5.4.1/../../../../arm-none-eabi/lib/armv6-m\libc.a(lib_a-strcpy.o)
                0x0000ab48                strcpy
 .text.strlen   0x0000ab58       0x68 c:/nxp/mcuxpressoide_10.0.0_344/ide/tools/bin/../lib/gcc/arm-none-eabi/5.4.1/../../../../arm-none-eabi/lib/armv6-m\libc.a(lib_a-strlen-stub.o)
                0x0000ab58                strlen
 .text._strtol_l.isra.0
                0x0000abc0      0x14c c:/nxp/mcuxpressoide_10.0.0_344/ide/tools/bin/../lib/gcc/arm-none-eabi/5.4.1/../../../../arm-none-eabi/lib/armv6-m\libc.a(lib_a-strtol.o)
 .text._strtol_r
                0x0000ad0c       0x24 c:/nxp/mcuxpressoide_10.0.0_344/ide/tools/bin/../lib/gcc/arm-none-eabi/5.4.1/../../../../arm-none-eabi/lib/armv6-m\libc.a(lib_a-strtol.o)
                0x0000ad0c                _strtol_r
 .text.strtol   0x0000ad30       0x2c c:/nxp/mcuxpressoide_10.0.0_344/ide/tools/bin/../lib/gcc/arm-none-eabi/5.4.1/../../../../arm-none-eabi/lib/armv6-m\libc.a(lib_a-strtol.o)
                0x0000ad30                strtol
 .text.__utoa   0x0000ad5c       0x8c c:/nxp/mcuxpressoide_10.0.0_344/ide/tools/bin/../lib/gcc/arm-none-eabi/5.4.1/../../../../arm-none-eabi/lib/armv6-m\libc.a(lib_a-utoa.o)
                0x0000ad5c                __utoa
 .text._vfprintf_r
                0x0000ade8     0x1828 c:/nxp/mcuxpressoide_10.0.0_344/ide/tools/bin/../lib/gcc/arm-none-eabi/5.4.1/../../../../arm-none-eabi/lib/armv6-m\libc.a(lib_a-vfprintf.o)
                0x0000ade8                _vfprintf_r
 .text.__sbprintf
                0x0000c610       0x74 c:/nxp/mcuxpressoide_10.0.0_344/ide/tools/bin/../lib/gcc/arm-none-eabi/5.4.1/../../../../arm-none-eabi/lib/armv6-m\libc.a(lib_a-vfprintf.o)
 .text.__swsetup_r
                0x0000c684       0xd4 c:/nxp/mcuxpressoide_10.0.0_344/ide/tools/bin/../lib/gcc/arm-none-eabi/5.4.1/../../../../arm-none-eabi/lib/armv6-m\libc.a(lib_a-wsetup.o)
                0x0000c684                __swsetup_r
 .text.quorem   0x0000c758      0x150 c:/nxp/mcuxpressoide_10.0.0_344/ide/tools/bin/../lib/gcc/arm-none-eabi/5.4.1/../../../../arm-none-eabi/lib/armv6-m\libc.a(lib_a-dtoa.o)
 .text._dtoa_r  0x0000c8a8      0xf54 c:/nxp/mcuxpressoide_10.0.0_344/ide/tools/bin/../lib/gcc/arm-none-eabi/5.4.1/../../../../arm-none-eabi/lib/armv6-m\libc.a(lib_a-dtoa.o)
                0x0000c8a8                _dtoa_r
 .text.__sflush_r
                0x0000d7fc      0x150 c:/nxp/mcuxpressoide_10.0.0_344/ide/tools/bin/../lib/gcc/arm-none-eabi/5.4.1/../../../../arm-none-eabi/lib/armv6-m\libc.a(lib_a-fflush.o)
                0x0000d7fc                __sflush_r
 .text._fflush_r
                0x0000d94c       0x2c c:/nxp/mcuxpressoide_10.0.0_344/ide/tools/bin/../lib/gcc/arm-none-eabi/5.4.1/../../../../arm-none-eabi/lib/armv6-m\libc.a(lib_a-fflush.o)
                0x0000d94c                _fflush_r
 .text._cleanup_r
                0x0000d978       0x10 c:/nxp/mcuxpressoide_10.0.0_344/ide/tools/bin/../lib/gcc/arm-none-eabi/5.4.1/../../../../arm-none-eabi/lib/armv6-m\libc.a(lib_a-findfp.o)
                0x0000d978                _cleanup_r
 .text.__sinit.part.1
                0x0000d988       0xf0 c:/nxp/mcuxpressoide_10.0.0_344/ide/tools/bin/../lib/gcc/arm-none-eabi/5.4.1/../../../../arm-none-eabi/lib/armv6-m\libc.a(lib_a-findfp.o)
 .text.__sinit  0x0000da78       0x10 c:/nxp/mcuxpressoide_10.0.0_344/ide/tools/bin/../lib/gcc/arm-none-eabi/5.4.1/../../../../arm-none-eabi/lib/armv6-m\libc.a(lib_a-findfp.o)
                0x0000da78                __sinit
 .text.__sfp_lock_acquire
                0x0000da88        0x4 c:/nxp/mcuxpressoide_10.0.0_344/ide/tools/bin/../lib/gcc/arm-none-eabi/5.4.1/../../../../arm-none-eabi/lib/armv6-m\libc.a(lib_a-findfp.o)
                0x0000da88                __sfp_lock_acquire
 .text.__sfp_lock_release
                0x0000da8c        0x4 c:/nxp/mcuxpressoide_10.0.0_344/ide/tools/bin/../lib/gcc/arm-none-eabi/5.4.1/../../../../arm-none-eabi/lib/armv6-m\libc.a(lib_a-findfp.o)
                0x0000da8c                __sfp_lock_release
 .text._malloc_trim_r
                0x0000da90       0xa0 c:/nxp/mcuxpressoide_10.0.0_344/ide/tools/bin/../lib/gcc/arm-none-eabi/5.4.1/../../../../arm-none-eabi/lib/armv6-m\libc.a(lib_a-freer.o)
                0x0000da90                _malloc_trim_r
 .text._free_r  0x0000db30      0x1c4 c:/nxp/mcuxpressoide_10.0.0_344/ide/tools/bin/../lib/gcc/arm-none-eabi/5.4.1/../../../../arm-none-eabi/lib/armv6-m\libc.a(lib_a-freer.o)
                0x0000db30                _free_r
 .text._fwalk_reent
                0x0000dcf4       0x4c c:/nxp/mcuxpressoide_10.0.0_344/ide/tools/bin/../lib/gcc/arm-none-eabi/5.4.1/../../../../arm-none-eabi/lib/armv6-m\libc.a(lib_a-fwalk.o)
                0x0000dcf4                _fwalk_reent
 .text.__locale_mb_cur_max
                0x0000dd40       0x20 c:/nxp/mcuxpressoide_10.0.0_344/ide/tools/bin/../lib/gcc/arm-none-eabi/5.4.1/../../../../arm-none-eabi/lib/armv6-m\libc.a(lib_a-locale.o)
                0x0000dd40                __locale_mb_cur_max
 .text.__locale_ctype_ptr_l
                0x0000dd60        0x8 c:/nxp/mcuxpressoide_10.0.0_344/ide/tools/bin/../lib/gcc/arm-none-eabi/5.4.1/../../../../arm-none-eabi/lib/armv6-m\libc.a(lib_a-locale.o)
                0x0000dd60                __locale_ctype_ptr_l
 .text.__localeconv_l
                0x0000dd68        0x4 c:/nxp/mcuxpressoide_10.0.0_344/ide/tools/bin/../lib/gcc/arm-none-eabi/5.4.1/../../../../arm-none-eabi/lib/armv6-m\libc.a(lib_a-localeconv.o)
                0x0000dd68                __localeconv_l
 .text._localeconv_r
                0x0000dd6c       0x1c c:/nxp/mcuxpressoide_10.0.0_344/ide/tools/bin/../lib/gcc/arm-none-eabi/5.4.1/../../../../arm-none-eabi/lib/armv6-m\libc.a(lib_a-localeconv.o)
                0x0000dd6c                _localeconv_r
 .text.__swhatbuf_r
                0x0000dd88       0x60 c:/nxp/mcuxpressoide_10.0.0_344/ide/tools/bin/../lib/gcc/arm-none-eabi/5.4.1/../../../../arm-none-eabi/lib/armv6-m\libc.a(lib_a-makebuf.o)
                0x0000dd88                __swhatbuf_r
 .text.__smakebuf_r
                0x0000dde8       0x88 c:/nxp/mcuxpressoide_10.0.0_344/ide/tools/bin/../lib/gcc/arm-none-eabi/5.4.1/../../../../arm-none-eabi/lib/armv6-m\libc.a(lib_a-makebuf.o)
                0x0000dde8                __smakebuf_r
 .text._malloc_r
                0x0000de70      0x554 c:/nxp/mcuxpressoide_10.0.0_344/ide/tools/bin/../lib/gcc/arm-none-eabi/5.4.1/../../../../arm-none-eabi/lib/armv6-m\libc.a(lib_a-mallocr.o)
                0x0000de70                _malloc_r
 .text.__ascii_mbtowc
                0x0000e3c4       0x2c c:/nxp/mcuxpressoide_10.0.0_344/ide/tools/bin/../lib/gcc/arm-none-eabi/5.4.1/../../../../arm-none-eabi/lib/armv6-m\libc.a(lib_a-mbtowc_r.o)
                0x0000e3c4                __ascii_mbtowc
 .text.memchr   0x0000e3f0       0x90 c:/nxp/mcuxpressoide_10.0.0_344/ide/tools/bin/../lib/gcc/arm-none-eabi/5.4.1/../../../../arm-none-eabi/lib/armv6-m\libc.a(lib_a-memchr-stub.o)
                0x0000e3f0                memchr
 .text.__malloc_lock
                0x0000e480        0x4 c:/nxp/mcuxpressoide_10.0.0_344/ide/tools/bin/../lib/gcc/arm-none-eabi/5.4.1/../../../../arm-none-eabi/lib/armv6-m\libc.a(lib_a-mlock.o)
                0x0000e480                __malloc_lock
 .text.__malloc_unlock
                0x0000e484        0x4 c:/nxp/mcuxpressoide_10.0.0_344/ide/tools/bin/../lib/gcc/arm-none-eabi/5.4.1/../../../../arm-none-eabi/lib/armv6-m\libc.a(lib_a-mlock.o)
                0x0000e484                __malloc_unlock
 .text._Balloc  0x0000e488       0x50 c:/nxp/mcuxpressoide_10.0.0_344/ide/tools/bin/../lib/gcc/arm-none-eabi/5.4.1/../../../../arm-none-eabi/lib/armv6-m\libc.a(lib_a-mprec.o)
                0x0000e488                _Balloc
 .text._Bfree   0x0000e4d8       0x14 c:/nxp/mcuxpressoide_10.0.0_344/ide/tools/bin/../lib/gcc/arm-none-eabi/5.4.1/../../../../arm-none-eabi/lib/armv6-m\libc.a(lib_a-mprec.o)
                0x0000e4d8                _Bfree
 .text.__multadd
                0x0000e4ec       0x8c c:/nxp/mcuxpressoide_10.0.0_344/ide/tools/bin/../lib/gcc/arm-none-eabi/5.4.1/../../../../arm-none-eabi/lib/armv6-m\libc.a(lib_a-mprec.o)
                0x0000e4ec                __multadd
 .text.__s2b    0x0000e578       0x90 c:/nxp/mcuxpressoide_10.0.0_344/ide/tools/bin/../lib/gcc/arm-none-eabi/5.4.1/../../../../arm-none-eabi/lib/armv6-m\libc.a(lib_a-mprec.o)
                0x0000e578                __s2b
 .text.__hi0bits
                0x0000e608       0x3c c:/nxp/mcuxpressoide_10.0.0_344/ide/tools/bin/../lib/gcc/arm-none-eabi/5.4.1/../../../../arm-none-eabi/lib/armv6-m\libc.a(lib_a-mprec.o)
                0x0000e608                __hi0bits
 .text.__lo0bits
                0x0000e644       0x5c c:/nxp/mcuxpressoide_10.0.0_344/ide/tools/bin/../lib/gcc/arm-none-eabi/5.4.1/../../../../arm-none-eabi/lib/armv6-m\libc.a(lib_a-mprec.o)
                0x0000e644                __lo0bits
 .text.__i2b    0x0000e6a0       0x14 c:/nxp/mcuxpressoide_10.0.0_344/ide/tools/bin/../lib/gcc/arm-none-eabi/5.4.1/../../../../arm-none-eabi/lib/armv6-m\libc.a(lib_a-mprec.o)
                0x0000e6a0                __i2b
 .text.__multiply
                0x0000e6b4      0x15c c:/nxp/mcuxpressoide_10.0.0_344/ide/tools/bin/../lib/gcc/arm-none-eabi/5.4.1/../../../../arm-none-eabi/lib/armv6-m\libc.a(lib_a-mprec.o)
                0x0000e6b4                __multiply
 .text.__pow5mult
                0x0000e810       0xbc c:/nxp/mcuxpressoide_10.0.0_344/ide/tools/bin/../lib/gcc/arm-none-eabi/5.4.1/../../../../arm-none-eabi/lib/armv6-m\libc.a(lib_a-mprec.o)
                0x0000e810                __pow5mult
 .text.__lshift
                0x0000e8cc       0xc0 c:/nxp/mcuxpressoide_10.0.0_344/ide/tools/bin/../lib/gcc/arm-none-eabi/5.4.1/../../../../arm-none-eabi/lib/armv6-m\libc.a(lib_a-mprec.o)
                0x0000e8cc                __lshift
 .text.__mcmp   0x0000e98c       0x3c c:/nxp/mcuxpressoide_10.0.0_344/ide/tools/bin/../lib/gcc/arm-none-eabi/5.4.1/../../../../arm-none-eabi/lib/armv6-m\libc.a(lib_a-mprec.o)
                0x0000e98c                __mcmp
 .text.__mdiff  0x0000e9c8      0x11c c:/nxp/mcuxpressoide_10.0.0_344/ide/tools/bin/../lib/gcc/arm-none-eabi/5.4.1/../../../../arm-none-eabi/lib/armv6-m\libc.a(lib_a-mprec.o)
                0x0000e9c8                __mdiff
 .text.__ulp    0x0000eae4       0x4c c:/nxp/mcuxpressoide_10.0.0_344/ide/tools/bin/../lib/gcc/arm-none-eabi/5.4.1/../../../../arm-none-eabi/lib/armv6-m\libc.a(lib_a-mprec.o)
                0x0000eae4                __ulp
 .text.__b2d    0x0000eb30       0xd8 c:/nxp/mcuxpressoide_10.0.0_344/ide/tools/bin/../lib/gcc/arm-none-eabi/5.4.1/../../../../arm-none-eabi/lib/armv6-m\libc.a(lib_a-mprec.o)
                0x0000eb30                __b2d
 .text.__d2b    0x0000ec08       0xbc c:/nxp/mcuxpressoide_10.0.0_344/ide/tools/bin/../lib/gcc/arm-none-eabi/5.4.1/../../../../arm-none-eabi/lib/armv6-m\libc.a(lib_a-mprec.o)
                0x0000ec08                __d2b
 .text.__ratio  0x0000ecc4       0x74 c:/nxp/mcuxpressoide_10.0.0_344/ide/tools/bin/../lib/gcc/arm-none-eabi/5.4.1/../../../../arm-none-eabi/lib/armv6-m\libc.a(lib_a-mprec.o)
                0x0000ecc4                __ratio
 .text.__copybits
                0x0000ed38       0x40 c:/nxp/mcuxpressoide_10.0.0_344/ide/tools/bin/../lib/gcc/arm-none-eabi/5.4.1/../../../../arm-none-eabi/lib/armv6-m\libc.a(lib_a-mprec.o)
                0x0000ed38                __copybits
 .text.__any_on
                0x0000ed78       0x60 c:/nxp/mcuxpressoide_10.0.0_344/ide/tools/bin/../lib/gcc/arm-none-eabi/5.4.1/../../../../arm-none-eabi/lib/armv6-m\libc.a(lib_a-mprec.o)
                0x0000ed78                __any_on
 .text._sbrk_r  0x0000edd8       0x24 c:/nxp/mcuxpressoide_10.0.0_344/ide/tools/bin/../lib/gcc/arm-none-eabi/5.4.1/../../../../arm-none-eabi/lib/armv6-m\libc.a(lib_a-sbrkr.o)
                0x0000edd8                _sbrk_r
 .text.__sread  0x0000edfc       0x28 c:/nxp/mcuxpressoide_10.0.0_344/ide/tools/bin/../lib/gcc/arm-none-eabi/5.4.1/../../../../arm-none-eabi/lib/armv6-m\libc.a(lib_a-stdio.o)
                0x0000edfc                __sread
 .text.__swrite
                0x0000ee24       0x3c c:/nxp/mcuxpressoide_10.0.0_344/ide/tools/bin/../lib/gcc/arm-none-eabi/5.4.1/../../../../arm-none-eabi/lib/armv6-m\libc.a(lib_a-stdio.o)
                0x0000ee24                __swrite
 .text.__sseek  0x0000ee60       0x2c c:/nxp/mcuxpressoide_10.0.0_344/ide/tools/bin/../lib/gcc/arm-none-eabi/5.4.1/../../../../arm-none-eabi/lib/armv6-m\libc.a(lib_a-stdio.o)
                0x0000ee60                __sseek
 .text.__sclose
                0x0000ee8c        0xc c:/nxp/mcuxpressoide_10.0.0_344/ide/tools/bin/../lib/gcc/arm-none-eabi/5.4.1/../../../../arm-none-eabi/lib/armv6-m\libc.a(lib_a-stdio.o)
                0x0000ee8c                __sclose
 .text.__sprint_r.part.0
                0x0000ee98       0x78 c:/nxp/mcuxpressoide_10.0.0_344/ide/tools/bin/../lib/gcc/arm-none-eabi/5.4.1/../../../../arm-none-eabi/lib/armv6-m\libc.a(lib_a-vfiprintf.o)
 .text.__sprint_r
                0x0000ef10       0x14 c:/nxp/mcuxpressoide_10.0.0_344/ide/tools/bin/../lib/gcc/arm-none-eabi/5.4.1/../../../../arm-none-eabi/lib/armv6-m\libc.a(lib_a-vfiprintf.o)
                0x0000ef10                __sprint_r
 .text.__ascii_wctomb
                0x0000ef24       0x1c c:/nxp/mcuxpressoide_10.0.0_344/ide/tools/bin/../lib/gcc/arm-none-eabi/5.4.1/../../../../arm-none-eabi/lib/armv6-m\libc.a(lib_a-wctomb_r.o)
                0x0000ef24                __ascii_wctomb
 .text._write_r
                0x0000ef40       0x28 c:/nxp/mcuxpressoide_10.0.0_344/ide/tools/bin/../lib/gcc/arm-none-eabi/5.4.1/../../../../arm-none-eabi/lib/armv6-m\libc.a(lib_a-writer.o)
                0x0000ef40                _write_r
 .text._calloc_r
                0x0000ef68       0x60 c:/nxp/mcuxpressoide_10.0.0_344/ide/tools/bin/../lib/gcc/arm-none-eabi/5.4.1/../../../../arm-none-eabi/lib/armv6-m\libc.a(lib_a-callocr.o)
                0x0000ef68                _calloc_r
 .text._close_r
                0x0000efc8       0x24 c:/nxp/mcuxpressoide_10.0.0_344/ide/tools/bin/../lib/gcc/arm-none-eabi/5.4.1/../../../../arm-none-eabi/lib/armv6-m\libc.a(lib_a-closer.o)
                0x0000efc8                _close_r
 .text._fclose_r
                0x0000efec       0x8c c:/nxp/mcuxpressoide_10.0.0_344/ide/tools/bin/../lib/gcc/arm-none-eabi/5.4.1/../../../../arm-none-eabi/lib/armv6-m\libc.a(lib_a-fclose.o)
                0x0000efec                _fclose_r
 .text.__fputwc
                0x0000f078       0x98 c:/nxp/mcuxpressoide_10.0.0_344/ide/tools/bin/../lib/gcc/arm-none-eabi/5.4.1/../../../../arm-none-eabi/lib/armv6-m\libc.a(lib_a-fputwc.o)
                0x0000f078                __fputwc
 .text._fputwc_r
                0x0000f110       0x20 c:/nxp/mcuxpressoide_10.0.0_344/ide/tools/bin/../lib/gcc/arm-none-eabi/5.4.1/../../../../arm-none-eabi/lib/armv6-m\libc.a(lib_a-fputwc.o)
                0x0000f110                _fputwc_r
 .text._fstat_r
                0x0000f130       0x28 c:/nxp/mcuxpressoide_10.0.0_344/ide/tools/bin/../lib/gcc/arm-none-eabi/5.4.1/../../../../arm-none-eabi/lib/armv6-m\libc.a(lib_a-fstatr.o)
                0x0000f130                _fstat_r
 .text.__sfvwrite_r
                0x0000f158      0x31c c:/nxp/mcuxpressoide_10.0.0_344/ide/tools/bin/../lib/gcc/arm-none-eabi/5.4.1/../../../../arm-none-eabi/lib/armv6-m\libc.a(lib_a-fvwrite.o)
                0x0000f158                __sfvwrite_r
 .text._isatty_r
                0x0000f474       0x24 c:/nxp/mcuxpressoide_10.0.0_344/ide/tools/bin/../lib/gcc/arm-none-eabi/5.4.1/../../../../arm-none-eabi/lib/armv6-m\libc.a(lib_a-isattyr.o)
                0x0000f474                _isatty_r
 .text._lseek_r
                0x0000f498       0x28 c:/nxp/mcuxpressoide_10.0.0_344/ide/tools/bin/../lib/gcc/arm-none-eabi/5.4.1/../../../../arm-none-eabi/lib/armv6-m\libc.a(lib_a-lseekr.o)
                0x0000f498                _lseek_r
 .text.memmove  0x0000f4c0       0x98 c:/nxp/mcuxpressoide_10.0.0_344/ide/tools/bin/../lib/gcc/arm-none-eabi/5.4.1/../../../../arm-none-eabi/lib/armv6-m\libc.a(lib_a-memmove.o)
                0x0000f4c0                memmove
 .text._read_r  0x0000f558       0x28 c:/nxp/mcuxpressoide_10.0.0_344/ide/tools/bin/../lib/gcc/arm-none-eabi/5.4.1/../../../../arm-none-eabi/lib/armv6-m\libc.a(lib_a-readr.o)
                0x0000f558                _read_r
 .text._realloc_r
                0x0000f580      0x3dc c:/nxp/mcuxpressoide_10.0.0_344/ide/tools/bin/../lib/gcc/arm-none-eabi/5.4.1/../../../../arm-none-eabi/lib/armv6-m\libc.a(lib_a-reallocr.o)
                0x0000f580                _realloc_r
 .text.__swbuf_r
                0x0000f95c       0xb8 c:/nxp/mcuxpressoide_10.0.0_344/ide/tools/bin/../lib/gcc/arm-none-eabi/5.4.1/../../../../arm-none-eabi/lib/armv6-m\libc.a(lib_a-wbuf.o)
                0x0000f95c                __swbuf_r
 .text._wcrtomb_r
                0x0000fa14       0x54 c:/nxp/mcuxpressoide_10.0.0_344/ide/tools/bin/../lib/gcc/arm-none-eabi/5.4.1/../../../../arm-none-eabi/lib/armv6-m\libc.a(lib_a-wcrtomb.o)
                0x0000fa14                _wcrtomb_r
 .text          0x0000fa68       0x7c c:/nxp/mcuxpressoide_10.0.0_344/ide/tools/bin/../lib/gcc/arm-none-eabi/5.4.1/armv6-m\libgcc.a(_arm_cmpdf2.o)
                0x0000fa68                __aeabi_cdrcmple
                0x0000fa78                __aeabi_cdcmple
                0x0000fa78                __aeabi_cdcmpeq
                0x0000fa88                __aeabi_dcmpeq
                0x0000fa94                __aeabi_dcmplt
                0x0000faa8                __aeabi_dcmple
                0x0000fabc                __aeabi_dcmpgt
                0x0000fad0                __aeabi_dcmpge
 .text          0x0000fae4       0x40 c:/nxp/mcuxpressoide_10.0.0_344/ide/tools/bin/../lib/gcc/arm-none-eabi/5.4.1/armv6-m\libgcc.a(_aeabi_uldivmod.o)
                0x0000fae4                __aeabi_uldivmod
 .text          0x0000fb24      0x180 c:/nxp/mcuxpressoide_10.0.0_344/ide/tools/bin/../lib/gcc/arm-none-eabi/5.4.1/armv6-m\libgcc.a(_udivmoddi4.o)
                0x0000fb24                __udivmoddi4
 .text          0x0000fca4      0x658 c:/nxp/mcuxpressoide_10.0.0_344/ide/tools/bin/../lib/gcc/arm-none-eabi/5.4.1/armv6-m\libgcc.a(adddf3.o)
                0x0000fca4                __aeabi_dadd
 .text          0x000102fc       0x80 c:/nxp/mcuxpressoide_10.0.0_344/ide/tools/bin/../lib/gcc/arm-none-eabi/5.4.1/armv6-m\libgcc.a(eqdf2.o)
                0x000102fc                __nedf2
                0x000102fc                __eqdf2
 .text          0x0001037c       0xc8 c:/nxp/mcuxpressoide_10.0.0_344/ide/tools/bin/../lib/gcc/arm-none-eabi/5.4.1/armv6-m\libgcc.a(gedf2.o)
                0x0001037c                __gedf2
                0x0001037c                __gtdf2
 .text          0x00010444       0xd4 c:/nxp/mcuxpressoide_10.0.0_344/ide/tools/bin/../lib/gcc/arm-none-eabi/5.4.1/armv6-m\libgcc.a(ledf2.o)
                0x00010444                __ledf2
                0x00010444                __ltdf2
 .text          0x00010518      0x6a8 c:/nxp/mcuxpressoide_10.0.0_344/ide/tools/bin/../lib/gcc/arm-none-eabi/5.4.1/armv6-m\libgcc.a(subdf3.o)
                0x00010518                __aeabi_dsub
 .text          0x00010bc0       0x40 c:/nxp/mcuxpressoide_10.0.0_344/ide/tools/bin/../lib/gcc/arm-none-eabi/5.4.1/armv6-m\libgcc.a(unorddf2.o)
                0x00010bc0                __aeabi_dcmpun
 .text          0x00010c00       0x84 c:/nxp/mcuxpressoide_10.0.0_344/ide/tools/bin/../lib/gcc/arm-none-eabi/5.4.1/armv6-m\libgcc.a(floatsidf.o)
                0x00010c00                __aeabi_i2d
 .text          0x00010c84       0x18 c:/nxp/mcuxpressoide_10.0.0_344/ide/tools/bin/../lib/gcc/arm-none-eabi/5.4.1/armv6-m\libgcc.a(_clzdi2.o)
                0x00010c84                __clzdi2
 .text.__cvt    0x00010c9c       0xca c:/nxp/mcuxpressoide_10.0.0_344/ide/tools/bin/../lib/gcc/arm-none-eabi/5.4.1/../../../../arm-none-eabi/lib/armv6-m\libc_nano.a(lib_a-nano-vfprintf_float.o)
                0x00010c9c                __cvt
 .text.__exponent
                0x00010d66       0x62 c:/nxp/mcuxpressoide_10.0.0_344/ide/tools/bin/../lib/gcc/arm-none-eabi/5.4.1/../../../../arm-none-eabi/lib/armv6-m\libc_nano.a(lib_a-nano-vfprintf_float.o)
                0x00010d66                __exponent
 .text._printf_float
                0x00010dc8      0x4a0 c:/nxp/mcuxpressoide_10.0.0_344/ide/tools/bin/../lib/gcc/arm-none-eabi/5.4.1/../../../../arm-none-eabi/lib/armv6-m\libc_nano.a(lib_a-nano-vfprintf_float.o)
                0x00010dc8                _printf_float
 .text._printf_common
                0x00011268       0xdc c:/nxp/mcuxpressoide_10.0.0_344/ide/tools/bin/../lib/gcc/arm-none-eabi/5.4.1/../../../../arm-none-eabi/lib/armv6-m\libc_nano.a(lib_a-nano-vfprintf_i.o)
                0x00011268                _printf_common
 .text._printf_i
                0x00011344      0x244 c:/nxp/mcuxpressoide_10.0.0_344/ide/tools/bin/../lib/gcc/arm-none-eabi/5.4.1/../../../../arm-none-eabi/lib/armv6-m\libc_nano.a(lib_a-nano-vfprintf_i.o)
                0x00011344                _printf_i
 .text._scanf_float
                0x00011588      0x3f0 c:/nxp/mcuxpressoide_10.0.0_344/ide/tools/bin/../lib/gcc/arm-none-eabi/5.4.1/../../../../arm-none-eabi/lib/armv6-m\libc_nano.a(lib_a-nano-vfscanf_float.o)
                0x00011588                _scanf_float
 .text.nanf     0x00011978        0x8 c:/nxp/mcuxpressoide_10.0.0_344/ide/tools/bin/../lib/gcc/arm-none-eabi/5.4.1/../../../../arm-none-eabi/lib/armv6-m\libc_nano.a(lib_a-sf_nan.o)
                0x00011978                nanf
 .text.sprintf  0x00011980       0x44 c:/nxp/mcuxpressoide_10.0.0_344/ide/tools/bin/../lib/gcc/arm-none-eabi/5.4.1/../../../../arm-none-eabi/lib/armv6-m\libc_nano.a(lib_a-sprintf.o)
                0x00011980                siprintf
                0x00011980                sprintf
 .text.unlikely.sulp
                0x000119c4       0x30 c:/nxp/mcuxpressoide_10.0.0_344/ide/tools/bin/../lib/gcc/arm-none-eabi/5.4.1/../../../../arm-none-eabi/lib/armv6-m\libc_nano.a(lib_a-strtod.o)
 .text._strtod_l
                0x000119f4      0xc54 c:/nxp/mcuxpressoide_10.0.0_344/ide/tools/bin/../lib/gcc/arm-none-eabi/5.4.1/../../../../arm-none-eabi/lib/armv6-m\libc_nano.a(lib_a-strtod.o)
                0x000119f4                _strtod_l
 .text._strtod_r
                0x00012648       0x1c c:/nxp/mcuxpressoide_10.0.0_344/ide/tools/bin/../lib/gcc/arm-none-eabi/5.4.1/../../../../arm-none-eabi/lib/armv6-m\libc_nano.a(lib_a-strtod.o)
                0x00012648                _strtod_r
 .text.rshift   0x00012664       0x68 c:/nxp/mcuxpressoide_10.0.0_344/ide/tools/bin/../lib/gcc/arm-none-eabi/5.4.1/../../../../arm-none-eabi/lib/armv6-m\libc_nano.a(lib_a-gdtoa-gethex.o)
 .text.__hexdig_fun
                0x000126cc       0x2a c:/nxp/mcuxpressoide_10.0.0_344/ide/tools/bin/../lib/gcc/arm-none-eabi/5.4.1/../../../../arm-none-eabi/lib/armv6-m\libc_nano.a(lib_a-gdtoa-gethex.o)
                0x000126cc                __hexdig_fun
 .text.__gethex
                0x000126f6      0x456 c:/nxp/mcuxpressoide_10.0.0_344/ide/tools/bin/../lib/gcc/arm-none-eabi/5.4.1/../../../../arm-none-eabi/lib/armv6-m\libc_nano.a(lib_a-gdtoa-gethex.o)
                0x000126f6                __gethex
 .text.L_shift  0x00012b4c       0x24 c:/nxp/mcuxpressoide_10.0.0_344/ide/tools/bin/../lib/gcc/arm-none-eabi/5.4.1/../../../../arm-none-eabi/lib/armv6-m\libc_nano.a(lib_a-gdtoa-hexnan.o)
 .text.__match  0x00012b70       0x28 c:/nxp/mcuxpressoide_10.0.0_344/ide/tools/bin/../lib/gcc/arm-none-eabi/5.4.1/../../../../arm-none-eabi/lib/armv6-m\libc_nano.a(lib_a-gdtoa-hexnan.o)
                0x00012b70                __match
 .text.__hexnan
                0x00012b98      0x12e c:/nxp/mcuxpressoide_10.0.0_344/ide/tools/bin/../lib/gcc/arm-none-eabi/5.4.1/../../../../arm-none-eabi/lib/armv6-m\libc_nano.a(lib_a-gdtoa-hexnan.o)
                0x00012b98                __hexnan
 *fill*         0x00012cc6        0x2 ff
 .text.__ssputs_r
                0x00012cc8       0xc4 c:/nxp/mcuxpressoide_10.0.0_344/ide/tools/bin/../lib/gcc/arm-none-eabi/5.4.1/../../../../arm-none-eabi/lib/armv6-m\libc_nano.a(lib_a-nano-svfprintf.o)
                0x00012cc8                __ssputs_r
 .text._svfprintf_r
                0x00012d8c      0x1fc c:/nxp/mcuxpressoide_10.0.0_344/ide/tools/bin/../lib/gcc/arm-none-eabi/5.4.1/../../../../arm-none-eabi/lib/armv6-m\libc_nano.a(lib_a-nano-svfprintf.o)
                0x00012d8c                _svfiprintf_r
                0x00012d8c                _svfprintf_r
 .text.strncmp  0x00012f88       0x24 c:/nxp/mcuxpressoide_10.0.0_344/ide/tools/bin/../lib/gcc/arm-none-eabi/5.4.1/../../../../arm-none-eabi/lib/armv6-m\libc_nano.a(lib_a-strncmp.o)
                0x00012f88                strncmp
 .text._sbrk    0x00012fac       0x40 c:/nxp/mcuxpressoide_10.0.0_344/ide/tools/bin/../lib/gcc/arm-none-eabi/5.4.1/../../../../arm-none-eabi/lib/armv6-m\libcr_newlib_semihost.a(_cr_sbrk.o)
                0x00012fac                _sbrk
 .text.error    0x00012fec       0x1c c:/nxp/mcuxpressoide_10.0.0_344/ide/tools/bin/../lib/gcc/arm-none-eabi/5.4.1/../../../../arm-none-eabi/lib/armv6-m\libcr_newlib_semihost.a(syscalls.o)
 .text.initialise_monitor_handles.part.0
                0x00013008       0x9c c:/nxp/mcuxpressoide_10.0.0_344/ide/tools/bin/../lib/gcc/arm-none-eabi/5.4.1/../../../../arm-none-eabi/lib/armv6-m\libcr_newlib_semihost.a(syscalls.o)
 .text.findslot
                0x000130a4       0x30 c:/nxp/mcuxpressoide_10.0.0_344/ide/tools/bin/../lib/gcc/arm-none-eabi/5.4.1/../../../../arm-none-eabi/lib/armv6-m\libcr_newlib_semihost.a(syscalls.o)
 .text.checkerror
                0x000130d4       0x20 c:/nxp/mcuxpressoide_10.0.0_344/ide/tools/bin/../lib/gcc/arm-none-eabi/5.4.1/../../../../arm-none-eabi/lib/armv6-m\libcr_newlib_semihost.a(syscalls.o)
 .text._swiread
                0x000130f4       0x20 c:/nxp/mcuxpressoide_10.0.0_344/ide/tools/bin/../lib/gcc/arm-none-eabi/5.4.1/../../../../arm-none-eabi/lib/armv6-m\libcr_newlib_semihost.a(syscalls.o)
                0x000130f4                _swiread
 .text._read    0x00013114       0x36 c:/nxp/mcuxpressoide_10.0.0_344/ide/tools/bin/../lib/gcc/arm-none-eabi/5.4.1/../../../../arm-none-eabi/lib/armv6-m\libcr_newlib_semihost.a(syscalls.o)
                0x00013114                _read
 .text._swilseek
                0x0001314a       0x76 c:/nxp/mcuxpressoide_10.0.0_344/ide/tools/bin/../lib/gcc/arm-none-eabi/5.4.1/../../../../arm-none-eabi/lib/armv6-m\libcr_newlib_semihost.a(syscalls.o)
                0x0001314a                _swilseek
 .text._lseek   0x000131c0        0x8 c:/nxp/mcuxpressoide_10.0.0_344/ide/tools/bin/../lib/gcc/arm-none-eabi/5.4.1/../../../../arm-none-eabi/lib/armv6-m\libcr_newlib_semihost.a(syscalls.o)
                0x000131c0                _lseek
 .text._swiwrite
                0x000131c8       0x20 c:/nxp/mcuxpressoide_10.0.0_344/ide/tools/bin/../lib/gcc/arm-none-eabi/5.4.1/../../../../arm-none-eabi/lib/armv6-m\libcr_newlib_semihost.a(syscalls.o)
                0x000131c8                _swiwrite
 .text._write   0x000131e8       0x40 c:/nxp/mcuxpressoide_10.0.0_344/ide/tools/bin/../lib/gcc/arm-none-eabi/5.4.1/../../../../arm-none-eabi/lib/armv6-m\libcr_newlib_semihost.a(syscalls.o)
                0x000131e8                _write
 .text._swiclose
                0x00013228       0x18 c:/nxp/mcuxpressoide_10.0.0_344/ide/tools/bin/../lib/gcc/arm-none-eabi/5.4.1/../../../../arm-none-eabi/lib/armv6-m\libcr_newlib_semihost.a(syscalls.o)
                0x00013228                _swiclose
 .text._close   0x00013240       0x4c c:/nxp/mcuxpressoide_10.0.0_344/ide/tools/bin/../lib/gcc/arm-none-eabi/5.4.1/../../../../arm-none-eabi/lib/armv6-m\libcr_newlib_semihost.a(syscalls.o)
                0x00013240                _close
 .text._swistat
                0x0001328c       0x46 c:/nxp/mcuxpressoide_10.0.0_344/ide/tools/bin/../lib/gcc/arm-none-eabi/5.4.1/../../../../arm-none-eabi/lib/armv6-m\libcr_newlib_semihost.a(syscalls.o)
                0x0001328c                _swistat
 .text._fstat   0x000132d2       0x1a c:/nxp/mcuxpressoide_10.0.0_344/ide/tools/bin/../lib/gcc/arm-none-eabi/5.4.1/../../../../arm-none-eabi/lib/armv6-m\libcr_newlib_semihost.a(syscalls.o)
                0x000132d2                _fstat
 .text._isatty  0x000132ec       0x28 c:/nxp/mcuxpressoide_10.0.0_344/ide/tools/bin/../lib/gcc/arm-none-eabi/5.4.1/../../../../arm-none-eabi/lib/armv6-m\libcr_newlib_semihost.a(syscalls.o)
                0x000132ec                _isatty
 .text.__check_heap_overflow
                0x00013314       0x14 c:/nxp/mcuxpressoide_10.0.0_344/ide/tools/bin/../lib/gcc/arm-none-eabi/5.4.1/../../../../arm-none-eabi/lib/armv6-m\libcr_newlib_semihost.a(_cr_check_heap.o)
                0x00013314                __check_heap_overflow
 .text          0x00013328       0x14 c:/nxp/mcuxpressoide_10.0.0_344/ide/tools/bin/../lib/gcc/arm-none-eabi/5.4.1/armv6-m\libgcc.a(_thumb1_case_uqi.o)
                0x00013328                __gnu_thumb1_case_uqi
 .text          0x0001333c       0x3c c:/nxp/mcuxpressoide_10.0.0_344/ide/tools/bin/../lib/gcc/arm-none-eabi/5.4.1/armv6-m\libgcc.a(_fixunsdfsi.o)
                0x0001333c                __aeabi_d2uiz
                0x0001333c                __fixunsdfsi
 .text          0x00013378      0x118 c:/nxp/mcuxpressoide_10.0.0_344/ide/tools/bin/../lib/gcc/arm-none-eabi/5.4.1/armv6-m\libgcc.a(truncdfsf2.o)
                0x00013378                __aeabi_d2f
 .text.__errno  0x00013490        0xc c:/nxp/mcuxpressoide_10.0.0_344/ide/tools/bin/../lib/gcc/arm-none-eabi/5.4.1/../../../../arm-none-eabi/lib/armv6-m\libc_nano.a(lib_a-errno.o)
                0x00013490                __errno
 *(.rodata .rodata.* .constdata .constdata.*)
 .rodata        0x0001349c       0x2e ./source/SmartTorqueFW.o
 *fill*         0x000134ca        0x2 ff
 .rodata        0x000134cc       0xdf ./source/_ADCSense.o
 *fill*         0x000135ab        0x1 ff
 .rodata.__func__.6866
                0x000135ac       0x11 ./source/_ADCSense.o
 *fill*         0x000135bd        0x3 ff
 .rodata.__func__.6855
                0x000135c0       0x15 ./source/_ADCSense.o
 *fill*         0x000135d5        0x3 ff
 .rodata.__func__.6682
                0x000135d8       0x15 ./source/_ADCSense.o
 *fill*         0x000135ed        0x3 ff
 .rodata.__func__.6677
                0x000135f0       0x17 ./source/_ADCSense.o
 *fill*         0x00013607        0x1 ff
 .rodata.__func__.6665
                0x00013608       0x15 ./source/_ADCSense.o
 *fill*         0x0001361d        0x3 ff
 .rodata.__func__.6742
                0x00013620       0x12 ./source/_ADCSense.o
 *fill*         0x00013632        0x2 ff
 .rodata.__func__.6718
                0x00013634       0x1c ./source/_ADCSense.o
 .rodata.__func__.6835
                0x00013650       0x15 ./source/_ADCSense.o
 *fill*         0x00013665        0x3 ff
 .rodata        0x00013668      0x164 ./source/_Bluetooth.o
 .rodata        0x000137cc        0x4 ./source/_Display.o
 .rodata.Display_Number
                0x000137d0       0x28 ./source/_Display.o
 .rodata        0x000137f8       0x3f ./source/_FRAM.o
 *fill*         0x00013837        0x1 ff
 .rodata.__func__.6526
                0x00013838       0x12 ./source/_FRAM.o
 *fill*         0x0001384a        0x2 ff
 .rodata        0x0001384c       0x73 ./source/_HMI.o
 *fill*         0x000138bf        0x1 ff
 .rodata        0x000138c0       0x48 ./source/_Sys_Control.o
 .rodata.ConfigurationBuilder
                0x00013908       0x2c ./source/_Sys_Control.o
 .rodata        0x00013934       0x18 ./freertos/tasks.o
                0x0001393c                FreeRTOSDebugConfig
 .rodata        0x0001394c        0xd ./freertos/timers.o
 *fill*         0x00013959        0x3 ff
 .rodata.prvProcessReceivedCommands
                0x0001395c       0x28 ./freertos/timers.o
 .rodata        0x00013984       0x69 ./drivers/fsl_adc16.o
 *fill*         0x000139ed        0x3 ff
 .rodata.__func__.5369
                0x000139f0       0x12 ./drivers/fsl_adc16.o
 *fill*         0x00013a02        0x2 ff
 .rodata.__func__.5374
                0x00013a04        0xb ./drivers/fsl_adc16.o
 *fill*         0x00013a0f        0x1 ff
 .rodata.__func__.5382
                0x00013a10       0x17 ./drivers/fsl_adc16.o
 *fill*         0x00013a27        0x1 ff
 .rodata.__func__.5425
                0x00013a28       0x17 ./drivers/fsl_adc16.o
 *fill*         0x00013a3f        0x1 ff
 .rodata.__func__.5431
                0x00013a40       0x1c ./drivers/fsl_adc16.o
 .rodata        0x00013a5c       0x41 ./drivers/fsl_clock.o
 *fill*         0x00013a9d        0x3 ff
 .rodata.CLOCK_GetFreq
                0x00013aa0       0x50 ./drivers/fsl_clock.o
 .rodata.lircFreqs.5239
                0x00013af0        0x8 ./drivers/fsl_clock.o
 .rodata.__func__.5247
                0x00013af8       0x17 ./drivers/fsl_clock.o
 *fill*         0x00013b0f        0x1 ff
 .rodata.__func__.5255
                0x00013b10       0x16 ./drivers/fsl_clock.o
 *fill*         0x00013b26        0x2 ff
 .rodata.__func__.5312
                0x00013b28       0x14 ./drivers/fsl_clock.o
 .rodata.__func__.5326
                0x00013b3c       0x17 ./drivers/fsl_clock.o
 *fill*         0x00013b53        0x1 ff
 .rodata        0x00013b54       0x3e ./drivers/fsl_common.o
 *fill*         0x00013b92        0x2 ff
 .rodata        0x00013b94      0x168 ./drivers/fsl_dma.o
 .rodata.s_dmaIRQNumber
                0x00013cfc        0x4 ./drivers/fsl_dma.o
 .rodata.__func__.5443
                0x00013d00       0x10 ./drivers/fsl_dma.o
 .rodata.__func__.5460
                0x00013d10       0x16 ./drivers/fsl_dma.o
 *fill*         0x00013d26        0x2 ff
 .rodata.__func__.5482
                0x00013d28       0x11 ./drivers/fsl_dma.o
 *fill*         0x00013d39        0x3 ff
 .rodata.__func__.5494
                0x00013d3c       0x14 ./drivers/fsl_dma.o
 .rodata.__func__.5529
                0x00013d50        0xe ./drivers/fsl_dma.o
 *fill*         0x00013d5e        0x2 ff
 .rodata.__func__.5397
                0x00013d60       0x1c ./drivers/fsl_dma.o
 .rodata        0x00013d7c       0x40 ./drivers/fsl_dmamux.o
 .rodata.__func__.5271
                0x00013dbc       0x13 ./drivers/fsl_dmamux.o
 *fill*         0x00013dcf        0x1 ff
 .rodata.s_portBases
                0x00013dd0       0x14 ./drivers/fsl_gpio.o
 .rodata.s_gpioBases
                0x00013de4       0x14 ./drivers/fsl_gpio.o
 .rodata        0x00013df8       0x68 ./drivers/fsl_gpio.o
 .rodata.__func__.5309
                0x00013e60       0x11 ./drivers/fsl_gpio.o
 *fill*         0x00013e71        0x3 ff
 .rodata.__func__.5315
                0x00013e74        0xd ./drivers/fsl_gpio.o
 *fill*         0x00013e81        0x3 ff
 .rodata.s_i2cDividerTable
                0x00013e84       0x80 ./drivers/fsl_i2c.o
 .rodata.s_i2cBases
                0x00013f04        0x8 ./drivers/fsl_i2c.o
 .rodata.s_i2cIrqs
                0x00013f0c        0x2 ./drivers/fsl_i2c.o
 *fill*         0x00013f0e        0x2 ff
 .rodata.s_i2cClocks
                0x00013f10        0x8 ./drivers/fsl_i2c.o
 .rodata        0x00013f18       0xc6 ./drivers/fsl_i2c.o
 *fill*         0x00013fde        0x2 ff
 .rodata.__func__.5495
                0x00013fe0       0x10 ./drivers/fsl_i2c.o
 .rodata.__func__.5551
                0x00013ff0        0xf ./drivers/fsl_i2c.o
 *fill*         0x00013fff        0x1 ff
 .rodata.__func__.5559
                0x00014000       0x1b ./drivers/fsl_i2c.o
 *fill*         0x0001401b        0x1 ff
 .rodata.__func__.5663
                0x0001401c       0x1b ./drivers/fsl_i2c.o
 *fill*         0x00014037        0x1 ff
 .rodata.__func__.5686
                0x00014038       0x1f ./drivers/fsl_i2c.o
 *fill*         0x00014057        0x1 ff
 .rodata.__func__.5693
                0x00014058       0x1e ./drivers/fsl_i2c.o
 *fill*         0x00014076        0x2 ff
 .rodata.__func__.5717
                0x00014078       0x1c ./drivers/fsl_i2c.o
 .rodata        0x00014094       0x43 ./drivers/fsl_lptmr.o
 *fill*         0x000140d7        0x1 ff
 .rodata.__func__.5337
                0x000140d8       0x12 ./drivers/fsl_lptmr.o
 *fill*         0x000140ea        0x2 ff
 .rodata.__func__.5342
                0x000140ec        0xb ./drivers/fsl_lptmr.o
 *fill*         0x000140f7        0x1 ff
 .rodata.__func__.5351
                0x000140f8       0x17 ./drivers/fsl_lptmr.o
 *fill*         0x0001410f        0x1 ff
 .rodata        0x00014110       0x5d ./drivers/fsl_slcd.o
 *fill*         0x0001416d        0x3 ff
 .rodata.__func__.5453
                0x00014170       0x11 ./drivers/fsl_slcd.o
 *fill*         0x00014181        0x3 ff
 .rodata.__func__.5458
                0x00014184        0xa ./drivers/fsl_slcd.o
 *fill*         0x0001418e        0x2 ff
 .rodata.__func__.5473
                0x00014190       0x16 ./drivers/fsl_slcd.o
 *fill*         0x000141a6        0x2 ff
 .rodata.s_tpmBases
                0x000141a8        0xc ./drivers/fsl_tpm.o
 .rodata.s_tpmClocks
                0x000141b4        0xc ./drivers/fsl_tpm.o
 .rodata        0x000141c0       0xb0 ./drivers/fsl_tpm.o
 .rodata.__func__.5414
                0x00014270       0x10 ./drivers/fsl_tpm.o
 .rodata.__func__.5419
                0x00014280        0x9 ./drivers/fsl_tpm.o
 *fill*         0x00014289        0x3 ff
 .rodata.__func__.5426
                0x0001428c       0x15 ./drivers/fsl_tpm.o
 *fill*         0x000142a1        0x3 ff
 .rodata.__func__.5435
                0x000142a4        0xd ./drivers/fsl_tpm.o
 *fill*         0x000142b1        0x3 ff
 .rodata.s_uartBases
                0x000142b4        0xc ./drivers/fsl_uart.o
 .rodata.s_uartIRQ
                0x000142c0        0x3 ./drivers/fsl_uart.o
 *fill*         0x000142c3        0x1 ff
 .rodata.s_uartClock
                0x000142c4        0xc ./drivers/fsl_uart.o
 .rodata        0x000142d0       0xaa ./drivers/fsl_uart.o
 *fill*         0x0001437a        0x2 ff
 .rodata.__func__.5445
                0x0001437c       0x11 ./drivers/fsl_uart.o
 *fill*         0x0001438d        0x3 ff
 .rodata.__func__.5449
                0x00014390       0x23 ./drivers/fsl_uart.o
 *fill*         0x000143b3        0x1 ff
 .rodata.__func__.5454
                0x000143b4       0x20 ./drivers/fsl_uart.o
 .rodata.__func__.5461
                0x000143d4        0xa ./drivers/fsl_uart.o
 *fill*         0x000143de        0x2 ff
 .rodata.__func__.5476
                0x000143e0       0x16 ./drivers/fsl_uart.o
 *fill*         0x000143f6        0x2 ff
 .rodata.__func__.5526
                0x000143f8       0x16 ./drivers/fsl_uart.o
 *fill*         0x0001440e        0x2 ff
 .rodata.__func__.5549
                0x00014410       0x15 ./drivers/fsl_uart.o
 *fill*         0x00014425        0x3 ff
 .rodata.__func__.5560
                0x00014428       0x1a ./drivers/fsl_uart.o
 *fill*         0x00014442        0x2 ff
 .rodata.__func__.5568
                0x00014444       0x1d ./drivers/fsl_uart.o
 *fill*         0x00014461        0x3 ff
 .rodata.__func__.5622
                0x00014464       0x17 ./drivers/fsl_uart.o
 *fill*         0x0001447b        0x1 ff
 .rodata.mcgliteConfig_BOARD_BootClockRUN
                0x0001447c        0x6 ./board/clock_config.o
                0x0001447c                mcgliteConfig_BOARD_BootClockRUN
 *fill*         0x00014482        0x2 ff
 .rodata.simConfig_BOARD_BootClockRUN
                0x00014484        0x8 ./board/clock_config.o
                0x00014484                simConfig_BOARD_BootClockRUN
 .rodata.oscConfig_BOARD_BootClockRUN
                0x0001448c        0x8 ./board/clock_config.o
                0x0001448c                oscConfig_BOARD_BootClockRUN
 .rodata.config
                0x00014494        0x1 ./board/clock_config.o
                0x00014494                config
 *fill*         0x00014495        0x3 ff
 .rodata        0x00014498       0x39 ./board/pin_mux.o
 *fill*         0x000144d1        0x3 ff
 .rodata.__func__.5290
                0x000144d4       0x12 ./board/pin_mux.o
 *fill*         0x000144e6        0x2 ff
 .rodata        0x000144e8       0x40 c:/nxp/mcuxpressoide_10.0.0_344/ide/tools/bin/../lib/gcc/arm-none-eabi/5.4.1/armv6-m\libgcc.a(divdf3.o)
 .rodata        0x00014528       0x40 c:/nxp/mcuxpressoide_10.0.0_344/ide/tools/bin/../lib/gcc/arm-none-eabi/5.4.1/armv6-m\libgcc.a(muldf3.o)
 .rodata.str1.4
                0x00014568       0x25 c:/nxp/mcuxpressoide_10.0.0_344/ide/tools/bin/../lib/gcc/arm-none-eabi/5.4.1/../../../../arm-none-eabi/lib/armv6-m\libc.a(lib_a-utoa.o)
 *fill*         0x0001458d        0x3 ff
 .rodata._vfprintf_r
                0x00014590      0x164 c:/nxp/mcuxpressoide_10.0.0_344/ide/tools/bin/../lib/gcc/arm-none-eabi/5.4.1/../../../../arm-none-eabi/lib/armv6-m\libc.a(lib_a-vfprintf.o)
 .rodata.zeroes.7271
                0x000146f4       0x10 c:/nxp/mcuxpressoide_10.0.0_344/ide/tools/bin/../lib/gcc/arm-none-eabi/5.4.1/../../../../arm-none-eabi/lib/armv6-m\libc.a(lib_a-vfprintf.o)
 .rodata.str1.4
                0x00014704       0x42 c:/nxp/mcuxpressoide_10.0.0_344/ide/tools/bin/../lib/gcc/arm-none-eabi/5.4.1/../../../../arm-none-eabi/lib/armv6-m\libc.a(lib_a-vfprintf.o)
 *fill*         0x00014746        0x2 ff
 .rodata.blanks.7270
                0x00014748       0x10 c:/nxp/mcuxpressoide_10.0.0_344/ide/tools/bin/../lib/gcc/arm-none-eabi/5.4.1/../../../../arm-none-eabi/lib/armv6-m\libc.a(lib_a-vfprintf.o)
 .rodata.str1.4
                0x00014758       0x10 c:/nxp/mcuxpressoide_10.0.0_344/ide/tools/bin/../lib/gcc/arm-none-eabi/5.4.1/../../../../arm-none-eabi/lib/armv6-m\libc.a(lib_a-dtoa.o)
                                 0x12 (size before relaxing)
 .rodata.str1.4
                0x00014768       0x10 c:/nxp/mcuxpressoide_10.0.0_344/ide/tools/bin/../lib/gcc/arm-none-eabi/5.4.1/../../../../arm-none-eabi/lib/armv6-m\libc.a(lib_a-locale.o)
                                 0x12 (size before relaxing)
 .rodata.__mprec_tens
                0x00014778       0xc8 c:/nxp/mcuxpressoide_10.0.0_344/ide/tools/bin/../lib/gcc/arm-none-eabi/5.4.1/../../../../arm-none-eabi/lib/armv6-m\libc.a(lib_a-mprec.o)
                0x00014778                __mprec_tens
 .rodata.p05.6085
                0x00014840        0xc c:/nxp/mcuxpressoide_10.0.0_344/ide/tools/bin/../lib/gcc/arm-none-eabi/5.4.1/../../../../arm-none-eabi/lib/armv6-m\libc.a(lib_a-mprec.o)
 *fill*         0x0001484c        0x4 ff
 .rodata.__mprec_bigtens
                0x00014850       0x28 c:/nxp/mcuxpressoide_10.0.0_344/ide/tools/bin/../lib/gcc/arm-none-eabi/5.4.1/../../../../arm-none-eabi/lib/armv6-m\libc.a(lib_a-mprec.o)
                0x00014850                __mprec_bigtens
 .rodata._ctype_
                0x00014878      0x101 c:/nxp/mcuxpressoide_10.0.0_344/ide/tools/bin/../lib/gcc/arm-none-eabi/5.4.1/../../../../arm-none-eabi/lib/armv6-m\libc.a(lib_a-ctype_.o)
                0x00014878                _ctype_
 .rodata.str1.1
                0x00014979       0x12 c:/nxp/mcuxpressoide_10.0.0_344/ide/tools/bin/../lib/gcc/arm-none-eabi/5.4.1/../../../../arm-none-eabi/lib/armv6-m\libc_nano.a(lib_a-nano-vfprintf_float.o)
 .rodata.str1.1
                0x0001498b       0x22 c:/nxp/mcuxpressoide_10.0.0_344/ide/tools/bin/../lib/gcc/arm-none-eabi/5.4.1/../../../../arm-none-eabi/lib/armv6-m\libc_nano.a(lib_a-nano-vfprintf_i.o)
 .rodata.str1.1
                0x000149ad        0x5 c:/nxp/mcuxpressoide_10.0.0_344/ide/tools/bin/../lib/gcc/arm-none-eabi/5.4.1/../../../../arm-none-eabi/lib/armv6-m\libc_nano.a(lib_a-nano-vfscanf_float.o)
 *fill*         0x000149b2        0x6 ff
 .rodata.tinytens
                0x000149b8       0x28 c:/nxp/mcuxpressoide_10.0.0_344/ide/tools/bin/../lib/gcc/arm-none-eabi/5.4.1/../../../../arm-none-eabi/lib/armv6-m\libc_nano.a(lib_a-strtod.o)
 .rodata.fpi.6179
                0x000149e0       0x14 c:/nxp/mcuxpressoide_10.0.0_344/ide/tools/bin/../lib/gcc/arm-none-eabi/5.4.1/../../../../arm-none-eabi/lib/armv6-m\libc_nano.a(lib_a-strtod.o)
 .rodata.str1.1
                0x000149f4        0x6 c:/nxp/mcuxpressoide_10.0.0_344/ide/tools/bin/../lib/gcc/arm-none-eabi/5.4.1/../../../../arm-none-eabi/lib/armv6-m\libc_nano.a(lib_a-strtod.o)
                                  0xc (size before relaxing)
 *fill*         0x000149fa        0x2 ff
 .rodata.fpinan.6215
                0x000149fc       0x14 c:/nxp/mcuxpressoide_10.0.0_344/ide/tools/bin/../lib/gcc/arm-none-eabi/5.4.1/../../../../arm-none-eabi/lib/armv6-m\libc_nano.a(lib_a-strtod.o)
 .rodata.str1.1
                0x00014a10       0x11 c:/nxp/mcuxpressoide_10.0.0_344/ide/tools/bin/../lib/gcc/arm-none-eabi/5.4.1/../../../../arm-none-eabi/lib/armv6-m\libc_nano.a(lib_a-nano-svfprintf.o)
 .rodata.str1.1
                0x00014a21        0x4 c:/nxp/mcuxpressoide_10.0.0_344/ide/tools/bin/../lib/gcc/arm-none-eabi/5.4.1/../../../../arm-none-eabi/lib/armv6-m\libcr_newlib_semihost.a(syscalls.o)
                0x00014a28                . = ALIGN (0x4)
 *fill*         0x00014a25        0x3 ff

.glue_7         0x00014a28        0x0
 .glue_7        0x00014a28        0x0 linker stubs

.glue_7t        0x00014a28        0x0
 .glue_7t       0x00014a28        0x0 linker stubs

.vfp11_veneer   0x00014a28        0x0
 .vfp11_veneer  0x00014a28        0x0 linker stubs

.v4_bx          0x00014a28        0x0
 .v4_bx         0x00014a28        0x0 linker stubs

.init           0x00014a28        0x4
 .init          0x00014a28        0x4 c:/nxp/mcuxpressoide_10.0.0_344/ide/tools/bin/../lib/gcc/arm-none-eabi/5.4.1/armv6-m/crti.o
                0x00014a28                _init

.fini           0x00014a2c        0x4
 .fini          0x00014a2c        0x4 c:/nxp/mcuxpressoide_10.0.0_344/ide/tools/bin/../lib/gcc/arm-none-eabi/5.4.1/armv6-m/crti.o