Archive member included to satisfy reference by file (symbol)

c:/nxp/mcuxpressoide_10.0.0_344/ide/tools/bin/../lib/gcc/arm-none-eabi/5.4.1/armv6-m\libgcc.a(_udivsi3.o)
                              ./utilities/fsl_debug_console.o (__aeabi_uidiv)
c:/nxp/mcuxpressoide_10.0.0_344/ide/tools/bin/../lib/gcc/arm-none-eabi/5.4.1/armv6-m\libgcc.a(_divsi3.o)
                              ./utilities/fsl_debug_console.o (__aeabi_idiv)
c:/nxp/mcuxpressoide_10.0.0_344/ide/tools/bin/../lib/gcc/arm-none-eabi/5.4.1/armv6-m\libgcc.a(_dvmd_tls.o)
                              c:/nxp/mcuxpressoide_10.0.0_344/ide/tools/bin/../lib/gcc/arm-none-eabi/5.4.1/armv6-m\libgcc.a(_udivsi3.o) (__aeabi_idiv0)
c:/nxp/mcuxpressoide_10.0.0_344/ide/tools/bin/../lib/gcc/arm-none-eabi/5.4.1/armv6-m\libgcc.a(_arm_cmpdf2.o)
                              ./utilities/fsl_debug_console.o (__aeabi_dcmpeq)
c:/nxp/mcuxpressoide_10.0.0_344/ide/tools/bin/../lib/gcc/arm-none-eabi/5.4.1/armv6-m\libgcc.a(_aeabi_uldivmod.o)
                              ./source/_Timer.o (__aeabi_uldivmod)
c:/nxp/mcuxpressoide_10.0.0_344/ide/tools/bin/../lib/gcc/arm-none-eabi/5.4.1/armv6-m\libgcc.a(_muldi3.o)
                              ./utilities/fsl_debug_console.o (__aeabi_lmul)
c:/nxp/mcuxpressoide_10.0.0_344/ide/tools/bin/../lib/gcc/arm-none-eabi/5.4.1/armv6-m\libgcc.a(_fixdfdi.o)
                              ./utilities/fsl_debug_console.o (__aeabi_d2lz)
c:/nxp/mcuxpressoide_10.0.0_344/ide/tools/bin/../lib/gcc/arm-none-eabi/5.4.1/armv6-m\libgcc.a(_fixunsdfdi.o)
                              c:/nxp/mcuxpressoide_10.0.0_344/ide/tools/bin/../lib/gcc/arm-none-eabi/5.4.1/armv6-m\libgcc.a(_fixdfdi.o) (__aeabi_d2ulz)
c:/nxp/mcuxpressoide_10.0.0_344/ide/tools/bin/../lib/gcc/arm-none-eabi/5.4.1/armv6-m\libgcc.a(_floatdidf.o)
                              ./utilities/fsl_debug_console.o (__aeabi_l2d)
c:/nxp/mcuxpressoide_10.0.0_344/ide/tools/bin/../lib/gcc/arm-none-eabi/5.4.1/armv6-m\libgcc.a(_udivmoddi4.o)
                              c:/nxp/mcuxpressoide_10.0.0_344/ide/tools/bin/../lib/gcc/arm-none-eabi/5.4.1/armv6-m\libgcc.a(_aeabi_uldivmod.o) (__udivmoddi4)
c:/nxp/mcuxpressoide_10.0.0_344/ide/tools/bin/../lib/gcc/arm-none-eabi/5.4.1/armv6-m\libgcc.a(adddf3.o)
                              ./utilities/fsl_debug_console.o (__aeabi_dadd)
c:/nxp/mcuxpressoide_10.0.0_344/ide/tools/bin/../lib/gcc/arm-none-eabi/5.4.1/armv6-m\libgcc.a(divdf3.o)
                              ./utilities/fsl_debug_console.o (__aeabi_ddiv)
c:/nxp/mcuxpressoide_10.0.0_344/ide/tools/bin/../lib/gcc/arm-none-eabi/5.4.1/armv6-m\libgcc.a(eqdf2.o)
                              c:/nxp/mcuxpressoide_10.0.0_344/ide/tools/bin/../lib/gcc/arm-none-eabi/5.4.1/armv6-m\libgcc.a(_arm_cmpdf2.o) (__eqdf2)
c:/nxp/mcuxpressoide_10.0.0_344/ide/tools/bin/../lib/gcc/arm-none-eabi/5.4.1/armv6-m\libgcc.a(gedf2.o)
                              c:/nxp/mcuxpressoide_10.0.0_344/ide/tools/bin/../lib/gcc/arm-none-eabi/5.4.1/armv6-m\libgcc.a(_arm_cmpdf2.o) (__gedf2)
c:/nxp/mcuxpressoide_10.0.0_344/ide/tools/bin/../lib/gcc/arm-none-eabi/5.4.1/armv6-m\libgcc.a(ledf2.o)
                              c:/nxp/mcuxpressoide_10.0.0_344/ide/tools/bin/../lib/gcc/arm-none-eabi/5.4.1/armv6-m\libgcc.a(_arm_cmpdf2.o) (__ledf2)
c:/nxp/mcuxpressoide_10.0.0_344/ide/tools/bin/../lib/gcc/arm-none-eabi/5.4.1/armv6-m\libgcc.a(muldf3.o)
                              ./utilities/fsl_debug_console.o (__aeabi_dmul)
c:/nxp/mcuxpressoide_10.0.0_344/ide/tools/bin/../lib/gcc/arm-none-eabi/5.4.1/armv6-m\libgcc.a(subdf3.o)
                              ./utilities/fsl_debug_console.o (__aeabi_dsub)
c:/nxp/mcuxpressoide_10.0.0_344/ide/tools/bin/../lib/gcc/arm-none-eabi/5.4.1/armv6-m\libgcc.a(fixdfsi.o)
                              ./utilities/fsl_debug_console.o (__aeabi_d2iz)
c:/nxp/mcuxpressoide_10.0.0_344/ide/tools/bin/../lib/gcc/arm-none-eabi/5.4.1/armv6-m\libgcc.a(floatsidf.o)
                              ./utilities/fsl_debug_console.o (__aeabi_i2d)
c:/nxp/mcuxpressoide_10.0.0_344/ide/tools/bin/../lib/gcc/arm-none-eabi/5.4.1/armv6-m\libgcc.a(floatunsidf.o)
                              ./utilities/fsl_debug_console.o (__aeabi_ui2d)
c:/nxp/mcuxpressoide_10.0.0_344/ide/tools/bin/../lib/gcc/arm-none-eabi/5.4.1/armv6-m\libgcc.a(_clzsi2.o)
                              c:/nxp/mcuxpressoide_10.0.0_344/ide/tools/bin/../lib/gcc/arm-none-eabi/5.4.1/armv6-m\libgcc.a(adddf3.o) (__clzsi2)
c:/nxp/mcuxpressoide_10.0.0_344/ide/tools/bin/../lib/gcc/arm-none-eabi/5.4.1/armv6-m\libgcc.a(_clzdi2.o)
                              c:/nxp/mcuxpressoide_10.0.0_344/ide/tools/bin/../lib/gcc/arm-none-eabi/5.4.1/armv6-m\libgcc.a(_udivmoddi4.o) (__clzdi2)
c:/nxp/mcuxpressoide_10.0.0_344/ide/tools/bin/../lib/gcc/arm-none-eabi/5.4.1/armv6-m\libgcc.a(_fixunsdfsi.o)
                              c:/nxp/mcuxpressoide_10.0.0_344/ide/tools/bin/../lib/gcc/arm-none-eabi/5.4.1/armv6-m\libgcc.a(_fixunsdfdi.o) (__aeabi_d2uiz)
[...]
Memory Configuration

Name             Origin             Length             Attributes
PROGRAM_FLASH    0x00000000         0x00040000         xr
SRAM             0x1fffe000         0x00008000         xrw
*default*        0x00000000         0xffffffff

Linker script and memory map

LOAD c:/nxp/mcuxpressoide_10.0.0_344/ide/tools/bin/../lib/gcc/arm-none-eabi/5.4.1/armv6-m/crti.o
LOAD c:/nxp/mcuxpressoide_10.0.0_344/ide/tools/bin/../lib/gcc/arm-none-eabi/5.4.1/armv6-m/crtbegin.o
LOAD c:/nxp/mcuxpressoide_10.0.0_344/ide/tools/bin/../lib/gcc/arm-none-eabi/5.4.1/../../../../arm-none-eabi/lib/armv6-m/crt0.o
LOAD ./utilities/fsl_debug_console.o
LOAD ./startup/startup_mkl43z4.o
LOAD ./source/SmartTorqueFW.o
LOAD ./source/_ADCSense.o
LOAD ./source/_Bluetooth.o
LOAD ./source/_Display.o
LOAD ./source/_FRAM.o
LOAD ./source/_HMI.o
LOAD ./source/_RTC.o
LOAD ./source/_Sys_Control.o
LOAD ./source/_Timer.o
LOAD ./freertos/croutine.o
LOAD ./freertos/event_groups.o
LOAD ./freertos/fsl_tickless_lptmr.o
LOAD ./freertos/fsl_tickless_systick.o
LOAD ./freertos/heap_4.o
LOAD ./freertos/list.o
LOAD ./freertos/port.o
LOAD ./freertos/queue.o
LOAD ./freertos/tasks.o
LOAD ./freertos/timers.o
LOAD ./drivers/fsl_adc16.o
LOAD ./drivers/fsl_clock.o
LOAD ./drivers/fsl_common.o
LOAD ./drivers/fsl_dma.o
LOAD ./drivers/fsl_dmamux.o
LOAD ./drivers/fsl_flash.o
LOAD ./drivers/fsl_gpio.o
LOAD ./drivers/fsl_i2c.o
LOAD ./drivers/fsl_i2c_freertos.o
LOAD ./drivers/fsl_lptmr.o
LOAD ./drivers/fsl_lpuart.o
LOAD ./drivers/fsl_lpuart_freertos.o
LOAD ./drivers/fsl_pmc.o
LOAD ./drivers/fsl_rtc.o
LOAD ./drivers/fsl_slcd.o
LOAD ./drivers/fsl_smc.o
LOAD ./drivers/fsl_tpm.o
LOAD ./drivers/fsl_uart.o
LOAD ./drivers/fsl_uart_freertos.o
LOAD ./board/board.o
LOAD ./board/clock_config.o
LOAD ./board/mtb.o
LOAD ./board/pin_mux.o
LOAD ./CMSIS/system_MKL43Z4.o
START GROUP
LOAD c:/nxp/mcuxpressoide_10.0.0_344/ide/tools/bin/../lib/gcc/arm-none-eabi/5.4.1/armv6-m\libgcc.a
LOAD c:/nxp/mcuxpressoide_10.0.0_344/ide/tools/bin/../lib/gcc/arm-none-eabi/5.4.1/../../../../arm-none-eabi/lib/armv6-m\libc.a
END GROUP
LOAD c:/nxp/mcuxpressoide_10.0.0_344/ide/tools/bin/../lib/gcc/arm-none-eabi/5.4.1/armv6-m/crtend.o
LOAD c:/nxp/mcuxpressoide_10.0.0_344/ide/tools/bin/../lib/gcc/arm-none-eabi/5.4.1/armv6-m/crtn.o
START GROUP
LOAD c:/nxp/mcuxpressoide_10.0.0_344/ide/tools/bin/../lib/gcc/arm-none-eabi/5.4.1/../../../../arm-none-eabi/lib/armv6-m\libcr_nohost_nf.a
LOAD c:/nxp/mcuxpressoide_10.0.0_344/ide/tools/bin/../lib/gcc/arm-none-eabi/5.4.1/../../../../arm-none-eabi/lib/armv6-m\libcr_c.a
LOAD c:/nxp/mcuxpressoide_10.0.0_344/ide/tools/bin/../lib/gcc/arm-none-eabi/5.4.1/armv6-m\libcr_eabihelpers.a
END GROUP
                0x00000000                __base_PROGRAM_FLASH = 0x0
                0x00000000                __base_Flash = 0x0
                0x00040000                __top_PROGRAM_FLASH = 0x40000
                0x00040000                __top_Flash = 0x40000
                0x1fffe000                __base_SRAM = 0x1fffe000
                0x1fffe000                __base_RAM = 0x1fffe000
                0x20006000                __top_SRAM = 0x20006000
                0x20006000                __top_RAM = 0x20006000

.text           0x00000000     0xd738
 FILL mask 0xff
                0x00000000                __vectors_start__ = ABSOLUTE (.)
 *(.isr_vector)
 .isr_vector    0x00000000       0xc0 ./startup/startup_mkl43z4.o
                0x00000000                g_pfnVectors
                0x00000000                __Vectors
                0x000000c0                . = ALIGN (0x4)
                0x000000c0                __section_table_start = .
                0x000000c0                __data_section_table = .
                0x000000c0        0x4 LONG 0xd748 LOADADDR (.data)
                0x000000c4        0x4 LONG 0x1fffe080 ADDR (.data)
                0x000000c8        0x4 LONG 0x5b8 SIZEOF (.data)
                0x000000cc                __data_section_table_end = .
                0x000000cc                __bss_section_table = .
                0x000000cc        0x4 LONG 0x1fffe638 ADDR (.bss)
                0x000000d0        0x4 LONG 0x2cdc SIZEOF (.bss)
                0x000000d4                __bss_section_table_end = .
                0x000000d4                __section_table_end = .
 *(.after_vectors*)
 .after_vectors.init_data
                0x000000d4       0x18 ./startup/startup_mkl43z4.o
                0x000000d4                data_init
 .after_vectors.init_bss
                0x000000ec       0x14 ./startup/startup_mkl43z4.o
                0x000000ec                bss_init
 .after_vectors.reset
                0x00000100       0x4c ./startup/startup_mkl43z4.o
                0x00000100                ResetISR
 .after_vectors
                0x0000014c      0x118 ./startup/startup_mkl43z4.o
                0x0000014c                NMI_Handler
                0x00000150                HardFault_Handler
                0x00000160                Reserved42_DriverIRQHandler
                0x00000160                PIT_DriverIRQHandler
                0x00000160                SPI1_DriverIRQHandler
                0x00000160                LPTMR0_DriverIRQHandler
                0x00000160                PORTC_PORTD_DriverIRQHandler
                0x00000160                PMC_DriverIRQHandler
                0x00000160                Reserved43_DriverIRQHandler
                0x00000160                CMP0_DriverIRQHandler
                0x00000160                I2S0_DriverIRQHandler
                0x00000160                ADC0_DriverIRQHandler
                0x00000160                TPM2_DriverIRQHandler
                0x00000160                SPI0_DriverIRQHandler
                0x00000160                LCD_DriverIRQHandler
                0x00000160                RTC_DriverIRQHandler
                0x00000160                RTC_Seconds_DriverIRQHandler
                0x00000160                LLWU_DriverIRQHandler
                0x00000160                TPM1_DriverIRQHandler
                0x00000160                PORTA_DriverIRQHandler
                0x00000160                UART2_FLEXIO_DriverIRQHandler
                0x00000160                FTFA_DriverIRQHandler
                0x00000160                IntDefaultHandler
                0x00000160                USB0_DriverIRQHandler
                0x00000160                DAC0_DriverIRQHandler
                0x00000160                TPM0_DriverIRQHandler
                0x00000160                Reserved20_DriverIRQHandler
                0x0000016c                DMA1_IRQHandler
                0x00000174                DMA2_IRQHandler
                0x0000017c                DMA3_IRQHandler
                0x00000184                Reserved20_IRQHandler
                0x0000018c                FTFA_IRQHandler
                0x00000194                PMC_IRQHandler
                0x0000019c                LLWU_IRQHandler
                0x000001a4                I2C0_IRQHandler
                0x000001ac                I2C1_IRQHandler
                0x000001b4                SPI0_IRQHandler
                0x000001bc                SPI1_IRQHandler
                0x000001c4                LPUART0_IRQHandler
                0x000001cc                LPUART1_IRQHandler
                0x000001dc                ADC0_IRQHandler
                0x000001e4                CMP0_IRQHandler
                0x000001ec                TPM0_IRQHandler
                0x000001fc                TPM2_IRQHandler
                0x00000204                RTC_IRQHandler
                0x00000214                PIT_IRQHandler
                0x0000021c                I2S0_IRQHandler
                0x00000224                USB0_IRQHandler
                0x0000022c                DAC0_IRQHandler
                0x00000234                Reserved42_IRQHandler
                0x0000023c                Reserved43_IRQHandler
                0x00000244                LPTMR0_IRQHandler
                0x0000024c                LCD_IRQHandler
                0x00000400                . = 0x400
 *fill*         0x00000264      0x19c ff
                0x00000400                PROVIDE (__FLASH_CONFIG_START__, .)
 *(.FlashConfig)
 .FlashConfig   0x00000400       0x10 ./startup/startup_mkl43z4.o
                0x00000400                Flash_Config
                0x00000410                PROVIDE (__FLASH_CONFIG_END__, .)
                0x00000001                ASSERT (! ((__FLASH_CONFIG_START__ == __FLASH_CONFIG_END__)), Linker Flash Config Support Enabled, but no .FlashConfig section provided within application)
 *(.text*)
 .text.DbgConsole_Printf
                0x00000410       0x44 ./utilities/fsl_debug_console.o
                0x00000410                DbgConsole_Printf
 .text.DbgConsole_Putchar
                0x00000454       0x34 ./utilities/fsl_debug_console.o
                0x00000454                DbgConsole_Putchar
 .text.DbgConsole_PrintfPaddingCharacter
                0x00000488       0x48 ./utilities/fsl_debug_console.o
 .text.DbgConsole_ConvertRadixNumToString
                0x000004d0      0x114 ./utilities/fsl_debug_console.o
 .text.DbgConsole_ConvertFloatRadixNumToString
                0x000005e4      0x29c ./utilities/fsl_debug_console.o
 .text.DbgConsole_PrintfFormattedData
                0x00000880      0x374 ./utilities/fsl_debug_console.o
 .text.main     0x00000bf4       0xa4 ./source/SmartTorqueFW.o
                0x00000bf4                main
 .text.vApplicationTickHook
                0x00000c98       0x2c ./source/SmartTorqueFW.o
                0x00000c98                vApplicationTickHook
 .text.vApplicationMallocFailedHook
                0x00000cc4        0x8 ./source/SmartTorqueFW.o
                0x00000cc4                vApplicationMallocFailedHook
 .text.vApplicationStackOverflowHook
                0x00000ccc        0xc ./source/SmartTorqueFW.o
                0x00000ccc                vApplicationStackOverflowHook
 .text.vApplicationIdleHook
                0x00000cd8       0x18 ./source/SmartTorqueFW.o
                0x00000cd8                vApplicationIdleHook
 .text.NVIC_EnableIRQ
                0x00000cf0       0x2c ./source/_ADCSense.o
 .text.ADC16_EnableDMA
                0x00000d1c       0x3c ./source/_ADCSense.o
 .text.ADC16_EnableHardwareTrigger
                0x00000d58       0x3c ./source/_ADCSense.o
 .text.DMA_EnableCycleSteal
                0x00000d94       0x70 ./source/_ADCSense.o
 .text.DMA_EnableAsyncRequest
                0x00000e04       0x70 ./source/_ADCSense.o
 .text.DMA_EnableInterrupts
                0x00000e74       0x5c ./source/_ADCSense.o
 .text.DMA_ClearChannelStatusFlags
                0x00000ed0       0x64 ./source/_ADCSense.o
 .text.DMA_StartTransfer
                0x00000f34       0x64 ./source/_ADCSense.o
 .text.LPTMR_SetTimerPeriod
                0x00000f98       0x40 ./source/_ADCSense.o
 .text.LPTMR_StartTimer
                0x00000fd8       0x2c ./source/_ADCSense.o
 .text.LPTMR_StopTimer
                0x00001004       0x2c ./source/_ADCSense.o
 .text.DMAMUX_EnableChannel
                0x00001030       0x4c ./source/_ADCSense.o
 .text.DMAMUX_SetSource
                0x0000107c       0x5c ./source/_ADCSense.o
 .text.ADC_INIT
                0x000010d8       0xd0 ./source/_ADCSense.o
                0x000010d8                ADC_INIT
 .text.BOARD_ConfigTrigger
                0x000011a8       0x24 ./source/_ADCSense.o
                0x000011a8                BOARD_ConfigTrigger
 .text.DMA_CONFIG
                0x000011cc       0xb0 ./source/_ADCSense.o
                0x000011cc                DMA_CONFIG
 .text.DMA0_IRQHandler
                0x0000127c       0xe0 ./source/_ADCSense.o
                0x0000127c                DMA0_IRQHandler
 .text.getMeasurements
                0x0000135c      0x118 ./source/_ADCSense.o
                0x0000135c                getMeasurements
 .text.LPTMR_TRIG
                0x00001474       0x30 ./source/_ADCSense.o
                0x00001474                LPTMR_TRIG
 .text.vADC16Task
                0x000014a4       0x40 ./source/_ADCSense.o
                0x000014a4                vADC16Task
 .text.NVIC_EnableIRQ
                0x000014e4       0x2c ./source/_Bluetooth.o
 .text.NVIC_SetPriority
                0x00001510       0xdc ./source/_Bluetooth.o
 .text.EnableIRQ
                0x000015ec       0x2c ./source/_Bluetooth.o
 .text.UART_WriteByte
                0x00001618       0x20 ./source/_Bluetooth.o
 .text.UART_ReadByte
                0x00001638       0x18 ./source/_Bluetooth.o
 .text.on_message_send
                0x00001650       0xcc ./source/_Bluetooth.o
                0x00001650                on_message_send
 .text.Bluetooth_INIT
                0x0000171c       0x74 ./source/_Bluetooth.o
                0x0000171c                Bluetooth_INIT
 .text.UART2_FLEXIO_IRQHandler
                0x00001790       0x78 ./source/_Bluetooth.o
                0x00001790                UART2_FLEXIO_IRQHandler
 .text.vBluetoothTask
                0x00001808      0x5a4 ./source/_Bluetooth.o
                0x00001808                vBluetoothTask
 .text.Bluetooth_Send
                0x00001dac       0x80 ./source/_Bluetooth.o
                0x00001dac                Bluetooth_Send
 .text.Bluetooth_Reset
                0x00001e2c       0x30 ./source/_Bluetooth.o
                0x00001e2c                Bluetooth_Reset
 .text.print_address
                0x00001e5c       0x54 ./source/_Bluetooth.o
                0x00001e5c                print_address
 .text.CLOCK_EnableClock
                0x00001eb0       0x38 ./source/_Display.o
 .text.SLCD_StartDisplay
                0x00001ee8       0x1c ./source/_Display.o
 .text.SLCD_StopBlinkMode
                0x00001f04       0x20 ./source/_Display.o
 .text.SLCD_SetBackPlanePhase
                0x00001f24       0x28 ./source/_Display.o
 .text.SLCD_SetFrontPlaneSegments
                0x00001f4c       0x28 ./source/_Display.o
 .text.PORT_SetPinMux
                0x00001f74       0x40 ./source/_Display.o
 .text.InitPins
                0x00001fb4       0xdc ./source/_Display.o
                0x00001fb4                InitPins
 .text.Display_Init
                0x00002090       0xcc ./source/_Display.o
                0x00002090                Display_Init
 .text.Display_Blink
                0x0000215c       0x1c ./source/_Display.o
                0x0000215c                Display_Blink
 .text.Display_Stop_Blink
                0x00002178       0x18 ./source/_Display.o
                0x00002178                Display_Stop_Blink
 .text.Set_Display
                0x00002190       0xd4 ./source/_Display.o
                0x00002190                Set_Display
 .text.Display_Number
                0x00002264      0x170 ./source/_Display.o
                0x00002264                Display_Number
 .text.CLOCK_EnableClock
                0x000023d4       0x38 ./source/_FRAM.o
 .text.PORT_SetPinConfig
                0x0000240c       0x48 ./source/_FRAM.o
 .text.GPIO_WritePinOutput
                0x00002454       0x34 ./source/_FRAM.o
 .text.i2c_master_callback
                0x00002488       0x48 ./source/_FRAM.o
                0x00002488                i2c_master_callback
 .text.FRAM_INIT
                0x000024d0       0x88 ./source/_FRAM.o
                0x000024d0                FRAM_INIT
 .text.i2c_release_bus_delay
                0x00002558       0x28 ./source/_FRAM.o
 .text.BOARD_I2C_ReleaseBus
                0x00002580      0x178 ./source/_FRAM.o
                0x00002580                BOARD_I2C_ReleaseBus
 .text.write    0x000026f8       0xbc ./source/_FRAM.o
                0x000026f8                write
 .text.read     0x000027b4       0xb8 ./source/_FRAM.o
                0x000027b4                read
 .text.NVIC_EnableIRQ
                0x0000286c       0x2c ./source/_HMI.o
 .text.EnableIRQ
                0x00002898       0x2c ./source/_HMI.o
 .text.PORT_SetPinInterruptConfig
                0x000028c4       0x40 ./source/_HMI.o
 .text.PORTA_IRQHandler
                0x00002904       0xa4 ./source/_HMI.o
                0x00002904                PORTA_IRQHandler
 .text.PORTC_PORTD_IRQHandler
                0x000029a8       0x74 ./source/_HMI.o
                0x000029a8                PORTC_PORTD_IRQHandler
 .text.HMI_INIT
                0x00002a1c       0x68 ./source/_HMI.o
                0x00002a1c                HMI_INIT
 .text.RTC_Seconds_IRQHandler
                0x00002a84       0x90 ./source/_RTC.o
                0x00002a84                RTC_Seconds_IRQHandler
 .text.GPIO_WritePinOutput
                0x00002b14       0x34 ./source/_Sys_Control.o
 .text.GPIO_SetPinsOutput
                0x00002b48       0x18 ./source/_Sys_Control.o
 .text.GPIO_ClearPinsOutput
                0x00002b60       0x18 ./source/_Sys_Control.o
 .text.Sys_Control_INIT
                0x00002b78       0xec ./source/_Sys_Control.o
                0x00002b78                Sys_Control_INIT
 .text.HandleButtons
                0x00002c64       0xa0 ./source/_Sys_Control.o
                0x00002c64                HandleButtons
 .text.UpdateDisplay
                0x00002d04       0x1c ./source/_Sys_Control.o
                0x00002d04                UpdateDisplay
 .text.vSystemControllerTask
                0x00002d20      0x208 ./source/_Sys_Control.o
                0x00002d20                vSystemControllerTask
 .text.ConfigurationBuilder
                0x00002f28      0x6e8 ./source/_Sys_Control.o
                0x00002f28                ConfigurationBuilder
 .text.Set_Configuration_default
                0x00003610       0x60 ./source/_Sys_Control.o
                0x00003610                Set_Configuration_default
 .text.NVIC_EnableIRQ
                0x00003670       0x2c ./source/_Timer.o
 .text.CLOCK_SetTpmClock
                0x0000369c       0x38 ./source/_Timer.o
 .text.EnableIRQ
                0x000036d4       0x2c ./source/_Timer.o
 .text.TPM_ClearStatusFlags
                0x00003700       0x18 ./source/_Timer.o
 .text.TPM_SetTimerPeriod
                0x00003718       0x18 ./source/_Timer.o
 .text.TPM_StartTimer
                0x00003730       0x3c ./source/_Timer.o
 .text.TPM_StopTimer
                0x0000376c       0x2c ./source/_Timer.o
 .text.Timer_INIT
                0x00003798       0x4c ./source/_Timer.o
                0x00003798                Timer_INIT
 .text.delay_ms
                0x000037e4       0x60 ./source/_Timer.o
                0x000037e4                delay_ms
 .text.delay_us
                0x00003844       0x84 ./source/_Timer.o
                0x00003844                delay_us
 .text.TPM1_IRQHandler
                0x000038c8       0x2c ./source/_Timer.o
                0x000038c8                TPM1_IRQHandler
 .text.xEventGroupCreate
                0x000038f4       0x30 ./freertos/event_groups.o
                0x000038f4                xEventGroupCreate
 .text.xEventGroupSetBits
                0x00003924       0xf4 ./freertos/event_groups.o
                0x00003924                xEventGroupSetBits
 .text.vEventGroupDelete
                0x00003a18       0x54 ./freertos/event_groups.o
                0x00003a18                vEventGroupDelete
 .text.vEventGroupSetBitsCallback
                0x00003a6c       0x20 ./freertos/event_groups.o
                0x00003a6c                vEventGroupSetBitsCallback
 .text.xEventGroupSetBitsFromISR
                0x00003a8c       0x2c ./freertos/event_groups.o
                0x00003a8c                xEventGroupSetBitsFromISR
 .text.prvSetupTimerInterrupt
                0x00003ab8       0x3c ./freertos/fsl_tickless_lptmr.o
                0x00003ab8                prvSetupTimerInterrupt
 .text.pvPortMalloc
                0x00003af4      0x154 ./freertos/heap_4.o
                0x00003af4                pvPortMalloc
 .text.vPortFree
                0x00003c48       0x90 ./freertos/heap_4.o
                0x00003c48                vPortFree
 .text.xPortGetFreeHeapSize
                0x00003cd8       0x14 ./freertos/heap_4.o
                0x00003cd8                xPortGetFreeHeapSize
 .text.prvHeapInit
                0x00003cec       0xc0 ./freertos/heap_4.o
 .text.prvInsertBlockIntoFreeList
                0x00003dac       0xb0 ./freertos/heap_4.o
 .text.vListInitialise
                0x00003e5c       0x3c ./freertos/list.o
                0x00003e5c                vListInitialise
 .text.vListInitialiseItem
                0x00003e98       0x18 ./freertos/list.o
                0x00003e98                vListInitialiseItem
 .text.vListInsertEnd
                0x00003eb0       0x44 ./freertos/list.o
                0x00003eb0                vListInsertEnd
 .text.vListInsert
                0x00003ef4       0x6c ./freertos/list.o
                0x00003ef4                vListInsert
 .text.uxListRemove
                0x00003f60       0x50 ./freertos/list.o
                0x00003f60                uxListRemove
 .text.pxPortInitialiseStack
                0x00003fb0       0x54 ./freertos/port.o
                0x00003fb0                pxPortInitialiseStack
 .text.prvTaskExitError
                0x00004004       0x18 ./freertos/port.o
 .text.SVC_Handler
                0x0000401c        0xc ./freertos/port.o
                0x0000401c                SVC_Handler
 *fill*         0x00004028        0x8 ff
 .text.vPortStartFirstTask
                0x00004030       0x38 ./freertos/port.o
 .text.xPortStartScheduler
                0x00004068       0x44 ./freertos/port.o
                0x00004068                xPortStartScheduler
 .text.vPortYield
                0x000040ac       0x20 ./freertos/port.o
                0x000040ac                vPortYield
 .text.vPortEnterCritical
                0x000040cc       0x24 ./freertos/port.o
                0x000040cc                vPortEnterCritical
 .text.vPortExitCritical
                0x000040f0       0x30 ./freertos/port.o
                0x000040f0                vPortExitCritical
 .text.ulSetInterruptMaskFromISR
                0x00004120        0xc ./freertos/port.o
                0x00004120                ulSetInterruptMaskFromISR
 .text.vClearInterruptMaskFromISR
                0x0000412c        0x8 ./freertos/port.o
                0x0000412c                vClearInterruptMaskFromISR
 *fill*         0x00004134        0xc ff
 .text.PendSV_Handler
                0x00004140       0x48 ./freertos/port.o
                0x00004140                PendSV_Handler
 .text.SysTick_Handler
                0x00004188       0x34 ./freertos/port.o
                0x00004188                SysTick_Handler
 .text.xQueueGenericReset
                0x000041bc       0xa8 ./freertos/queue.o
                0x000041bc                xQueueGenericReset
 .text.xQueueGenericCreate
                0x00004264       0x64 ./freertos/queue.o
                0x00004264                xQueueGenericCreate
 .text.prvInitialiseNewQueue
                0x000042c8       0x50 ./freertos/queue.o
 .text.prvInitialiseMutex
                0x00004318       0x34 ./freertos/queue.o
 .text.xQueueCreateMutex
                0x0000434c       0x38 ./freertos/queue.o
                0x0000434c                xQueueCreateMutex
 .text.xQueueGenericSend
                0x00004384      0x188 ./freertos/queue.o
                0x00004384                xQueueGenericSend
 .text.xQueueGenericSendFromISR
                0x0000450c       0xe4 ./freertos/queue.o
                0x0000450c                xQueueGenericSendFromISR
 .text.xQueueGenericReceive
                0x000045f0      0x1c8 ./freertos/queue.o
                0x000045f0                xQueueGenericReceive
 .text.vQueueDelete
                0x000047b8       0x30 ./freertos/queue.o
                0x000047b8                vQueueDelete
 .text.prvCopyDataToQueue
                0x000047e8       0xd8 ./freertos/queue.o
 .text.prvCopyDataFromQueue
                0x000048c0       0x4c ./freertos/queue.o
 .text.prvUnlockQueue
                0x0000490c       0xc0 ./freertos/queue.o
 .text.prvIsQueueEmpty
                0x000049cc       0x2c ./freertos/queue.o
 .text.prvIsQueueFull
                0x000049f8       0x30 ./freertos/queue.o
 .text.vQueueAddToRegistry
                0x00004a28       0x50 ./freertos/queue.o
                0x00004a28                vQueueAddToRegistry
 .text.vQueueUnregisterQueue
                0x00004a78       0x54 ./freertos/queue.o
                0x00004a78                vQueueUnregisterQueue
 .text.vQueueWaitForMessageRestricted
                0x00004acc       0x68 ./freertos/queue.o
                0x00004acc                vQueueWaitForMessageRestricted
 .text.xTaskCreate
                0x00004b34       0x90 ./freertos/tasks.o
                0x00004b34                xTaskCreate
 .text.prvInitialiseNewTask
                0x00004bc4      0x12c ./freertos/tasks.o
 .text.prvAddNewTaskToReadyList
                0x00004cf0       0xd0 ./freertos/tasks.o
 .text.vTaskDelay
                0x00004dc0       0x4c ./freertos/tasks.o
                0x00004dc0                vTaskDelay
 .text.vTaskSuspend
                0x00004e0c       0xb8 ./freertos/tasks.o
                0x00004e0c                vTaskSuspend
 .text.prvTaskIsTaskSuspended
                0x00004ec4       0x60 ./freertos/tasks.o
 .text.vTaskResume
                0x00004f24       0x9c ./freertos/tasks.o
                0x00004f24                vTaskResume
 .text.vTaskStartScheduler
                0x00004fc0       0x78 ./freertos/tasks.o
                0x00004fc0                vTaskStartScheduler
 .text.vTaskSuspendAll
                0x00005038       0x18 ./freertos/tasks.o
                0x00005038                vTaskSuspendAll
 .text.xTaskResumeAll
                0x00005050      0x118 ./freertos/tasks.o
                0x00005050                xTaskResumeAll
 .text.xTaskGetTickCount
                0x00005168       0x1c ./freertos/tasks.o
                0x00005168                xTaskGetTickCount
 .text.xTaskIncrementTick
                0x00005184      0x160 ./freertos/tasks.o
                0x00005184                xTaskIncrementTick
 .text.vTaskSwitchContext
                0x000052e4       0xf4 ./freertos/tasks.o
                0x000052e4                vTaskSwitchContext
 .text.vTaskPlaceOnEventList
                0x000053d8       0x3c ./freertos/tasks.o
                0x000053d8                vTaskPlaceOnEventList
 .text.vTaskPlaceOnEventListRestricted
                0x00005414       0x4c ./freertos/tasks.o
                0x00005414                vTaskPlaceOnEventListRestricted
 .text.xTaskRemoveFromEventList
                0x00005460       0xb8 ./freertos/tasks.o
                0x00005460                xTaskRemoveFromEventList
 .text.xTaskRemoveFromUnorderedEventList
                0x00005518       0xb0 ./freertos/tasks.o
                0x00005518                xTaskRemoveFromUnorderedEventList
 .text.vTaskSetTimeOutState
                0x000055c8       0x34 ./freertos/tasks.o
                0x000055c8                vTaskSetTimeOutState
 .text.xTaskCheckForTimeOut
                0x000055fc       0x9c ./freertos/tasks.o
                0x000055fc                xTaskCheckForTimeOut
 .text.vTaskMissedYield
                0x00005698       0x14 ./freertos/tasks.o
                0x00005698                vTaskMissedYield
 .text.prvIdleTask
                0x000056ac       0x24 ./freertos/tasks.o
 .text.prvInitialiseTaskLists
                0x000056d0       0x88 ./freertos/tasks.o
 .text.prvCheckTasksWaitingTermination
                0x00005758       0x74 ./freertos/tasks.o
 .text.prvDeleteTCB
                0x000057cc       0x24 ./freertos/tasks.o
 .text.prvResetNextTaskUnblockTime
                0x000057f0       0x48 ./freertos/tasks.o
 .text.xTaskGetSchedulerState
                0x00005838       0x38 ./freertos/tasks.o
                0x00005838                xTaskGetSchedulerState
 .text.vTaskPriorityInherit
                0x00005870       0xbc ./freertos/tasks.o
                0x00005870                vTaskPriorityInherit
 .text.xTaskPriorityDisinherit
                0x0000592c       0xb8 ./freertos/tasks.o
                0x0000592c                xTaskPriorityDisinherit
 .text.pvTaskIncrementMutexHeldCount
                0x000059e4       0x24 ./freertos/tasks.o
                0x000059e4                pvTaskIncrementMutexHeldCount
 .text.prvAddCurrentTaskToDelayedList
                0x00005a08       0xa8 ./freertos/tasks.o
 .text.xTimerCreateTimerTask
                0x00005ab0       0x54 ./freertos/timers.o
                0x00005ab0                xTimerCreateTimerTask
 .text.xTimerGenericCommand
                0x00005b04       0x9c ./freertos/timers.o
                0x00005b04                xTimerGenericCommand
 .text.prvProcessExpiredTimer
                0x00005ba0       0x70 ./freertos/timers.o
 .text.prvTimerTask
                0x00005c10       0x28 ./freertos/timers.o
 .text.prvProcessTimerOrBlockTask
                0x00005c38       0x8c ./freertos/timers.o
 .text.prvGetNextExpireTime
                0x00005cc4       0x40 ./freertos/timers.o
 .text.prvSampleTimeNow
                0x00005d04       0x40 ./freertos/timers.o
 .text.prvInsertTimerInActiveList
                0x00005d44       0x84 ./freertos/timers.o
 .text.prvProcessReceivedCommands
                0x00005dc8      0x12c ./freertos/timers.o
 .text.prvSwitchTimerLists
                0x00005ef4       0xb4 ./freertos/timers.o
 .text.prvCheckForValidListAndQueue
                0x00005fa8       0x74 ./freertos/timers.o
 .text.xTimerPendFunctionCallFromISR
                0x0000601c       0x54 ./freertos/timers.o
                0x0000601c                xTimerPendFunctionCallFromISR
 .text.CLOCK_EnableClock
                0x00006070       0x38 ./drivers/fsl_adc16.o
 .text.ADC16_GetInstance
                0x000060a8       0x54 ./drivers/fsl_adc16.o
 .text.ADC16_Init
                0x000060fc      0x120 ./drivers/fsl_adc16.o
                0x000060fc                ADC16_Init
 .text.ADC16_GetDefaultConfig
                0x0000621c       0x64 ./drivers/fsl_adc16.o
                0x0000621c                ADC16_GetDefaultConfig
 .text.ADC16_DoAutoCalibration
                0x00006280      0x11c ./drivers/fsl_adc16.o
                0x00006280                ADC16_DoAutoCalibration
 .text.ADC16_SetChannelMuxMode
                0x0000639c       0x3c ./drivers/fsl_adc16.o
                0x0000639c                ADC16_SetChannelMuxMode
 .text.ADC16_GetStatusFlags
                0x000063d8       0x3c ./drivers/fsl_adc16.o
                0x000063d8                ADC16_GetStatusFlags
 .text.ADC16_SetChannelConfig
                0x00006414       0x88 ./drivers/fsl_adc16.o
                0x00006414                ADC16_SetChannelConfig
 .text.ADC16_GetChannelStatusFlags
                0x0000649c       0x54 ./drivers/fsl_adc16.o
                0x0000649c                ADC16_GetChannelStatusFlags
 .text.CLOCK_SetEr32kClock
                0x000064f0       0x30 ./drivers/fsl_clock.o
 .text.CLOCK_GetLircClkFreq
                0x00006520       0x48 ./drivers/fsl_clock.o
 .text.CLOCK_GetOsc0ErClkFreq
                0x00006568       0x48 ./drivers/fsl_clock.o
                0x00006568                CLOCK_GetOsc0ErClkFreq
 .text.CLOCK_GetEr32kClkFreq
                0x000065b0       0x80 ./drivers/fsl_clock.o
                0x000065b0                CLOCK_GetEr32kClkFreq
 .text.CLOCK_GetFreq
                0x00006630       0xc4 ./drivers/fsl_clock.o
                0x00006630                CLOCK_GetFreq
 .text.CLOCK_SetSimConfig
                0x000066f4       0x2c ./drivers/fsl_clock.o
                0x000066f4                CLOCK_SetSimConfig
 .text.CLOCK_GetInternalRefClkFreq
                0x00006720       0x48 ./drivers/fsl_clock.o
                0x00006720                CLOCK_GetInternalRefClkFreq
 .text.CLOCK_GetPeriphClkFreq
                0x00006768       0x34 ./drivers/fsl_clock.o
                0x00006768                CLOCK_GetPeriphClkFreq
 .text.CLOCK_GetOutClkFreq
                0x0000679c       0x8c ./drivers/fsl_clock.o
                0x0000679c                CLOCK_GetOutClkFreq
 .text.CLOCK_SetMcgliteConfig
                0x00006828      0x128 ./drivers/fsl_clock.o
                0x00006828                CLOCK_SetMcgliteConfig
 .text.__assert_func
                0x00006950       0x28 ./drivers/fsl_common.o
                0x00006950                __assert_func
 .text.NVIC_EnableIRQ
                0x00006978       0x2c ./drivers/fsl_dma.o
 .text.CLOCK_EnableClock
                0x000069a4       0x38 ./drivers/fsl_dma.o
 .text.EnableIRQ
                0x000069dc       0x2c ./drivers/fsl_dma.o
 .text.DMA_ClearChannelStatusFlags
                0x00006a08       0x64 ./drivers/fsl_dma.o
 .text.DMA_GetInstance
                0x00006a6c       0x54 ./drivers/fsl_dma.o
 .text.DMA_Init
                0x00006ac0       0x24 ./drivers/fsl_dma.o
                0x00006ac0                DMA_Init
 .text.DMA_SetTransferConfig
                0x00006ae4       0xec ./drivers/fsl_dma.o
                0x00006ae4                DMA_SetTransferConfig
 .text.DMA_CreateHandle
                0x00006bd0       0xa0 ./drivers/fsl_dma.o
                0x00006bd0                DMA_CreateHandle
 .text.DMA_PrepareTransfer
                0x00006c70      0x144 ./drivers/fsl_dma.o
                0x00006c70                DMA_PrepareTransfer
 .text.DMA_HandleIRQ
                0x00006db4       0x60 ./drivers/fsl_dma.o
                0x00006db4                DMA_HandleIRQ
 .text.DMA0_DriverIRQHandler
                0x00006e14       0x18 ./drivers/fsl_dma.o
                0x00006e14                DMA0_DriverIRQHandler
 .text.DMA1_DriverIRQHandler
                0x00006e2c       0x18 ./drivers/fsl_dma.o
                0x00006e2c                DMA1_DriverIRQHandler
 .text.DMA2_DriverIRQHandler
                0x00006e44       0x18 ./drivers/fsl_dma.o
                0x00006e44                DMA2_DriverIRQHandler
 .text.DMA3_DriverIRQHandler
                0x00006e5c       0x18 ./drivers/fsl_dma.o
                0x00006e5c                DMA3_DriverIRQHandler
 .text.CLOCK_EnableClock
                0x00006e74       0x38 ./drivers/fsl_dmamux.o
 .text.DMAMUX_GetInstance
                0x00006eac       0x54 ./drivers/fsl_dmamux.o
 .text.DMAMUX_Init
                0x00006f00       0x24 ./drivers/fsl_dmamux.o
                0x00006f00                DMAMUX_Init
 .text.GPIO_WritePinOutput
                0x00006f24       0x34 ./drivers/fsl_gpio.o
 .text.GPIO_GetInstance
                0x00006f58       0x58 ./drivers/fsl_gpio.o
 .text.GPIO_PinInit
                0x00006fb0       0x70 ./drivers/fsl_gpio.o
                0x00006fb0                GPIO_PinInit
 .text.GPIO_ClearPinsInterruptFlags
                0x00007020       0x3c ./drivers/fsl_gpio.o
                0x00007020                GPIO_ClearPinsInterruptFlags
 .text.NVIC_EnableIRQ
                0x0000705c       0x2c ./drivers/fsl_i2c.o
 .text.CLOCK_EnableClock
                0x00007088       0x38 ./drivers/fsl_i2c.o
 .text.EnableIRQ
                0x000070c0       0x2c ./drivers/fsl_i2c.o
 .text.I2C_MasterClearStatusFlags
                0x000070ec       0x58 ./drivers/fsl_i2c.o
 .text.I2C_GetInstance
                0x00007144       0x58 ./drivers/fsl_i2c.o
                0x00007144                I2C_GetInstance
 .text.I2C_InitTransferStateMachine
                0x0000719c       0xa0 ./drivers/fsl_i2c.o
 .text.I2C_CheckAndClearError
                0x0000723c       0x40 ./drivers/fsl_i2c.o
 .text.I2C_MasterTransferRunStateMachine
                0x0000727c      0x268 ./drivers/fsl_i2c.o
 .text.I2C_TransferCommonIRQHandler
                0x000074e4       0x54 ./drivers/fsl_i2c.o
 .text.I2C_MasterInit
                0x00007538      0x11c ./drivers/fsl_i2c.o
                0x00007538                I2C_MasterInit
 .text.I2C_MasterGetDefaultConfig
                0x00007654       0x50 ./drivers/fsl_i2c.o
                0x00007654                I2C_MasterGetDefaultConfig
 .text.I2C_EnableInterrupts
                0x000076a4       0x68 ./drivers/fsl_i2c.o
                0x000076a4                I2C_EnableInterrupts
 .text.I2C_DisableInterrupts
                0x0000770c       0x44 ./drivers/fsl_i2c.o
                0x0000770c                I2C_DisableInterrupts
 .text.I2C_MasterSetBaudRate
                0x00007750       0xf4 ./drivers/fsl_i2c.o
                0x00007750                I2C_MasterSetBaudRate
 .text.I2C_MasterStart
                0x00007844       0x84 ./drivers/fsl_i2c.o
                0x00007844                I2C_MasterStart
 .text.I2C_MasterRepeatedStart
                0x000078c8       0xd4 ./drivers/fsl_i2c.o
                0x000078c8                I2C_MasterRepeatedStart
 .text.I2C_MasterStop
                0x0000799c       0x68 ./drivers/fsl_i2c.o
                0x0000799c                I2C_MasterStop
 .text.I2C_MasterGetStatusFlags
                0x00007a04       0x4c ./drivers/fsl_i2c.o
                0x00007a04                I2C_MasterGetStatusFlags
 .text.I2C_MasterTransferCreateHandle
                0x00007a50       0x8c ./drivers/fsl_i2c.o
                0x00007a50                I2C_MasterTransferCreateHandle
 .text.I2C_MasterTransferNonBlocking
                0x00007adc       0x88 ./drivers/fsl_i2c.o
                0x00007adc                I2C_MasterTransferNonBlocking
 .text.I2C_MasterTransferHandleIRQ
                0x00007b64       0xd0 ./drivers/fsl_i2c.o
                0x00007b64                I2C_MasterTransferHandleIRQ
 .text.I2C0_DriverIRQHandler
                0x00007c34       0x20 ./drivers/fsl_i2c.o
                0x00007c34                I2C0_DriverIRQHandler
 .text.I2C1_DriverIRQHandler
                0x00007c54       0x20 ./drivers/fsl_i2c.o
                0x00007c54                I2C1_DriverIRQHandler
 .text.CLOCK_EnableClock
                0x00007c74       0x38 ./drivers/fsl_lptmr.o
 .text.LPTMR_GetInstance
                0x00007cac       0x54 ./drivers/fsl_lptmr.o
 .text.LPTMR_Init
                0x00007d00       0xa0 ./drivers/fsl_lptmr.o
                0x00007d00                LPTMR_Init
 .text.LPTMR_GetDefaultConfig
                0x00007da0       0x58 ./drivers/fsl_lptmr.o
                0x00007da0                LPTMR_GetDefaultConfig
 .text.LPUART0_DriverIRQHandler
                0x00007df8       0x24 ./drivers/fsl_lpuart.o
                0x00007df8                LPUART0_DriverIRQHandler
 .text.LPUART1_DriverIRQHandler
                0x00007e1c       0x24 ./drivers/fsl_lpuart.o
                0x00007e1c                LPUART1_DriverIRQHandler
 .text.NVIC_EnableIRQ
                0x00007e40       0x2c ./drivers/fsl_slcd.o
 .text.CLOCK_EnableClock
                0x00007e6c       0x38 ./drivers/fsl_slcd.o
 .text.EnableIRQ
                0x00007ea4       0x2c ./drivers/fsl_slcd.o
 .text.SLCD_GetInstance
                0x00007ed0       0x54 ./drivers/fsl_slcd.o
 .text.SLCD_Init
                0x00007f24      0x238 ./drivers/fsl_slcd.o
                0x00007f24                SLCD_Init
 .text.SLCD_GetDefaultConfig
                0x0000815c       0x4c ./drivers/fsl_slcd.o
                0x0000815c                SLCD_GetDefaultConfig
 .text.SLCD_StartBlinkMode
                0x000081a8       0x64 ./drivers/fsl_slcd.o
                0x000081a8                SLCD_StartBlinkMode
 .text.CLOCK_EnableClock
                0x0000820c       0x38 ./drivers/fsl_tpm.o
 .text.TPM_GetInstance
                0x00008244       0x60 ./drivers/fsl_tpm.o
 .text.TPM_Init
                0x000082a4       0xf8 ./drivers/fsl_tpm.o
                0x000082a4                TPM_Init
 .text.TPM_GetDefaultConfig
                0x0000839c       0x6c ./drivers/fsl_tpm.o
                0x0000839c                TPM_GetDefaultConfig
 .text.TPM_EnableInterrupts
                0x00008408       0x84 ./drivers/fsl_tpm.o
                0x00008408                TPM_EnableInterrupts
 .text.NVIC_EnableIRQ
                0x0000848c       0x2c ./drivers/fsl_uart.o
 .text.CLOCK_EnableClock
                0x000084b8       0x38 ./drivers/fsl_uart.o
 .text.EnableIRQ
                0x000084f0       0x2c ./drivers/fsl_uart.o
 .text.UART_GetInstance
                0x0000851c       0x60 ./drivers/fsl_uart.o
                0x0000851c                UART_GetInstance
 .text.UART_TransferGetRxRingBufferLength
                0x0000857c       0x6c ./drivers/fsl_uart.o
 .text.UART_TransferIsRxRingBufferFull
                0x000085e8       0x5c ./drivers/fsl_uart.o
 .text.UART_Init
                0x00008644      0x20c ./drivers/fsl_uart.o
                0x00008644                UART_Init
 .text.UART_GetDefaultConfig
                0x00008850       0x50 ./drivers/fsl_uart.o
                0x00008850                UART_GetDefaultConfig
 .text.UART_EnableInterrupts
                0x000088a0       0x58 ./drivers/fsl_uart.o
                0x000088a0                UART_EnableInterrupts
 .text.UART_DisableInterrupts
                0x000088f8       0x64 ./drivers/fsl_uart.o
                0x000088f8                UART_DisableInterrupts
 .text.UART_GetStatusFlags
                0x0000895c       0x28 ./drivers/fsl_uart.o
                0x0000895c                UART_GetStatusFlags
 .text.UART_ClearStatusFlags
                0x00008984       0x80 ./drivers/fsl_uart.o
                0x00008984                UART_ClearStatusFlags
 .text.UART_WriteNonBlocking
                0x00008a04       0x58 ./drivers/fsl_uart.o
 .text.UART_ReadNonBlocking
                0x00008a5c       0x58 ./drivers/fsl_uart.o
 .text.UART_TransferCreateHandle
                0x00008ab4       0x9c ./drivers/fsl_uart.o
                0x00008ab4                UART_TransferCreateHandle
 .text.UART_TransferStartRingBuffer
                0x00008b50       0x98 ./drivers/fsl_uart.o
                0x00008b50                UART_TransferStartRingBuffer
 .text.UART_TransferHandleIRQ
                0x00008be8      0x3bc ./drivers/fsl_uart.o
                0x00008be8                UART_TransferHandleIRQ
 .text.UART_EnableTx
                0x00008fa4       0x40 ./drivers/fsl_uart_freertos.o
 .text.UART_EnableRx
                0x00008fe4       0x40 ./drivers/fsl_uart_freertos.o
 .text.UART_RTOS_Callback
                0x00009024       0xc8 ./drivers/fsl_uart_freertos.o
 .text.UART_RTOS_Init
                0x000090ec      0x170 ./drivers/fsl_uart_freertos.o
                0x000090ec                UART_RTOS_Init
 .text.CLOCK_SetSimSafeDivs
                0x0000925c       0x20 ./board/clock_config.o
 .text.BOARD_BootClockRUN
                0x0000927c       0x34 ./board/clock_config.o
                0x0000927c                BOARD_BootClockRUN
 .text.CLOCK_EnableClock
                0x000092b0       0x38 ./board/pin_mux.o
 .text.PORT_SetPinConfig
                0x000092e8       0x48 ./board/pin_mux.o
 .text.PORT_SetPinMux
                0x00009330       0x40 ./board/pin_mux.o
 .text.BOARD_InitPins
                0x00009370       0xf0 ./board/pin_mux.o
                0x00009370                BOARD_InitPins
 .text.BOARD_InitLCD
                0x00009460      0x1a4 ./board/pin_mux.o
                0x00009460                BOARD_InitLCD
 .text.BOARD_InitBUTTONS
                0x00009604       0x88 ./board/pin_mux.o
                0x00009604                BOARD_InitBUTTONS
 .text.BOARD_InitLEDs
                0x0000968c       0x88 ./board/pin_mux.o
                0x0000968c                BOARD_InitLEDs
 .text.BOARD_InitDEBUG_UART
                0x00009714       0x7c ./board/pin_mux.o
                0x00009714                BOARD_InitDEBUG_UART
 .text.SystemInit
                0x00009790       0x3c ./CMSIS/system_MKL43Z4.o
                0x00009790                SystemInit
 .text          0x000097cc      0x114 c:/nxp/mcuxpressoide_10.0.0_344/ide/tools/bin/../lib/gcc/arm-none-eabi/5.4.1/armv6-m\libgcc.a(_udivsi3.o)
                0x000097cc                __aeabi_uidiv
                0x000097cc                __udivsi3
                0x000098d8                __aeabi_uidivmod
 .text          0x000098e0      0x1d4 c:/nxp/mcuxpressoide_10.0.0_344/ide/tools/bin/../lib/gcc/arm-none-eabi/5.4.1/armv6-m\libgcc.a(_divsi3.o)
                0x000098e0                __divsi3
                0x000098e0                __aeabi_idiv
                0x00009aac                __aeabi_idivmod
 .text          0x00009ab4        0x4 c:/nxp/mcuxpressoide_10.0.0_344/ide/tools/bin/../lib/gcc/arm-none-eabi/5.4.1/armv6-m\libgcc.a(_dvmd_tls.o)
                0x00009ab4                __aeabi_idiv0
                0x00009ab4                __aeabi_ldiv0
 .text          0x00009ab8       0x7c c:/nxp/mcuxpressoide_10.0.0_344/ide/tools/bin/../lib/gcc/arm-none-eabi/5.4.1/armv6-m\libgcc.a(_arm_cmpdf2.o)
                0x00009ab8                __aeabi_cdrcmple
                0x00009ac8                __aeabi_cdcmple
                0x00009ac8                __aeabi_cdcmpeq
                0x00009ad8                __aeabi_dcmpeq
                0x00009ae4                __aeabi_dcmplt
                0x00009af8                __aeabi_dcmple
                0x00009b0c                __aeabi_dcmpgt
                0x00009b20                __aeabi_dcmpge
 .text          0x00009b34       0x40 c:/nxp/mcuxpressoide_10.0.0_344/ide/tools/bin/../lib/gcc/arm-none-eabi/5.4.1/armv6-m\libgcc.a(_aeabi_uldivmod.o)
                0x00009b34                __aeabi_uldivmod
 .text          0x00009b74       0x58 c:/nxp/mcuxpressoide_10.0.0_344/ide/tools/bin/../lib/gcc/arm-none-eabi/5.4.1/armv6-m\libgcc.a(_muldi3.o)
                0x00009b74                __muldi3
                0x00009b74                __aeabi_lmul
 .text          0x00009bcc       0x34 c:/nxp/mcuxpressoide_10.0.0_344/ide/tools/bin/../lib/gcc/arm-none-eabi/5.4.1/armv6-m\libgcc.a(_fixdfdi.o)
                0x00009bcc                __fixdfdi
                0x00009bcc                __aeabi_d2lz
 .text          0x00009c00       0x3c c:/nxp/mcuxpressoide_10.0.0_344/ide/tools/bin/../lib/gcc/arm-none-eabi/5.4.1/armv6-m\libgcc.a(_fixunsdfdi.o)
                0x00009c00                __fixunsdfdi
                0x00009c00                __aeabi_d2ulz
 .text          0x00009c3c       0x2c c:/nxp/mcuxpressoide_10.0.0_344/ide/tools/bin/../lib/gcc/arm-none-eabi/5.4.1/armv6-m\libgcc.a(_floatdidf.o)
                0x00009c3c                __aeabi_l2d
                0x00009c3c                __floatdidf
 .text          0x00009c68      0x180 c:/nxp/mcuxpressoide_10.0.0_344/ide/tools/bin/../lib/gcc/arm-none-eabi/5.4.1/armv6-m\libgcc.a(_udivmoddi4.o)
                0x00009c68                __udivmoddi4
 .text          0x00009de8      0x658 c:/nxp/mcuxpressoide_10.0.0_344/ide/tools/bin/../lib/gcc/arm-none-eabi/5.4.1/armv6-m\libgcc.a(adddf3.o)
                0x00009de8                __aeabi_dadd
 .text          0x0000a440      0x62c c:/nxp/mcuxpressoide_10.0.0_344/ide/tools/bin/../lib/gcc/arm-none-eabi/5.4.1/armv6-m\libgcc.a(divdf3.o)
                0x0000a440                __aeabi_ddiv
 .text          0x0000aa6c       0x80 c:/nxp/mcuxpressoide_10.0.0_344/ide/tools/bin/../lib/gcc/arm-none-eabi/5.4.1/armv6-m\libgcc.a(eqdf2.o)
                0x0000aa6c                __nedf2
                0x0000aa6c                __eqdf2
 .text          0x0000aaec       0xc8 c:/nxp/mcuxpressoide_10.0.0_344/ide/tools/bin/../lib/gcc/arm-none-eabi/5.4.1/armv6-m\libgcc.a(gedf2.o)
                0x0000aaec                __gedf2
                0x0000aaec                __gtdf2
 .text          0x0000abb4       0xd4 c:/nxp/mcuxpressoide_10.0.0_344/ide/tools/bin/../lib/gcc/arm-none-eabi/5.4.1/armv6-m\libgcc.a(ledf2.o)
                0x0000abb4                __ledf2
                0x0000abb4                __ltdf2
 .text          0x0000ac88      0x4f4 c:/nxp/mcuxpressoide_10.0.0_344/ide/tools/bin/../lib/gcc/arm-none-eabi/5.4.1/armv6-m\libgcc.a(muldf3.o)
                0x0000ac88                __aeabi_dmul
 .text          0x0000b17c      0x6a8 c:/nxp/mcuxpressoide_10.0.0_344/ide/tools/bin/../lib/gcc/arm-none-eabi/5.4.1/armv6-m\libgcc.a(subdf3.o)
                0x0000b17c                __aeabi_dsub
 .text          0x0000b824       0x6c c:/nxp/mcuxpressoide_10.0.0_344/ide/tools/bin/../lib/gcc/arm-none-eabi/5.4.1/armv6-m\libgcc.a(fixdfsi.o)
                0x0000b824                __aeabi_d2iz
 .text          0x0000b890       0x84 c:/nxp/mcuxpressoide_10.0.0_344/ide/tools/bin/../lib/gcc/arm-none-eabi/5.4.1/armv6-m\libgcc.a(floatsidf.o)
                0x0000b890                __aeabi_i2d
 .text          0x0000b914       0x70 c:/nxp/mcuxpressoide_10.0.0_344/ide/tools/bin/../lib/gcc/arm-none-eabi/5.4.1/armv6-m\libgcc.a(floatunsidf.o)
                0x0000b914                __aeabi_ui2d
 .text          0x0000b984       0x3c c:/nxp/mcuxpressoide_10.0.0_344/ide/tools/bin/../lib/gcc/arm-none-eabi/5.4.1/armv6-m\libgcc.a(_clzsi2.o)
                0x0000b984                __clzsi2
 .text          0x0000b9c0       0x18 c:/nxp/mcuxpressoide_10.0.0_344/ide/tools/bin/../lib/gcc/arm-none-eabi/5.4.1/armv6-m\libgcc.a(_clzdi2.o)
                0x0000b9c0                __clzdi2
 .text          0x0000b9d8       0x3c c:/nxp/mcuxpressoide_10.0.0_344/ide/tools/bin/../lib/gcc/arm-none-eabi/5.4.1/armv6-m\libgcc.a(_fixunsdfsi.o)
                0x0000b9d8                __aeabi_d2uiz
                0x0000b9d8                __fixunsdfsi
 .text.atoi     0x0000ba14        0xc c:/nxp/mcuxpressoide_10.0.0_344/ide/tools/bin/../lib/gcc/arm-none-eabi/5.4.1/../../../../arm-none-eabi/lib/armv6-m\libc.a(lib_a-atoi.o)
                0x0000ba14                atoi
 .text.memcpy   0x0000ba20       0x7c c:/nxp/mcuxpressoide_10.0.0_344/ide/tools/bin/../lib/gcc/arm-none-eabi/5.4.1/../../../../arm-none-eabi/lib/armv6-m\libc.a(lib_a-memcpy-stub.o)
                0x0000ba20                memcpy
 .text.memset   0x0000ba9c       0x8c c:/nxp/mcuxpressoide_10.0.0_344/ide/tools/bin/../lib/gcc/arm-none-eabi/5.4.1/../../../../arm-none-eabi/lib/armv6-m\libc.a(lib_a-memset.o)
                0x0000ba9c                memset
 .text.modf     0x0000bb28       0x80 c:/nxp/mcuxpressoide_10.0.0_344/ide/tools/bin/../lib/gcc/arm-none-eabi/5.4.1/../../../../arm-none-eabi/lib/armv6-m\libc.a(lib_a-s_modf.o)
                0x0000bb28                modf
 .text          0x0000bba8       0x88 c:/nxp/mcuxpressoide_10.0.0_344/ide/tools/bin/../lib/gcc/arm-none-eabi/5.4.1/../../../../arm-none-eabi/lib/armv6-m\libc.a(lib_a-strcmp.o)
                0x0000bba8                strcmp
 .text.strcpy   0x0000bc30       0x10 c:/nxp/mcuxpressoide_10.0.0_344/ide/tools/bin/../lib/gcc/arm-none-eabi/5.4.1/../../../../arm-none-eabi/lib/armv6-m\libc.a(lib_a-strcpy.o)
                0x0000bc30                strcpy
 .text.strlen   0x0000bc40       0x68 c:/nxp/mcuxpressoide_10.0.0_344/ide/tools/bin/../lib/gcc/arm-none-eabi/5.4.1/../../../../arm-none-eabi/lib/armv6-m\libc.a(lib_a-strlen-stub.o)
                0x0000bc40                strlen
 .text._strtol_l.isra.0
                0x0000bca8      0x14c c:/nxp/mcuxpressoide_10.0.0_344/ide/tools/bin/../lib/gcc/arm-none-eabi/5.4.1/../../../../arm-none-eabi/lib/armv6-m\libc.a(lib_a-strtol.o)
 .text.strtol   0x0000bdf4       0x2c c:/nxp/mcuxpressoide_10.0.0_344/ide/tools/bin/../lib/gcc/arm-none-eabi/5.4.1/../../../../arm-none-eabi/lib/armv6-m\libc.a(lib_a-strtol.o)
                0x0000bdf4                strtol
 .text.__locale_ctype_ptr_l
                0x0000be20        0x8 c:/nxp/mcuxpressoide_10.0.0_344/ide/tools/bin/../lib/gcc/arm-none-eabi/5.4.1/../../../../arm-none-eabi/lib/armv6-m\libc.a(lib_a-locale.o)
                0x0000be20                __locale_ctype_ptr_l
 .text.__ascii_mbtowc
                0x0000be28       0x2c c:/nxp/mcuxpressoide_10.0.0_344/ide/tools/bin/../lib/gcc/arm-none-eabi/5.4.1/../../../../arm-none-eabi/lib/armv6-m\libc.a(lib_a-mbtowc_r.o)
                0x0000be28                __ascii_mbtowc
 .text.__ascii_wctomb
                0x0000be54       0x1c c:/nxp/mcuxpressoide_10.0.0_344/ide/tools/bin/../lib/gcc/arm-none-eabi/5.4.1/../../../../arm-none-eabi/lib/armv6-m\libc.a(lib_a-wctomb_r.o)
                0x0000be54                __ascii_wctomb
 .text.pow      0x0000be70      0x554 c:/nxp/mcuxpressoide_10.0.0_344/ide/tools/bin/../lib/gcc/arm-none-eabi/5.4.1/../../../../arm-none-eabi/lib/armv6-m\libcr_c.a(pow.o)
                0x0000be70                pow
 .text.frexp    0x0000c3c4       0x80 c:/nxp/mcuxpressoide_10.0.0_344/ide/tools/bin/../lib/gcc/arm-none-eabi/5.4.1/../../../../arm-none-eabi/lib/armv6-m\libcr_c.a(frexp.o)
                0x0000c3c4                frexp
 .text.ldexp    0x0000c444       0x58 c:/nxp/mcuxpressoide_10.0.0_344/ide/tools/bin/../lib/gcc/arm-none-eabi/5.4.1/../../../../arm-none-eabi/lib/armv6-m\libcr_c.a(ldexp.o)
                0x0000c444                ldexp
 *(.rodata .rodata.* .constdata .constdata.*)
 .rodata        0x0000c49c       0x2e ./source/SmartTorqueFW.o
 *fill*         0x0000c4ca        0x2 ff
 .rodata        0x0000c4cc       0xdf ./source/_ADCSense.o
 *fill*         0x0000c5ab        0x1 ff
 .rodata.__func__.6014
                0x0000c5ac       0x11 ./source/_ADCSense.o
 *fill*         0x0000c5bd        0x3 ff
 .rodata.__func__.6003
                0x0000c5c0       0x15 ./source/_ADCSense.o
 *fill*         0x0000c5d5        0x3 ff
 .rodata.__func__.5830
                0x0000c5d8       0x15 ./source/_ADCSense.o
 *fill*         0x0000c5ed        0x3 ff
 .rodata.__func__.5825
                0x0000c5f0       0x17 ./source/_ADCSense.o
 *fill*         0x0000c607        0x1 ff
 .rodata.__func__.5813
                0x0000c608       0x15 ./source/_ADCSense.o
 *fill*         0x0000c61d        0x3 ff
 .rodata.__func__.5890
                0x0000c620       0x12 ./source/_ADCSense.o
 *fill*         0x0000c632        0x2 ff
 .rodata.__func__.5866
                0x0000c634       0x1c ./source/_ADCSense.o
 .rodata.__func__.5983
                0x0000c650       0x15 ./source/_ADCSense.o
 *fill*         0x0000c665        0x3 ff
 .rodata        0x0000c668      0x1c0 ./source/_Bluetooth.o
 .rodata        0x0000c828        0x4 ./source/_Display.o
 .rodata.Display_Number
                0x0000c82c       0x28 ./source/_Display.o
 .rodata        0x0000c854       0x39 ./source/_FRAM.o
 *fill*         0x0000c88d        0x3 ff
 .rodata.__func__.6534
                0x0000c890       0x12 ./source/_FRAM.o
 *fill*         0x0000c8a2        0x2 ff
 .rodata        0x0000c8a4       0x69 ./source/_HMI.o
 *fill*         0x0000c90d        0x3 ff
 .rodata        0x0000c910       0x14 ./source/_Sys_Control.o
 .rodata.ConfigurationBuilder
                0x0000c924       0x2c ./source/_Sys_Control.o
 .rodata        0x0000c950       0x18 ./freertos/tasks.o
                0x0000c958                FreeRTOSDebugConfig
 .rodata        0x0000c968        0xd ./freertos/timers.o
 *fill*         0x0000c975        0x3 ff
 .rodata.prvProcessReceivedCommands
                0x0000c978       0x28 ./freertos/timers.o
 .rodata        0x0000c9a0       0x69 ./drivers/fsl_adc16.o
 *fill*         0x0000ca09        0x3 ff
 .rodata.__func__.5369
                0x0000ca0c       0x12 ./drivers/fsl_adc16.o
 *fill*         0x0000ca1e        0x2 ff
 .rodata.__func__.5374
                0x0000ca20        0xb ./drivers/fsl_adc16.o
 *fill*         0x0000ca2b        0x1 ff
 .rodata.__func__.5382
                0x0000ca2c       0x17 ./drivers/fsl_adc16.o
 *fill*         0x0000ca43        0x1 ff
 .rodata.__func__.5425
                0x0000ca44       0x17 ./drivers/fsl_adc16.o
 *fill*         0x0000ca5b        0x1 ff
 .rodata.__func__.5431
                0x0000ca5c       0x1c ./drivers/fsl_adc16.o
 .rodata        0x0000ca78       0x41 ./drivers/fsl_clock.o
 *fill*         0x0000cab9        0x3 ff
 .rodata.CLOCK_GetFreq
                0x0000cabc       0x50 ./drivers/fsl_clock.o
 .rodata.lircFreqs.5239
                0x0000cb0c        0x8 ./drivers/fsl_clock.o
 .rodata.__func__.5247
                0x0000cb14       0x17 ./drivers/fsl_clock.o
 *fill*         0x0000cb2b        0x1 ff
 .rodata.__func__.5255
                0x0000cb2c       0x16 ./drivers/fsl_clock.o
 *fill*         0x0000cb42        0x2 ff
 .rodata.__func__.5312
                0x0000cb44       0x14 ./drivers/fsl_clock.o
 .rodata.__func__.5326
                0x0000cb58       0x17 ./drivers/fsl_clock.o
 *fill*         0x0000cb6f        0x1 ff
 .rodata        0x0000cb70       0x3e ./drivers/fsl_common.o
 *fill*         0x0000cbae        0x2 ff
 .rodata        0x0000cbb0      0x168 ./drivers/fsl_dma.o
 .rodata.s_dmaIRQNumber
                0x0000cd18        0x4 ./drivers/fsl_dma.o
 .rodata.__func__.5443
                0x0000cd1c       0x10 ./drivers/fsl_dma.o
 .rodata.__func__.5460
                0x0000cd2c       0x16 ./drivers/fsl_dma.o
 *fill*         0x0000cd42        0x2 ff
 .rodata.__func__.5482
                0x0000cd44       0x11 ./drivers/fsl_dma.o
 *fill*         0x0000cd55        0x3 ff
 .rodata.__func__.5494
                0x0000cd58       0x14 ./drivers/fsl_dma.o
 .rodata.__func__.5529
                0x0000cd6c        0xe ./drivers/fsl_dma.o
 *fill*         0x0000cd7a        0x2 ff
 .rodata.__func__.5397
                0x0000cd7c       0x1c ./drivers/fsl_dma.o
 .rodata        0x0000cd98       0x40 ./drivers/fsl_dmamux.o
 .rodata.__func__.5271
                0x0000cdd8       0x13 ./drivers/fsl_dmamux.o
 *fill*         0x0000cdeb        0x1 ff
 .rodata.s_portBases
                0x0000cdec       0x14 ./drivers/fsl_gpio.o
 .rodata.s_gpioBases
                0x0000ce00       0x14 ./drivers/fsl_gpio.o
 .rodata        0x0000ce14       0x68 ./drivers/fsl_gpio.o
 .rodata.__func__.5309
                0x0000ce7c       0x11 ./drivers/fsl_gpio.o
 *fill*         0x0000ce8d        0x3 ff
 .rodata.__func__.5315
                0x0000ce90        0xd ./drivers/fsl_gpio.o
 *fill*         0x0000ce9d        0x3 ff
 .rodata.s_i2cDividerTable
                0x0000cea0       0x80 ./drivers/fsl_i2c.o
 .rodata.s_i2cBases
                0x0000cf20        0x8 ./drivers/fsl_i2c.o
 .rodata.s_i2cIrqs
                0x0000cf28        0x2 ./drivers/fsl_i2c.o
 *fill*         0x0000cf2a        0x2 ff
 .rodata.s_i2cClocks
                0x0000cf2c        0x8 ./drivers/fsl_i2c.o
 .rodata        0x0000cf34       0xc6 ./drivers/fsl_i2c.o
 *fill*         0x0000cffa        0x2 ff
 .rodata.__func__.5495
                0x0000cffc       0x10 ./drivers/fsl_i2c.o
 .rodata.__func__.5551
                0x0000d00c        0xf ./drivers/fsl_i2c.o
 *fill*         0x0000d01b        0x1 ff
 .rodata.__func__.5559
                0x0000d01c       0x1b ./drivers/fsl_i2c.o
 *fill*         0x0000d037        0x1 ff
 .rodata.__func__.5686
                0x0000d038       0x1f ./drivers/fsl_i2c.o
 *fill*         0x0000d057        0x1 ff
 .rodata.__func__.5693
                0x0000d058       0x1e ./drivers/fsl_i2c.o
 *fill*         0x0000d076        0x2 ff
 .rodata.__func__.5717
                0x0000d078       0x1c ./drivers/fsl_i2c.o
 .rodata        0x0000d094       0x43 ./drivers/fsl_lptmr.o
 *fill*         0x0000d0d7        0x1 ff
 .rodata.__func__.5337
                0x0000d0d8       0x12 ./drivers/fsl_lptmr.o
 *fill*         0x0000d0ea        0x2 ff
 .rodata.__func__.5342
                0x0000d0ec        0xb ./drivers/fsl_lptmr.o
 *fill*         0x0000d0f7        0x1 ff
 .rodata.__func__.5351
                0x0000d0f8       0x17 ./drivers/fsl_lptmr.o
 *fill*         0x0000d10f        0x1 ff
 .rodata        0x0000d110       0x5d ./drivers/fsl_slcd.o
 *fill*         0x0000d16d        0x3 ff
 .rodata.__func__.5453
                0x0000d170       0x11 ./drivers/fsl_slcd.o
 *fill*         0x0000d181        0x3 ff
 .rodata.__func__.5458
                0x0000d184        0xa ./drivers/fsl_slcd.o
 *fill*         0x0000d18e        0x2 ff
 .rodata.__func__.5473
                0x0000d190       0x16 ./drivers/fsl_slcd.o
 *fill*         0x0000d1a6        0x2 ff
 .rodata.s_tpmBases
                0x0000d1a8        0xc ./drivers/fsl_tpm.o
 .rodata.s_tpmClocks
                0x0000d1b4        0xc ./drivers/fsl_tpm.o
 .rodata        0x0000d1c0       0xb0 ./drivers/fsl_tpm.o
 .rodata.__func__.5414
                0x0000d270       0x10 ./drivers/fsl_tpm.o
 .rodata.__func__.5419
                0x0000d280        0x9 ./drivers/fsl_tpm.o
 *fill*         0x0000d289        0x3 ff
 .rodata.__func__.5426
                0x0000d28c       0x15 ./drivers/fsl_tpm.o
 *fill*         0x0000d2a1        0x3 ff
 .rodata.s_uartBases
                0x0000d2a4        0xc ./drivers/fsl_uart.o
 .rodata.s_uartIRQ
                0x0000d2b0        0x3 ./drivers/fsl_uart.o
 *fill*         0x0000d2b3        0x1 ff
 .rodata.s_uartClock
                0x0000d2b4        0xc ./drivers/fsl_uart.o
 .rodata        0x0000d2c0       0xaa ./drivers/fsl_uart.o
 *fill*         0x0000d36a        0x2 ff
 .rodata.__func__.5445
                0x0000d36c       0x11 ./drivers/fsl_uart.o
 *fill*         0x0000d37d        0x3 ff
 .rodata.__func__.5449
                0x0000d380       0x23 ./drivers/fsl_uart.o
 *fill*         0x0000d3a3        0x1 ff
 .rodata.__func__.5454
                0x0000d3a4       0x20 ./drivers/fsl_uart.o
 .rodata.__func__.5461
                0x0000d3c4        0xa ./drivers/fsl_uart.o
 *fill*         0x0000d3ce        0x2 ff
 .rodata.__func__.5476
                0x0000d3d0       0x16 ./drivers/fsl_uart.o
 *fill*         0x0000d3e6        0x2 ff
 .rodata.__func__.5526
                0x0000d3e8       0x16 ./drivers/fsl_uart.o
 *fill*         0x0000d3fe        0x2 ff
 .rodata.__func__.5549
                0x0000d400       0x15 ./drivers/fsl_uart.o
 *fill*         0x0000d415        0x3 ff
 .rodata.__func__.5560
                0x0000d418       0x1a ./drivers/fsl_uart.o
 *fill*         0x0000d432        0x2 ff
 .rodata.__func__.5568
                0x0000d434       0x1d ./drivers/fsl_uart.o
 *fill*         0x0000d451        0x3 ff
 .rodata.__func__.5622
                0x0000d454       0x17 ./drivers/fsl_uart.o
 *fill*         0x0000d46b        0x1 ff
 .rodata.mcgliteConfig_BOARD_BootClockRUN
                0x0000d46c        0x6 ./board/clock_config.o
                0x0000d46c                mcgliteConfig_BOARD_BootClockRUN
 *fill*         0x0000d472        0x2 ff
 .rodata.simConfig_BOARD_BootClockRUN
                0x0000d474        0x8 ./board/clock_config.o
                0x0000d474                simConfig_BOARD_BootClockRUN
 .rodata        0x0000d47c       0x39 ./board/pin_mux.o
 *fill*         0x0000d4b5        0x3 ff
 .rodata.__func__.5290
                0x0000d4b8       0x12 ./board/pin_mux.o
 *fill*         0x0000d4ca        0x2 ff
 .rodata        0x0000d4cc       0x40 c:/nxp/mcuxpressoide_10.0.0_344/ide/tools/bin/../lib/gcc/arm-none-eabi/5.4.1/armv6-m\libgcc.a(divdf3.o)
 .rodata        0x0000d50c       0x40 c:/nxp/mcuxpressoide_10.0.0_344/ide/tools/bin/../lib/gcc/arm-none-eabi/5.4.1/armv6-m\libgcc.a(muldf3.o)
 .rodata.str1.4
                0x0000d54c       0x14 c:/nxp/mcuxpressoide_10.0.0_344/ide/tools/bin/../lib/gcc/arm-none-eabi/5.4.1/../../../../arm-none-eabi/lib/armv6-m\libc.a(lib_a-locale.o)
                                 0x12 (size before relaxing)
 .rodata._ctype_
                0x0000d560      0x101 c:/nxp/mcuxpressoide_10.0.0_344/ide/tools/bin/../lib/gcc/arm-none-eabi/5.4.1/../../../../arm-none-eabi/lib/armv6-m\libc.a(lib_a-ctype_.o)
                0x0000d560                _ctype_
 *fill*         0x0000d661        0x7 ff
 .rodata.a2.3996
                0x0000d668       0x40 c:/nxp/mcuxpressoide_10.0.0_344/ide/tools/bin/../lib/gcc/arm-none-eabi/5.4.1/../../../../arm-none-eabi/lib/armv6-m\libcr_c.a(pow.o)
 .rodata.a1.3995
                0x0000d6a8       0x88 c:/nxp/mcuxpressoide_10.0.0_344/ide/tools/bin/../lib/gcc/arm-none-eabi/5.4.1/../../../../arm-none-eabi/lib/armv6-m\libcr_c.a(pow.o)
 .rodata.__huge_val
                0x0000d730        0x8 c:/nxp/mcuxpressoide_10.0.0_344/ide/tools/bin/../lib/gcc/arm-none-eabi/5.4.1/../../../../arm-none-eabi/lib/armv6-m\libcr_c.a(_hugeval.o)
                0x0000d730                __huge_val
                0x0000d738                . = ALIGN (0x4)

.glue_7         0x0000d738        0x0
 .glue_7        0x0000d738        0x0 linker stubs

.glue_7t        0x0000d738        0x0
 .glue_7t       0x0000d738        0x0 linker stubs

.vfp11_veneer   0x0000d738        0x0
 .vfp11_veneer  0x0000d738        0x0 linker stubs

.v4_bx          0x0000d738        0x0
 .v4_bx         0x0000d738        0x0 linker stubs

.init           0x0000d738        0x4
 .init          0x0000d738        0x4 c:/nxp/mcuxpressoide_10.0.0_344/ide/tools/bin/../lib/gcc/arm-none-eabi/5.4.1/armv6-m/crti.o
                0x0000d738                _init

.fini           0x0000d73c        0x4
 .fini          0x0000d73c        0x4 c:/nxp/mcuxpressoide_10.0.0_344/ide/tools/bin/../lib/gcc/arm-none-eabi/5.4.1/armv6-m/crti.o
                0x0000d73c                _fini

.iplt           0x0000d740        0x0
 .iplt          0x0000d740        0x0 c:/nxp/mcuxpressoide_10.0.0_344/ide/tools/bin/../lib/gcc/arm-none-eabi/5.4.1/armv6-m/crtbegin.o

.ARM.extab
 *(.ARM.extab* .gnu.linkonce.armextab.*)
                0x0000d740                __exidx_start = .

.ARM.exidx      0x0000d740        0x8
 *(.ARM.exidx* .gnu.linkonce.armexidx.*)
 .ARM.exidx     0x0000d740        0x8 c:/nxp/mcuxpressoide_10.0.0_344/ide/tools/bin/../lib/gcc/arm-none-eabi/5.4.1/armv6-m\libgcc.a(_udivmoddi4.o)
                0x0000d748                __exidx_end = .
                0x0000d748                _etext = .

.rel.dyn        0x0000d748        0x0
 .rel.iplt      0x0000d748        0x0 c:/nxp/mcuxpressoide_10.0.0_344/ide/tools/bin/../lib/gcc/arm-none-eabi/5.4.1/armv6-m/crtbegin.o

.m_usb_data
 *(m_usb_bdt)

.mtb_buffer_default
                0x1fffe000       0x80
 *(.mtb*)
 .mtb.$RAM1     0x1fffe000       0x80 ./board/mtb.o
                0x1fffe000                __mtb_buffer__

.uninit_RESERVED
                0x1fffe080        0x0
 *(.bss.$RESERVED*)
                0x1fffe080                . = ALIGN (0x4)
                0x1fffe080                _end_uninit_RESERVED = .

.data           0x1fffe080      0x5b8 load address 0x0000d748
 FILL mask 0xff
                0x1fffe080                _data = .
 *(vtable)
 *(.ramfunc*)
 *(.data*)
 .data.uart_config
                0x1fffe080       0x18 ./source/_Bluetooth.o
                0x1fffe080                uart_config
 .data.uxCriticalNesting
                0x1fffe098        0x4 ./freertos/port.o
 .data.SystemCoreClock
                0x1fffe09c        0x4 ./CMSIS/system_MKL43Z4.o
                0x1fffe09c                SystemCoreClock
 .data.impure_data
                0x1fffe0a0      0x428 c:/nxp/mcuxpressoide_10.0.0_344/ide/tools/bin/../lib/gcc/arm-none-eabi/5.4.1/../../../../arm-none-eabi/lib/armv6-m\libc.a(lib_a-impure.o)
 .data._impure_ptr
                0x1fffe4c8        0x4 c:/nxp/mcuxpressoide_10.0.0_344/ide/tools/bin/../lib/gcc/arm-none-eabi/5.4.1/../../../../arm-none-eabi/lib/armv6-m\libc.a(lib_a-impure.o)
                0x1fffe4c8                _impure_ptr
 .data.__global_locale
                0x1fffe4cc      0x16c c:/nxp/mcuxpressoide_10.0.0_344/ide/tools/bin/../lib/gcc/arm-none-eabi/5.4.1/../../../../arm-none-eabi/lib/armv6-m\libc.a(lib_a-locale.o)
                0x1fffe4cc                __global_locale
                0x1fffe638                . = ALIGN (0x4)
                0x1fffe638                _edata = .

.igot.plt       0x1fffe638        0x0 load address 0x0000dd00
 .igot.plt      0x1fffe638        0x0 c:/nxp/mcuxpressoide_10.0.0_344/ide/tools/bin/../lib/gcc/arm-none-eabi/5.4.1/armv6-m/crtbegin.o

.bss            0x1fffe638     0x2cdc load address 0x0000dd00
                0x1fffe638                _bss = .
 *(.bss*)
 .bss.s_debugConsole
                0x1fffe638       0x10 ./utilities/fsl_debug_console.o
 .bss.ulCount.10436
                0x1fffe648        0x4 ./source/SmartTorqueFW.o
 .bss.adc16ChanConfig
                0x1fffe64c        0x8 ./source/_ADCSense.o
                0x1fffe64c                adc16ChanConfig
 .bss.adc16Config
                0x1fffe654        0x9 ./source/_ADCSense.o
                0x1fffe654                adc16Config
 *fill*         0x1fffe65d        0x3 
 .bss.DMA_handle
                0x1fffe660       0x10 ./source/_ADCSense.o
                0x1fffe660                DMA_handle
 .bss.DMA_transfer
                0x1fffe670       0x10 ./source/_ADCSense.o
                0x1fffe670                DMA_transfer
 .bss.gBatterySense
                0x1fffe680       0x20 ./source/_ADCSense.o
                0x1fffe680                gBatterySense
 .bss.temp      0x1fffe6a0        0x4 ./source/_ADCSense.o
                0x1fffe6a0                temp
 .bss.ADC16_Array
                0x1fffe6a4       0x80 ./source/_ADCSense.o
                0x1fffe6a4                ADC16_Array
 .bss.TorqueVoltage
                0x1fffe724        0x4 ./source/_ADCSense.o
                0x1fffe724                TorqueVoltage
 .bss.BatteryVoltage
                0x1fffe728        0x4 ./source/_ADCSense.o
                0x1fffe728                BatteryVoltage
 .bss.channelswap.6345
                0x1fffe72c        0x2 ./source/_ADCSense.o
 *fill*         0x1fffe72e        0x2 
 .bss.bglib_temp_msg
                0x1fffe730       0x1c ./source/_Bluetooth.o
                0x1fffe730                bglib_temp_msg
 .bss.bglib_output
                0x1fffe74c        0x4 ./source/_Bluetooth.o
                0x1fffe74c                bglib_output
 .bss.msg_Head  0x1fffe750        0x4 ./source/_Bluetooth.o
                0x1fffe750                msg_Head
 .bss.btBuffer  0x1fffe754       0x40 ./source/_Bluetooth.o
                0x1fffe754                btBuffer
 .bss.respBuffer
                0x1fffe794       0x40 ./source/_Bluetooth.o
                0x1fffe794                respBuffer
 .bss.pck       0x1fffe7d4        0x4 ./source/_Bluetooth.o
                0x1fffe7d4                pck
 .bss.Bluetooth_rx
                0x1fffe7d8       0x40 ./source/_Bluetooth.o
                0x1fffe7d8                Bluetooth_rx
 .bss.Bluetooth_len
                0x1fffe818        0x1 ./source/_Bluetooth.o
                0x1fffe818                Bluetooth_len
 .bss.message_recieved
                0x1fffe819        0x1 ./source/_Bluetooth.o
                0x1fffe819                message_recieved
 *fill*         0x1fffe81a        0x2 
 .bss.my_address
                0x1fffe81c        0x6 ./source/_Bluetooth.o
                0x1fffe81c                my_address
 *fill*         0x1fffe822        0x2 
 .bss.connected_address
                0x1fffe824        0x6 ./source/_Bluetooth.o
                0x1fffe824                connected_address
 *fill*         0x1fffe82a        0x2 
 .bss.uart_handle
                0x1fffe82c       0x28 ./source/_Bluetooth.o
                0x1fffe82c                uart_handle
 .bss.t_uart_handle
                0x1fffe854       0x30 ./source/_Bluetooth.o
                0x1fffe854                t_uart_handle
 .bss.endpoint  0x1fffe884        0x1 ./source/_Bluetooth.o
                0x1fffe884                endpoint
 .bss.BTConnected
                0x1fffe885        0x1 ./source/_Bluetooth.o
                0x1fffe885                BTConnected
 .bss.rxIndex   0x1fffe886        0x1 ./source/_Bluetooth.o
                0x1fffe886                rxIndex
 .bss.serviceLocation
                0x1fffe887        0x1 ./source/_Bluetooth.o
                0x1fffe887                serviceLocation
 .bss.g_m_handle
                0x1fffe888       0x28 ./source/_FRAM.o
                0x1fffe888                g_m_handle
 .bss.completionFlag
                0x1fffe8b0        0x1 ./source/_FRAM.o
                0x1fffe8b0                completionFlag
 .bss.nakFlag   0x1fffe8b1        0x1 ./source/_FRAM.o
                0x1fffe8b1                nakFlag
 *fill*         0x1fffe8b2        0x2 
 .bss._FRAM     0x1fffe8b4       0x38 ./source/_FRAM.o
                0x1fffe8b4                _FRAM
 .bss.UP_FLAG   0x1fffe8ec        0x1 ./source/_HMI.o
                0x1fffe8ec                UP_FLAG
 .bss.DOWN_FLAG
                0x1fffe8ed        0x1 ./source/_HMI.o
                0x1fffe8ed                DOWN_FLAG
 .bss.CLEAR_FLAG
                0x1fffe8ee        0x1 ./source/_HMI.o
                0x1fffe8ee                CLEAR_FLAG
 .bss.MODE_FLAG
                0x1fffe8ef        0x1 ./source/_HMI.o
                0x1fffe8ef                MODE_FLAG
 .bss.POWER_FLAG
                0x1fffe8f0        0x1 ./source/_HMI.o
                0x1fffe8f0                POWER_FLAG
 *fill*         0x1fffe8f1        0x3 
 .bss.realTime  0x1fffe8f4        0x8 ./source/_RTC.o
                0x1fffe8f4                realTime
 .bss.mainConfig
                0x1fffe8fc       0x14 ./source/_Sys_Control.o
                0x1fffe8fc                mainConfig
 .bss.builderConfig
                0x1fffe910       0x14 ./source/_Sys_Control.o
                0x1fffe910                builderConfig
 .bss.save      0x1fffe924        0x1 ./source/_Sys_Control.o
                0x1fffe924                save
 .bss.underConstruction
                0x1fffe925        0x1 ./source/_Sys_Control.o
                0x1fffe925                underConstruction
 .bss.resume    0x1fffe926        0x1 ./source/_Sys_Control.o
                0x1fffe926                resume
 .bss.DOWN      0x1fffe927        0x1 ./source/_Sys_Control.o
                0x1fffe927                DOWN
 .bss.UP        0x1fffe928        0x1 ./source/_Sys_Control.o
                0x1fffe928                UP
 *fill*         0x1fffe929        0x3 
 .bss.xBuildHandle
                0x1fffe92c        0x4 ./source/_Sys_Control.o
                0x1fffe92c                xBuildHandle
 .bss.count     0x1fffe930        0x2 ./source/_Timer.o
                0x1fffe930                count
 *fill*         0x1fffe932        0x2 
 .bss.ucHeap    0x1fffe934     0x2800 ./freertos/heap_4.o
 .bss.xStart    0x20001134        0x8 ./freertos/heap_4.o
 .bss.pxEnd     0x2000113c        0x4 ./freertos/heap_4.o
 .bss.xFreeBytesRemaining
                0x20001140        0x4 ./freertos/heap_4.o
 .bss.xMinimumEverFreeBytesRemaining
                0x20001144        0x4 ./freertos/heap_4.o
 .bss.xBlockAllocatedBit
                0x20001148        0x4 ./freertos/heap_4.o
 .bss.xQueueRegistry
                0x2000114c       0x40 ./freertos/queue.o
                0x2000114c                xQueueRegistry
 .bss.pxCurrentTCB
                0x2000118c        0x4 ./freertos/tasks.o
                0x2000118c                pxCurrentTCB
 .bss.pxReadyTasksLists
                0x20001190       0x64 ./freertos/tasks.o
 .bss.xDelayedTaskList1
                0x200011f4       0x14 ./freertos/tasks.o
 .bss.xDelayedTaskList2
                0x20001208       0x14 ./freertos/tasks.o
 .bss.pxDelayedTaskList
                0x2000121c        0x4 ./freertos/tasks.o
 .bss.pxOverflowDelayedTaskList
                0x20001220        0x4 ./freertos/tasks.o
 .bss.xPendingReadyList
                0x20001224       0x14 ./freertos/tasks.o
 .bss.xTasksWaitingTermination
                0x20001238       0x14 ./freertos/tasks.o
 .bss.uxDeletedTasksWaitingCleanUp
                0x2000124c        0x4 ./freertos/tasks.o
 .bss.xSuspendedTaskList
                0x20001250       0x14 ./freertos/tasks.o
 .bss.uxCurrentNumberOfTasks
                0x20001264        0x4 ./freertos/tasks.o
 .bss.xTickCount
                0x20001268        0x4 ./freertos/tasks.o
 .bss.uxTopReadyPriority
                0x2000126c        0x4 ./freertos/tasks.o
 .bss.xSchedulerRunning
                0x20001270        0x4 ./freertos/tasks.o
 .bss.uxPendedTicks
                0x20001274        0x4 ./freertos/tasks.o
 .bss.xYieldPending
                0x20001278        0x4 ./freertos/tasks.o
 .bss.xNumOfOverflows
                0x2000127c        0x4 ./freertos/tasks.o
 .bss.uxTaskNumber
                0x20001280        0x4 ./freertos/tasks.o
 .bss.xNextTaskUnblockTime
                0x20001284        0x4 ./freertos/tasks.o
 .bss.xIdleTaskHandle
                0x20001288        0x4 ./freertos/tasks.o
 .bss.uxSchedulerSuspended
                0x2000128c        0x4 ./freertos/tasks.o
 .bss.xActiveTimerList1
                0x20001290       0x14 ./freertos/timers.o
 .bss.xActiveTimerList2
                0x200012a4       0x14 ./freertos/timers.o
 .bss.pxCurrentTimerList
                0x200012b8        0x4 ./freertos/timers.o
 .bss.pxOverflowTimerList
                0x200012bc        0x4 ./freertos/timers.o
 .bss.xTimerQueue
                0x200012c0        0x4 ./freertos/timers.o
 .bss.xTimerTaskHandle
                0x200012c4        0x4 ./freertos/timers.o
 .bss.xLastTime.4949
                0x200012c8        0x4 ./freertos/timers.o
 .bss.g_xtal0Freq
                0x200012cc        0x4 ./drivers/fsl_clock.o
                0x200012cc                g_xtal0Freq
 .bss.g_xtal32Freq
                0x200012d0        0x4 ./drivers/fsl_clock.o
                0x200012d0                g_xtal32Freq
 .bss.s_DMAHandle
                0x200012d4       0x10 ./drivers/fsl_dma.o
 .bss.s_i2cHandle
                0x200012e4        0x8 ./drivers/fsl_i2c.o
 .bss.s_i2cMasterIsr
                0x200012ec        0x4 ./drivers/fsl_i2c.o
 .bss.s_i2cSlaveIsr
                0x200012f0        0x4 ./drivers/fsl_i2c.o
 .bss.s_lpuartHandle
                0x200012f4        0x8 ./drivers/fsl_lpuart.o
 .bss.s_lpuartIsr
                0x200012fc        0x4 ./drivers/fsl_lpuart.o
 .bss.s_uartHandle
                0x20001300        0xc ./drivers/fsl_uart.o
 .bss.s_uartIsr
                0x2000130c        0x4 ./drivers/fsl_uart.o
 .bss.errno     0x20001310        0x4 c:/nxp/mcuxpressoide_10.0.0_344/ide/tools/bin/../lib/gcc/arm-none-eabi/5.4.1/../../../../arm-none-eabi/lib/armv6-m\libcr_c.a(errno.o)
                0x20001310                errno
 *(COMMON)
                0x20001314                . = ALIGN (0x4)
                0x20001314                _ebss = .
                [!provide]                PROVIDE (end, .)

.noinit         0x20001314        0x0 load address 0x0000dd00
                0x20001314                _noinit = .
 *(.noinit*)
                0x20001314                . = ALIGN (0x4)
                0x20001314                _end_noinit = .

.heap           0x20001314      0x800 load address 0x0000dd00
                0x20001314                _pvHeapStart = .
                0x20001b14                . = (. + 0x800)
 *fill*         0x20001314      0x800 
                0x20001b14                . = ALIGN (0x4)
                0x20001b14                _pvHeapLimit = .

.heap2stackfill
                0x20001b14      0x800 load address 0x0000dd00
                0x20002314                . = (. + 0x800)
 *fill*         0x20001b14      0x800 

.stack          0x20005800        0x0
                0x20005800                _vStackBase = .
                0x20005800                . = ALIGN (0x4)
                0x20006000                _vStackTop = (. + 0x800)
OUTPUT(SmartTorqueFW2.axf elf32-littlearm)

.ARM.attributes
                0x00000000       0x28
 .ARM.attributes
                0x00000000       0x1e c:/nxp/mcuxpressoide_10.0.0_344/ide/tools/bin/../lib/gcc/arm-none-eabi/5.4.1/armv6-m/crti.o
 .ARM.attributes
                0x0000001e       0x32 ./utilities/fsl_debug_console.o
 .ARM.attributes
                0x00000050       0x32 ./startup/startup_mkl43z4.o
 .ARM.attributes
                0x00000082       0x32 ./source/SmartTorqueFW.o
 .ARM.attributes
                0x000000b4       0x32 ./source/_ADCSense.o
 .ARM.attributes
                0x000000e6       0x32 ./source/_Bluetooth.o
 .ARM.attributes
                0x00000118       0x32 ./source/_Display.o
 .ARM.attributes
                0x0000014a       0x32 ./source/_FRAM.o
 .ARM.attributes
                0x0000017c       0x32 ./source/_HMI.o
 .ARM.attributes
                0x000001ae       0x32 ./source/_RTC.o
 .ARM.attributes
                0x000001e0       0x32 ./source/_Sys_Control.o
 .ARM.attributes
                0x00000212       0x32 ./source/_Timer.o
 .ARM.attributes
                0x00000244       0x32 ./freertos/event_groups.o
 .ARM.attributes
                0x00000276       0x32 ./freertos/fsl_tickless_lptmr.o
 .ARM.attributes
                0x000002a8       0x32 ./freertos/heap_4.o
 .ARM.attributes
                0x000002da       0x32 ./freertos/list.o
 .ARM.attributes
                0x0000030c       0x32 ./freertos/port.o
 .ARM.attributes
                0x0000033e       0x32 ./freertos/queue.o
 .ARM.attributes
                0x00000370       0x32 ./freertos/tasks.o
 .ARM.attributes
                0x000003a2       0x32 ./freertos/timers.o
 .ARM.attributes
                0x000003d4       0x32 ./drivers/fsl_adc16.o
 .ARM.attributes
                0x00000406       0x32 ./drivers/fsl_clock.o
 .ARM.attributes
                0x00000438       0x32 ./drivers/fsl_common.o
 .ARM.attributes
                0x0000046a       0x32 ./drivers/fsl_dma.o
 .ARM.attributes
                0x0000049c       0x32 ./drivers/fsl_dmamux.o
 .ARM.attributes
                0x000004ce       0x32 ./drivers/fsl_gpio.o
 .ARM.attributes
                0x00000500       0x32 ./drivers/fsl_i2c.o
 .ARM.attributes
                0x00000532       0x32 ./drivers/fsl_lptmr.o
 .ARM.attributes
                0x00000564       0x32 ./drivers/fsl_lpuart.o
 .ARM.attributes
                0x00000596       0x32 ./drivers/fsl_slcd.o
 .ARM.attributes
                0x000005c8       0x32 ./drivers/fsl_tpm.o
 .ARM.attributes
                0x000005fa       0x32 ./drivers/fsl_uart.o
 .ARM.attributes
                0x0000062c       0x32 ./drivers/fsl_uart_freertos.o
 .ARM.attributes
                0x0000065e       0x32 ./board/clock_config.o
 .ARM.attributes
                0x00000690       0x32 ./board/mtb.o
 .ARM.attributes
                0x000006c2       0x32 ./board/pin_mux.o
 .ARM.attributes
                0x000006f4       0x32 ./CMSIS/system_MKL43Z4.o
 .ARM.attributes
                0x00000726       0x1e c:/nxp/mcuxpressoide_10.0.0_344/ide/tools/bin/../lib/gcc/arm-none-eabi/5.4.1/armv6-m\libgcc.a(_udivsi3.o)
 .ARM.attributes
                0x00000744       0x1e c:/nxp/mcuxpressoide_10.0.0_344/ide/tools/bin/../lib/gcc/arm-none-eabi/5.4.1/armv6-m\libgcc.a(_divsi3.o)
 .ARM.attributes
                0x00000762       0x1e c:/nxp/mcuxpressoide_10.0.0_344/ide/tools/bin/../lib/gcc/arm-none-eabi/5.4.1/armv6-m\libgcc.a(_dvmd_tls.o)
 .ARM.attributes
                0x00000780       0x1e c:/nxp/mcuxpressoide_10.0.0_344/ide/tools/bin/../lib/gcc/arm-none-eabi/5.4.1/armv6-m\libgcc.a(_arm_cmpdf2.o)
 .ARM.attributes
                0x0000079e       0x1e c:/nxp/mcuxpressoide_10.0.0_344/ide/tools/bin/../lib/gcc/arm-none-eabi/5.4.1/armv6-m\libgcc.a(_aeabi_uldivmod.o)
 .ARM.attributes
                0x000007bc       0x2c c:/nxp/mcuxpressoide_10.0.0_344/ide/tools/bin/../lib/gcc/arm-none-eabi/5.4.1/armv6-m\libgcc.a(_muldi3.o)
 .ARM.attributes
                0x000007e8       0x2c c:/nxp/mcuxpressoide_10.0.0_344/ide/tools/bin/../lib/gcc/arm-none-eabi/5.4.1/armv6-m\libgcc.a(_fixdfdi.o)
 .ARM.attributes
                0x00000814       0x2c c:/nxp/mcuxpressoide_10.0.0_344/ide/tools/bin/../lib/gcc/arm-none-eabi/5.4.1/armv6-m\libgcc.a(_fixunsdfdi.o)
 .ARM.attributes
                0x00000840       0x2c c:/nxp/mcuxpressoide_10.0.0_344/ide/tools/bin/../lib/gcc/arm-none-eabi/5.4.1/armv6-m\libgcc.a(_floatdidf.o)
 .ARM.attributes
                0x0000086c       0x2c c:/nxp/mcuxpressoide_10.0.0_344/ide/tools/bin/../lib/gcc/arm-none-eabi/5.4.1/armv6-m\libgcc.a(_udivmoddi4.o)
 .ARM.attributes
                0x00000898       0x2c c:/nxp/mcuxpressoide_10.0.0_344/ide/tools/bin/../lib/gcc/arm-none-eabi/5.4.1/armv6-m\libgcc.a(adddf3.o)
 .ARM.attributes
                0x000008c4       0x2c c:/nxp/mcuxpressoide_10.0.0_344/ide/tools/bin/../lib/gcc/arm-none-eabi/5.4.1/armv6-m\libgcc.a(divdf3.o)
 .ARM.attributes
                0x000008f0       0x2c c:/nxp/mcuxpressoide_10.0.0_344/ide/tools/bin/../lib/gcc/arm-none-eabi/5.4.1/armv6-m\libgcc.a(eqdf2.o)
 .ARM.attributes
                0x0000091c       0x2c c:/nxp/mcuxpressoide_10.0.0_344/ide/tools/bin/../lib/gcc/arm-none-eabi/5.4.1/armv6-m\libgcc.a(gedf2.o)
 .ARM.attributes
                0x00000948       0x2c c:/nxp/mcuxpressoide_10.0.0_344/ide/tools/bin/../lib/gcc/arm-none-eabi/5.4.1/armv6-m\libgcc.a(ledf2.o)
 .ARM.attributes
                0x00000974       0x2c c:/nxp/mcuxpressoide_10.0.0_344/ide/tools/bin/../lib/gcc/arm-none-eabi/5.4.1/armv6-m\libgcc.a(muldf3.o)
 .ARM.attributes
                0x000009a0       0x2c c:/nxp/mcuxpressoide_10.0.0_344/ide/tools/bin/../lib/gcc/arm-none-eabi/5.4.1/armv6-m\libgcc.a(subdf3.o)
 .ARM.attributes
                0x000009cc       0x2c c:/nxp/mcuxpressoide_10.0.0_344/ide/tools/bin/../lib/gcc/arm-none-eabi/5.4.1/armv6-m\libgcc.a(fixdfsi.o)
 .ARM.attributes
                0x000009f8       0x2c c:/nxp/mcuxpressoide_10.0.0_344/ide/tools/bin/../lib/gcc/arm-none-eabi/5.4.1/armv6-m\libgcc.a(floatsidf.o)
 .ARM.attributes
                0x00000a24       0x2c c:/nxp/mcuxpressoide_10.0.0_344/ide/tools/bin/../lib/gcc/arm-none-eabi/5.4.1/armv6-m\libgcc.a(floatunsidf.o)
 .ARM.attributes
                0x00000a50       0x1e c:/nxp/mcuxpressoide_10.0.0_344/ide/tools/bin/../lib/gcc/arm-none-eabi/5.4.1/armv6-m\libgcc.a(_clzsi2.o)
 .ARM.attributes
                0x00000a6e       0x1e c:/nxp/mcuxpressoide_10.0.0_344/ide/tools/bin/../lib/gcc/arm-none-eabi/5.4.1/armv6-m\libgcc.a(_clzdi2.o)
 .ARM.attributes
                0x00000a8c       0x2c c:/nxp/mcuxpressoide_10.0.0_344/ide/tools/bin/../lib/gcc/arm-none-eabi/5.4.1/armv6-m\libgcc.a(_fixunsdfsi.o)
 .ARM.attributes
                0x00000ab8       0x2c c:/nxp/mcuxpressoide_10.0.0_344/ide/tools/bin/../lib/gcc/arm-none-eabi/5.4.1/../../../../arm-none-eabi/lib/armv6-m\libc.a(lib_a-atoi.o)
 .ARM.attributes
                0x00000ae4       0x2c c:/nxp/mcuxpressoide_10.0.0_344/ide/tools/bin/../lib/gcc/arm-none-eabi/5.4.1/../../../../arm-none-eabi/lib/armv6-m\libc.a(lib_a-impure.o)
 .ARM.attributes
                0x00000b10       0x2c c:/nxp/mcuxpressoide_10.0.0_344/ide/tools/bin/../lib/gcc/arm-none-eabi/5.4.1/../../../../arm-none-eabi/lib/armv6-m\libc.a(lib_a-memcpy-stub.o)
 .ARM.attributes
                0x00000b3c       0x2c c:/nxp/mcuxpressoide_10.0.0_344/ide/tools/bin/../lib/gcc/arm-none-eabi/5.4.1/../../../../arm-none-eabi/lib/armv6-m\libc.a(lib_a-memset.o)
 .ARM.attributes
                0x00000b68       0x2c c:/nxp/mcuxpressoide_10.0.0_344/ide/tools/bin/../lib/gcc/arm-none-eabi/5.4.1/../../../../arm-none-eabi/lib/armv6-m\libc.a(lib_a-s_modf.o)
 .ARM.attributes
                0x00000b94       0x1b c:/nxp/mcuxpressoide_10.0.0_344/ide/tools/bin/../lib/gcc/arm-none-eabi/5.4.1/../../../../arm-none-eabi/lib/armv6-m\libc.a(lib_a-strcmp.o)
 .ARM.attributes
                0x00000baf       0x2c c:/nxp/mcuxpressoide_10.0.0_344/ide/tools/bin/../lib/gcc/arm-none-eabi/5.4.1/../../../../arm-none-eabi/lib/armv6-m\libc.a(lib_a-strcpy.o)
 .ARM.attributes
                0x00000bdb       0x2c c:/nxp/mcuxpressoide_10.0.0_344/ide/tools/bin/../lib/gcc/arm-none-eabi/5.4.1/../../../../arm-none-eabi/lib/armv6-m\libc.a(lib_a-strlen-stub.o)
 .ARM.attributes
                0x00000c07       0x2c c:/nxp/mcuxpressoide_10.0.0_344/ide/tools/bin/../lib/gcc/arm-none-eabi/5.4.1/../../../../arm-none-eabi/lib/armv6-m\libc.a(lib_a-strtol.o)
 .ARM.attributes
                0x00000c33       0x2c c:/nxp/mcuxpressoide_10.0.0_344/ide/tools/bin/../lib/gcc/arm-none-eabi/5.4.1/../../../../arm-none-eabi/lib/armv6-m\libc.a(lib_a-locale.o)
 .ARM.attributes
                0x00000c5f       0x2c c:/nxp/mcuxpressoide_10.0.0_344/ide/tools/bin/../lib/gcc/arm-none-eabi/5.4.1/../../../../arm-none-eabi/lib/armv6-m\libc.a(lib_a-mbtowc_r.o)
 .ARM.attributes
                0x00000c8b       0x2c c:/nxp/mcuxpressoide_10.0.0_344/ide/tools/bin/../lib/gcc/arm-none-eabi/5.4.1/../../../../arm-none-eabi/lib/armv6-m\libc.a(lib_a-wctomb_r.o)
 .ARM.attributes
                0x00000cb7       0x2c c:/nxp/mcuxpressoide_10.0.0_344/ide/tools/bin/../lib/gcc/arm-none-eabi/5.4.1/../../../../arm-none-eabi/lib/armv6-m\libc.a(lib_a-ctype_.o)
 .ARM.attributes
                0x00000ce3       0x31 c:/nxp/mcuxpressoide_10.0.0_344/ide/tools/bin/../lib/gcc/arm-none-eabi/5.4.1/../../../../arm-none-eabi/lib/armv6-m\libcr_c.a(pow.o)
 .ARM.attributes
                0x00000d14       0x31 c:/nxp/mcuxpressoide_10.0.0_344/ide/tools/bin/../lib/gcc/arm-none-eabi/5.4.1/../../../../arm-none-eabi/lib/armv6-m\libcr_c.a(_hugeval.o)
 .ARM.attributes
                0x00000d45       0x31 c:/nxp/mcuxpressoide_10.0.0_344/ide/tools/bin/../lib/gcc/arm-none-eabi/5.4.1/../../../../arm-none-eabi/lib/armv6-m\libcr_c.a(errno.o)
 .ARM.attributes
                0x00000d76       0x31 c:/nxp/mcuxpressoide_10.0.0_344/ide/tools/bin/../lib/gcc/arm-none-eabi/5.4.1/../../../../arm-none-eabi/lib/armv6-m\libcr_c.a(frexp.o)
 .ARM.attributes
                0x00000da7       0x31 c:/nxp/mcuxpressoide_10.0.0_344/ide/tools/bin/../lib/gcc/arm-none-eabi/5.4.1/../../../../arm-none-eabi/lib/armv6-m\libcr_c.a(ldexp.o)

.comment        0x00000000       0x6e
 .comment       0x00000000       0x6e ./utilities/fsl_debug_console.o
                                 0x6f (size before relaxing)
 .comment       0x0000006e       0x6f ./startup/startup_mkl43z4.o
 .comment       0x0000006e       0x6f ./source/SmartTorqueFW.o
 .comment       0x0000006e       0x6f ./source/_ADCSense.o
 .comment       0x0000006e       0x6f ./source/_Bluetooth.o
 .comment       0x0000006e       0x6f ./source/_Display.o
 .comment       0x0000006e       0x6f ./source/_FRAM.o
 .comment       0x0000006e       0x6f ./source/_HMI.o
 .comment       0x0000006e       0x6f ./source/_RTC.o
 .comment       0x0000006e       0x6f ./source/_Sys_Control.o
 .comment       0x0000006e       0x6f ./source/_Timer.o
 .comment       0x0000006e       0x6f ./freertos/event_groups.o
 .comment       0x0000006e       0x6f ./freertos/fsl_tickless_lptmr.o
 .comment       0x0000006e       0x6f ./freertos/heap_4.o
 .comment       0x0000006e       0x6f ./freertos/list.o
 .comment       0x0000006e       0x6f ./freertos/port.o
 .comment       0x0000006e       0x6f ./freertos/queue.o
 .comment       0x0000006e       0x6f ./freertos/tasks.o
 .comment       0x0000006e       0x6f ./freertos/timers.o
 .comment       0x0000006e       0x6f ./drivers/fsl_adc16.o
 .comment       0x0000006e       0x6f ./drivers/fsl_clock.o
 .comment       0x0000006e       0x6f ./drivers/fsl_common.o
 .comment       0x0000006e       0x6f ./drivers/fsl_dma.o
 .comment       0x0000006e       0x6f ./drivers/fsl_dmamux.o
 .comment       0x0000006e       0x6f ./drivers/fsl_gpio.o
 .comment       0x0000006e       0x6f ./drivers/fsl_i2c.o
 .comment       0x0000006e       0x6f ./drivers/fsl_lptmr.o
 .comment       0x0000006e       0x6f ./drivers/fsl_lpuart.o
 .comment       0x0000006e       0x6f ./drivers/fsl_slcd.o
 .comment       0x0000006e       0x6f ./drivers/fsl_tpm.o
 .comment       0x0000006e       0x6f ./drivers/fsl_uart.o
 .comment       0x0000006e       0x6f ./drivers/fsl_uart_freertos.o
 .comment       0x0000006e       0x6f ./board/clock_config.o
 .comment       0x0000006e       0x6f ./board/mtb.o
 .comment       0x0000006e       0x6f ./board/pin_mux.o
 .comment       0x0000006e       0x6f ./CMSIS/system_MKL43Z4.o
 .comment       0x0000006e       0x6f c:/nxp/mcuxpressoide_10.0.0_344/ide/tools/bin/../lib/gcc/arm-none-eabi/5.4.1/../../../../arm-none-eabi/lib/armv6-m\libcr_c.a(pow.o)
 .comment       0x0000006e       0x6f c:/nxp/mcuxpressoide_10.0.0_344/ide/tools/bin/../lib/gcc/arm-none-eabi/5.4.1/../../../../arm-none-eabi/lib/armv6-m\libcr_c.a(_hugeval.o)
 .comment       0x0000006e       0x6f c:/nxp/mcuxpressoide_10.0.0_344/ide/tools/bin/../lib/gcc/arm-none-eabi/5.4.1/../../../../arm-none-eabi/lib/armv6-m\libcr_c.a(errno.o)
 .comment       0x0000006e       0x6f c:/nxp/mcuxpressoide_10.0.0_344/ide/tools/bin/../lib/gcc/arm-none-eabi/5.4.1/../../../../arm-none-eabi/lib/armv6-m\libcr_c.a(frexp.o)
 .comment       0x0000006e       0x6f c:/nxp/mcuxpressoide_10.0.0_344/ide/tools/bin/../lib/gcc/arm-none-eabi/5.4.1/../../../../arm-none-eabi/lib/armv6-m\libcr_c.a(ldexp.o)

.debug_info     0x00000000    0x1d9bd
 .debug_info    0x00000000     0x1033 ./utilities/fsl_debug_console.o
 .debug_info    0x00001033      0x49f ./startup/startup_mkl43z4.o
 .debug_info    0x000014d2      0x341 ./source/SmartTorqueFW.o
 .debug_info    0x00001813     0x1613 ./source/_ADCSense.o
 .debug_info    0x00002e26     0x5da4 ./source/_Bluetooth.o
 .debug_info    0x00008bca      0xb26 ./source/_Display.o
 .debug_info    0x000096f0      0xfe1 ./source/_FRAM.o
 .debug_info    0x0000a6d1      0x69a ./source/_HMI.o
 .debug_info    0x0000ad6b      0x6b4 ./source/_RTC.o
 .debug_info    0x0000b41f      0xbc3 ./source/_Sys_Control.o
 .debug_info    0x0000bfe2      0xd2c ./source/_Timer.o
 .debug_info    0x0000cd0e      0x70e ./freertos/event_groups.o
 .debug_info    0x0000d41c       0xc2 ./freertos/fsl_tickless_lptmr.o
 .debug_info    0x0000d4de      0x301 ./freertos/heap_4.o
 .debug_info    0x0000d7df      0x2a8 ./freertos/list.o
 .debug_info    0x0000da87      0x234 ./freertos/port.o
 .debug_info    0x0000dcbb      0xe23 ./freertos/queue.o
 .debug_info    0x0000eade     0x18d9 ./freertos/tasks.o
 .debug_info    0x000103b7      0xada ./freertos/timers.o
 .debug_info    0x00010e91      0xcd6 ./drivers/fsl_adc16.o
 .debug_info    0x00011b67     0x11a3 ./drivers/fsl_clock.o
 .debug_info    0x00012d0a      0x451 ./drivers/fsl_common.o
 .debug_info    0x0001315b     0x1079 ./drivers/fsl_dma.o
 .debug_info    0x000141d4      0x502 ./drivers/fsl_dmamux.o
 .debug_info    0x000146d6      0x79c ./drivers/fsl_gpio.o
 .debug_info    0x00014e72     0x1b8c ./drivers/fsl_i2c.o
 .debug_info    0x000169fe      0x745 ./drivers/fsl_lptmr.o
 .debug_info    0x00017143     0x1691 ./drivers/fsl_lpuart.o
 .debug_info    0x000187d4      0xf44 ./drivers/fsl_slcd.o
 .debug_info    0x00019718      0xdbb ./drivers/fsl_tpm.o
 .debug_info    0x0001a4d3     0x16cd ./drivers/fsl_uart.o
 .debug_info    0x0001bba0      0x96e ./drivers/fsl_uart_freertos.o
 .debug_info    0x0001c50e      0x81f ./board/clock_config.o