Archive member included to satisfy reference by file (symbol)

c:/nxp/mcuxpressoide_10.0.2_411/ide/tools/bin/../lib/gcc/arm-none-eabi/5.4.1/armv6-m\libgcc.a(_udivsi3.o)
                              ./utilities/fsl_debug_console.o (__aeabi_uidiv)
c:/nxp/mcuxpressoide_10.0.2_411/ide/tools/bin/../lib/gcc/arm-none-eabi/5.4.1/armv6-m\libgcc.a(_divsi3.o)
                              ./utilities/fsl_debug_console.o (__aeabi_idiv)
c:/nxp/mcuxpressoide_10.0.2_411/ide/tools/bin/../lib/gcc/arm-none-eabi/5.4.1/armv6-m\libgcc.a(_dvmd_tls.o)
                              c:/nxp/mcuxpressoide_10.0.2_411/ide/tools/bin/../lib/gcc/arm-none-eabi/5.4.1/armv6-m\libgcc.a(_udivsi3.o) (__aeabi_idiv0)
c:/nxp/mcuxpressoide_10.0.2_411/ide/tools/bin/../lib/gcc/arm-none-eabi/5.4.1/armv6-m\libgcc.a(divdf3.o)
                              ./source/_ADCSense.o (__aeabi_ddiv)
c:/nxp/mcuxpressoide_10.0.2_411/ide/tools/bin/../lib/gcc/arm-none-eabi/5.4.1/armv6-m\libgcc.a(muldf3.o)
                              ./source/_ADCSense.o (__aeabi_dmul)
c:/nxp/mcuxpressoide_10.0.2_411/ide/tools/bin/../lib/gcc/arm-none-eabi/5.4.1/armv6-m\libgcc.a(fixdfsi.o)
                              ./source/_ADCSense.o (__aeabi_d2iz)
c:/nxp/mcuxpressoide_10.0.2_411/ide/tools/bin/../lib/gcc/arm-none-eabi/5.4.1/armv6-m\libgcc.a(floatunsidf.o)
                              ./source/_ADCSense.o (__aeabi_ui2d)
c:/nxp/mcuxpressoide_10.0.2_411/ide/tools/bin/../lib/gcc/arm-none-eabi/5.4.1/armv6-m\libgcc.a(_clzsi2.o)
                              c:/nxp/mcuxpressoide_10.0.2_411/ide/tools/bin/../lib/gcc/arm-none-eabi/5.4.1/armv6-m\libgcc.a(divdf3.o) (__clzsi2)
c:/nxp/mcuxpressoide_10.0.2_411/ide/tools/bin/../lib/gcc/arm-none-eabi/5.4.1/../../../../arm-none-eabi/lib/armv6-m\libc.a(lib_a-atoi.o)
                              ./source/_Sys_Control.o (atoi)
c:/nxp/mcuxpressoide_10.0.2_411/ide/tools/bin/../lib/gcc/arm-none-eabi/5.4.1/../../../../arm-none-eabi/lib/armv6-m\libc.a(lib_a-exit.o)
                              c:/nxp/mcuxpressoide_10.0.2_411/ide/tools/bin/../lib/gcc/arm-none-eabi/5.4.1/../../../../arm-none-eabi/lib/armv6-m/crt0.o (exit)
c:/nxp/mcuxpressoide_10.0.2_411/ide/tools/bin/../lib/gcc/arm-none-eabi/5.4.1/../../../../arm-none-eabi/lib/armv6-m\libc.a(lib_a-impure.o)
                              c:/nxp/mcuxpressoide_10.0.2_411/ide/tools/bin/../lib/gcc/arm-none-eabi/5.4.1/../../../../arm-none-eabi/lib/armv6-m\libc.a(lib_a-exit.o) (_global_impure_ptr)
c:/nxp/mcuxpressoide_10.0.2_411/ide/tools/bin/../lib/gcc/arm-none-eabi/5.4.1/../../../../arm-none-eabi/lib/armv6-m\libc.a(lib_a-init.o)
                              c:/nxp/mcuxpressoide_10.0.2_411/ide/tools/bin/../lib/gcc/arm-none-eabi/5.4.1/../../../../arm-none-eabi/lib/armv6-m/crt0.o (__libc_init_array)
c:/nxp/mcuxpressoide_10.0.2_411/ide/tools/bin/../lib/gcc/arm-none-eabi/5.4.1/../../../../arm-none-eabi/lib/armv6-m\libc.a(lib_a-itoa.o)
                              ./source/_Sys_Control.o (itoa)
c:/nxp/mcuxpressoide_10.0.2_411/ide/tools/bin/../lib/gcc/arm-none-eabi/5.4.1/../../../../arm-none-eabi/lib/armv6-m\libc.a(lib_a-memcpy-stub.o)
                              ./source/_Bluetooth.o (memcpy)
c:/nxp/mcuxpressoide_10.0.2_411/ide/tools/bin/../lib/gcc/arm-none-eabi/5.4.1/../../../../arm-none-eabi/lib/armv6-m\libc.a(lib_a-memset.o)
                              c:/nxp/mcuxpressoide_10.0.2_411/ide/tools/bin/../lib/gcc/arm-none-eabi/5.4.1/../../../../arm-none-eabi/lib/armv6-m/crt0.o (memset)
c:/nxp/mcuxpressoide_10.0.2_411/ide/tools/bin/../lib/gcc/arm-none-eabi/5.4.1/../../../../arm-none-eabi/lib/armv6-m\libc.a(lib_a-strcmp.o)
                              ./source/_Sys_Control.o (strcmp)
c:/nxp/mcuxpressoide_10.0.2_411/ide/tools/bin/../lib/gcc/arm-none-eabi/5.4.1/../../../../arm-none-eabi/lib/armv6-m\libc.a(lib_a-strcpy.o)
                              ./source/_Sys_Control.o (strcpy)
c:/nxp/mcuxpressoide_10.0.2_411/ide/tools/bin/../lib/gcc/arm-none-eabi/5.4.1/../../../../arm-none-eabi/lib/armv6-m\libc.a(lib_a-strlen-stub.o)
                              ./utilities/fsl_debug_console.o (strlen)
c:/nxp/mcuxpressoide_10.0.2_411/ide/tools/bin/../lib/gcc/arm-none-eabi/5.4.1/../../../../arm-none-eabi/lib/armv6-m\libc.a(lib_a-strtol.o)
                              c:/nxp/mcuxpressoide_10.0.2_411/ide/tools/bin/../lib/gcc/arm-none-eabi/5.4.1/../../../../arm-none-eabi/lib/armv6-m\libc.a(lib_a-atoi.o) (_strtol_r)
c:/nxp/mcuxpressoide_10.0.2_411/ide/tools/bin/../lib/gcc/arm-none-eabi/5.4.1/../../../../arm-none-eabi/lib/armv6-m\libc.a(lib_a-utoa.o)
                              c:/nxp/mcuxpressoide_10.0.2_411/ide/tools/bin/../lib/gcc/arm-none-eabi/5.4.1/../../../../arm-none-eabi/lib/armv6-m\libc.a(lib_a-itoa.o) (__utoa)
c:/nxp/mcuxpressoide_10.0.2_411/ide/tools/bin/../lib/gcc/arm-none-eabi/5.4.1/../../../../arm-none-eabi/lib/armv6-m\libc.a(lib_a-__call_atexit.o)
[...]
Memory Configuration

Name             Origin             Length             Attributes
PROGRAM_FLASH    0x00000000         0x00040000         xr
SRAM             0x1fffe000         0x00008000         xrw
*default*        0x00000000         0xffffffff

Linker script and memory map

LOAD c:/nxp/mcuxpressoide_10.0.2_411/ide/tools/bin/../lib/gcc/arm-none-eabi/5.4.1/armv6-m/crti.o
LOAD c:/nxp/mcuxpressoide_10.0.2_411/ide/tools/bin/../lib/gcc/arm-none-eabi/5.4.1/armv6-m/crtbegin.o
LOAD c:/nxp/mcuxpressoide_10.0.2_411/ide/tools/bin/../lib/gcc/arm-none-eabi/5.4.1/../../../../arm-none-eabi/lib/armv6-m/crt0.o
LOAD ./utilities/fsl_debug_console.o
LOAD ./startup/startup_mkl43z4.o
LOAD ./source/SmartTorqueFW.o
LOAD ./source/_ADCSense.o
LOAD ./source/_Bluetooth.o
LOAD ./source/_Display.o
LOAD ./source/_FRAM.o
LOAD ./source/_HMI.o
LOAD ./source/_RTC.o
LOAD ./source/_Sys_Control.o
LOAD ./source/_Timer.o
LOAD ./freertos/croutine.o
LOAD ./freertos/event_groups.o
LOAD ./freertos/fsl_tickless_lptmr.o
LOAD ./freertos/fsl_tickless_systick.o
LOAD ./freertos/heap_4.o
LOAD ./freertos/list.o
LOAD ./freertos/port.o
LOAD ./freertos/queue.o
LOAD ./freertos/tasks.o
LOAD ./freertos/timers.o
LOAD ./drivers/fsl_adc16.o
LOAD ./drivers/fsl_clock.o
LOAD ./drivers/fsl_common.o
LOAD ./drivers/fsl_dma.o
LOAD ./drivers/fsl_dmamux.o
LOAD ./drivers/fsl_flash.o
LOAD ./drivers/fsl_gpio.o
LOAD ./drivers/fsl_i2c.o
LOAD ./drivers/fsl_i2c_freertos.o
LOAD ./drivers/fsl_lptmr.o
LOAD ./drivers/fsl_lpuart.o
LOAD ./drivers/fsl_lpuart_freertos.o
LOAD ./drivers/fsl_pmc.o
LOAD ./drivers/fsl_rtc.o
LOAD ./drivers/fsl_slcd.o
LOAD ./drivers/fsl_smc.o
LOAD ./drivers/fsl_tpm.o
LOAD ./drivers/fsl_uart.o
LOAD ./drivers/fsl_uart_freertos.o
LOAD ./board/board.o
LOAD ./board/clock_config.o
LOAD ./board/mtb.o
LOAD ./board/pin_mux.o
LOAD ./CMSIS/system_MKL43Z4.o
START GROUP
LOAD c:/nxp/mcuxpressoide_10.0.2_411/ide/tools/bin/../lib/gcc/arm-none-eabi/5.4.1/armv6-m\libgcc.a
LOAD c:/nxp/mcuxpressoide_10.0.2_411/ide/tools/bin/../lib/gcc/arm-none-eabi/5.4.1/../../../../arm-none-eabi/lib/armv6-m\libc.a
END GROUP
LOAD c:/nxp/mcuxpressoide_10.0.2_411/ide/tools/bin/../lib/gcc/arm-none-eabi/5.4.1/armv6-m/crtend.o
LOAD c:/nxp/mcuxpressoide_10.0.2_411/ide/tools/bin/../lib/gcc/arm-none-eabi/5.4.1/armv6-m/crtn.o
START GROUP
LOAD c:/nxp/mcuxpressoide_10.0.2_411/ide/tools/bin/../lib/gcc/arm-none-eabi/5.4.1/../../../../arm-none-eabi/lib/armv6-m\libcr_nohost_nf.a
LOAD c:/nxp/mcuxpressoide_10.0.2_411/ide/tools/bin/../lib/gcc/arm-none-eabi/5.4.1/../../../../arm-none-eabi/lib/armv6-m\libcr_c.a
LOAD c:/nxp/mcuxpressoide_10.0.2_411/ide/tools/bin/../lib/gcc/arm-none-eabi/5.4.1/armv6-m\libcr_eabihelpers.a
END GROUP
                0x00000000                __base_PROGRAM_FLASH = 0x0
                0x00000000                __base_Flash = 0x0
                0x00040000                __top_PROGRAM_FLASH = 0x40000
                0x00040000                __top_Flash = 0x40000
                0x1fffe000                __base_SRAM = 0x1fffe000
                0x1fffe000                __base_RAM = 0x1fffe000
                0x20006000                __top_SRAM = 0x20006000
                0x20006000                __top_RAM = 0x20006000

.text           0x00000000     0xaf00
 FILL mask 0xff
                0x00000000                __vectors_start__ = ABSOLUTE (.)
 *(.isr_vector)
 .isr_vector    0x00000000       0xc0 ./startup/startup_mkl43z4.o
                0x00000000                g_pfnVectors
                0x00000000                __Vectors
                0x000000c0                . = ALIGN (0x4)
                0x000000c0                __section_table_start = .
                0x000000c0                __data_section_table = .
                0x000000c0        0x4 LONG 0xaf08 LOADADDR (.data)
                0x000000c4        0x4 LONG 0x1fffe080 ADDR (.data)
                0x000000c8        0x4 LONG 0x5c0 SIZEOF (.data)
                0x000000cc                __data_section_table_end = .
                0x000000cc                __bss_section_table = .
                0x000000cc        0x4 LONG 0x1fffe640 ADDR (.bss)
                0x000000d0        0x4 LONG 0x41d4 SIZEOF (.bss)
                0x000000d4                __bss_section_table_end = .
                0x000000d4                __section_table_end = .
 *(.after_vectors*)
 .after_vectors.init_data
                0x000000d4       0x40 ./startup/startup_mkl43z4.o
                0x000000d4                data_init
 .after_vectors.init_bss
                0x00000114       0x34 ./startup/startup_mkl43z4.o
                0x00000114                bss_init
 .after_vectors.reset
                0x00000148       0x84 ./startup/startup_mkl43z4.o
                0x00000148                ResetISR
 .after_vectors
                0x000001cc      0x230 ./startup/startup_mkl43z4.o
                0x000001cc                NMI_Handler
                0x000001d4                HardFault_Handler
                0x000001f4                Reserved42_DriverIRQHandler
                0x000001f4                PIT_DriverIRQHandler
                0x000001f4                SPI1_DriverIRQHandler
                0x000001f4                LPTMR0_DriverIRQHandler
                0x000001f4                PORTC_PORTD_DriverIRQHandler
                0x000001f4                PMC_DriverIRQHandler
                0x000001f4                Reserved43_DriverIRQHandler
                0x000001f4                CMP0_DriverIRQHandler
                0x000001f4                I2S0_DriverIRQHandler
                0x000001f4                ADC0_DriverIRQHandler
                0x000001f4                TPM2_DriverIRQHandler
                0x000001f4                SPI0_DriverIRQHandler
                0x000001f4                LCD_DriverIRQHandler
                0x000001f4                RTC_DriverIRQHandler
                0x000001f4                RTC_Seconds_DriverIRQHandler
                0x000001f4                LLWU_DriverIRQHandler
                0x000001f4                TPM1_DriverIRQHandler
                0x000001f4                PORTA_DriverIRQHandler
                0x000001f4                UART2_FLEXIO_DriverIRQHandler
                0x000001f4                FTFA_DriverIRQHandler
                0x000001f4                IntDefaultHandler
                0x000001f4                USB0_DriverIRQHandler
                0x000001f4                DAC0_DriverIRQHandler
                0x000001f4                TPM0_DriverIRQHandler
                0x000001f4                Reserved20_DriverIRQHandler
                0x0000020c                DMA1_IRQHandler
                0x0000021c                DMA2_IRQHandler
                0x0000022c                DMA3_IRQHandler
                0x0000023c                Reserved20_IRQHandler
                0x0000024c                FTFA_IRQHandler
                0x0000025c                PMC_IRQHandler
                0x0000026c                LLWU_IRQHandler
                0x0000027c                I2C0_IRQHandler
                0x0000028c                I2C1_IRQHandler
                0x0000029c                SPI0_IRQHandler
                0x000002ac                SPI1_IRQHandler
                0x000002bc                LPUART0_IRQHandler
                0x000002cc                LPUART1_IRQHandler
                0x000002ec                ADC0_IRQHandler
                0x000002fc                CMP0_IRQHandler
                0x0000030c                TPM0_IRQHandler
                0x0000031c                TPM1_IRQHandler
                0x0000032c                TPM2_IRQHandler
                0x0000033c                RTC_IRQHandler
                0x0000035c                PIT_IRQHandler
                0x0000036c                I2S0_IRQHandler
                0x0000037c                USB0_IRQHandler
                0x0000038c                DAC0_IRQHandler
                0x0000039c                Reserved42_IRQHandler
                0x000003ac                Reserved43_IRQHandler
                0x000003bc                LPTMR0_IRQHandler
                0x000003cc                LCD_IRQHandler
                0x00000400                . = 0x400
 *fill*         0x000003fc        0x4 ff
                0x00000400                PROVIDE (__FLASH_CONFIG_START__, .)
 *(.FlashConfig)
 .FlashConfig   0x00000400       0x10 ./startup/startup_mkl43z4.o
                0x00000400                Flash_Config
                0x00000410                PROVIDE (__FLASH_CONFIG_END__, .)
                0x00000001                ASSERT (! ((__FLASH_CONFIG_START__ == __FLASH_CONFIG_END__)), Linker Flash Config Support Enabled, but no .FlashConfig section provided within application)
 *(.text*)
 .text.DbgConsole_Printf
                0x00000410       0x44 ./utilities/fsl_debug_console.o
                0x00000410                DbgConsole_Printf
 .text.DbgConsole_Putchar
                0x00000454       0x34 ./utilities/fsl_debug_console.o
                0x00000454                DbgConsole_Putchar
 .text.DbgConsole_PrintfPaddingCharacter
                0x00000488       0x48 ./utilities/fsl_debug_console.o
 .text.DbgConsole_ConvertRadixNumToString
                0x000004d0      0x114 ./utilities/fsl_debug_console.o
 .text.DbgConsole_PrintfFormattedData
                0x000005e4      0x334 ./utilities/fsl_debug_console.o
 .text.main     0x00000918       0xa8 ./source/SmartTorqueFW.o
                0x00000918                main
 .text.vApplicationTickHook
                0x000009c0       0x2c ./source/SmartTorqueFW.o
                0x000009c0                vApplicationTickHook
 .text.vApplicationMallocFailedHook
                0x000009ec        0x8 ./source/SmartTorqueFW.o
                0x000009ec                vApplicationMallocFailedHook
 .text.vApplicationStackOverflowHook
                0x000009f4        0xc ./source/SmartTorqueFW.o
                0x000009f4                vApplicationStackOverflowHook
 .text.vApplicationIdleHook
                0x00000a00       0x18 ./source/SmartTorqueFW.o
                0x00000a00                vApplicationIdleHook
 .text.NVIC_EnableIRQ
                0x00000a18       0x2c ./source/_ADCSense.o
 .text.ADC16_EnableDMA
                0x00000a44       0x3c ./source/_ADCSense.o
 .text.ADC16_EnableHardwareTrigger
                0x00000a80       0x3c ./source/_ADCSense.o
 .text.DMA_EnableCycleSteal
                0x00000abc       0x4c ./source/_ADCSense.o
 .text.DMA_EnableAsyncRequest
                0x00000b08       0x4c ./source/_ADCSense.o
 .text.DMA_EnableInterrupts
                0x00000b54       0x38 ./source/_ADCSense.o
 .text.DMA_ClearChannelStatusFlags
                0x00000b8c       0x40 ./source/_ADCSense.o
 .text.DMA_StartTransfer
                0x00000bcc       0x44 ./source/_ADCSense.o
 .text.LPTMR_SetTimerPeriod
                0x00000c10       0x1c ./source/_ADCSense.o
 .text.LPTMR_StartTimer
                0x00000c2c       0x2c ./source/_ADCSense.o
 .text.LPTMR_StopTimer
                0x00000c58       0x2c ./source/_ADCSense.o
 .text.DMAMUX_EnableChannel
                0x00000c84       0x30 ./source/_ADCSense.o
 .text.DMAMUX_SetSource
                0x00000cb4       0x3c ./source/_ADCSense.o
 .text.ADC_INIT
                0x00000cf0       0xd4 ./source/_ADCSense.o
                0x00000cf0                ADC_INIT
 .text.BOARD_ConfigTrigger
                0x00000dc4       0x24 ./source/_ADCSense.o
                0x00000dc4                BOARD_ConfigTrigger
 .text.DMA_CONFIG
                0x00000de8       0xb0 ./source/_ADCSense.o
                0x00000de8                DMA_CONFIG
 .text.DMA0_IRQHandler
                0x00000e98       0xdc ./source/_ADCSense.o
                0x00000e98                DMA0_IRQHandler
 .text.getMeasurements
                0x00000f74      0x118 ./source/_ADCSense.o
                0x00000f74                getMeasurements
 .text.LPTMR_TRIG
                0x0000108c       0x30 ./source/_ADCSense.o
                0x0000108c                LPTMR_TRIG
 .text.vADC16Task
                0x000010bc       0x14 ./source/_ADCSense.o
                0x000010bc                vADC16Task
 .text.NVIC_EnableIRQ
                0x000010d0       0x2c ./source/_Bluetooth.o
 .text.NVIC_SetPriority
                0x000010fc       0xdc ./source/_Bluetooth.o
 .text.EnableIRQ
                0x000011d8       0x2c ./source/_Bluetooth.o
 .text.UART_WriteByte
                0x00001204       0x20 ./source/_Bluetooth.o
 .text.UART_ReadByte
                0x00001224       0x18 ./source/_Bluetooth.o
 .text.on_message_send
                0x0000123c       0xcc ./source/_Bluetooth.o
                0x0000123c                on_message_send
 .text.Bluetooth_INIT
                0x00001308       0x74 ./source/_Bluetooth.o
                0x00001308                Bluetooth_INIT
 .text.UART2_FLEXIO_IRQHandler
                0x0000137c       0x78 ./source/_Bluetooth.o
                0x0000137c                UART2_FLEXIO_IRQHandler
 .text.vBluetoothTask
                0x000013f4      0x5e4 ./source/_Bluetooth.o
                0x000013f4                vBluetoothTask
 .text.Bluetooth_Send
                0x000019d8       0x88 ./source/_Bluetooth.o
                0x000019d8                Bluetooth_Send
 .text.Bluetooth_Reset
                0x00001a60       0x30 ./source/_Bluetooth.o
                0x00001a60                Bluetooth_Reset
 .text.print_address
                0x00001a90       0x54 ./source/_Bluetooth.o
                0x00001a90                print_address
 .text.SLCD_StartDisplay
                0x00001ae4       0x1c ./source/_Display.o
 .text.SLCD_StopBlinkMode
                0x00001b00       0x20 ./source/_Display.o
 .text.SLCD_SetBackPlanePhase
                0x00001b20       0x28 ./source/_Display.o
 .text.SLCD_SetFrontPlaneSegments
                0x00001b48       0x28 ./source/_Display.o
 .text.SLCD_SetFrontPlaneOnePhase
                0x00001b70       0x88 ./source/_Display.o
 .text.Display_Init
                0x00001bf8       0xc4 ./source/_Display.o
                0x00001bf8                Display_Init
 .text.Display_Blink
                0x00001cbc       0x1c ./source/_Display.o
                0x00001cbc                Display_Blink
 .text.Display_Stop_Blink
                0x00001cd8       0x18 ./source/_Display.o
                0x00001cd8                Display_Stop_Blink
 .text.Set_Display
                0x00001cf0       0xfc ./source/_Display.o
                0x00001cf0                Set_Display
 .text.Display_Number
                0x00001dec      0x178 ./source/_Display.o
                0x00001dec                Display_Number
 .text.CLOCK_EnableClock
                0x00001f64       0x38 ./source/_FRAM.o
 .text.PORT_SetPinConfig
                0x00001f9c       0x28 ./source/_FRAM.o
 .text.GPIO_WritePinOutput
                0x00001fc4       0x34 ./source/_FRAM.o
 .text.i2c_master_callback
                0x00001ff8       0x48 ./source/_FRAM.o
                0x00001ff8                i2c_master_callback
 .text.FRAM_INIT
                0x00002040       0x84 ./source/_FRAM.o
                0x00002040                FRAM_INIT
 .text.i2c_release_bus_delay
                0x000020c4       0x28 ./source/_FRAM.o
 .text.BOARD_I2C_ReleaseBus
                0x000020ec      0x178 ./source/_FRAM.o
                0x000020ec                BOARD_I2C_ReleaseBus
 .text.write    0x00002264       0xbc ./source/_FRAM.o
                0x00002264                write
 .text.read     0x00002320       0xb8 ./source/_FRAM.o
                0x00002320                read
 .text.NVIC_EnableIRQ
                0x000023d8       0x2c ./source/_HMI.o
 .text.EnableIRQ
                0x00002404       0x2c ./source/_HMI.o
 .text.PORT_SetPinInterruptConfig
                0x00002430       0x40 ./source/_HMI.o
 .text.PORTA_IRQHandler
                0x00002470       0xa4 ./source/_HMI.o
                0x00002470                PORTA_IRQHandler
 .text.PORTC_PORTD_IRQHandler
                0x00002514       0x74 ./source/_HMI.o
                0x00002514                PORTC_PORTD_IRQHandler
 .text.HMI_INIT
                0x00002588       0x68 ./source/_HMI.o
                0x00002588                HMI_INIT
 .text.RTC_Seconds_IRQHandler
                0x000025f0       0x90 ./source/_RTC.o
                0x000025f0                RTC_Seconds_IRQHandler
 .text.GPIO_WritePinOutput
                0x00002680       0x34 ./source/_Sys_Control.o
 .text.GPIO_SetPinsOutput
                0x000026b4       0x18 ./source/_Sys_Control.o
 .text.GPIO_ClearPinsOutput
                0x000026cc       0x18 ./source/_Sys_Control.o
 .text.Sys_Control_INIT
                0x000026e4      0x118 ./source/_Sys_Control.o
                0x000026e4                Sys_Control_INIT
 .text.HandleButtons
                0x000027fc       0xa0 ./source/_Sys_Control.o
                0x000027fc                HandleButtons
 .text.UpdateDisplay
                0x0000289c       0x1c ./source/_Sys_Control.o
                0x0000289c                UpdateDisplay
 .text.vSystemControllerTask
                0x000028b8       0x94 ./source/_Sys_Control.o
                0x000028b8                vSystemControllerTask
 .text.ConfigurationBuilder
                0x0000294c      0x5b4 ./source/_Sys_Control.o
                0x0000294c                ConfigurationBuilder
 .text.Set_Configuration_default
                0x00002f00       0x60 ./source/_Sys_Control.o
                0x00002f00                Set_Configuration_default
 .text.TorqueWithinRange
                0x00002f60       0x24 ./source/_Sys_Control.o
                0x00002f60                TorqueWithinRange
 .text.HandleTorch
                0x00002f84       0x9c ./source/_Sys_Control.o
                0x00002f84                HandleTorch
 .text.ManageTransmission
                0x00003020      0x1f0 ./source/_Sys_Control.o
                0x00003020                ManageTransmission
 .text.HandleCommands
                0x00003210      0x148 ./source/_Sys_Control.o
                0x00003210                HandleCommands
 .text.CLOCK_SetTpmClock
                0x00003358       0x38 ./source/_Timer.o
 .text.TPM_StartTimer
                0x00003390       0x3c ./source/_Timer.o
 .text.TPM_StopTimer
                0x000033cc       0x2c ./source/_Timer.o
 .text.Timer_INIT
                0x000033f8       0x70 ./source/_Timer.o
                0x000033f8                Timer_INIT
 .text.Enable_Torch
                0x00003468       0x18 ./source/_Timer.o
                0x00003468                Enable_Torch
 .text.Stop_Torch
                0x00003480       0x18 ./source/_Timer.o
                0x00003480                Stop_Torch
 .text.UpdatePWM
                0x00003498       0x30 ./source/_Timer.o
                0x00003498                UpdatePWM
 .text.xEventGroupCreate
                0x000034c8       0x30 ./freertos/event_groups.o
                0x000034c8                xEventGroupCreate
 .text.xEventGroupSetBits
                0x000034f8       0xf4 ./freertos/event_groups.o
                0x000034f8                xEventGroupSetBits
 .text.vEventGroupDelete
                0x000035ec       0x54 ./freertos/event_groups.o
                0x000035ec                vEventGroupDelete
 .text.vEventGroupSetBitsCallback
                0x00003640       0x20 ./freertos/event_groups.o
                0x00003640                vEventGroupSetBitsCallback
 .text.xEventGroupSetBitsFromISR
                0x00003660       0x2c ./freertos/event_groups.o
                0x00003660                xEventGroupSetBitsFromISR
 .text.prvSetupTimerInterrupt
                0x0000368c       0x3c ./freertos/fsl_tickless_lptmr.o
                0x0000368c                prvSetupTimerInterrupt
 .text.pvPortMalloc
                0x000036c8      0x154 ./freertos/heap_4.o
                0x000036c8                pvPortMalloc
 .text.vPortFree
                0x0000381c       0x90 ./freertos/heap_4.o
                0x0000381c                vPortFree
 .text.xPortGetFreeHeapSize
                0x000038ac       0x14 ./freertos/heap_4.o
                0x000038ac                xPortGetFreeHeapSize
 .text.prvHeapInit
                0x000038c0       0xc0 ./freertos/heap_4.o
 .text.prvInsertBlockIntoFreeList
                0x00003980       0xb0 ./freertos/heap_4.o
 .text.vListInitialise
                0x00003a30       0x3c ./freertos/list.o
                0x00003a30                vListInitialise
 .text.vListInitialiseItem
                0x00003a6c       0x18 ./freertos/list.o
                0x00003a6c                vListInitialiseItem
 .text.vListInsertEnd
                0x00003a84       0x44 ./freertos/list.o
                0x00003a84                vListInsertEnd
 .text.vListInsert
                0x00003ac8       0x6c ./freertos/list.o
                0x00003ac8                vListInsert
 .text.uxListRemove
                0x00003b34       0x50 ./freertos/list.o
                0x00003b34                uxListRemove
 .text.pxPortInitialiseStack
                0x00003b84       0x54 ./freertos/port.o
                0x00003b84                pxPortInitialiseStack
 .text.prvTaskExitError
                0x00003bd8       0x18 ./freertos/port.o
 .text.SVC_Handler
                0x00003bf0        0xc ./freertos/port.o
                0x00003bf0                SVC_Handler
 *fill*         0x00003bfc        0x4 ff
 .text.vPortStartFirstTask
                0x00003c00       0x38 ./freertos/port.o
 .text.xPortStartScheduler
                0x00003c38       0x44 ./freertos/port.o
                0x00003c38                xPortStartScheduler
 .text.vPortYield
                0x00003c7c       0x20 ./freertos/port.o
                0x00003c7c                vPortYield
 .text.vPortEnterCritical
                0x00003c9c       0x24 ./freertos/port.o
                0x00003c9c                vPortEnterCritical
 .text.vPortExitCritical
                0x00003cc0       0x30 ./freertos/port.o
                0x00003cc0                vPortExitCritical
 .text.ulSetInterruptMaskFromISR
                0x00003cf0        0xc ./freertos/port.o
                0x00003cf0                ulSetInterruptMaskFromISR
 .text.vClearInterruptMaskFromISR
                0x00003cfc        0x8 ./freertos/port.o
                0x00003cfc                vClearInterruptMaskFromISR
 *fill*         0x00003d04        0xc ff
 .text.PendSV_Handler
                0x00003d10       0x48 ./freertos/port.o
                0x00003d10                PendSV_Handler
 .text.SysTick_Handler
                0x00003d58       0x34 ./freertos/port.o
                0x00003d58                SysTick_Handler
 .text.xQueueGenericReset
                0x00003d8c       0xa8 ./freertos/queue.o
                0x00003d8c                xQueueGenericReset
 .text.xQueueGenericCreate
                0x00003e34       0x64 ./freertos/queue.o
                0x00003e34                xQueueGenericCreate
 .text.prvInitialiseNewQueue
                0x00003e98       0x50 ./freertos/queue.o
 .text.prvInitialiseMutex
                0x00003ee8       0x34 ./freertos/queue.o
 .text.xQueueCreateMutex
                0x00003f1c       0x38 ./freertos/queue.o
                0x00003f1c                xQueueCreateMutex
 .text.xQueueGenericSend
                0x00003f54      0x188 ./freertos/queue.o
                0x00003f54                xQueueGenericSend
 .text.xQueueGenericSendFromISR
                0x000040dc       0xe4 ./freertos/queue.o
                0x000040dc                xQueueGenericSendFromISR
 .text.xQueueGenericReceive
                0x000041c0      0x1c8 ./freertos/queue.o
                0x000041c0                xQueueGenericReceive
 .text.vQueueDelete
                0x00004388       0x30 ./freertos/queue.o
                0x00004388                vQueueDelete
 .text.prvCopyDataToQueue
                0x000043b8       0xd8 ./freertos/queue.o
 .text.prvCopyDataFromQueue
                0x00004490       0x4c ./freertos/queue.o
 .text.prvUnlockQueue
                0x000044dc       0xc0 ./freertos/queue.o
 .text.prvIsQueueEmpty
                0x0000459c       0x2c ./freertos/queue.o
 .text.prvIsQueueFull
                0x000045c8       0x30 ./freertos/queue.o
 .text.vQueueAddToRegistry
                0x000045f8       0x50 ./freertos/queue.o
                0x000045f8                vQueueAddToRegistry
 .text.vQueueUnregisterQueue
                0x00004648       0x54 ./freertos/queue.o
                0x00004648                vQueueUnregisterQueue
 .text.vQueueWaitForMessageRestricted
                0x0000469c       0x68 ./freertos/queue.o
                0x0000469c                vQueueWaitForMessageRestricted
 .text.xTaskCreate
                0x00004704       0x90 ./freertos/tasks.o
                0x00004704                xTaskCreate
 .text.prvInitialiseNewTask
                0x00004794      0x12c ./freertos/tasks.o
 .text.prvAddNewTaskToReadyList
                0x000048c0       0xd0 ./freertos/tasks.o
 .text.vTaskDelay
                0x00004990       0x4c ./freertos/tasks.o
                0x00004990                vTaskDelay
 .text.vTaskSuspend
                0x000049dc       0xb8 ./freertos/tasks.o
                0x000049dc                vTaskSuspend
 .text.prvTaskIsTaskSuspended
                0x00004a94       0x60 ./freertos/tasks.o
 .text.vTaskResume
                0x00004af4       0x9c ./freertos/tasks.o
                0x00004af4                vTaskResume
 .text.vTaskStartScheduler
                0x00004b90       0x78 ./freertos/tasks.o
                0x00004b90                vTaskStartScheduler
 .text.vTaskSuspendAll
                0x00004c08       0x18 ./freertos/tasks.o
                0x00004c08                vTaskSuspendAll
 .text.xTaskResumeAll
                0x00004c20      0x118 ./freertos/tasks.o
                0x00004c20                xTaskResumeAll
 .text.xTaskGetTickCount
                0x00004d38       0x1c ./freertos/tasks.o
                0x00004d38                xTaskGetTickCount
 .text.xTaskIncrementTick
                0x00004d54      0x160 ./freertos/tasks.o
                0x00004d54                xTaskIncrementTick
 .text.vTaskSwitchContext
                0x00004eb4       0xf4 ./freertos/tasks.o
                0x00004eb4                vTaskSwitchContext
 .text.vTaskPlaceOnEventList
                0x00004fa8       0x3c ./freertos/tasks.o
                0x00004fa8                vTaskPlaceOnEventList
 .text.vTaskPlaceOnEventListRestricted
                0x00004fe4       0x4c ./freertos/tasks.o
                0x00004fe4                vTaskPlaceOnEventListRestricted
 .text.xTaskRemoveFromEventList
                0x00005030       0xb8 ./freertos/tasks.o
                0x00005030                xTaskRemoveFromEventList
 .text.xTaskRemoveFromUnorderedEventList
                0x000050e8       0xb0 ./freertos/tasks.o
                0x000050e8                xTaskRemoveFromUnorderedEventList
 .text.vTaskSetTimeOutState
                0x00005198       0x34 ./freertos/tasks.o
                0x00005198                vTaskSetTimeOutState
 .text.xTaskCheckForTimeOut
                0x000051cc       0x9c ./freertos/tasks.o
                0x000051cc                xTaskCheckForTimeOut
 .text.vTaskMissedYield
                0x00005268       0x14 ./freertos/tasks.o
                0x00005268                vTaskMissedYield
 .text.prvIdleTask
                0x0000527c       0x24 ./freertos/tasks.o
 .text.prvInitialiseTaskLists
                0x000052a0       0x88 ./freertos/tasks.o
 .text.prvCheckTasksWaitingTermination
                0x00005328       0x74 ./freertos/tasks.o
 .text.prvDeleteTCB
                0x0000539c       0x24 ./freertos/tasks.o
 .text.prvResetNextTaskUnblockTime
                0x000053c0       0x48 ./freertos/tasks.o
 .text.xTaskGetSchedulerState
                0x00005408       0x38 ./freertos/tasks.o
                0x00005408                xTaskGetSchedulerState
 .text.vTaskPriorityInherit
                0x00005440       0xbc ./freertos/tasks.o
                0x00005440                vTaskPriorityInherit
 .text.xTaskPriorityDisinherit
                0x000054fc       0xb8 ./freertos/tasks.o
                0x000054fc                xTaskPriorityDisinherit
 .text.pvTaskIncrementMutexHeldCount
                0x000055b4       0x24 ./freertos/tasks.o
                0x000055b4                pvTaskIncrementMutexHeldCount
 .text.prvAddCurrentTaskToDelayedList
                0x000055d8       0xa8 ./freertos/tasks.o
 .text.xTimerCreateTimerTask
                0x00005680       0x54 ./freertos/timers.o
                0x00005680                xTimerCreateTimerTask
 .text.xTimerGenericCommand
                0x000056d4       0x9c ./freertos/timers.o
                0x000056d4                xTimerGenericCommand
 .text.prvProcessExpiredTimer
                0x00005770       0x70 ./freertos/timers.o
 .text.prvTimerTask
                0x000057e0       0x28 ./freertos/timers.o
 .text.prvProcessTimerOrBlockTask
                0x00005808       0x8c ./freertos/timers.o
 .text.prvGetNextExpireTime
                0x00005894       0x40 ./freertos/timers.o
 .text.prvSampleTimeNow
                0x000058d4       0x40 ./freertos/timers.o
 .text.prvInsertTimerInActiveList
                0x00005914       0x84 ./freertos/timers.o
 .text.prvProcessReceivedCommands
                0x00005998      0x12c ./freertos/timers.o
 .text.prvSwitchTimerLists
                0x00005ac4       0xb4 ./freertos/timers.o
 .text.prvCheckForValidListAndQueue
                0x00005b78       0x74 ./freertos/timers.o
 .text.xTimerPendFunctionCallFromISR
                0x00005bec       0x54 ./freertos/timers.o
                0x00005bec                xTimerPendFunctionCallFromISR
 .text.CLOCK_EnableClock
                0x00005c40       0x38 ./drivers/fsl_adc16.o
 .text.ADC16_GetInstance
                0x00005c78       0x34 ./drivers/fsl_adc16.o
 .text.ADC16_Init
                0x00005cac      0x100 ./drivers/fsl_adc16.o
                0x00005cac                ADC16_Init
 .text.ADC16_GetDefaultConfig
                0x00005dac       0x48 ./drivers/fsl_adc16.o
                0x00005dac                ADC16_GetDefaultConfig
 .text.ADC16_DoAutoCalibration
                0x00005df4      0x11c ./drivers/fsl_adc16.o
                0x00005df4                ADC16_DoAutoCalibration
 .text.ADC16_SetChannelMuxMode
                0x00005f10       0x3c ./drivers/fsl_adc16.o
                0x00005f10                ADC16_SetChannelMuxMode
 .text.ADC16_GetStatusFlags
                0x00005f4c       0x3c ./drivers/fsl_adc16.o
                0x00005f4c                ADC16_GetStatusFlags
 .text.ADC16_SetChannelConfig
                0x00005f88       0x48 ./drivers/fsl_adc16.o
                0x00005f88                ADC16_SetChannelConfig
 .text.ADC16_GetChannelStatusFlags
                0x00005fd0       0x30 ./drivers/fsl_adc16.o
                0x00005fd0                ADC16_GetChannelStatusFlags
 .text.CLOCK_SetEr32kClock
                0x00006000       0x30 ./drivers/fsl_clock.o
 .text.OSC_SetExtRefClkConfig
                0x00006030       0x48 ./drivers/fsl_clock.o
 .text.OSC_SetCapLoad
                0x00006078       0x4c ./drivers/fsl_clock.o
 .text.CLOCK_GetLircClkFreq
                0x000060c4       0x48 ./drivers/fsl_clock.o
 .text.CLOCK_GetOscRangeFromFreq
                0x0000610c       0x4c ./drivers/fsl_clock.o
 .text.CLOCK_GetOsc0ErClkFreq
                0x00006158       0x28 ./drivers/fsl_clock.o
                0x00006158                CLOCK_GetOsc0ErClkFreq
 .text.CLOCK_GetEr32kClkFreq
                0x00006180       0x60 ./drivers/fsl_clock.o
                0x00006180                CLOCK_GetEr32kClkFreq
 .text.CLOCK_GetFreq
                0x000061e0       0xc4 ./drivers/fsl_clock.o
                0x000061e0                CLOCK_GetFreq
 .text.CLOCK_SetSimConfig
                0x000062a4       0x2c ./drivers/fsl_clock.o
                0x000062a4                CLOCK_SetSimConfig
 .text.CLOCK_GetInternalRefClkFreq
                0x000062d0       0x48 ./drivers/fsl_clock.o
                0x000062d0                CLOCK_GetInternalRefClkFreq
 .text.CLOCK_GetPeriphClkFreq
                0x00006318       0x34 ./drivers/fsl_clock.o
                0x00006318                CLOCK_GetPeriphClkFreq
 .text.CLOCK_GetOutClkFreq
                0x0000634c       0x68 ./drivers/fsl_clock.o
                0x0000634c                CLOCK_GetOutClkFreq
 .text.CLOCK_SetMcgliteConfig
                0x000063b4      0x104 ./drivers/fsl_clock.o
                0x000063b4                CLOCK_SetMcgliteConfig
 .text.CLOCK_InitOsc0
                0x000064b8       0x98 ./drivers/fsl_clock.o
                0x000064b8                CLOCK_InitOsc0
 .text.NVIC_EnableIRQ
                0x00006550       0x2c ./drivers/fsl_dma.o
 .text.CLOCK_EnableClock
                0x0000657c       0x38 ./drivers/fsl_dma.o
 .text.EnableIRQ
                0x000065b4       0x2c ./drivers/fsl_dma.o
 .text.DMA_ClearChannelStatusFlags
                0x000065e0       0x40 ./drivers/fsl_dma.o
 .text.DMA_GetInstance
                0x00006620       0x34 ./drivers/fsl_dma.o
 .text.DMA_Init
                0x00006654       0x24 ./drivers/fsl_dma.o
                0x00006654                DMA_Init
 .text.DMA_SetTransferConfig
                0x00006678       0xb8 ./drivers/fsl_dma.o
                0x00006678                DMA_SetTransferConfig
 .text.DMA_CreateHandle
                0x00006730       0x6c ./drivers/fsl_dma.o
                0x00006730                DMA_CreateHandle
 .text.DMA_PrepareTransfer
                0x0000679c       0xb8 ./drivers/fsl_dma.o
                0x0000679c                DMA_PrepareTransfer
 .text.DMA_HandleIRQ
                0x00006854       0x3c ./drivers/fsl_dma.o
                0x00006854                DMA_HandleIRQ
 .text.DMA0_DriverIRQHandler
                0x00006890       0x18 ./drivers/fsl_dma.o
                0x00006890                DMA0_DriverIRQHandler
 .text.DMA1_DriverIRQHandler
                0x000068a8       0x18 ./drivers/fsl_dma.o
                0x000068a8                DMA1_DriverIRQHandler
 .text.DMA2_DriverIRQHandler
                0x000068c0       0x18 ./drivers/fsl_dma.o
                0x000068c0                DMA2_DriverIRQHandler
 .text.DMA3_DriverIRQHandler
                0x000068d8       0x18 ./drivers/fsl_dma.o
                0x000068d8                DMA3_DriverIRQHandler
 .text.CLOCK_EnableClock
                0x000068f0       0x38 ./drivers/fsl_dmamux.o
 .text.DMAMUX_GetInstance
                0x00006928       0x34 ./drivers/fsl_dmamux.o
 .text.DMAMUX_Init
                0x0000695c       0x24 ./drivers/fsl_dmamux.o
                0x0000695c                DMAMUX_Init
 .text.GPIO_WritePinOutput
                0x00006980       0x34 ./drivers/fsl_gpio.o
 .text.GPIO_GetInstance
                0x000069b4       0x3c ./drivers/fsl_gpio.o
 .text.GPIO_PinInit
                0x000069f0       0x54 ./drivers/fsl_gpio.o
                0x000069f0                GPIO_PinInit
 .text.GPIO_ClearPinsInterruptFlags
                0x00006a44       0x3c ./drivers/fsl_gpio.o
                0x00006a44                GPIO_ClearPinsInterruptFlags
 .text.NVIC_EnableIRQ
                0x00006a80       0x2c ./drivers/fsl_i2c.o
 .text.CLOCK_EnableClock
                0x00006aac       0x38 ./drivers/fsl_i2c.o
 .text.EnableIRQ
                0x00006ae4       0x2c ./drivers/fsl_i2c.o
 .text.I2C_MasterClearStatusFlags
                0x00006b10       0x58 ./drivers/fsl_i2c.o
 .text.I2C_GetInstance
                0x00006b68       0x3c ./drivers/fsl_i2c.o
                0x00006b68                I2C_GetInstance
 .text.I2C_InitTransferStateMachine
                0x00006ba4       0xa0 ./drivers/fsl_i2c.o
 .text.I2C_CheckAndClearError
                0x00006c44       0x40 ./drivers/fsl_i2c.o
 .text.I2C_MasterTransferRunStateMachine
                0x00006c84      0x268 ./drivers/fsl_i2c.o
 .text.I2C_TransferCommonIRQHandler
                0x00006eec       0x54 ./drivers/fsl_i2c.o
 .text.I2C_MasterInit
                0x00006f40       0xf4 ./drivers/fsl_i2c.o
                0x00006f40                I2C_MasterInit
 .text.I2C_MasterGetDefaultConfig
                0x00007034       0x2c ./drivers/fsl_i2c.o
                0x00007034                I2C_MasterGetDefaultConfig
 .text.I2C_EnableInterrupts
                0x00007060       0x68 ./drivers/fsl_i2c.o
                0x00007060                I2C_EnableInterrupts
 .text.I2C_DisableInterrupts
                0x000070c8       0x44 ./drivers/fsl_i2c.o
                0x000070c8                I2C_DisableInterrupts
 .text.I2C_MasterSetBaudRate
                0x0000710c       0xf4 ./drivers/fsl_i2c.o
                0x0000710c                I2C_MasterSetBaudRate
 .text.I2C_MasterStart
                0x00007200       0x84 ./drivers/fsl_i2c.o
                0x00007200                I2C_MasterStart
 .text.I2C_MasterRepeatedStart
                0x00007284       0xd4 ./drivers/fsl_i2c.o
                0x00007284                I2C_MasterRepeatedStart
 .text.I2C_MasterStop
                0x00007358       0x68 ./drivers/fsl_i2c.o
                0x00007358                I2C_MasterStop
 .text.I2C_MasterGetStatusFlags
                0x000073c0       0x4c ./drivers/fsl_i2c.o
                0x000073c0                I2C_MasterGetStatusFlags
 .text.I2C_MasterTransferCreateHandle
                0x0000740c       0x6c ./drivers/fsl_i2c.o
                0x0000740c                I2C_MasterTransferCreateHandle
 .text.I2C_MasterTransferNonBlocking
                0x00007478       0x4c ./drivers/fsl_i2c.o
                0x00007478                I2C_MasterTransferNonBlocking
 .text.I2C_MasterTransferHandleIRQ
                0x000074c4       0xac ./drivers/fsl_i2c.o
                0x000074c4                I2C_MasterTransferHandleIRQ
 .text.I2C0_DriverIRQHandler
                0x00007570       0x20 ./drivers/fsl_i2c.o
                0x00007570                I2C0_DriverIRQHandler
 .text.I2C1_DriverIRQHandler
                0x00007590       0x20 ./drivers/fsl_i2c.o
                0x00007590                I2C1_DriverIRQHandler
 .text.CLOCK_EnableClock
                0x000075b0       0x38 ./drivers/fsl_lptmr.o
 .text.LPTMR_GetInstance
                0x000075e8       0x34 ./drivers/fsl_lptmr.o
 .text.LPTMR_Init
                0x0000761c       0x84 ./drivers/fsl_lptmr.o
                0x0000761c                LPTMR_Init
 .text.LPTMR_GetDefaultConfig
                0x000076a0       0x3c ./drivers/fsl_lptmr.o
                0x000076a0                LPTMR_GetDefaultConfig
 .text.LPUART0_DriverIRQHandler
                0x000076dc       0x24 ./drivers/fsl_lpuart.o
                0x000076dc                LPUART0_DriverIRQHandler
 .text.LPUART1_DriverIRQHandler
                0x00007700       0x24 ./drivers/fsl_lpuart.o
                0x00007700                LPUART1_DriverIRQHandler
 .text.NVIC_EnableIRQ
                0x00007724       0x2c ./drivers/fsl_slcd.o
 .text.CLOCK_EnableClock
                0x00007750       0x38 ./drivers/fsl_slcd.o
 .text.EnableIRQ
                0x00007788       0x2c ./drivers/fsl_slcd.o
 .text.SLCD_GetInstance
                0x000077b4       0x34 ./drivers/fsl_slcd.o
 .text.SLCD_Init
                0x000077e8      0x200 ./drivers/fsl_slcd.o
                0x000077e8                SLCD_Init
 .text.SLCD_GetDefaultConfig
                0x000079e8       0x30 ./drivers/fsl_slcd.o
                0x000079e8                SLCD_GetDefaultConfig
 .text.SLCD_StartBlinkMode
                0x00007a18       0x64 ./drivers/fsl_slcd.o
                0x00007a18                SLCD_StartBlinkMode
 .text.CLOCK_EnableClock
                0x00007a7c       0x38 ./drivers/fsl_tpm.o
 .text.TPM_GetInstance
                0x00007ab4       0x40 ./drivers/fsl_tpm.o
 .text.TPM_Init
                0x00007af4       0xd8 ./drivers/fsl_tpm.o
                0x00007af4                TPM_Init
 .text.TPM_GetDefaultConfig
                0x00007bcc       0x4c ./drivers/fsl_tpm.o
                0x00007bcc                TPM_GetDefaultConfig
 .text.TPM_SetupPwm
                0x00007c18      0x1b4 ./drivers/fsl_tpm.o
                0x00007c18                TPM_SetupPwm
 .text.NVIC_EnableIRQ
                0x00007dcc       0x2c ./drivers/fsl_uart.o
 .text.CLOCK_EnableClock
                0x00007df8       0x38 ./drivers/fsl_uart.o
 .text.EnableIRQ
                0x00007e30       0x2c ./drivers/fsl_uart.o
 .text.UART_GetInstance
                0x00007e5c       0x40 ./drivers/fsl_uart.o
                0x00007e5c                UART_GetInstance
 .text.UART_TransferGetRxRingBufferLength
                0x00007e9c       0x50 ./drivers/fsl_uart.o
 .text.UART_TransferIsRxRingBufferFull
                0x00007eec       0x3c ./drivers/fsl_uart.o
 .text.UART_Init
                0x00007f28      0x1d4 ./drivers/fsl_uart.o
                0x00007f28                UART_Init
 .text.UART_GetDefaultConfig
                0x000080fc       0x2c ./drivers/fsl_uart.o
                0x000080fc                UART_GetDefaultConfig
 .text.UART_EnableInterrupts
                0x00008128       0x58 ./drivers/fsl_uart.o
                0x00008128                UART_EnableInterrupts
 .text.UART_DisableInterrupts
                0x00008180       0x64 ./drivers/fsl_uart.o
                0x00008180                UART_DisableInterrupts
 .text.UART_GetStatusFlags
                0x000081e4       0x28 ./drivers/fsl_uart.o
                0x000081e4                UART_GetStatusFlags
 .text.UART_ClearStatusFlags
                0x0000820c       0x80 ./drivers/fsl_uart.o
                0x0000820c                UART_ClearStatusFlags
 .text.UART_WriteNonBlocking
                0x0000828c       0x34 ./drivers/fsl_uart.o
 .text.UART_ReadNonBlocking
                0x000082c0       0x38 ./drivers/fsl_uart.o
 .text.UART_TransferCreateHandle
                0x000082f8       0x7c ./drivers/fsl_uart.o
                0x000082f8                UART_TransferCreateHandle
 .text.UART_TransferStartRingBuffer
                0x00008374       0x5c ./drivers/fsl_uart.o
                0x00008374                UART_TransferStartRingBuffer
 .text.UART_TransferHandleIRQ
                0x000083d0      0x398 ./drivers/fsl_uart.o
                0x000083d0                UART_TransferHandleIRQ
 .text.UART_EnableTx
                0x00008768       0x40 ./drivers/fsl_uart_freertos.o
 .text.UART_EnableRx
                0x000087a8       0x40 ./drivers/fsl_uart_freertos.o
 .text.UART_RTOS_Callback
                0x000087e8       0xc8 ./drivers/fsl_uart_freertos.o
 .text.UART_RTOS_Init
                0x000088b0      0x170 ./drivers/fsl_uart_freertos.o
                0x000088b0                UART_RTOS_Init
 .text.CLOCK_SetSimSafeDivs
                0x00008a20       0x20 ./board/clock_config.o
 .text.OSC_SetExtRefClkConfig
                0x00008a40       0x48 ./board/clock_config.o
 .text.CLOCK_SetXtal0Freq
                0x00008a88       0x1c ./board/clock_config.o
 .text.BOARD_BootClockRUN
                0x00008aa4       0x6c ./board/clock_config.o
                0x00008aa4                BOARD_BootClockRUN
 .text.CLOCK_EnableClock
                0x00008b10       0x38 ./board/pin_mux.o
 .text.PORT_SetPinConfig
                0x00008b48       0x28 ./board/pin_mux.o
 .text.PORT_SetPinMux
                0x00008b70       0x40 ./board/pin_mux.o
 .text.BOARD_InitPins
                0x00008bb0      0x13c ./board/pin_mux.o
                0x00008bb0                BOARD_InitPins
 .text.BOARD_InitLCD
                0x00008cec      0x1a4 ./board/pin_mux.o
                0x00008cec                BOARD_InitLCD
 .text.BOARD_InitBUTTONS
                0x00008e90       0x88 ./board/pin_mux.o
                0x00008e90                BOARD_InitBUTTONS
 .text.BOARD_InitLEDs
                0x00008f18       0x58 ./board/pin_mux.o
                0x00008f18                BOARD_InitLEDs
 .text.BOARD_InitDEBUG_UART
                0x00008f70       0x7c ./board/pin_mux.o
                0x00008f70                BOARD_InitDEBUG_UART
 .text.BOARD_InitOSC
                0x00008fec       0x34 ./board/pin_mux.o
                0x00008fec                BOARD_InitOSC
 .text.SystemInit
                0x00009020       0x3c ./CMSIS/system_MKL43Z4.o
                0x00009020                SystemInit
 .text          0x0000905c      0x114 c:/nxp/mcuxpressoide_10.0.2_411/ide/tools/bin/../lib/gcc/arm-none-eabi/5.4.1/armv6-m\libgcc.a(_udivsi3.o)
                0x0000905c                __aeabi_uidiv
                0x0000905c                __udivsi3
                0x00009168                __aeabi_uidivmod
 .text          0x00009170      0x1d4 c:/nxp/mcuxpressoide_10.0.2_411/ide/tools/bin/../lib/gcc/arm-none-eabi/5.4.1/armv6-m\libgcc.a(_divsi3.o)
                0x00009170                __divsi3
                0x00009170                __aeabi_idiv
                0x0000933c                __aeabi_idivmod
 .text          0x00009344        0x4 c:/nxp/mcuxpressoide_10.0.2_411/ide/tools/bin/../lib/gcc/arm-none-eabi/5.4.1/armv6-m\libgcc.a(_dvmd_tls.o)
                0x00009344                __aeabi_idiv0
                0x00009344                __aeabi_ldiv0
 .text          0x00009348      0x62c c:/nxp/mcuxpressoide_10.0.2_411/ide/tools/bin/../lib/gcc/arm-none-eabi/5.4.1/armv6-m\libgcc.a(divdf3.o)
                0x00009348                __aeabi_ddiv
 .text          0x00009974      0x4f4 c:/nxp/mcuxpressoide_10.0.2_411/ide/tools/bin/../lib/gcc/arm-none-eabi/5.4.1/armv6-m\libgcc.a(muldf3.o)
                0x00009974                __aeabi_dmul
 .text          0x00009e68       0x6c c:/nxp/mcuxpressoide_10.0.2_411/ide/tools/bin/../lib/gcc/arm-none-eabi/5.4.1/armv6-m\libgcc.a(fixdfsi.o)
                0x00009e68                __aeabi_d2iz
 .text          0x00009ed4       0x70 c:/nxp/mcuxpressoide_10.0.2_411/ide/tools/bin/../lib/gcc/arm-none-eabi/5.4.1/armv6-m\libgcc.a(floatunsidf.o)
                0x00009ed4                __aeabi_ui2d
 .text          0x00009f44       0x3c c:/nxp/mcuxpressoide_10.0.2_411/ide/tools/bin/../lib/gcc/arm-none-eabi/5.4.1/armv6-m\libgcc.a(_clzsi2.o)
                0x00009f44                __clzsi2
 .text.atoi     0x00009f80        0xc c:/nxp/mcuxpressoide_10.0.2_411/ide/tools/bin/../lib/gcc/arm-none-eabi/5.4.1/../../../../arm-none-eabi/lib/armv6-m\libc.a(lib_a-atoi.o)
                0x00009f80                atoi
 .text.__itoa   0x00009f8c       0x30 c:/nxp/mcuxpressoide_10.0.2_411/ide/tools/bin/../lib/gcc/arm-none-eabi/5.4.1/../../../../arm-none-eabi/lib/armv6-m\libc.a(lib_a-itoa.o)
                0x00009f8c                __itoa
 .text.itoa     0x00009fbc        0x8 c:/nxp/mcuxpressoide_10.0.2_411/ide/tools/bin/../lib/gcc/arm-none-eabi/5.4.1/../../../../arm-none-eabi/lib/armv6-m\libc.a(lib_a-itoa.o)
                0x00009fbc                itoa
 .text.memcpy   0x00009fc4       0x7c c:/nxp/mcuxpressoide_10.0.2_411/ide/tools/bin/../lib/gcc/arm-none-eabi/5.4.1/../../../../arm-none-eabi/lib/armv6-m\libc.a(lib_a-memcpy-stub.o)
                0x00009fc4                memcpy
 .text.memset   0x0000a040       0x8c c:/nxp/mcuxpressoide_10.0.2_411/ide/tools/bin/../lib/gcc/arm-none-eabi/5.4.1/../../../../arm-none-eabi/lib/armv6-m\libc.a(lib_a-memset.o)
                0x0000a040                memset
 .text          0x0000a0cc       0x88 c:/nxp/mcuxpressoide_10.0.2_411/ide/tools/bin/../lib/gcc/arm-none-eabi/5.4.1/../../../../arm-none-eabi/lib/armv6-m\libc.a(lib_a-strcmp.o)
                0x0000a0cc                strcmp
 .text.strcpy   0x0000a154       0x10 c:/nxp/mcuxpressoide_10.0.2_411/ide/tools/bin/../lib/gcc/arm-none-eabi/5.4.1/../../../../arm-none-eabi/lib/armv6-m\libc.a(lib_a-strcpy.o)
                0x0000a154                strcpy
 .text.strlen   0x0000a164       0x68 c:/nxp/mcuxpressoide_10.0.2_411/ide/tools/bin/../lib/gcc/arm-none-eabi/5.4.1/../../../../arm-none-eabi/lib/armv6-m\libc.a(lib_a-strlen-stub.o)
                0x0000a164                strlen
 .text._strtol_l.isra.0
                0x0000a1cc      0x14c c:/nxp/mcuxpressoide_10.0.2_411/ide/tools/bin/../lib/gcc/arm-none-eabi/5.4.1/../../../../arm-none-eabi/lib/armv6-m\libc.a(lib_a-strtol.o)
 .text.strtol   0x0000a318       0x2c c:/nxp/mcuxpressoide_10.0.2_411/ide/tools/bin/../lib/gcc/arm-none-eabi/5.4.1/../../../../arm-none-eabi/lib/armv6-m\libc.a(lib_a-strtol.o)
                0x0000a318                strtol
 .text.__utoa   0x0000a344       0x8c c:/nxp/mcuxpressoide_10.0.2_411/ide/tools/bin/../lib/gcc/arm-none-eabi/5.4.1/../../../../arm-none-eabi/lib/armv6-m\libc.a(lib_a-utoa.o)
                0x0000a344                __utoa
 .text.__locale_ctype_ptr_l
                0x0000a3d0        0x8 c:/nxp/mcuxpressoide_10.0.2_411/ide/tools/bin/../lib/gcc/arm-none-eabi/5.4.1/../../../../arm-none-eabi/lib/armv6-m\libc.a(lib_a-locale.o)
                0x0000a3d0                __locale_ctype_ptr_l
 .text.__ascii_mbtowc
                0x0000a3d8       0x2c c:/nxp/mcuxpressoide_10.0.2_411/ide/tools/bin/../lib/gcc/arm-none-eabi/5.4.1/../../../../arm-none-eabi/lib/armv6-m\libc.a(lib_a-mbtowc_r.o)
                0x0000a3d8                __ascii_mbtowc
 .text.__ascii_wctomb
                0x0000a404       0x1c c:/nxp/mcuxpressoide_10.0.2_411/ide/tools/bin/../lib/gcc/arm-none-eabi/5.4.1/../../../../arm-none-eabi/lib/armv6-m\libc.a(lib_a-wctomb_r.o)
                0x0000a404                __ascii_wctomb
 .text.__main   0x0000a420        0xc c:/nxp/mcuxpressoide_10.0.2_411/ide/tools/bin/../lib/gcc/arm-none-eabi/5.4.1/../../../../arm-none-eabi/lib/armv6-m\libcr_nohost_nf.a(_cr__main.o)
                0x0000a420                __main
 .text._initio  0x0000a42c       0x7c c:/nxp/mcuxpressoide_10.0.2_411/ide/tools/bin/../lib/gcc/arm-none-eabi/5.4.1/../../../../arm-none-eabi/lib/armv6-m\libcr_c.a(initio.o)
                0x0000a42c                _initio
 .text.setvbuf  0x0000a4a8       0x4c c:/nxp/mcuxpressoide_10.0.2_411/ide/tools/bin/../lib/gcc/arm-none-eabi/5.4.1/../../../../arm-none-eabi/lib/armv6-m\libcr_c.a(setvbuf.o)
                0x0000a4a8                setvbuf
 .text._fdopen  0x0000a4f4       0x74 c:/nxp/mcuxpressoide_10.0.2_411/ide/tools/bin/../lib/gcc/arm-none-eabi/5.4.1/../../../../arm-none-eabi/lib/armv6-m\libcr_c.a(_fdopen.o)
                0x0000a4f4                _fdopen
 .text.fclose   0x0000a568       0x5c c:/nxp/mcuxpressoide_10.0.2_411/ide/tools/bin/../lib/gcc/arm-none-eabi/5.4.1/../../../../arm-none-eabi/lib/armv6-m\libcr_c.a(fclose.o)
                0x0000a568                fclose
 .text.fflush   0x0000a5c4       0x44 c:/nxp/mcuxpressoide_10.0.2_411/ide/tools/bin/../lib/gcc/arm-none-eabi/5.4.1/../../../../arm-none-eabi/lib/armv6-m\libcr_c.a(fflush.o)
                0x0000a5c4                fflush
 .text.fseek    0x0000a608       0xf0 c:/nxp/mcuxpressoide_10.0.2_411/ide/tools/bin/../lib/gcc/arm-none-eabi/5.4.1/../../../../arm-none-eabi/lib/armv6-m\libcr_c.a(fseek.o)
                0x0000a608                fseek
 .text.ftell    0x0000a6f8       0x48 c:/nxp/mcuxpressoide_10.0.2_411/ide/tools/bin/../lib/gcc/arm-none-eabi/5.4.1/../../../../arm-none-eabi/lib/armv6-m\libcr_c.a(ftell.o)
                0x0000a6f8                ftell
 .text.remove   0x0000a740       0x12 c:/nxp/mcuxpressoide_10.0.2_411/ide/tools/bin/../lib/gcc/arm-none-eabi/5.4.1/../../../../arm-none-eabi/lib/armv6-m\libcr_c.a(remove.o)
                0x0000a740                remove
 *fill*         0x0000a752        0x2 ff
 .text._do_fflush
                0x0000a754       0x48 c:/nxp/mcuxpressoide_10.0.2_411/ide/tools/bin/../lib/gcc/arm-none-eabi/5.4.1/../../../../arm-none-eabi/lib/armv6-m\libcr_c.a(_do_fflush.o)
                0x0000a754                _do_fflush
 .text._fflush  0x0000a79c       0x60 c:/nxp/mcuxpressoide_10.0.2_411/ide/tools/bin/../lib/gcc/arm-none-eabi/5.4.1/../../../../arm-none-eabi/lib/armv6-m\libcr_c.a(_fflush.o)
                0x0000a79c                _fflush
 .text._Cwritebuf
                0x0000a7fc       0x6c c:/nxp/mcuxpressoide_10.0.2_411/ide/tools/bin/../lib/gcc/arm-none-eabi/5.4.1/../../../../arm-none-eabi/lib/armv6-m\libcr_c.a(_writebuf.o)
                0x0000a7fc                _Cwritebuf
 .text.free     0x0000a868       0x2e c:/nxp/mcuxpressoide_10.0.2_411/ide/tools/bin/../lib/gcc/arm-none-eabi/5.4.1/../../../../arm-none-eabi/lib/armv6-m\libcr_c.a(alloc.o)
                0x0000a868                free
 *fill*         0x0000a896        0x2 ff
 .text._deferredlazyseek
                0x0000a898       0x40 c:/nxp/mcuxpressoide_10.0.2_411/ide/tools/bin/../lib/gcc/arm-none-eabi/5.4.1/../../../../arm-none-eabi/lib/armv6-m\libcr_c.a(_deferredlazyseek.o)
                0x0000a898                _deferredlazyseek
 .text.__sys_close
                0x0000a8d8        0x6 c:/nxp/mcuxpressoide_10.0.2_411/ide/tools/bin/../lib/gcc/arm-none-eabi/5.4.1/../../../../arm-none-eabi/lib/armv6-m\libcr_nohost_nf.a(__sys_close.o)
                0x0000a8d8                __sys_close
 .text.__sys_flen
                0x0000a8de        0x6 c:/nxp/mcuxpressoide_10.0.2_411/ide/tools/bin/../lib/gcc/arm-none-eabi/5.4.1/../../../../arm-none-eabi/lib/armv6-m\libcr_nohost_nf.a(__sys_flen.o)
                0x0000a8de                __sys_flen
 .text.__sys_istty
                0x0000a8e4        0x6 c:/nxp/mcuxpressoide_10.0.2_411/ide/tools/bin/../lib/gcc/arm-none-eabi/5.4.1/../../../../arm-none-eabi/lib/armv6-m\libcr_nohost_nf.a(__sys_istty.o)
                0x0000a8e4                __sys_istty
 .text.__sys_remove
                0x0000a8ea        0x6 c:/nxp/mcuxpressoide_10.0.2_411/ide/tools/bin/../lib/gcc/arm-none-eabi/5.4.1/../../../../arm-none-eabi/lib/armv6-m\libcr_nohost_nf.a(__sys_remove.o)
                0x0000a8ea                __sys_remove
 .text.__sys_seek
                0x0000a8f0        0x6 c:/nxp/mcuxpressoide_10.0.2_411/ide/tools/bin/../lib/gcc/arm-none-eabi/5.4.1/../../../../arm-none-eabi/lib/armv6-m\libcr_nohost_nf.a(__sys_seek.o)
                0x0000a8f0                __sys_seek
 .text.__sys_tmpnam
                0x0000a8f6        0x6 c:/nxp/mcuxpressoide_10.0.2_411/ide/tools/bin/../lib/gcc/arm-none-eabi/5.4.1/../../../../arm-none-eabi/lib/armv6-m\libcr_nohost_nf.a(__sys_tmpnam.o)
                0x0000a8f6                __sys_tmpnam
 .text.__sys_write
                0x0000a8fc        0x4 c:/nxp/mcuxpressoide_10.0.2_411/ide/tools/bin/../lib/gcc/arm-none-eabi/5.4.1/../../../../arm-none-eabi/lib/armv6-m\libcr_nohost_nf.a(__sys_write.o)
                0x0000a8fc                __sys_write
 *(.rodata .rodata.* .constdata .constdata.*)
 .rodata        0x0000a900       0x2e ./source/SmartTorqueFW.o
 *fill*         0x0000a92e        0x2 ff
 .rodata        0x0000a930      0x164 ./source/_Bluetooth.o
 .rodata        0x0000aa94        0x4 ./source/_Display.o
 .rodata.Display_Number
                0x0000aa98       0x28 ./source/_Display.o
 .rodata        0x0000aac0       0x73 ./source/_HMI.o
 *fill*         0x0000ab33        0x1 ff
 .rodata        0x0000ab34       0x24 ./source/_Sys_Control.o
 .rodata.ConfigurationBuilder
                0x0000ab58       0x2c ./source/_Sys_Control.o
 .rodata        0x0000ab84       0x18 ./freertos/tasks.o
                0x0000ab8c                FreeRTOSDebugConfig
 .rodata        0x0000ab9c        0xd ./freertos/timers.o
 *fill*         0x0000aba9        0x3 ff
 .rodata.prvProcessReceivedCommands
                0x0000abac       0x28 ./freertos/timers.o
 .rodata.CLOCK_GetFreq
                0x0000abd4       0x50 ./drivers/fsl_clock.o
 .rodata.lircFreqs.5082
                0x0000ac24        0x8 ./drivers/fsl_clock.o
 .rodata.s_dmaIRQNumber
                0x0000ac2c        0x4 ./drivers/fsl_dma.o
 .rodata.s_portBases
                0x0000ac30       0x14 ./drivers/fsl_gpio.o
 .rodata.s_gpioBases
                0x0000ac44       0x14 ./drivers/fsl_gpio.o
 .rodata.s_i2cDividerTable
                0x0000ac58       0x80 ./drivers/fsl_i2c.o
 .rodata.s_i2cBases
                0x0000acd8        0x8 ./drivers/fsl_i2c.o
 .rodata.s_i2cIrqs
                0x0000ace0        0x2 ./drivers/fsl_i2c.o
 *fill*         0x0000ace2        0x2 ff
 .rodata.s_i2cClocks
                0x0000ace4        0x8 ./drivers/fsl_i2c.o
 .rodata.s_tpmBases
                0x0000acec        0xc ./drivers/fsl_tpm.o
 .rodata.s_tpmClocks
                0x0000acf8        0xc ./drivers/fsl_tpm.o
 .rodata.s_uartBases
                0x0000ad04        0xc ./drivers/fsl_uart.o
 .rodata.s_uartIRQ
                0x0000ad10        0x3 ./drivers/fsl_uart.o
 *fill*         0x0000ad13        0x1 ff
 .rodata.s_uartClock
                0x0000ad14        0xc ./drivers/fsl_uart.o
 .rodata.mcgliteConfig_BOARD_BootClockRUN
                0x0000ad20        0x6 ./board/clock_config.o
                0x0000ad20                mcgliteConfig_BOARD_BootClockRUN
 *fill*         0x0000ad26        0x2 ff
 .rodata.simConfig_BOARD_BootClockRUN
                0x0000ad28        0x8 ./board/clock_config.o
                0x0000ad28                simConfig_BOARD_BootClockRUN
 .rodata.oscConfig_BOARD_BootClockRUN
                0x0000ad30        0x8 ./board/clock_config.o
                0x0000ad30                oscConfig_BOARD_BootClockRUN
 .rodata.config
                0x0000ad38        0x1 ./board/clock_config.o
                0x0000ad38                config
 *fill*         0x0000ad39        0x3 ff
 .rodata        0x0000ad3c       0x40 c:/nxp/mcuxpressoide_10.0.2_411/ide/tools/bin/../lib/gcc/arm-none-eabi/5.4.1/armv6-m\libgcc.a(divdf3.o)
 .rodata        0x0000ad7c       0x40 c:/nxp/mcuxpressoide_10.0.2_411/ide/tools/bin/../lib/gcc/arm-none-eabi/5.4.1/armv6-m\libgcc.a(muldf3.o)
 .rodata.str1.4
                0x0000adbc       0x25 c:/nxp/mcuxpressoide_10.0.2_411/ide/tools/bin/../lib/gcc/arm-none-eabi/5.4.1/../../../../arm-none-eabi/lib/armv6-m\libc.a(lib_a-utoa.o)
 *fill*         0x0000ade1        0x3 ff
 .rodata.str1.4
                0x0000ade4       0x10 c:/nxp/mcuxpressoide_10.0.2_411/ide/tools/bin/../lib/gcc/arm-none-eabi/5.4.1/../../../../arm-none-eabi/lib/armv6-m\libc.a(lib_a-locale.o)
                                 0x12 (size before relaxing)
 .rodata._ctype_
                0x0000adf4      0x101 c:/nxp/mcuxpressoide_10.0.2_411/ide/tools/bin/../lib/gcc/arm-none-eabi/5.4.1/../../../../arm-none-eabi/lib/armv6-m\libc.a(lib_a-ctype_.o)
                0x0000adf4                _ctype_
 .rodata.str1.1
                0x0000aef5        0x4 c:/nxp/mcuxpressoide_10.0.2_411/ide/tools/bin/../lib/gcc/arm-none-eabi/5.4.1/../../../../arm-none-eabi/lib/armv6-m\libcr_c.a(initio.o)
 *fill*         0x0000aef9        0x3 ff
 .rodata.__num_Ciob_streams
                0x0000aefc        0x4 c:/nxp/mcuxpressoide_10.0.2_411/ide/tools/bin/../lib/gcc/arm-none-eabi/5.4.1/../../../../arm-none-eabi/lib/armv6-m\libcr_nohost_nf.a(__ciob.o)
                0x0000aefc                __num_Ciob_streams
                0x0000af00                . = ALIGN (0x4)

.glue_7         0x0000af00        0x0
 .glue_7        0x0000af00        0x0 linker stubs

.glue_7t        0x0000af00        0x0
 .glue_7t       0x0000af00        0x0 linker stubs

.vfp11_veneer   0x0000af00        0x0
 .vfp11_veneer  0x0000af00        0x0 linker stubs

.v4_bx          0x0000af00        0x0
 .v4_bx         0x0000af00        0x0 linker stubs

.init           0x0000af00        0x4
 .init          0x0000af00        0x4 c:/nxp/mcuxpressoide_10.0.2_411/ide/tools/bin/../lib/gcc/arm-none-eabi/5.4.1/armv6-m/crti.o
                0x0000af00                _init

.fini           0x0000af04        0x4
 .fini          0x0000af04        0x4 c:/nxp/mcuxpressoide_10.0.2_411/ide/tools/bin/../lib/gcc/arm-none-eabi/5.4.1/armv6-m/crti.o
                0x0000af04                _fini

.iplt           0x0000af08        0x0
 .iplt          0x0000af08        0x0 c:/nxp/mcuxpressoide_10.0.2_411/ide/tools/bin/../lib/gcc/arm-none-eabi/5.4.1/armv6-m/crtbegin.o

.rel.dyn        0x0000af08        0x0
 .rel.iplt      0x0000af08        0x0 c:/nxp/mcuxpressoide_10.0.2_411/ide/tools/bin/../lib/gcc/arm-none-eabi/5.4.1/armv6-m/crtbegin.o

.ARM.extab
 *(.ARM.extab* .gnu.linkonce.armextab.*)
                0x0000af08                __exidx_start = .

.ARM.exidx
 *(.ARM.exidx* .gnu.linkonce.armexidx.*)
                0x0000af08                __exidx_end = .
                0x0000af08                _etext = .

.m_usb_data
 *(m_usb_bdt)

.mtb_buffer_default
                0x1fffe000       0x80
 *(.mtb*)
 .mtb.$RAM1     0x1fffe000       0x80 ./board/mtb.o
                0x1fffe000                __mtb_buffer__

.uninit_RESERVED
                0x1fffe080        0x0
 *(.bss.$RESERVED*)
                0x1fffe080                . = ALIGN (0x4)
                0x1fffe080                _end_uninit_RESERVED = .

.data           0x1fffe080      0x5c0 load address 0x0000af08
 FILL mask 0xff
                0x1fffe080                _data = .
 *(vtable)
 *(.ramfunc*)
 *(.data*)
 .data.localName
                0x1fffe080        0x4 ./source/_Bluetooth.o
                0x1fffe080                localName
 .data.uart_config
                0x1fffe084       0x18 ./source/_Bluetooth.o
                0x1fffe084                uart_config
 .data.uxCriticalNesting
                0x1fffe09c        0x4 ./freertos/port.o
 .data.SystemCoreClock
                0x1fffe0a0        0x4 ./CMSIS/system_MKL43Z4.o
                0x1fffe0a0                SystemCoreClock
 *fill*         0x1fffe0a4        0x4 ff
 .data.impure_data
                0x1fffe0a8      0x428 c:/nxp/mcuxpressoide_10.0.2_411/ide/tools/bin/../lib/gcc/arm-none-eabi/5.4.1/../../../../arm-none-eabi/lib/armv6-m\libc.a(lib_a-impure.o)
 .data._impure_ptr
                0x1fffe4d0        0x4 c:/nxp/mcuxpressoide_10.0.2_411/ide/tools/bin/../lib/gcc/arm-none-eabi/5.4.1/../../../../arm-none-eabi/lib/armv6-m\libc.a(lib_a-impure.o)
                0x1fffe4d0                _impure_ptr
 .data.__global_locale
                0x1fffe4d4      0x16c c:/nxp/mcuxpressoide_10.0.2_411/ide/tools/bin/../lib/gcc/arm-none-eabi/5.4.1/../../../../arm-none-eabi/lib/armv6-m\libc.a(lib_a-locale.o)
                0x1fffe4d4                __global_locale
                0x1fffe640                . = ALIGN (0x4)
                0x1fffe640                _edata = .

.igot.plt       0x1fffe640        0x0 load address 0x0000b4c8
 .igot.plt      0x1fffe640        0x0 c:/nxp/mcuxpressoide_10.0.2_411/ide/tools/bin/../lib/gcc/arm-none-eabi/5.4.1/armv6-m/crtbegin.o

.bss            0x1fffe640     0x41d4 load address 0x0000b4c8
                0x1fffe640                _bss = .
 *(.bss*)
 .bss.s_debugConsole
                0x1fffe640       0x10 ./utilities/fsl_debug_console.o
 .bss.ulCount.9355
                0x1fffe650        0x4 ./source/SmartTorqueFW.o
 .bss.adc16ChanConfig
                0x1fffe654        0x8 ./source/_ADCSense.o
                0x1fffe654                adc16ChanConfig
 .bss.adc16Config
                0x1fffe65c        0x9 ./source/_ADCSense.o
                0x1fffe65c                adc16Config
 *fill*         0x1fffe665        0x3 
 .bss.DMA_handle
                0x1fffe668       0x10 ./source/_ADCSense.o
                0x1fffe668                DMA_handle
 .bss.DMA_transfer
                0x1fffe678       0x10 ./source/_ADCSense.o
                0x1fffe678                DMA_transfer
 .bss.gBatterySense
                0x1fffe688       0x20 ./source/_ADCSense.o
                0x1fffe688                gBatterySense
 .bss.temp      0x1fffe6a8        0x4 ./source/_ADCSense.o
                0x1fffe6a8                temp
 .bss.ADC16_Array
                0x1fffe6ac       0x80 ./source/_ADCSense.o
                0x1fffe6ac                ADC16_Array
 .bss.TorqueVoltage
                0x1fffe72c        0x4 ./source/_ADCSense.o
                0x1fffe72c                TorqueVoltage
 .bss.BatteryVoltage
                0x1fffe730        0x4 ./source/_ADCSense.o
                0x1fffe730                BatteryVoltage
 .bss.channelswap.6169
                0x1fffe734        0x2 ./source/_ADCSense.o
 *fill*         0x1fffe736        0x2 
 .bss.bglib_temp_msg
                0x1fffe738       0x1c ./source/_Bluetooth.o
                0x1fffe738                bglib_temp_msg
 .bss.bglib_output
                0x1fffe754        0x4 ./source/_Bluetooth.o
                0x1fffe754                bglib_output
 .bss.msg_Head  0x1fffe758        0x4 ./source/_Bluetooth.o
                0x1fffe758                msg_Head
 .bss.btBuffer  0x1fffe75c       0x40 ./source/_Bluetooth.o
                0x1fffe75c                btBuffer
 .bss.respBuffer
                0x1fffe79c       0x40 ./source/_Bluetooth.o
                0x1fffe79c                respBuffer
 .bss.pck       0x1fffe7dc        0x4 ./source/_Bluetooth.o
                0x1fffe7dc                pck
 .bss.Bluetooth_rx
                0x1fffe7e0       0x40 ./source/_Bluetooth.o
                0x1fffe7e0                Bluetooth_rx
 .bss.Bluetooth_len
                0x1fffe820        0x1 ./source/_Bluetooth.o
                0x1fffe820                Bluetooth_len
 .bss.message_recieved
                0x1fffe821        0x1 ./source/_Bluetooth.o
                0x1fffe821                message_recieved
 *fill*         0x1fffe822        0x2 
 .bss.my_address
                0x1fffe824        0x6 ./source/_Bluetooth.o
                0x1fffe824                my_address
 *fill*         0x1fffe82a        0x2 
 .bss.connected_address
                0x1fffe82c        0x6 ./source/_Bluetooth.o
                0x1fffe82c                connected_address
 *fill*         0x1fffe832        0x2 
 .bss.uart_handle
                0x1fffe834       0x28 ./source/_Bluetooth.o
                0x1fffe834                uart_handle
 .bss.t_uart_handle
                0x1fffe85c       0x30 ./source/_Bluetooth.o
                0x1fffe85c                t_uart_handle
 .bss.endpoint  0x1fffe88c        0x1 ./source/_Bluetooth.o
                0x1fffe88c                endpoint
 .bss.BTConnected
                0x1fffe88d        0x1 ./source/_Bluetooth.o
                0x1fffe88d                BTConnected
 .bss.rxIndex   0x1fffe88e        0x1 ./source/_Bluetooth.o
                0x1fffe88e                rxIndex
 .bss.serviceLocation
                0x1fffe88f        0x1 ./source/_Bluetooth.o
                0x1fffe88f                serviceLocation
 .bss.g_m_handle
                0x1fffe890       0x28 ./source/_FRAM.o
                0x1fffe890                g_m_handle
 .bss.completionFlag
                0x1fffe8b8        0x1 ./source/_FRAM.o
                0x1fffe8b8                completionFlag
 .bss.nakFlag   0x1fffe8b9        0x1 ./source/_FRAM.o
                0x1fffe8b9                nakFlag
 *fill*         0x1fffe8ba        0x2 
 .bss._FRAM     0x1fffe8bc       0x38 ./source/_FRAM.o
                0x1fffe8bc                _FRAM
 .bss.UP_FLAG   0x1fffe8f4        0x1 ./source/_HMI.o
                0x1fffe8f4                UP_FLAG
 .bss.DOWN_FLAG
                0x1fffe8f5        0x1 ./source/_HMI.o
                0x1fffe8f5                DOWN_FLAG
 .bss.CLEAR_FLAG
                0x1fffe8f6        0x1 ./source/_HMI.o
                0x1fffe8f6                CLEAR_FLAG
 .bss.MODE_FLAG
                0x1fffe8f7        0x1 ./source/_HMI.o
                0x1fffe8f7                MODE_FLAG
 .bss.POWER_FLAG
                0x1fffe8f8        0x1 ./source/_HMI.o
                0x1fffe8f8                POWER_FLAG
 *fill*         0x1fffe8f9        0x3 
 .bss.realTime  0x1fffe8fc        0x8 ./source/_RTC.o
                0x1fffe8fc                realTime
 .bss.mainConfig
                0x1fffe904       0x1c ./source/_Sys_Control.o
                0x1fffe904                mainConfig
 .bss.builderConfig
                0x1fffe920       0x1c ./source/_Sys_Control.o
                0x1fffe920                builderConfig
 .bss.save      0x1fffe93c        0x1 ./source/_Sys_Control.o
                0x1fffe93c                save
 .bss.underConstruction
                0x1fffe93d        0x1 ./source/_Sys_Control.o
                0x1fffe93d                underConstruction
 .bss.resume    0x1fffe93e        0x1 ./source/_Sys_Control.o
                0x1fffe93e                resume
 .bss.DOWN      0x1fffe93f        0x1 ./source/_Sys_Control.o
                0x1fffe93f                DOWN
 .bss.UP        0x1fffe940        0x1 ./source/_Sys_Control.o
                0x1fffe940                UP
 .bss.targetSet
                0x1fffe941        0x1 ./source/_Sys_Control.o
                0x1fffe941                targetSet
 *fill*         0x1fffe942        0x2 
 .bss.xBuildHandle
                0x1fffe944        0x4 ./source/_Sys_Control.o
                0x1fffe944                xBuildHandle
 .bss.strTorque
                0x1fffe948        0xf ./source/_Sys_Control.o
                0x1fffe948                strTorque
 *fill*         0x1fffe957        0x1 
 .bss.percent.8979
                0x1fffe958        0x4 ./source/_Sys_Control.o
 .bss.temp.8980
                0x1fffe95c        0x4 ./source/_Sys_Control.o
 .bss.relaxed.8990
                0x1fffe960        0x1 ./source/_Sys_Control.o
 .bss.start_counting.8989
                0x1fffe961        0x1 ./source/_Sys_Control.o
 *fill*         0x1fffe962        0x2 
 .bss.maxTorque.8984
                0x1fffe964        0x4 ./source/_Sys_Control.o
 .bss.release_count.8988
                0x1fffe968        0x1 ./source/_Sys_Control.o
 .bss.delay_count.8987
                0x1fffe969        0x1 ./source/_Sys_Control.o
 *fill*         0x1fffe96a        0x2 
 .bss.tempTorque.8985
                0x1fffe96c        0x4 ./source/_Sys_Control.o
 .bss.Header.8995
                0x1fffe970        0x4 ./source/_Sys_Control.o
 .bss.Payload.8996
                0x1fffe974        0x4 ./source/_Sys_Control.o
 .bss.value.8997
                0x1fffe978        0x4 ./source/_Sys_Control.o
 .bss.pwm_param
                0x1fffe97c        0x3 ./source/_Timer.o
                0x1fffe97c                pwm_param
 *fill*         0x1fffe97f        0x1 
 .bss.ucHeap    0x1fffe980     0x3c00 ./freertos/heap_4.o
 .bss.xStart    0x20002580        0x8 ./freertos/heap_4.o
 .bss.pxEnd     0x20002588        0x4 ./freertos/heap_4.o
 .bss.xFreeBytesRemaining
                0x2000258c        0x4 ./freertos/heap_4.o
 .bss.xMinimumEverFreeBytesRemaining
                0x20002590        0x4 ./freertos/heap_4.o
 .bss.xBlockAllocatedBit
                0x20002594        0x4 ./freertos/heap_4.o
 .bss.xQueueRegistry
                0x20002598       0x40 ./freertos/queue.o
                0x20002598                xQueueRegistry
 .bss.pxCurrentTCB
                0x200025d8        0x4 ./freertos/tasks.o
                0x200025d8                pxCurrentTCB
 .bss.pxReadyTasksLists
                0x200025dc       0x64 ./freertos/tasks.o
 .bss.xDelayedTaskList1
                0x20002640       0x14 ./freertos/tasks.o
 .bss.xDelayedTaskList2
                0x20002654       0x14 ./freertos/tasks.o
 .bss.pxDelayedTaskList
                0x20002668        0x4 ./freertos/tasks.o
 .bss.pxOverflowDelayedTaskList
                0x2000266c        0x4 ./freertos/tasks.o
 .bss.xPendingReadyList
                0x20002670       0x14 ./freertos/tasks.o
 .bss.xTasksWaitingTermination
                0x20002684       0x14 ./freertos/tasks.o
 .bss.uxDeletedTasksWaitingCleanUp
                0x20002698        0x4 ./freertos/tasks.o
 .bss.xSuspendedTaskList
                0x2000269c       0x14 ./freertos/tasks.o
 .bss.uxCurrentNumberOfTasks
                0x200026b0        0x4 ./freertos/tasks.o
 .bss.xTickCount
                0x200026b4        0x4 ./freertos/tasks.o
 .bss.uxTopReadyPriority
                0x200026b8        0x4 ./freertos/tasks.o
 .bss.xSchedulerRunning
                0x200026bc        0x4 ./freertos/tasks.o
 .bss.uxPendedTicks
                0x200026c0        0x4 ./freertos/tasks.o
 .bss.xYieldPending
                0x200026c4        0x4 ./freertos/tasks.o
 .bss.xNumOfOverflows
                0x200026c8        0x4 ./freertos/tasks.o
 .bss.uxTaskNumber
                0x200026cc        0x4 ./freertos/tasks.o
 .bss.xNextTaskUnblockTime
                0x200026d0        0x4 ./freertos/tasks.o
 .bss.xIdleTaskHandle
                0x200026d4        0x4 ./freertos/tasks.o
 .bss.uxSchedulerSuspended
                0x200026d8        0x4 ./freertos/tasks.o
 .bss.xActiveTimerList1
                0x200026dc       0x14 ./freertos/timers.o
 .bss.xActiveTimerList2
                0x200026f0       0x14 ./freertos/timers.o
 .bss.pxCurrentTimerList
                0x20002704        0x4 ./freertos/timers.o
 .bss.pxOverflowTimerList
                0x20002708        0x4 ./freertos/timers.o
 .bss.xTimerQueue
                0x2000270c        0x4 ./freertos/timers.o
 .bss.xTimerTaskHandle
                0x20002710        0x4 ./freertos/timers.o
 .bss.xLastTime.4599
                0x20002714        0x4 ./freertos/timers.o
 .bss.g_xtal0Freq
                0x20002718        0x4 ./drivers/fsl_clock.o
                0x20002718                g_xtal0Freq
 .bss.g_xtal32Freq
                0x2000271c        0x4 ./drivers/fsl_clock.o
                0x2000271c                g_xtal32Freq
 .bss.s_DMAHandle
                0x20002720       0x10 ./drivers/fsl_dma.o
 .bss.s_i2cHandle
                0x20002730        0x8 ./drivers/fsl_i2c.o
 .bss.s_i2cMasterIsr
                0x20002738        0x4 ./drivers/fsl_i2c.o
 .bss.s_i2cSlaveIsr
                0x2000273c        0x4 ./drivers/fsl_i2c.o
 .bss.s_lpuartHandle
                0x20002740        0x8 ./drivers/fsl_lpuart.o
 .bss.s_lpuartIsr
                0x20002748        0x4 ./drivers/fsl_lpuart.o
 .bss.s_uartHandle
                0x2000274c        0xc ./drivers/fsl_uart.o
 .bss.s_uartIsr
                0x20002758        0x4 ./drivers/fsl_uart.o
 .bss.errno     0x2000275c        0x4 c:/nxp/mcuxpressoide_10.0.2_411/ide/tools/bin/../lib/gcc/arm-none-eabi/5.4.1/../../../../arm-none-eabi/lib/armv6-m\libcr_c.a(errno.o)
                0x2000275c                errno
 .bss.__Ciob    0x20002760       0xb4 c:/nxp/mcuxpressoide_10.0.2_411/ide/tools/bin/../lib/gcc/arm-none-eabi/5.4.1/../../../../arm-none-eabi/lib/armv6-m\libcr_nohost_nf.a(__ciob.o)
                0x20002760                __Ciob
 *(COMMON)
                0x20002814                . = ALIGN (0x4)
                0x20002814                _ebss = .
                [!provide]                PROVIDE (end, .)

.noinit         0x20002814        0x0 load address 0x0000b4c8
                0x20002814                _noinit = .
 *(.noinit*)
                0x20002814                . = ALIGN (0x4)
                0x20002814                _end_noinit = .

.heap           0x20002814      0x800 load address 0x0000b4c8
                0x20002814                _pvHeapStart = .
                0x20003014                . = (. + 0x800)
 *fill*         0x20002814      0x800 
                0x20003014                . = ALIGN (0x4)
                0x20003014                _pvHeapLimit = .

.heap2stackfill
                0x20003014      0x800 load address 0x0000b4c8
                0x20003814                . = (. + 0x800)
 *fill*         0x20003014      0x800 

.stack          0x20005800        0x0
                0x20005800                _vStackBase = .
                0x20005800                . = ALIGN (0x4)
                0x20006000                _vStackTop = (. + 0x800)
OUTPUT(SmartTorqueFW2.axf elf32-littlearm)

.ARM.attributes
                0x00000000       0x28
 .ARM.attributes
                0x00000000       0x1e c:/nxp/mcuxpressoide_10.0.2_411/ide/tools/bin/../lib/gcc/arm-none-eabi/5.4.1/armv6-m/crti.o
 .ARM.attributes
                0x0000001e       0x32 ./utilities/fsl_debug_console.o
 .ARM.attributes
                0x00000050       0x32 ./startup/startup_mkl43z4.o
 .ARM.attributes
                0x00000082       0x32 ./source/SmartTorqueFW.o
 .ARM.attributes
                0x000000b4       0x32 ./source/_ADCSense.o
 .ARM.attributes
                0x000000e6       0x32 ./source/_Bluetooth.o
 .ARM.attributes
                0x00000118       0x32 ./source/_Display.o
 .ARM.attributes
                0x0000014a       0x32 ./source/_FRAM.o
 .ARM.attributes
                0x0000017c       0x32 ./source/_HMI.o
 .ARM.attributes
                0x000001ae       0x32 ./source/_RTC.o
 .ARM.attributes
                0x000001e0       0x32 ./source/_Sys_Control.o
 .ARM.attributes
                0x00000212       0x32 ./source/_Timer.o
 .ARM.attributes
                0x00000244       0x32 ./freertos/event_groups.o
 .ARM.attributes
                0x00000276       0x32 ./freertos/fsl_tickless_lptmr.o
 .ARM.attributes
                0x000002a8       0x32 ./freertos/heap_4.o
 .ARM.attributes
                0x000002da       0x32 ./freertos/list.o
 .ARM.attributes
                0x0000030c       0x32 ./freertos/port.o
 .ARM.attributes
                0x0000033e       0x32 ./freertos/queue.o
 .ARM.attributes
                0x00000370       0x32 ./freertos/tasks.o
 .ARM.attributes
                0x000003a2       0x32 ./freertos/timers.o
 .ARM.attributes
                0x000003d4       0x32 ./drivers/fsl_adc16.o
 .ARM.attributes
                0x00000406       0x32 ./drivers/fsl_clock.o
 .ARM.attributes
                0x00000438       0x32 ./drivers/fsl_dma.o
 .ARM.attributes
                0x0000046a       0x32 ./drivers/fsl_dmamux.o
 .ARM.attributes
                0x0000049c       0x32 ./drivers/fsl_gpio.o
 .ARM.attributes
                0x000004ce       0x32 ./drivers/fsl_i2c.o
 .ARM.attributes
                0x00000500       0x32 ./drivers/fsl_lptmr.o
 .ARM.attributes
                0x00000532       0x32 ./drivers/fsl_lpuart.o
 .ARM.attributes
                0x00000564       0x32 ./drivers/fsl_slcd.o
 .ARM.attributes
                0x00000596       0x32 ./drivers/fsl_tpm.o
 .ARM.attributes
                0x000005c8       0x32 ./drivers/fsl_uart.o
 .ARM.attributes
                0x000005fa       0x32 ./drivers/fsl_uart_freertos.o
 .ARM.attributes
                0x0000062c       0x32 ./board/clock_config.o
 .ARM.attributes
                0x0000065e       0x32 ./board/mtb.o
 .ARM.attributes
                0x00000690       0x32 ./board/pin_mux.o
 .ARM.attributes
                0x000006c2       0x32 ./CMSIS/system_MKL43Z4.o
 .ARM.attributes
                0x000006f4       0x1e c:/nxp/mcuxpressoide_10.0.2_411/ide/tools/bin/../lib/gcc/arm-none-eabi/5.4.1/armv6-m\libgcc.a(_udivsi3.o)
 .ARM.attributes
                0x00000712       0x1e c:/nxp/mcuxpressoide_10.0.2_411/ide/tools/bin/../lib/gcc/arm-none-eabi/5.4.1/armv6-m\libgcc.a(_divsi3.o)
 .ARM.attributes
                0x00000730       0x1e c:/nxp/mcuxpressoide_10.0.2_411/ide/tools/bin/../lib/gcc/arm-none-eabi/5.4.1/armv6-m\libgcc.a(_dvmd_tls.o)
 .ARM.attributes
                0x0000074e       0x2c c:/nxp/mcuxpressoide_10.0.2_411/ide/tools/bin/../lib/gcc/arm-none-eabi/5.4.1/armv6-m\libgcc.a(divdf3.o)
 .ARM.attributes
                0x0000077a       0x2c c:/nxp/mcuxpressoide_10.0.2_411/ide/tools/bin/../lib/gcc/arm-none-eabi/5.4.1/armv6-m\libgcc.a(muldf3.o)
 .ARM.attributes
                0x000007a6       0x2c c:/nxp/mcuxpressoide_10.0.2_411/ide/tools/bin/../lib/gcc/arm-none-eabi/5.4.1/armv6-m\libgcc.a(fixdfsi.o)
 .ARM.attributes
                0x000007d2       0x2c c:/nxp/mcuxpressoide_10.0.2_411/ide/tools/bin/../lib/gcc/arm-none-eabi/5.4.1/armv6-m\libgcc.a(floatunsidf.o)
 .ARM.attributes
                0x000007fe       0x1e c:/nxp/mcuxpressoide_10.0.2_411/ide/tools/bin/../lib/gcc/arm-none-eabi/5.4.1/armv6-m\libgcc.a(_clzsi2.o)
 .ARM.attributes
                0x0000081c       0x2c c:/nxp/mcuxpressoide_10.0.2_411/ide/tools/bin/../lib/gcc/arm-none-eabi/5.4.1/../../../../arm-none-eabi/lib/armv6-m\libc.a(lib_a-atoi.o)
 .ARM.attributes
                0x00000848       0x2c c:/nxp/mcuxpressoide_10.0.2_411/ide/tools/bin/../lib/gcc/arm-none-eabi/5.4.1/../../../../arm-none-eabi/lib/armv6-m\libc.a(lib_a-impure.o)
 .ARM.attributes
                0x00000874       0x2c c:/nxp/mcuxpressoide_10.0.2_411/ide/tools/bin/../lib/gcc/arm-none-eabi/5.4.1/../../../../arm-none-eabi/lib/armv6-m\libc.a(lib_a-itoa.o)
 .ARM.attributes
                0x000008a0       0x2c c:/nxp/mcuxpressoide_10.0.2_411/ide/tools/bin/../lib/gcc/arm-none-eabi/5.4.1/../../../../arm-none-eabi/lib/armv6-m\libc.a(lib_a-memcpy-stub.o)
 .ARM.attributes
                0x000008cc       0x2c c:/nxp/mcuxpressoide_10.0.2_411/ide/tools/bin/../lib/gcc/arm-none-eabi/5.4.1/../../../../arm-none-eabi/lib/armv6-m\libc.a(lib_a-memset.o)
 .ARM.attributes
                0x000008f8       0x1b c:/nxp/mcuxpressoide_10.0.2_411/ide/tools/bin/../lib/gcc/arm-none-eabi/5.4.1/../../../../arm-none-eabi/lib/armv6-m\libc.a(lib_a-strcmp.o)
 .ARM.attributes
                0x00000913       0x2c c:/nxp/mcuxpressoide_10.0.2_411/ide/tools/bin/../lib/gcc/arm-none-eabi/5.4.1/../../../../arm-none-eabi/lib/armv6-m\libc.a(lib_a-strcpy.o)
 .ARM.attributes
                0x0000093f       0x2c c:/nxp/mcuxpressoide_10.0.2_411/ide/tools/bin/../lib/gcc/arm-none-eabi/5.4.1/../../../../arm-none-eabi/lib/armv6-m\libc.a(lib_a-strlen-stub.o)
 .ARM.attributes
                0x0000096b       0x2c c:/nxp/mcuxpressoide_10.0.2_411/ide/tools/bin/../lib/gcc/arm-none-eabi/5.4.1/../../../../arm-none-eabi/lib/armv6-m\libc.a(lib_a-strtol.o)
 .ARM.attributes
                0x00000997       0x2c c:/nxp/mcuxpressoide_10.0.2_411/ide/tools/bin/../lib/gcc/arm-none-eabi/5.4.1/../../../../arm-none-eabi/lib/armv6-m\libc.a(lib_a-utoa.o)
 .ARM.attributes
                0x000009c3       0x2c c:/nxp/mcuxpressoide_10.0.2_411/ide/tools/bin/../lib/gcc/arm-none-eabi/5.4.1/../../../../arm-none-eabi/lib/armv6-m\libc.a(lib_a-locale.o)
 .ARM.attributes
                0x000009ef       0x2c c:/nxp/mcuxpressoide_10.0.2_411/ide/tools/bin/../lib/gcc/arm-none-eabi/5.4.1/../../../../arm-none-eabi/lib/armv6-m\libc.a(lib_a-mbtowc_r.o)
 .ARM.attributes
                0x00000a1b       0x2c c:/nxp/mcuxpressoide_10.0.2_411/ide/tools/bin/../lib/gcc/arm-none-eabi/5.4.1/../../../../arm-none-eabi/lib/armv6-m\libc.a(lib_a-wctomb_r.o)
 .ARM.attributes
                0x00000a47       0x2c c:/nxp/mcuxpressoide_10.0.2_411/ide/tools/bin/../lib/gcc/arm-none-eabi/5.4.1/../../../../arm-none-eabi/lib/armv6-m\libc.a(lib_a-ctype_.o)
 .ARM.attributes
                0x00000a73       0x31 c:/nxp/mcuxpressoide_10.0.2_411/ide/tools/bin/../lib/gcc/arm-none-eabi/5.4.1/../../../../arm-none-eabi/lib/armv6-m\libcr_nohost_nf.a(_cr__main.o)
 .ARM.attributes
                0x00000aa4       0x31 c:/nxp/mcuxpressoide_10.0.2_411/ide/tools/bin/../lib/gcc/arm-none-eabi/5.4.1/../../../../arm-none-eabi/lib/armv6-m\libcr_c.a(initio.o)
 .ARM.attributes
                0x00000ad5       0x31 c:/nxp/mcuxpressoide_10.0.2_411/ide/tools/bin/../lib/gcc/arm-none-eabi/5.4.1/../../../../arm-none-eabi/lib/armv6-m\libcr_c.a(setvbuf.o)
 .ARM.attributes
                0x00000b06       0x31 c:/nxp/mcuxpressoide_10.0.2_411/ide/tools/bin/../lib/gcc/arm-none-eabi/5.4.1/../../../../arm-none-eabi/lib/armv6-m\libcr_c.a(_fdopen.o)
 .ARM.attributes
                0x00000b37       0x31 c:/nxp/mcuxpressoide_10.0.2_411/ide/tools/bin/../lib/gcc/arm-none-eabi/5.4.1/../../../../arm-none-eabi/lib/armv6-m\libcr_c.a(fclose.o)
 .ARM.attributes
                0x00000b68       0x31 c:/nxp/mcuxpressoide_10.0.2_411/ide/tools/bin/../lib/gcc/arm-none-eabi/5.4.1/../../../../arm-none-eabi/lib/armv6-m\libcr_c.a(fflush.o)
 .ARM.attributes
                0x00000b99       0x31 c:/nxp/mcuxpressoide_10.0.2_411/ide/tools/bin/../lib/gcc/arm-none-eabi/5.4.1/../../../../arm-none-eabi/lib/armv6-m\libcr_c.a(fseek.o)
 .ARM.attributes
                0x00000bca       0x31 c:/nxp/mcuxpressoide_10.0.2_411/ide/tools/bin/../lib/gcc/arm-none-eabi/5.4.1/../../../../arm-none-eabi/lib/armv6-m\libcr_c.a(ftell.o)
 .ARM.attributes
                0x00000bfb       0x31 c:/nxp/mcuxpressoide_10.0.2_411/ide/tools/bin/../lib/gcc/arm-none-eabi/5.4.1/../../../../arm-none-eabi/lib/armv6-m\libcr_c.a(remove.o)
 .ARM.attributes
                0x00000c2c       0x31 c:/nxp/mcuxpressoide_10.0.2_411/ide/tools/bin/../lib/gcc/arm-none-eabi/5.4.1/../../../../arm-none-eabi/lib/armv6-m\libcr_c.a(_do_fflush.o)
 .ARM.attributes
                0x00000c5d       0x31 c:/nxp/mcuxpressoide_10.0.2_411/ide/tools/bin/../lib/gcc/arm-none-eabi/5.4.1/../../../../arm-none-eabi/lib/armv6-m\libcr_c.a(_fflush.o)
 .ARM.attributes
                0x00000c8e       0x31 c:/nxp/mcuxpressoide_10.0.2_411/ide/tools/bin/../lib/gcc/arm-none-eabi/5.4.1/../../../../arm-none-eabi/lib/armv6-m\libcr_c.a(_writebuf.o)
 .ARM.attributes
                0x00000cbf       0x31 c:/nxp/mcuxpressoide_10.0.2_411/ide/tools/bin/../lib/gcc/arm-none-eabi/5.4.1/../../../../arm-none-eabi/lib/armv6-m\libcr_c.a(alloc.o)
 .ARM.attributes
                0x00000cf0       0x31 c:/nxp/mcuxpressoide_10.0.2_411/ide/tools/bin/../lib/gcc/arm-none-eabi/5.4.1/../../../../arm-none-eabi/lib/armv6-m\libcr_c.a(errno.o)
 .ARM.attributes
                0x00000d21       0x31 c:/nxp/mcuxpressoide_10.0.2_411/ide/tools/bin/../lib/gcc/arm-none-eabi/5.4.1/../../../../arm-none-eabi/lib/armv6-m\libcr_c.a(_deferredlazyseek.o)
 .ARM.attributes
                0x00000d52       0x31 c:/nxp/mcuxpressoide_10.0.2_411/ide/tools/bin/../lib/gcc/arm-none-eabi/5.4.1/../../../../arm-none-eabi/lib/armv6-m\libcr_nohost_nf.a(__ciob.o)
 .ARM.attributes
                0x00000d83       0x31 c:/nxp/mcuxpressoide_10.0.2_411/ide/tools/bin/../lib/gcc/arm-none-eabi/5.4.1/../../../../arm-none-eabi/lib/armv6-m\libcr_nohost_nf.a(__sys_close.o)
 .ARM.attributes
                0x00000db4       0x31 c:/nxp/mcuxpressoide_10.0.2_411/ide/tools/bin/../lib/gcc/arm-none-eabi/5.4.1/../../../../arm-none-eabi/lib/armv6-m\libcr_nohost_nf.a(__sys_flen.o)
 .ARM.attributes
                0x00000de5       0x31 c:/nxp/mcuxpressoide_10.0.2_411/ide/tools/bin/../lib/gcc/arm-none-eabi/5.4.1/../../../../arm-none-eabi/lib/armv6-m\libcr_nohost_nf.a(__sys_istty.o)
 .ARM.attributes
                0x00000e16       0x31 c:/nxp/mcuxpressoide_10.0.2_411/ide/tools/bin/../lib/gcc/arm-none-eabi/5.4.1/../../../../arm-none-eabi/lib/armv6-m\libcr_nohost_nf.a(__sys_remove.o)
 .ARM.attributes
                0x00000e47       0x31 c:/nxp/mcuxpressoide_10.0.2_411/ide/tools/bin/../lib/gcc/arm-none-eabi/5.4.1/../../../../arm-none-eabi/lib/armv6-m\libcr_nohost_nf.a(__sys_seek.o)
 .ARM.attributes
                0x00000e78       0x31 c:/nxp/mcuxpressoide_10.0.2_411/ide/tools/bin/../lib/gcc/arm-none-eabi/5.4.1/../../../../arm-none-eabi/lib/armv6-m\libcr_nohost_nf.a(__sys_tmpnam.o)
 .ARM.attributes
                0x00000ea9       0x31 c:/nxp/mcuxpressoide_10.0.2_411/ide/tools/bin/../lib/gcc/arm-none-eabi/5.4.1/../../../../arm-none-eabi/lib/armv6-m\libcr_nohost_nf.a(__sys_write.o)

.comment        0x00000000       0x6e
 .comment       0x00000000       0x6e ./utilities/fsl_debug_console.o
                                 0x6f (size before relaxing)
 .comment       0x0000006e       0x6f ./startup/startup_mkl43z4.o
 .comment       0x0000006e       0x6f ./source/SmartTorqueFW.o
 .comment       0x0000006e       0x6f ./source/_ADCSense.o
 .comment       0x0000006e       0x6f ./source/_Bluetooth.o
 .comment       0x0000006e       0x6f ./source/_Display.o
 .comment       0x0000006e       0x6f ./source/_FRAM.o
 .comment       0x0000006e       0x6f ./source/_HMI.o
 .comment       0x0000006e       0x6f ./source/_RTC.o
 .comment       0x0000006e       0x6f ./source/_Sys_Control.o
 .comment       0x0000006e       0x6f ./source/_Timer.o
 .comment       0x0000006e       0x6f ./freertos/event_groups.o
 .comment       0x0000006e       0x6f ./freertos/fsl_tickless_lptmr.o
 .comment       0x0000006e       0x6f ./freertos/heap_4.o
 .comment       0x0000006e       0x6f ./freertos/list.o
 .comment       0x0000006e       0x6f ./freertos/port.o
 .comment       0x0000006e       0x6f ./freertos/queue.o
 .comment       0x0000006e       0x6f ./freertos/tasks.o
 .comment       0x0000006e       0x6f ./freertos/timers.o
 .comment       0x0000006e       0x6f ./drivers/fsl_adc16.o
 .comment       0x0000006e       0x6f ./drivers/fsl_clock.o
 .comment       0x0000006e       0x6f ./drivers/fsl_dma.o
 .comment       0x0000006e       0x6f ./drivers/fsl_dmamux.o
 .comment       0x0000006e       0x6f ./drivers/fsl_gpio.o
 .comment       0x0000006e       0x6f ./drivers/fsl_i2c.o
 .comment       0x0000006e       0x6f ./drivers/fsl_lptmr.o
 .comment       0x0000006e       0x6f ./drivers/fsl_lpuart.o
 .comment       0x0000006e       0x6f ./drivers/fsl_slcd.o
 .comment       0x0000006e       0x6f ./drivers/fsl_tpm.o
 .comment       0x0000006e       0x6f ./drivers/fsl_uart.o
 .comment       0x0000006e       0x6f ./drivers/fsl_uart_freertos.o
 .comment       0x0000006e       0x6f ./board/clock_config.o
 .comment       0x0000006e       0x6f ./board/mtb.o
 .comment       0x0000006e       0x6f ./board/pin_mux.o
 .comment       0x0000006e       0x6f ./CMSIS/system_MKL43Z4.o
 .comment       0x0000006e       0x6f c:/nxp/mcuxpressoide_10.0.2_411/ide/tools/bin/../lib/gcc/arm-none-eabi/5.4.1/../../../../arm-none-eabi/lib/armv6-m\libcr_nohost_nf.a(_cr__main.o)
 .comment       0x0000006e       0x6f c:/nxp/mcuxpressoide_10.0.2_411/ide/tools/bin/../lib/gcc/arm-none-eabi/5.4.1/../../../../arm-none-eabi/lib/armv6-m\libcr_c.a(initio.o)
 .comment       0x0000006e       0x6f c:/nxp/mcuxpressoide_10.0.2_411/ide/tools/bin/../lib/gcc/arm-none-eabi/5.4.1/../../../../arm-none-eabi/lib/armv6-m\libcr_c.a(setvbuf.o)
 .comment       0x0000006e       0x6f c:/nxp/mcuxpressoide_10.0.2_411/ide/tools/bin/../lib/gcc/arm-none-eabi/5.4.1/../../../../arm-none-eabi/lib/armv6-m\libcr_c.a(_fdopen.o)
 .comment       0x0000006e       0x6f c:/nxp/mcuxpressoide_10.0.2_411/ide/tools/bin/../lib/gcc/arm-none-eabi/5.4.1/../../../../arm-none-eabi/lib/armv6-m\libcr_c.a(fclose.o)
 .comment       0x0000006e       0x6f c:/nxp/mcuxpressoide_10.0.2_411/ide/tools/bin/../lib/gcc/arm-none-eabi/5.4.1/../../../../arm-none-eabi/lib/armv6-m\libcr_c.a(fflush.o)
 .comment       0x0000006e       0x6f c:/nxp/mcuxpressoide_10.0.2_411/ide/tools/bin/../lib/gcc/arm-none-eabi/5.4.1/../../../../arm-none-eabi/lib/armv6-m\libcr_c.a(fseek.o)
 .comment       0x0000006e       0x6f c:/nxp/mcuxpressoide_10.0.2_411/ide/tools/bin/../lib/gcc/arm-none-eabi/5.4.1/../../../../arm-none-eabi/lib/armv6-m\libcr_c.a(ftell.o)
 .comment       0x0000006e       0x6f c:/nxp/mcuxpressoide_10.0.2_411/ide/tools/bin/../lib/gcc/arm-none-eabi/5.4.1/../../../../arm-none-eabi/lib/armv6-m\libcr_c.a(remove.o)
 .comment       0x0000006e       0x6f c:/nxp/mcuxpressoide_10.0.2_411/ide/tools/bin/../lib/gcc/arm-none-eabi/5.4.1/../../../../arm-none-eabi/lib/armv6-m\libcr_c.a(_do_fflush.o)
 .comment       0x0000006e       0x6f c:/nxp/mcuxpressoide_10.0.2_411/ide/tools/bin/../lib/gcc/arm-none-eabi/5.4.1/../../../../arm-none-eabi/lib/armv6-m\libcr_c.a(_fflush.o)
 .comment       0x0000006e       0x6f c:/nxp/mcuxpressoide_10.0.2_411/ide/tools/bin/../lib/gcc/arm-none-eabi/5.4.1/../../../../arm-none-eabi/lib/armv6-m\libcr_c.a(_writebuf.o)
 .comment       0x0000006e       0x6f c:/nxp/mcuxpressoide_10.0.2_411/ide/tools/bin/../lib/gcc/arm-none-eabi/5.4.1/../../../../arm-none-eabi/lib/armv6-m\libcr_c.a(alloc.o)
 .comment       0x0000006e       0x6f c:/nxp/mcuxpressoide_10.0.2_411/ide/tools/bin/../lib/gcc/arm-none-eabi/5.4.1/../../../../arm-none-eabi/lib/armv6-m\libcr_c.a(errno.o)
 .comment       0x0000006e       0x6f c:/nxp/mcuxpressoide_10.0.2_411/ide/tools/bin/../lib/gcc/arm-none-eabi/5.4.1/../../../../arm-none-eabi/lib/armv6-m\libcr_c.a(_deferredlazyseek.o)
 .comment       0x0000006e       0x6f c:/nxp/mcuxpressoide_10.0.2_411/ide/tools/bin/../lib/gcc/arm-none-eabi/5.4.1/../../../../arm-none-eabi/lib/armv6-m\libcr_nohost_nf.a(__ciob.o)
 .comment       0x0000006e       0x6f c:/nxp/mcuxpressoide_10.0.2_411/ide/tools/bin/../lib/gcc/arm-none-eabi/5.4.1/../../../../arm-none-eabi/lib/armv6-m\libcr_nohost_nf.a(__sys_close.o)
 .comment       0x0000006e       0x6f c:/nxp/mcuxpressoide_10.0.2_411/ide/tools/bin/../lib/gcc/arm-none-eabi/5.4.1/../../../../arm-none-eabi/lib/armv6-m\libcr_nohost_nf.a(__sys_flen.o)
 .comment       0x0000006e       0x6f c:/nxp/mcuxpressoide_10.0.2_411/ide/tools/bin/../lib/gcc/arm-none-eabi/5.4.1/../../../../arm-none-eabi/lib/armv6-m\libcr_nohost_nf.a(__sys_istty.o)
 .comment       0x0000006e       0x6f c:/nxp/mcuxpressoide_10.0.2_411/ide/tools/bin/../lib/gcc/arm-none-eabi/5.4.1/../../../../arm-none-eabi/lib/armv6-m\libcr_nohost_nf.a(__sys_remove.o)
 .comment       0x0000006e       0x6f c:/nxp/mcuxpressoide_10.0.2_411/ide/tools/bin/../lib/gcc/arm-none-eabi/5.4.1/../../../../arm-none-eabi/lib/armv6-m\libcr_nohost_nf.a(__sys_seek.o)
 .comment       0x0000006e       0x6f c:/nxp/mcuxpressoide_10.0.2_411/ide/tools/bin/../lib/gcc/arm-none-eabi/5.4.1/../../../../arm-none-eabi/lib/armv6-m\libcr_nohost_nf.a(__sys_tmpnam.o)
 .comment       0x0000006e       0x6f c:/nxp/mcuxpressoide_10.0.2_411/ide/tools/bin/../lib/gcc/arm-none-eabi/5.4.1/../../../../arm-none-eabi/lib/armv6-m\libcr_nohost_nf.a(__sys_write.o)

.debug_frame    0x00000000      0x43c
 .debug_frame   0x00000000       0x20 c:/nxp/mcuxpressoide_10.0.2_411/ide/tools/bin/../lib/gcc/arm-none-eabi/5.4.1/armv6-m\libgcc.a(_udivsi3.o)
 .debug_frame   0x00000020       0x20 c:/nxp/mcuxpressoide_10.0.2_411/ide/tools/bin/../lib/gcc/arm-none-eabi/5.4.1/armv6-m\libgcc.a(_divsi3.o)
 .debug_frame   0x00000040       0x3c c:/nxp/mcuxpressoide_10.0.2_411/ide/tools/bin/../lib/gcc/arm-none-eabi/5.4.1/armv6-m\libgcc.a(divdf3.o)
 .debug_frame   0x0000007c       0x3c c:/nxp/mcuxpressoide_10.0.2_411/ide/tools/bin/../lib/gcc/arm-none-eabi/5.4.1/armv6-m\libgcc.a(muldf3.o)
 .debug_frame   0x000000b8       0x2c c:/nxp/mcuxpressoide_10.0.2_411/ide/tools/bin/../lib/gcc/arm-none-eabi/5.4.1/armv6-m\libgcc.a(fixdfsi.o)
 .debug_frame   0x000000e4       0x2c c:/nxp/mcuxpressoide_10.0.2_411/ide/tools/bin/../lib/gcc/arm-none-eabi/5.4.1/armv6-m\libgcc.a(floatunsidf.o)
 .debug_frame   0x00000110       0x40 c:/nxp/mcuxpressoide_10.0.2_411/ide/tools/bin/../lib/gcc/arm-none-eabi/5.4.1/../../../../arm-none-eabi/lib/armv6-m\libc.a(lib_a-atoi.o)
 .debug_frame   0x00000150       0x40 c:/nxp/mcuxpressoide_10.0.2_411/ide/tools/bin/../lib/gcc/arm-none-eabi/5.4.1/../../../../arm-none-eabi/lib/armv6-m\libc.a(lib_a-itoa.o)