Archive member included to satisfy reference by file (symbol)

c:/nxp/mcuxpressoide_10.0.0_344/ide/tools/bin/../lib/gcc/arm-none-eabi/5.4.1/armv6-m\libgcc.a(_udivsi3.o)
                              ./source/_Display.o (__aeabi_uidiv)
c:/nxp/mcuxpressoide_10.0.0_344/ide/tools/bin/../lib/gcc/arm-none-eabi/5.4.1/armv6-m\libgcc.a(_divsi3.o)
                              ./source/_Sys_Control.o (__aeabi_idiv)
c:/nxp/mcuxpressoide_10.0.0_344/ide/tools/bin/../lib/gcc/arm-none-eabi/5.4.1/armv6-m\libgcc.a(_dvmd_tls.o)
                              c:/nxp/mcuxpressoide_10.0.0_344/ide/tools/bin/../lib/gcc/arm-none-eabi/5.4.1/armv6-m\libgcc.a(_udivsi3.o) (__aeabi_idiv0)
c:/nxp/mcuxpressoide_10.0.0_344/ide/tools/bin/../lib/gcc/arm-none-eabi/5.4.1/armv6-m\libgcc.a(divdf3.o)
                              ./source/_ADCSense.o (__aeabi_ddiv)
c:/nxp/mcuxpressoide_10.0.0_344/ide/tools/bin/../lib/gcc/arm-none-eabi/5.4.1/armv6-m\libgcc.a(muldf3.o)
                              ./source/_ADCSense.o (__aeabi_dmul)
c:/nxp/mcuxpressoide_10.0.0_344/ide/tools/bin/../lib/gcc/arm-none-eabi/5.4.1/armv6-m\libgcc.a(fixdfsi.o)
                              ./source/_ADCSense.o (__aeabi_d2iz)
c:/nxp/mcuxpressoide_10.0.0_344/ide/tools/bin/../lib/gcc/arm-none-eabi/5.4.1/armv6-m\libgcc.a(floatunsidf.o)
                              ./source/_ADCSense.o (__aeabi_ui2d)
c:/nxp/mcuxpressoide_10.0.0_344/ide/tools/bin/../lib/gcc/arm-none-eabi/5.4.1/armv6-m\libgcc.a(_clzsi2.o)
                              c:/nxp/mcuxpressoide_10.0.0_344/ide/tools/bin/../lib/gcc/arm-none-eabi/5.4.1/armv6-m\libgcc.a(divdf3.o) (__clzsi2)
c:/nxp/mcuxpressoide_10.0.0_344/ide/tools/bin/../lib/gcc/arm-none-eabi/5.4.1/../../../../arm-none-eabi/lib/armv6-m\libc.a(lib_a-atoi.o)
                              ./source/_Sys_Control.o (atoi)
c:/nxp/mcuxpressoide_10.0.0_344/ide/tools/bin/../lib/gcc/arm-none-eabi/5.4.1/../../../../arm-none-eabi/lib/armv6-m\libc.a(lib_a-exit.o)
                              c:/nxp/mcuxpressoide_10.0.0_344/ide/tools/bin/../lib/gcc/arm-none-eabi/5.4.1/../../../../arm-none-eabi/lib/armv6-m/crt0.o (exit)
c:/nxp/mcuxpressoide_10.0.0_344/ide/tools/bin/../lib/gcc/arm-none-eabi/5.4.1/../../../../arm-none-eabi/lib/armv6-m\libc.a(lib_a-impure.o)
                              c:/nxp/mcuxpressoide_10.0.0_344/ide/tools/bin/../lib/gcc/arm-none-eabi/5.4.1/../../../../arm-none-eabi/lib/armv6-m\libc.a(lib_a-exit.o) (_global_impure_ptr)
c:/nxp/mcuxpressoide_10.0.0_344/ide/tools/bin/../lib/gcc/arm-none-eabi/5.4.1/../../../../arm-none-eabi/lib/armv6-m\libc.a(lib_a-init.o)
                              c:/nxp/mcuxpressoide_10.0.0_344/ide/tools/bin/../lib/gcc/arm-none-eabi/5.4.1/../../../../arm-none-eabi/lib/armv6-m/crt0.o (__libc_init_array)
c:/nxp/mcuxpressoide_10.0.0_344/ide/tools/bin/../lib/gcc/arm-none-eabi/5.4.1/../../../../arm-none-eabi/lib/armv6-m\libc.a(lib_a-itoa.o)
                              ./source/_Sys_Control.o (itoa)
c:/nxp/mcuxpressoide_10.0.0_344/ide/tools/bin/../lib/gcc/arm-none-eabi/5.4.1/../../../../arm-none-eabi/lib/armv6-m\libc.a(lib_a-memcpy-stub.o)
                              ./source/_Bluetooth.o (memcpy)
c:/nxp/mcuxpressoide_10.0.0_344/ide/tools/bin/../lib/gcc/arm-none-eabi/5.4.1/../../../../arm-none-eabi/lib/armv6-m\libc.a(lib_a-memset.o)
                              c:/nxp/mcuxpressoide_10.0.0_344/ide/tools/bin/../lib/gcc/arm-none-eabi/5.4.1/../../../../arm-none-eabi/lib/armv6-m/crt0.o (memset)
c:/nxp/mcuxpressoide_10.0.0_344/ide/tools/bin/../lib/gcc/arm-none-eabi/5.4.1/../../../../arm-none-eabi/lib/armv6-m\libc.a(lib_a-printf.o)
                              ./source/_Bluetooth.o (printf)
c:/nxp/mcuxpressoide_10.0.0_344/ide/tools/bin/../lib/gcc/arm-none-eabi/5.4.1/../../../../arm-none-eabi/lib/armv6-m\libc.a(lib_a-strcmp.o)
                              ./source/_Sys_Control.o (strcmp)
c:/nxp/mcuxpressoide_10.0.0_344/ide/tools/bin/../lib/gcc/arm-none-eabi/5.4.1/../../../../arm-none-eabi/lib/armv6-m\libc.a(lib_a-strcpy.o)
                              ./source/_Sys_Control.o (strcpy)
c:/nxp/mcuxpressoide_10.0.0_344/ide/tools/bin/../lib/gcc/arm-none-eabi/5.4.1/../../../../arm-none-eabi/lib/armv6-m\libc.a(lib_a-strlen-stub.o)
                              ./source/_Bluetooth.o (strlen)
c:/nxp/mcuxpressoide_10.0.0_344/ide/tools/bin/../lib/gcc/arm-none-eabi/5.4.1/../../../../arm-none-eabi/lib/armv6-m\libc.a(lib_a-strtol.o)
                              c:/nxp/mcuxpressoide_10.0.0_344/ide/tools/bin/../lib/gcc/arm-none-eabi/5.4.1/../../../../arm-none-eabi/lib/armv6-m\libc.a(lib_a-atoi.o) (_strtol_r)
c:/nxp/mcuxpressoide_10.0.0_344/ide/tools/bin/../lib/gcc/arm-none-eabi/5.4.1/../../../../arm-none-eabi/lib/armv6-m\libc.a(lib_a-utoa.o)
                              c:/nxp/mcuxpressoide_10.0.0_344/ide/tools/bin/../lib/gcc/arm-none-eabi/5.4.1/../../../../arm-none-eabi/lib/armv6-m\libc.a(lib_a-itoa.o) (__utoa)
[...]
Memory Configuration

Name             Origin             Length             Attributes
PROGRAM_FLASH    0x00000000         0x00040000         xr
SRAM             0x1fffe000         0x00008000         xrw
*default*        0x00000000         0xffffffff

Linker script and memory map

LOAD c:/nxp/mcuxpressoide_10.0.0_344/ide/tools/bin/../lib/gcc/arm-none-eabi/5.4.1/armv6-m/crti.o
LOAD c:/nxp/mcuxpressoide_10.0.0_344/ide/tools/bin/../lib/gcc/arm-none-eabi/5.4.1/armv6-m/crtbegin.o
LOAD c:/nxp/mcuxpressoide_10.0.0_344/ide/tools/bin/../lib/gcc/arm-none-eabi/5.4.1/../../../../arm-none-eabi/lib/armv6-m/crt0.o
LOAD ./utilities/fsl_debug_console.o
LOAD ./startup/startup_mkl43z4.o
LOAD ./source/SmartTorqueFW.o
LOAD ./source/_ADCSense.o
LOAD ./source/_Bluetooth.o
LOAD ./source/_Display.o
LOAD ./source/_FRAM.o
LOAD ./source/_HMI.o
LOAD ./source/_RTC.o
LOAD ./source/_Sys_Control.o
LOAD ./source/_Timer.o
LOAD ./freertos/croutine.o
LOAD ./freertos/event_groups.o
LOAD ./freertos/fsl_tickless_lptmr.o
LOAD ./freertos/fsl_tickless_systick.o
LOAD ./freertos/heap_4.o
LOAD ./freertos/list.o
LOAD ./freertos/port.o
LOAD ./freertos/queue.o
LOAD ./freertos/tasks.o
LOAD ./freertos/timers.o
LOAD ./drivers/fsl_adc16.o
LOAD ./drivers/fsl_clock.o
LOAD ./drivers/fsl_common.o
LOAD ./drivers/fsl_dma.o
LOAD ./drivers/fsl_dmamux.o
LOAD ./drivers/fsl_flash.o
LOAD ./drivers/fsl_gpio.o
LOAD ./drivers/fsl_i2c.o
LOAD ./drivers/fsl_i2c_freertos.o
LOAD ./drivers/fsl_lptmr.o
LOAD ./drivers/fsl_lpuart.o
LOAD ./drivers/fsl_lpuart_freertos.o
LOAD ./drivers/fsl_pmc.o
LOAD ./drivers/fsl_rtc.o
LOAD ./drivers/fsl_slcd.o
LOAD ./drivers/fsl_smc.o
LOAD ./drivers/fsl_tpm.o
LOAD ./drivers/fsl_uart.o
LOAD ./drivers/fsl_uart_freertos.o
LOAD ./board/board.o
LOAD ./board/clock_config.o
LOAD ./board/mtb.o
LOAD ./board/pin_mux.o
LOAD ./CMSIS/system_MKL43Z4.o
START GROUP
LOAD c:/nxp/mcuxpressoide_10.0.0_344/ide/tools/bin/../lib/gcc/arm-none-eabi/5.4.1/armv6-m\libgcc.a
LOAD c:/nxp/mcuxpressoide_10.0.0_344/ide/tools/bin/../lib/gcc/arm-none-eabi/5.4.1/../../../../arm-none-eabi/lib/armv6-m\libc.a
END GROUP
LOAD c:/nxp/mcuxpressoide_10.0.0_344/ide/tools/bin/../lib/gcc/arm-none-eabi/5.4.1/armv6-m/crtend.o
LOAD c:/nxp/mcuxpressoide_10.0.0_344/ide/tools/bin/../lib/gcc/arm-none-eabi/5.4.1/armv6-m/crtn.o
START GROUP
LOAD c:/nxp/mcuxpressoide_10.0.0_344/ide/tools/bin/../lib/gcc/arm-none-eabi/5.4.1/armv6-m\libgcc.a
LOAD c:/nxp/mcuxpressoide_10.0.0_344/ide/tools/bin/../lib/gcc/arm-none-eabi/5.4.1/../../../../arm-none-eabi/lib/armv6-m\libc.a
LOAD c:/nxp/mcuxpressoide_10.0.0_344/ide/tools/bin/../lib/gcc/arm-none-eabi/5.4.1/../../../../arm-none-eabi/lib/armv6-m\libm.a
LOAD c:/nxp/mcuxpressoide_10.0.0_344/ide/tools/bin/../lib/gcc/arm-none-eabi/5.4.1/../../../../arm-none-eabi/lib/armv6-m\libcr_newlib_semihost.a
END GROUP
                0x00000000                __base_PROGRAM_FLASH = 0x0
                0x00000000                __base_Flash = 0x0
                0x00040000                __top_PROGRAM_FLASH = 0x40000
                0x00040000                __top_Flash = 0x40000
                0x1fffe000                __base_SRAM = 0x1fffe000
                0x1fffe000                __base_RAM = 0x1fffe000
                0x20006000                __top_SRAM = 0x20006000
                0x20006000                __top_RAM = 0x20006000

.text           0x00000000    0x109d8
 FILL mask 0xff
                0x00000000                __vectors_start__ = ABSOLUTE (.)
 *(.isr_vector)
 .isr_vector    0x00000000       0xc0 ./startup/startup_mkl43z4.o
                0x00000000                g_pfnVectors
                0x00000000                __Vectors
                0x000000c0                . = ALIGN (0x4)
                0x000000c0                __section_table_start = .
                0x000000c0                __data_section_table = .
                0x000000c0        0x4 LONG 0x109e8 LOADADDR (.data)
                0x000000c4        0x4 LONG 0x1fffe080 ADDR (.data)
                0x000000c8        0x4 LONG 0x9d8 SIZEOF (.data)
                0x000000cc                __data_section_table_end = .
                0x000000cc                __bss_section_table = .
                0x000000cc        0x4 LONG 0x1fffea58 ADDR (.bss)
                0x000000d0        0x4 LONG 0x414c SIZEOF (.bss)
                0x000000d4                __bss_section_table_end = .
                0x000000d4                __section_table_end = .
 *(.after_vectors*)
 .after_vectors.init_data
                0x000000d4       0x40 ./startup/startup_mkl43z4.o
                0x000000d4                data_init
 .after_vectors.init_bss
                0x00000114       0x34 ./startup/startup_mkl43z4.o
                0x00000114                bss_init
 .after_vectors.reset
                0x00000148       0x84 ./startup/startup_mkl43z4.o
                0x00000148                ResetISR
 .after_vectors
                0x000001cc      0x230 ./startup/startup_mkl43z4.o
                0x000001cc                NMI_Handler
                0x000001d4                HardFault_Handler
                0x000001f4                Reserved42_DriverIRQHandler
                0x000001f4                PIT_DriverIRQHandler
                0x000001f4                SPI1_DriverIRQHandler
                0x000001f4                LPTMR0_DriverIRQHandler
                0x000001f4                PORTC_PORTD_DriverIRQHandler
                0x000001f4                PMC_DriverIRQHandler
                0x000001f4                Reserved43_DriverIRQHandler
                0x000001f4                CMP0_DriverIRQHandler
                0x000001f4                I2S0_DriverIRQHandler
                0x000001f4                ADC0_DriverIRQHandler
                0x000001f4                TPM2_DriverIRQHandler
                0x000001f4                SPI0_DriverIRQHandler
                0x000001f4                LCD_DriverIRQHandler
                0x000001f4                RTC_DriverIRQHandler
                0x000001f4                RTC_Seconds_DriverIRQHandler
                0x000001f4                LLWU_DriverIRQHandler
                0x000001f4                TPM1_DriverIRQHandler
                0x000001f4                PORTA_DriverIRQHandler
                0x000001f4                UART2_FLEXIO_DriverIRQHandler
                0x000001f4                FTFA_DriverIRQHandler
                0x000001f4                IntDefaultHandler
                0x000001f4                USB0_DriverIRQHandler
                0x000001f4                DAC0_DriverIRQHandler
                0x000001f4                TPM0_DriverIRQHandler
                0x000001f4                Reserved20_DriverIRQHandler
                0x0000020c                DMA1_IRQHandler
                0x0000021c                DMA2_IRQHandler
                0x0000022c                DMA3_IRQHandler
                0x0000023c                Reserved20_IRQHandler
                0x0000024c                FTFA_IRQHandler
                0x0000025c                PMC_IRQHandler
                0x0000026c                LLWU_IRQHandler
                0x0000027c                I2C0_IRQHandler
                0x0000028c                I2C1_IRQHandler
                0x0000029c                SPI0_IRQHandler
                0x000002ac                SPI1_IRQHandler
                0x000002bc                LPUART0_IRQHandler
                0x000002cc                LPUART1_IRQHandler
                0x000002ec                ADC0_IRQHandler
                0x000002fc                CMP0_IRQHandler
                0x0000030c                TPM0_IRQHandler
                0x0000032c                TPM2_IRQHandler
                0x0000033c                RTC_IRQHandler
                0x0000035c                PIT_IRQHandler
                0x0000036c                I2S0_IRQHandler
                0x0000037c                USB0_IRQHandler
                0x0000038c                DAC0_IRQHandler
                0x0000039c                Reserved42_IRQHandler
                0x000003ac                Reserved43_IRQHandler
                0x000003bc                LPTMR0_IRQHandler
                0x000003cc                LCD_IRQHandler
                0x00000400                . = 0x400
 *fill*         0x000003fc        0x4 ff
                0x00000400                PROVIDE (__FLASH_CONFIG_START__, .)
 *(.FlashConfig)
 .FlashConfig   0x00000400       0x10 ./startup/startup_mkl43z4.o
                0x00000400                Flash_Config
                0x00000410                PROVIDE (__FLASH_CONFIG_END__, .)
                0x00000001                ASSERT (! ((__FLASH_CONFIG_START__ == __FLASH_CONFIG_END__)), Linker Flash Config Support Enabled, but no .FlashConfig section provided within application)
 *(.text*)
 .text.main     0x00000410       0xa8 ./source/SmartTorqueFW.o
                0x00000410                main
 .text.vApplicationTickHook
                0x000004b8       0x2c ./source/SmartTorqueFW.o
                0x000004b8                vApplicationTickHook
 .text.vApplicationMallocFailedHook
                0x000004e4        0x8 ./source/SmartTorqueFW.o
                0x000004e4                vApplicationMallocFailedHook
 .text.vApplicationStackOverflowHook
                0x000004ec        0xc ./source/SmartTorqueFW.o
                0x000004ec                vApplicationStackOverflowHook
 .text.vApplicationIdleHook
                0x000004f8       0x18 ./source/SmartTorqueFW.o
                0x000004f8                vApplicationIdleHook
 .text.NVIC_EnableIRQ
                0x00000510       0x2c ./source/_ADCSense.o
 .text.ADC16_EnableDMA
                0x0000053c       0x3c ./source/_ADCSense.o
 .text.ADC16_EnableHardwareTrigger
                0x00000578       0x3c ./source/_ADCSense.o
 .text.DMA_EnableCycleSteal
                0x000005b4       0x4c ./source/_ADCSense.o
 .text.DMA_EnableAsyncRequest
                0x00000600       0x4c ./source/_ADCSense.o
 .text.DMA_EnableInterrupts
                0x0000064c       0x38 ./source/_ADCSense.o
 .text.DMA_ClearChannelStatusFlags
                0x00000684       0x40 ./source/_ADCSense.o
 .text.DMA_StartTransfer
                0x000006c4       0x44 ./source/_ADCSense.o
 .text.LPTMR_SetTimerPeriod
                0x00000708       0x1c ./source/_ADCSense.o
 .text.LPTMR_StartTimer
                0x00000724       0x2c ./source/_ADCSense.o
 .text.LPTMR_StopTimer
                0x00000750       0x2c ./source/_ADCSense.o
 .text.DMAMUX_EnableChannel
                0x0000077c       0x30 ./source/_ADCSense.o
 .text.DMAMUX_SetSource
                0x000007ac       0x3c ./source/_ADCSense.o
 .text.ADC_INIT
                0x000007e8       0xd4 ./source/_ADCSense.o
                0x000007e8                ADC_INIT
 .text.BOARD_ConfigTrigger
                0x000008bc       0x24 ./source/_ADCSense.o
                0x000008bc                BOARD_ConfigTrigger
 .text.DMA_CONFIG
                0x000008e0       0xb0 ./source/_ADCSense.o
                0x000008e0                DMA_CONFIG
 .text.DMA0_IRQHandler
                0x00000990       0xdc ./source/_ADCSense.o
                0x00000990                DMA0_IRQHandler
 .text.getMeasurements
                0x00000a6c      0x118 ./source/_ADCSense.o
                0x00000a6c                getMeasurements
 .text.LPTMR_TRIG
                0x00000b84       0x30 ./source/_ADCSense.o
                0x00000b84                LPTMR_TRIG
 .text.vADC16Task
                0x00000bb4       0x14 ./source/_ADCSense.o
                0x00000bb4                vADC16Task
 .text.NVIC_EnableIRQ
                0x00000bc8       0x2c ./source/_Bluetooth.o
 .text.NVIC_SetPriority
                0x00000bf4       0xdc ./source/_Bluetooth.o
 .text.EnableIRQ
                0x00000cd0       0x2c ./source/_Bluetooth.o
 .text.UART_WriteByte
                0x00000cfc       0x20 ./source/_Bluetooth.o
 .text.UART_ReadByte
                0x00000d1c       0x18 ./source/_Bluetooth.o
 .text.on_message_send
                0x00000d34       0xcc ./source/_Bluetooth.o
                0x00000d34                on_message_send
 .text.Bluetooth_INIT
                0x00000e00       0x74 ./source/_Bluetooth.o
                0x00000e00                Bluetooth_INIT
 .text.UART2_FLEXIO_IRQHandler
                0x00000e74       0x78 ./source/_Bluetooth.o
                0x00000e74                UART2_FLEXIO_IRQHandler
 .text.vBluetoothTask
                0x00000eec      0x5c4 ./source/_Bluetooth.o
                0x00000eec                vBluetoothTask
 .text.Bluetooth_Send
                0x000014b0       0x88 ./source/_Bluetooth.o
                0x000014b0                Bluetooth_Send
 .text.Bluetooth_Reset
                0x00001538       0x30 ./source/_Bluetooth.o
                0x00001538                Bluetooth_Reset
 .text.print_address
                0x00001568       0x54 ./source/_Bluetooth.o
                0x00001568                print_address
 .text.CLOCK_EnableClock
                0x000015bc       0x38 ./source/_Display.o
 .text.SLCD_StartDisplay
                0x000015f4       0x1c ./source/_Display.o
 .text.SLCD_StopBlinkMode
                0x00001610       0x20 ./source/_Display.o
 .text.SLCD_SetBackPlanePhase
                0x00001630       0x28 ./source/_Display.o
 .text.SLCD_SetFrontPlaneSegments
                0x00001658       0x28 ./source/_Display.o
 .text.SLCD_SetFrontPlaneOnePhase
                0x00001680       0x88 ./source/_Display.o
 .text.PORT_SetPinMux
                0x00001708       0x40 ./source/_Display.o
 .text.InitPins
                0x00001748       0xdc ./source/_Display.o
                0x00001748                InitPins
 .text.Display_Init
                0x00001824       0xc8 ./source/_Display.o
                0x00001824                Display_Init
 .text.Display_Blink
                0x000018ec       0x1c ./source/_Display.o
                0x000018ec                Display_Blink
 .text.Display_Stop_Blink
                0x00001908       0x18 ./source/_Display.o
                0x00001908                Display_Stop_Blink
 .text.Set_Display
                0x00001920       0xfc ./source/_Display.o
                0x00001920                Set_Display
 .text.Display_Number
                0x00001a1c      0x178 ./source/_Display.o
                0x00001a1c                Display_Number
 .text.CLOCK_EnableClock
                0x00001b94       0x38 ./source/_FRAM.o
 .text.PORT_SetPinConfig
                0x00001bcc       0x28 ./source/_FRAM.o
 .text.GPIO_WritePinOutput
                0x00001bf4       0x34 ./source/_FRAM.o
 .text.i2c_master_callback
                0x00001c28       0x48 ./source/_FRAM.o
                0x00001c28                i2c_master_callback
 .text.FRAM_INIT
                0x00001c70       0x84 ./source/_FRAM.o
                0x00001c70                FRAM_INIT
 .text.i2c_release_bus_delay
                0x00001cf4       0x28 ./source/_FRAM.o
 .text.BOARD_I2C_ReleaseBus
                0x00001d1c      0x178 ./source/_FRAM.o
                0x00001d1c                BOARD_I2C_ReleaseBus
 .text.write    0x00001e94       0xbc ./source/_FRAM.o
                0x00001e94                write
 .text.read     0x00001f50       0xb8 ./source/_FRAM.o
                0x00001f50                read
 .text.NVIC_EnableIRQ
                0x00002008       0x2c ./source/_HMI.o
 .text.EnableIRQ
                0x00002034       0x2c ./source/_HMI.o
 .text.PORT_SetPinInterruptConfig
                0x00002060       0x40 ./source/_HMI.o
 .text.PORTA_IRQHandler
                0x000020a0       0xa4 ./source/_HMI.o
                0x000020a0                PORTA_IRQHandler
 .text.PORTC_PORTD_IRQHandler
                0x00002144       0x74 ./source/_HMI.o
                0x00002144                PORTC_PORTD_IRQHandler
 .text.HMI_INIT
                0x000021b8       0x68 ./source/_HMI.o
                0x000021b8                HMI_INIT
 .text.RTC_Seconds_IRQHandler
                0x00002220       0x90 ./source/_RTC.o
                0x00002220                RTC_Seconds_IRQHandler
 .text.GPIO_WritePinOutput
                0x000022b0       0x34 ./source/_Sys_Control.o
 .text.GPIO_SetPinsOutput
                0x000022e4       0x18 ./source/_Sys_Control.o
 .text.GPIO_ClearPinsOutput
                0x000022fc       0x18 ./source/_Sys_Control.o
 .text.Sys_Control_INIT
                0x00002314      0x108 ./source/_Sys_Control.o
                0x00002314                Sys_Control_INIT
 .text.HandleButtons
                0x0000241c       0xa0 ./source/_Sys_Control.o
                0x0000241c                HandleButtons
 .text.UpdateDisplay
                0x000024bc       0x1c ./source/_Sys_Control.o
                0x000024bc                UpdateDisplay
 .text.vSystemControllerTask
                0x000024d8      0x33c ./source/_Sys_Control.o
                0x000024d8                vSystemControllerTask
 .text.ConfigurationBuilder
                0x00002814      0x700 ./source/_Sys_Control.o
                0x00002814                ConfigurationBuilder
 .text.Set_Configuration_default
                0x00002f14       0x60 ./source/_Sys_Control.o
                0x00002f14                Set_Configuration_default
 .text.TorqueWithinRange
                0x00002f74       0x68 ./source/_Sys_Control.o
                0x00002f74                TorqueWithinRange
 .text.NVIC_EnableIRQ
                0x00002fdc       0x2c ./source/_Timer.o
 .text.CLOCK_SetTpmClock
                0x00003008       0x38 ./source/_Timer.o
 .text.EnableIRQ
                0x00003040       0x2c ./source/_Timer.o
 .text.TPM_ClearStatusFlags
                0x0000306c       0x18 ./source/_Timer.o
 .text.TPM_StartTimer
                0x00003084       0x3c ./source/_Timer.o
 .text.Timer_INIT
                0x000030c0       0x94 ./source/_Timer.o
                0x000030c0                Timer_INIT
 .text.UpdatePWM
                0x00003154       0x30 ./source/_Timer.o
                0x00003154                UpdatePWM
 .text.TPM1_IRQHandler
                0x00003184       0x2c ./source/_Timer.o
                0x00003184                TPM1_IRQHandler
 .text.xEventGroupCreate
                0x000031b0       0x30 ./freertos/event_groups.o
                0x000031b0                xEventGroupCreate
 .text.xEventGroupSetBits
                0x000031e0       0xf4 ./freertos/event_groups.o
                0x000031e0                xEventGroupSetBits
 .text.vEventGroupDelete
                0x000032d4       0x54 ./freertos/event_groups.o
                0x000032d4                vEventGroupDelete
 .text.vEventGroupSetBitsCallback
                0x00003328       0x20 ./freertos/event_groups.o
                0x00003328                vEventGroupSetBitsCallback
 .text.xEventGroupSetBitsFromISR
                0x00003348       0x2c ./freertos/event_groups.o
                0x00003348                xEventGroupSetBitsFromISR
 .text.prvSetupTimerInterrupt
                0x00003374       0x3c ./freertos/fsl_tickless_lptmr.o
                0x00003374                prvSetupTimerInterrupt
 .text.pvPortMalloc
                0x000033b0      0x154 ./freertos/heap_4.o
                0x000033b0                pvPortMalloc
 .text.vPortFree
                0x00003504       0x90 ./freertos/heap_4.o
                0x00003504                vPortFree
 .text.xPortGetFreeHeapSize
                0x00003594       0x14 ./freertos/heap_4.o
                0x00003594                xPortGetFreeHeapSize
 .text.prvHeapInit
                0x000035a8       0xc0 ./freertos/heap_4.o
 .text.prvInsertBlockIntoFreeList
                0x00003668       0xb0 ./freertos/heap_4.o
 .text.vListInitialise
                0x00003718       0x3c ./freertos/list.o
                0x00003718                vListInitialise
 .text.vListInitialiseItem
                0x00003754       0x18 ./freertos/list.o
                0x00003754                vListInitialiseItem
 .text.vListInsertEnd
                0x0000376c       0x44 ./freertos/list.o
                0x0000376c                vListInsertEnd
 .text.vListInsert
                0x000037b0       0x6c ./freertos/list.o
                0x000037b0                vListInsert
 .text.uxListRemove
                0x0000381c       0x50 ./freertos/list.o
                0x0000381c                uxListRemove
 .text.pxPortInitialiseStack
                0x0000386c       0x54 ./freertos/port.o
                0x0000386c                pxPortInitialiseStack
 .text.prvTaskExitError
                0x000038c0       0x18 ./freertos/port.o
 .text.SVC_Handler
                0x000038d8        0xc ./freertos/port.o
                0x000038d8                SVC_Handler
 *fill*         0x000038e4        0xc ff
 .text.vPortStartFirstTask
                0x000038f0       0x38 ./freertos/port.o
 .text.xPortStartScheduler
                0x00003928       0x44 ./freertos/port.o
                0x00003928                xPortStartScheduler
 .text.vPortYield
                0x0000396c       0x20 ./freertos/port.o
                0x0000396c                vPortYield
 .text.vPortEnterCritical
                0x0000398c       0x24 ./freertos/port.o
                0x0000398c                vPortEnterCritical
 .text.vPortExitCritical
                0x000039b0       0x30 ./freertos/port.o
                0x000039b0                vPortExitCritical
 .text.ulSetInterruptMaskFromISR
                0x000039e0        0xc ./freertos/port.o
                0x000039e0                ulSetInterruptMaskFromISR
 .text.vClearInterruptMaskFromISR
                0x000039ec        0x8 ./freertos/port.o
                0x000039ec                vClearInterruptMaskFromISR
 *fill*         0x000039f4        0xc ff
 .text.PendSV_Handler
                0x00003a00       0x48 ./freertos/port.o
                0x00003a00                PendSV_Handler
 .text.SysTick_Handler
                0x00003a48       0x34 ./freertos/port.o
                0x00003a48                SysTick_Handler
 .text.xQueueGenericReset
                0x00003a7c       0xa8 ./freertos/queue.o
                0x00003a7c                xQueueGenericReset
 .text.xQueueGenericCreate
                0x00003b24       0x64 ./freertos/queue.o
                0x00003b24                xQueueGenericCreate
 .text.prvInitialiseNewQueue
                0x00003b88       0x50 ./freertos/queue.o
 .text.prvInitialiseMutex
                0x00003bd8       0x34 ./freertos/queue.o
 .text.xQueueCreateMutex
                0x00003c0c       0x38 ./freertos/queue.o
                0x00003c0c                xQueueCreateMutex
 .text.xQueueGenericSend
                0x00003c44      0x188 ./freertos/queue.o
                0x00003c44                xQueueGenericSend
 .text.xQueueGenericSendFromISR
                0x00003dcc       0xe4 ./freertos/queue.o
                0x00003dcc                xQueueGenericSendFromISR
 .text.xQueueGenericReceive
                0x00003eb0      0x1c8 ./freertos/queue.o
                0x00003eb0                xQueueGenericReceive
 .text.vQueueDelete
                0x00004078       0x30 ./freertos/queue.o
                0x00004078                vQueueDelete
 .text.prvCopyDataToQueue
                0x000040a8       0xd8 ./freertos/queue.o
 .text.prvCopyDataFromQueue
                0x00004180       0x4c ./freertos/queue.o
 .text.prvUnlockQueue
                0x000041cc       0xc0 ./freertos/queue.o
 .text.prvIsQueueEmpty
                0x0000428c       0x2c ./freertos/queue.o
 .text.prvIsQueueFull
                0x000042b8       0x30 ./freertos/queue.o
 .text.vQueueAddToRegistry
                0x000042e8       0x50 ./freertos/queue.o
                0x000042e8                vQueueAddToRegistry
 .text.vQueueUnregisterQueue
                0x00004338       0x54 ./freertos/queue.o
                0x00004338                vQueueUnregisterQueue
 .text.vQueueWaitForMessageRestricted
                0x0000438c       0x68 ./freertos/queue.o
                0x0000438c                vQueueWaitForMessageRestricted
 .text.xTaskCreate
                0x000043f4       0x90 ./freertos/tasks.o
                0x000043f4                xTaskCreate
 .text.prvInitialiseNewTask
                0x00004484      0x12c ./freertos/tasks.o
 .text.prvAddNewTaskToReadyList
                0x000045b0       0xd0 ./freertos/tasks.o
 .text.vTaskDelay
                0x00004680       0x4c ./freertos/tasks.o
                0x00004680                vTaskDelay
 .text.vTaskSuspend
                0x000046cc       0xb8 ./freertos/tasks.o
                0x000046cc                vTaskSuspend
 .text.prvTaskIsTaskSuspended
                0x00004784       0x60 ./freertos/tasks.o
 .text.vTaskResume
                0x000047e4       0x9c ./freertos/tasks.o
                0x000047e4                vTaskResume
 .text.vTaskStartScheduler
                0x00004880       0x78 ./freertos/tasks.o
                0x00004880                vTaskStartScheduler
 .text.vTaskSuspendAll
                0x000048f8       0x18 ./freertos/tasks.o
                0x000048f8                vTaskSuspendAll
 .text.xTaskResumeAll
                0x00004910      0x118 ./freertos/tasks.o
                0x00004910                xTaskResumeAll
 .text.xTaskGetTickCount
                0x00004a28       0x1c ./freertos/tasks.o
                0x00004a28                xTaskGetTickCount
 .text.xTaskIncrementTick
                0x00004a44      0x160 ./freertos/tasks.o
                0x00004a44                xTaskIncrementTick
 .text.vTaskSwitchContext
                0x00004ba4       0xf4 ./freertos/tasks.o
                0x00004ba4                vTaskSwitchContext
 .text.vTaskPlaceOnEventList
                0x00004c98       0x3c ./freertos/tasks.o
                0x00004c98                vTaskPlaceOnEventList
 .text.vTaskPlaceOnEventListRestricted
                0x00004cd4       0x4c ./freertos/tasks.o
                0x00004cd4                vTaskPlaceOnEventListRestricted
 .text.xTaskRemoveFromEventList
                0x00004d20       0xb8 ./freertos/tasks.o
                0x00004d20                xTaskRemoveFromEventList
 .text.xTaskRemoveFromUnorderedEventList
                0x00004dd8       0xb0 ./freertos/tasks.o
                0x00004dd8                xTaskRemoveFromUnorderedEventList
 .text.vTaskSetTimeOutState
                0x00004e88       0x34 ./freertos/tasks.o
                0x00004e88                vTaskSetTimeOutState
 .text.xTaskCheckForTimeOut
                0x00004ebc       0x9c ./freertos/tasks.o
                0x00004ebc                xTaskCheckForTimeOut
 .text.vTaskMissedYield
                0x00004f58       0x14 ./freertos/tasks.o
                0x00004f58                vTaskMissedYield
 .text.prvIdleTask
                0x00004f6c       0x24 ./freertos/tasks.o
 .text.prvInitialiseTaskLists
                0x00004f90       0x88 ./freertos/tasks.o
 .text.prvCheckTasksWaitingTermination
                0x00005018       0x74 ./freertos/tasks.o
 .text.prvDeleteTCB
                0x0000508c       0x24 ./freertos/tasks.o
 .text.prvResetNextTaskUnblockTime
                0x000050b0       0x48 ./freertos/tasks.o
 .text.xTaskGetSchedulerState
                0x000050f8       0x38 ./freertos/tasks.o
                0x000050f8                xTaskGetSchedulerState
 .text.vTaskPriorityInherit
                0x00005130       0xbc ./freertos/tasks.o
                0x00005130                vTaskPriorityInherit
 .text.xTaskPriorityDisinherit
                0x000051ec       0xb8 ./freertos/tasks.o
                0x000051ec                xTaskPriorityDisinherit
 .text.pvTaskIncrementMutexHeldCount
                0x000052a4       0x24 ./freertos/tasks.o
                0x000052a4                pvTaskIncrementMutexHeldCount
 .text.prvAddCurrentTaskToDelayedList
                0x000052c8       0xa8 ./freertos/tasks.o
 .text.xTimerCreateTimerTask
                0x00005370       0x54 ./freertos/timers.o
                0x00005370                xTimerCreateTimerTask
 .text.xTimerGenericCommand
                0x000053c4       0x9c ./freertos/timers.o
                0x000053c4                xTimerGenericCommand
 .text.prvProcessExpiredTimer
                0x00005460       0x70 ./freertos/timers.o
 .text.prvTimerTask
                0x000054d0       0x28 ./freertos/timers.o
 .text.prvProcessTimerOrBlockTask
                0x000054f8       0x8c ./freertos/timers.o
 .text.prvGetNextExpireTime
                0x00005584       0x40 ./freertos/timers.o
 .text.prvSampleTimeNow
                0x000055c4       0x40 ./freertos/timers.o
 .text.prvInsertTimerInActiveList
                0x00005604       0x84 ./freertos/timers.o
 .text.prvProcessReceivedCommands
                0x00005688      0x12c ./freertos/timers.o
 .text.prvSwitchTimerLists
                0x000057b4       0xb4 ./freertos/timers.o
 .text.prvCheckForValidListAndQueue
                0x00005868       0x74 ./freertos/timers.o
 .text.xTimerPendFunctionCallFromISR
                0x000058dc       0x54 ./freertos/timers.o
                0x000058dc                xTimerPendFunctionCallFromISR
 .text.CLOCK_EnableClock
                0x00005930       0x38 ./drivers/fsl_adc16.o
 .text.ADC16_GetInstance
                0x00005968       0x34 ./drivers/fsl_adc16.o
 .text.ADC16_Init
                0x0000599c      0x100 ./drivers/fsl_adc16.o
                0x0000599c                ADC16_Init
 .text.ADC16_GetDefaultConfig
                0x00005a9c       0x48 ./drivers/fsl_adc16.o
                0x00005a9c                ADC16_GetDefaultConfig
 .text.ADC16_DoAutoCalibration
                0x00005ae4      0x11c ./drivers/fsl_adc16.o
                0x00005ae4                ADC16_DoAutoCalibration
 .text.ADC16_SetChannelMuxMode
                0x00005c00       0x3c ./drivers/fsl_adc16.o
                0x00005c00                ADC16_SetChannelMuxMode
 .text.ADC16_GetStatusFlags
                0x00005c3c       0x3c ./drivers/fsl_adc16.o
                0x00005c3c                ADC16_GetStatusFlags
 .text.ADC16_SetChannelConfig
                0x00005c78       0x48 ./drivers/fsl_adc16.o
                0x00005c78                ADC16_SetChannelConfig
 .text.ADC16_GetChannelStatusFlags
                0x00005cc0       0x30 ./drivers/fsl_adc16.o
                0x00005cc0                ADC16_GetChannelStatusFlags
 .text.CLOCK_SetEr32kClock
                0x00005cf0       0x30 ./drivers/fsl_clock.o
 .text.OSC_SetExtRefClkConfig
                0x00005d20       0x48 ./drivers/fsl_clock.o
 .text.OSC_SetCapLoad
                0x00005d68       0x4c ./drivers/fsl_clock.o
 .text.CLOCK_GetLircClkFreq
                0x00005db4       0x48 ./drivers/fsl_clock.o
 .text.CLOCK_GetOscRangeFromFreq
                0x00005dfc       0x4c ./drivers/fsl_clock.o
 .text.CLOCK_GetOsc0ErClkFreq
                0x00005e48       0x28 ./drivers/fsl_clock.o
                0x00005e48                CLOCK_GetOsc0ErClkFreq
 .text.CLOCK_GetEr32kClkFreq
                0x00005e70       0x60 ./drivers/fsl_clock.o
                0x00005e70                CLOCK_GetEr32kClkFreq
 .text.CLOCK_GetFreq
                0x00005ed0       0xc4 ./drivers/fsl_clock.o
                0x00005ed0                CLOCK_GetFreq
 .text.CLOCK_SetSimConfig
                0x00005f94       0x2c ./drivers/fsl_clock.o
                0x00005f94                CLOCK_SetSimConfig
 .text.CLOCK_GetInternalRefClkFreq
                0x00005fc0       0x48 ./drivers/fsl_clock.o
                0x00005fc0                CLOCK_GetInternalRefClkFreq
 .text.CLOCK_GetPeriphClkFreq
                0x00006008       0x34 ./drivers/fsl_clock.o
                0x00006008                CLOCK_GetPeriphClkFreq
 .text.CLOCK_GetOutClkFreq
                0x0000603c       0x68 ./drivers/fsl_clock.o
                0x0000603c                CLOCK_GetOutClkFreq
 .text.CLOCK_SetMcgliteConfig
                0x000060a4      0x104 ./drivers/fsl_clock.o
                0x000060a4                CLOCK_SetMcgliteConfig
 .text.CLOCK_InitOsc0
                0x000061a8       0x98 ./drivers/fsl_clock.o
                0x000061a8                CLOCK_InitOsc0
 .text.NVIC_EnableIRQ
                0x00006240       0x2c ./drivers/fsl_dma.o
 .text.CLOCK_EnableClock
                0x0000626c       0x38 ./drivers/fsl_dma.o
 .text.EnableIRQ
                0x000062a4       0x2c ./drivers/fsl_dma.o
 .text.DMA_ClearChannelStatusFlags
                0x000062d0       0x40 ./drivers/fsl_dma.o
 .text.DMA_GetInstance
                0x00006310       0x34 ./drivers/fsl_dma.o
 .text.DMA_Init
                0x00006344       0x24 ./drivers/fsl_dma.o
                0x00006344                DMA_Init
 .text.DMA_SetTransferConfig
                0x00006368       0xb8 ./drivers/fsl_dma.o
                0x00006368                DMA_SetTransferConfig
 .text.DMA_CreateHandle
                0x00006420       0x6c ./drivers/fsl_dma.o
                0x00006420                DMA_CreateHandle
 .text.DMA_PrepareTransfer
                0x0000648c       0xb8 ./drivers/fsl_dma.o
                0x0000648c                DMA_PrepareTransfer
 .text.DMA_HandleIRQ
                0x00006544       0x3c ./drivers/fsl_dma.o
                0x00006544                DMA_HandleIRQ
 .text.DMA0_DriverIRQHandler
                0x00006580       0x18 ./drivers/fsl_dma.o
                0x00006580                DMA0_DriverIRQHandler
 .text.DMA1_DriverIRQHandler
                0x00006598       0x18 ./drivers/fsl_dma.o
                0x00006598                DMA1_DriverIRQHandler
 .text.DMA2_DriverIRQHandler
                0x000065b0       0x18 ./drivers/fsl_dma.o
                0x000065b0                DMA2_DriverIRQHandler
 .text.DMA3_DriverIRQHandler
                0x000065c8       0x18 ./drivers/fsl_dma.o
                0x000065c8                DMA3_DriverIRQHandler
 .text.CLOCK_EnableClock
                0x000065e0       0x38 ./drivers/fsl_dmamux.o
 .text.DMAMUX_GetInstance
                0x00006618       0x34 ./drivers/fsl_dmamux.o
 .text.DMAMUX_Init
                0x0000664c       0x24 ./drivers/fsl_dmamux.o
                0x0000664c                DMAMUX_Init
 .text.GPIO_WritePinOutput
                0x00006670       0x34 ./drivers/fsl_gpio.o
 .text.GPIO_GetInstance
                0x000066a4       0x3c ./drivers/fsl_gpio.o
 .text.GPIO_PinInit
                0x000066e0       0x54 ./drivers/fsl_gpio.o
                0x000066e0                GPIO_PinInit
 .text.GPIO_ClearPinsInterruptFlags
                0x00006734       0x3c ./drivers/fsl_gpio.o
                0x00006734                GPIO_ClearPinsInterruptFlags
 .text.NVIC_EnableIRQ
                0x00006770       0x2c ./drivers/fsl_i2c.o
 .text.CLOCK_EnableClock
                0x0000679c       0x38 ./drivers/fsl_i2c.o
 .text.EnableIRQ
                0x000067d4       0x2c ./drivers/fsl_i2c.o
 .text.I2C_MasterClearStatusFlags
                0x00006800       0x58 ./drivers/fsl_i2c.o
 .text.I2C_GetInstance
                0x00006858       0x3c ./drivers/fsl_i2c.o
                0x00006858                I2C_GetInstance
 .text.I2C_InitTransferStateMachine
                0x00006894       0xa0 ./drivers/fsl_i2c.o
 .text.I2C_CheckAndClearError
                0x00006934       0x40 ./drivers/fsl_i2c.o
 .text.I2C_MasterTransferRunStateMachine
                0x00006974      0x268 ./drivers/fsl_i2c.o
 .text.I2C_TransferCommonIRQHandler
                0x00006bdc       0x54 ./drivers/fsl_i2c.o
 .text.I2C_MasterInit
                0x00006c30       0xf4 ./drivers/fsl_i2c.o
                0x00006c30                I2C_MasterInit
 .text.I2C_MasterGetDefaultConfig
                0x00006d24       0x2c ./drivers/fsl_i2c.o
                0x00006d24                I2C_MasterGetDefaultConfig
 .text.I2C_EnableInterrupts
                0x00006d50       0x68 ./drivers/fsl_i2c.o
                0x00006d50                I2C_EnableInterrupts
 .text.I2C_DisableInterrupts
                0x00006db8       0x44 ./drivers/fsl_i2c.o
                0x00006db8                I2C_DisableInterrupts
 .text.I2C_MasterSetBaudRate
                0x00006dfc       0xf4 ./drivers/fsl_i2c.o
                0x00006dfc                I2C_MasterSetBaudRate
 .text.I2C_MasterStart
                0x00006ef0       0x84 ./drivers/fsl_i2c.o
                0x00006ef0                I2C_MasterStart
 .text.I2C_MasterRepeatedStart
                0x00006f74       0xd4 ./drivers/fsl_i2c.o
                0x00006f74                I2C_MasterRepeatedStart
 .text.I2C_MasterStop
                0x00007048       0x68 ./drivers/fsl_i2c.o
                0x00007048                I2C_MasterStop
 .text.I2C_MasterGetStatusFlags
                0x000070b0       0x4c ./drivers/fsl_i2c.o
                0x000070b0                I2C_MasterGetStatusFlags
 .text.I2C_MasterTransferCreateHandle
                0x000070fc       0x6c ./drivers/fsl_i2c.o
                0x000070fc                I2C_MasterTransferCreateHandle
 .text.I2C_MasterTransferNonBlocking
                0x00007168       0x4c ./drivers/fsl_i2c.o
                0x00007168                I2C_MasterTransferNonBlocking
 .text.I2C_MasterTransferHandleIRQ
                0x000071b4       0xac ./drivers/fsl_i2c.o
                0x000071b4                I2C_MasterTransferHandleIRQ
 .text.I2C0_DriverIRQHandler
                0x00007260       0x20 ./drivers/fsl_i2c.o
                0x00007260                I2C0_DriverIRQHandler
 .text.I2C1_DriverIRQHandler
                0x00007280       0x20 ./drivers/fsl_i2c.o
                0x00007280                I2C1_DriverIRQHandler
 .text.CLOCK_EnableClock
                0x000072a0       0x38 ./drivers/fsl_lptmr.o
 .text.LPTMR_GetInstance
                0x000072d8       0x34 ./drivers/fsl_lptmr.o
 .text.LPTMR_Init
                0x0000730c       0x84 ./drivers/fsl_lptmr.o
                0x0000730c                LPTMR_Init
 .text.LPTMR_GetDefaultConfig
                0x00007390       0x3c ./drivers/fsl_lptmr.o
                0x00007390                LPTMR_GetDefaultConfig
 .text.LPUART0_DriverIRQHandler
                0x000073cc       0x24 ./drivers/fsl_lpuart.o
                0x000073cc                LPUART0_DriverIRQHandler
 .text.LPUART1_DriverIRQHandler
                0x000073f0       0x24 ./drivers/fsl_lpuart.o
                0x000073f0                LPUART1_DriverIRQHandler
 .text.NVIC_EnableIRQ
                0x00007414       0x2c ./drivers/fsl_slcd.o
 .text.CLOCK_EnableClock
                0x00007440       0x38 ./drivers/fsl_slcd.o
 .text.EnableIRQ
                0x00007478       0x2c ./drivers/fsl_slcd.o
 .text.SLCD_GetInstance
                0x000074a4       0x34 ./drivers/fsl_slcd.o
 .text.SLCD_Init
                0x000074d8      0x200 ./drivers/fsl_slcd.o
                0x000074d8                SLCD_Init
 .text.SLCD_GetDefaultConfig
                0x000076d8       0x30 ./drivers/fsl_slcd.o
                0x000076d8                SLCD_GetDefaultConfig
 .text.SLCD_StartBlinkMode
                0x00007708       0x64 ./drivers/fsl_slcd.o
                0x00007708                SLCD_StartBlinkMode
 .text.CLOCK_EnableClock
                0x0000776c       0x38 ./drivers/fsl_tpm.o
 .text.TPM_GetInstance
                0x000077a4       0x40 ./drivers/fsl_tpm.o
 .text.TPM_Init
                0x000077e4       0xd8 ./drivers/fsl_tpm.o
                0x000077e4                TPM_Init
 .text.TPM_GetDefaultConfig
                0x000078bc       0x4c ./drivers/fsl_tpm.o
                0x000078bc                TPM_GetDefaultConfig
 .text.TPM_SetupPwm
                0x00007908      0x1b4 ./drivers/fsl_tpm.o
                0x00007908                TPM_SetupPwm
 .text.TPM_EnableInterrupts
                0x00007abc       0x84 ./drivers/fsl_tpm.o
                0x00007abc                TPM_EnableInterrupts
 .text.NVIC_EnableIRQ
                0x00007b40       0x2c ./drivers/fsl_uart.o
 .text.CLOCK_EnableClock
                0x00007b6c       0x38 ./drivers/fsl_uart.o
 .text.EnableIRQ
                0x00007ba4       0x2c ./drivers/fsl_uart.o
 .text.UART_GetInstance
                0x00007bd0       0x40 ./drivers/fsl_uart.o
                0x00007bd0                UART_GetInstance
 .text.UART_TransferGetRxRingBufferLength
                0x00007c10       0x50 ./drivers/fsl_uart.o
 .text.UART_TransferIsRxRingBufferFull
                0x00007c60       0x3c ./drivers/fsl_uart.o
 .text.UART_Init
                0x00007c9c      0x1d4 ./drivers/fsl_uart.o
                0x00007c9c                UART_Init
 .text.UART_GetDefaultConfig
                0x00007e70       0x2c ./drivers/fsl_uart.o
                0x00007e70                UART_GetDefaultConfig
 .text.UART_EnableInterrupts
                0x00007e9c       0x58 ./drivers/fsl_uart.o
                0x00007e9c                UART_EnableInterrupts
 .text.UART_DisableInterrupts
                0x00007ef4       0x64 ./drivers/fsl_uart.o
                0x00007ef4                UART_DisableInterrupts
 .text.UART_GetStatusFlags
                0x00007f58       0x28 ./drivers/fsl_uart.o
                0x00007f58                UART_GetStatusFlags
 .text.UART_ClearStatusFlags
                0x00007f80       0x80 ./drivers/fsl_uart.o
                0x00007f80                UART_ClearStatusFlags
 .text.UART_WriteNonBlocking
                0x00008000       0x34 ./drivers/fsl_uart.o
 .text.UART_ReadNonBlocking
                0x00008034       0x38 ./drivers/fsl_uart.o
 .text.UART_TransferCreateHandle
                0x0000806c       0x7c ./drivers/fsl_uart.o
                0x0000806c                UART_TransferCreateHandle
 .text.UART_TransferStartRingBuffer
                0x000080e8       0x5c ./drivers/fsl_uart.o
                0x000080e8                UART_TransferStartRingBuffer
 .text.UART_TransferHandleIRQ
                0x00008144      0x398 ./drivers/fsl_uart.o
                0x00008144                UART_TransferHandleIRQ
 .text.UART_EnableTx
                0x000084dc       0x40 ./drivers/fsl_uart_freertos.o
 .text.UART_EnableRx
                0x0000851c       0x40 ./drivers/fsl_uart_freertos.o
 .text.UART_RTOS_Callback
                0x0000855c       0xc8 ./drivers/fsl_uart_freertos.o
 .text.UART_RTOS_Init
                0x00008624      0x170 ./drivers/fsl_uart_freertos.o
                0x00008624                UART_RTOS_Init
 .text.CLOCK_SetSimSafeDivs
                0x00008794       0x20 ./board/clock_config.o
 .text.OSC_SetExtRefClkConfig
                0x000087b4       0x48 ./board/clock_config.o
 .text.CLOCK_SetXtal0Freq
                0x000087fc       0x1c ./board/clock_config.o
 .text.BOARD_BootClockRUN
                0x00008818       0x6c ./board/clock_config.o
                0x00008818                BOARD_BootClockRUN
 .text.CLOCK_EnableClock
                0x00008884       0x38 ./board/pin_mux.o
 .text.PORT_SetPinConfig
                0x000088bc       0x28 ./board/pin_mux.o
 .text.PORT_SetPinMux
                0x000088e4       0x40 ./board/pin_mux.o
 .text.BOARD_InitPins
                0x00008924      0x13c ./board/pin_mux.o
                0x00008924                BOARD_InitPins
 .text.BOARD_InitLCD
                0x00008a60      0x1a4 ./board/pin_mux.o
                0x00008a60                BOARD_InitLCD
 .text.BOARD_InitBUTTONS
                0x00008c04       0x88 ./board/pin_mux.o
                0x00008c04                BOARD_InitBUTTONS
 .text.BOARD_InitLEDs
                0x00008c8c       0x58 ./board/pin_mux.o
                0x00008c8c                BOARD_InitLEDs
 .text.BOARD_InitDEBUG_UART
                0x00008ce4       0x7c ./board/pin_mux.o
                0x00008ce4                BOARD_InitDEBUG_UART
 .text.BOARD_InitOSC
                0x00008d60       0x34 ./board/pin_mux.o
                0x00008d60                BOARD_InitOSC
 .text.SystemInit
                0x00008d94       0x3c ./CMSIS/system_MKL43Z4.o
                0x00008d94                SystemInit
 .text          0x00008dd0      0x114 c:/nxp/mcuxpressoide_10.0.0_344/ide/tools/bin/../lib/gcc/arm-none-eabi/5.4.1/armv6-m\libgcc.a(_udivsi3.o)
                0x00008dd0                __aeabi_uidiv
                0x00008dd0                __udivsi3
                0x00008edc                __aeabi_uidivmod
 .text          0x00008ee4      0x1d4 c:/nxp/mcuxpressoide_10.0.0_344/ide/tools/bin/../lib/gcc/arm-none-eabi/5.4.1/armv6-m\libgcc.a(_divsi3.o)
                0x00008ee4                __divsi3
                0x00008ee4                __aeabi_idiv
                0x000090b0                __aeabi_idivmod
 .text          0x000090b8        0x4 c:/nxp/mcuxpressoide_10.0.0_344/ide/tools/bin/../lib/gcc/arm-none-eabi/5.4.1/armv6-m\libgcc.a(_dvmd_tls.o)
                0x000090b8                __aeabi_idiv0
                0x000090b8                __aeabi_ldiv0
 .text          0x000090bc      0x62c c:/nxp/mcuxpressoide_10.0.0_344/ide/tools/bin/../lib/gcc/arm-none-eabi/5.4.1/armv6-m\libgcc.a(divdf3.o)
                0x000090bc                __aeabi_ddiv
 .text          0x000096e8      0x4f4 c:/nxp/mcuxpressoide_10.0.0_344/ide/tools/bin/../lib/gcc/arm-none-eabi/5.4.1/armv6-m\libgcc.a(muldf3.o)
                0x000096e8                __aeabi_dmul
 .text          0x00009bdc       0x6c c:/nxp/mcuxpressoide_10.0.0_344/ide/tools/bin/../lib/gcc/arm-none-eabi/5.4.1/armv6-m\libgcc.a(fixdfsi.o)
                0x00009bdc                __aeabi_d2iz
 .text          0x00009c48       0x70 c:/nxp/mcuxpressoide_10.0.0_344/ide/tools/bin/../lib/gcc/arm-none-eabi/5.4.1/armv6-m\libgcc.a(floatunsidf.o)
                0x00009c48                __aeabi_ui2d
 .text          0x00009cb8       0x3c c:/nxp/mcuxpressoide_10.0.0_344/ide/tools/bin/../lib/gcc/arm-none-eabi/5.4.1/armv6-m\libgcc.a(_clzsi2.o)
                0x00009cb8                __clzsi2
 .text.atoi     0x00009cf4        0xc c:/nxp/mcuxpressoide_10.0.0_344/ide/tools/bin/../lib/gcc/arm-none-eabi/5.4.1/../../../../arm-none-eabi/lib/armv6-m\libc.a(lib_a-atoi.o)
                0x00009cf4                atoi
 .text.__itoa   0x00009d00       0x30 c:/nxp/mcuxpressoide_10.0.0_344/ide/tools/bin/../lib/gcc/arm-none-eabi/5.4.1/../../../../arm-none-eabi/lib/armv6-m\libc.a(lib_a-itoa.o)
                0x00009d00                __itoa
 .text.itoa     0x00009d30        0x8 c:/nxp/mcuxpressoide_10.0.0_344/ide/tools/bin/../lib/gcc/arm-none-eabi/5.4.1/../../../../arm-none-eabi/lib/armv6-m\libc.a(lib_a-itoa.o)
                0x00009d30                itoa
 .text.memcpy   0x00009d38       0x7c c:/nxp/mcuxpressoide_10.0.0_344/ide/tools/bin/../lib/gcc/arm-none-eabi/5.4.1/../../../../arm-none-eabi/lib/armv6-m\libc.a(lib_a-memcpy-stub.o)
                0x00009d38                memcpy
 .text.memset   0x00009db4       0x8c c:/nxp/mcuxpressoide_10.0.0_344/ide/tools/bin/../lib/gcc/arm-none-eabi/5.4.1/../../../../arm-none-eabi/lib/armv6-m\libc.a(lib_a-memset.o)
                0x00009db4                memset
 .text.printf   0x00009e40       0x24 c:/nxp/mcuxpressoide_10.0.0_344/ide/tools/bin/../lib/gcc/arm-none-eabi/5.4.1/../../../../arm-none-eabi/lib/armv6-m\libc.a(lib_a-printf.o)
                0x00009e40                printf
 .text          0x00009e64       0x88 c:/nxp/mcuxpressoide_10.0.0_344/ide/tools/bin/../lib/gcc/arm-none-eabi/5.4.1/../../../../arm-none-eabi/lib/armv6-m\libc.a(lib_a-strcmp.o)
                0x00009e64                strcmp
 .text.strcpy   0x00009eec       0x10 c:/nxp/mcuxpressoide_10.0.0_344/ide/tools/bin/../lib/gcc/arm-none-eabi/5.4.1/../../../../arm-none-eabi/lib/armv6-m\libc.a(lib_a-strcpy.o)
                0x00009eec                strcpy
 .text.strlen   0x00009efc       0x68 c:/nxp/mcuxpressoide_10.0.0_344/ide/tools/bin/../lib/gcc/arm-none-eabi/5.4.1/../../../../arm-none-eabi/lib/armv6-m\libc.a(lib_a-strlen-stub.o)
                0x00009efc                strlen
 .text._strtol_l.isra.0
                0x00009f64      0x14c c:/nxp/mcuxpressoide_10.0.0_344/ide/tools/bin/../lib/gcc/arm-none-eabi/5.4.1/../../../../arm-none-eabi/lib/armv6-m\libc.a(lib_a-strtol.o)
 .text.strtol   0x0000a0b0       0x2c c:/nxp/mcuxpressoide_10.0.0_344/ide/tools/bin/../lib/gcc/arm-none-eabi/5.4.1/../../../../arm-none-eabi/lib/armv6-m\libc.a(lib_a-strtol.o)
                0x0000a0b0                strtol
 .text.__utoa   0x0000a0dc       0x8c c:/nxp/mcuxpressoide_10.0.0_344/ide/tools/bin/../lib/gcc/arm-none-eabi/5.4.1/../../../../arm-none-eabi/lib/armv6-m\libc.a(lib_a-utoa.o)
                0x0000a0dc                __utoa
 .text._vfprintf_r
                0x0000a168     0x1828 c:/nxp/mcuxpressoide_10.0.0_344/ide/tools/bin/../lib/gcc/arm-none-eabi/5.4.1/../../../../arm-none-eabi/lib/armv6-m\libc.a(lib_a-vfprintf.o)
                0x0000a168                _vfprintf_r
 .text.__sbprintf
                0x0000b990       0x74 c:/nxp/mcuxpressoide_10.0.0_344/ide/tools/bin/../lib/gcc/arm-none-eabi/5.4.1/../../../../arm-none-eabi/lib/armv6-m\libc.a(lib_a-vfprintf.o)
 .text.__swsetup_r
                0x0000ba04       0xd4 c:/nxp/mcuxpressoide_10.0.0_344/ide/tools/bin/../lib/gcc/arm-none-eabi/5.4.1/../../../../arm-none-eabi/lib/armv6-m\libc.a(lib_a-wsetup.o)
                0x0000ba04                __swsetup_r
 .text.quorem   0x0000bad8      0x150 c:/nxp/mcuxpressoide_10.0.0_344/ide/tools/bin/../lib/gcc/arm-none-eabi/5.4.1/../../../../arm-none-eabi/lib/armv6-m\libc.a(lib_a-dtoa.o)
 .text._dtoa_r  0x0000bc28      0xf54 c:/nxp/mcuxpressoide_10.0.0_344/ide/tools/bin/../lib/gcc/arm-none-eabi/5.4.1/../../../../arm-none-eabi/lib/armv6-m\libc.a(lib_a-dtoa.o)
                0x0000bc28                _dtoa_r
 .text.__sflush_r
                0x0000cb7c      0x150 c:/nxp/mcuxpressoide_10.0.0_344/ide/tools/bin/../lib/gcc/arm-none-eabi/5.4.1/../../../../arm-none-eabi/lib/armv6-m\libc.a(lib_a-fflush.o)
                0x0000cb7c                __sflush_r
 .text._fflush_r
                0x0000cccc       0x2c c:/nxp/mcuxpressoide_10.0.0_344/ide/tools/bin/../lib/gcc/arm-none-eabi/5.4.1/../../../../arm-none-eabi/lib/armv6-m\libc.a(lib_a-fflush.o)
                0x0000cccc                _fflush_r
 .text._cleanup_r
                0x0000ccf8       0x10 c:/nxp/mcuxpressoide_10.0.0_344/ide/tools/bin/../lib/gcc/arm-none-eabi/5.4.1/../../../../arm-none-eabi/lib/armv6-m\libc.a(lib_a-findfp.o)
                0x0000ccf8                _cleanup_r
 .text.__sinit.part.1
                0x0000cd08       0xf0 c:/nxp/mcuxpressoide_10.0.0_344/ide/tools/bin/../lib/gcc/arm-none-eabi/5.4.1/../../../../arm-none-eabi/lib/armv6-m\libc.a(lib_a-findfp.o)
 .text.__sinit  0x0000cdf8       0x10 c:/nxp/mcuxpressoide_10.0.0_344/ide/tools/bin/../lib/gcc/arm-none-eabi/5.4.1/../../../../arm-none-eabi/lib/armv6-m\libc.a(lib_a-findfp.o)
                0x0000cdf8                __sinit
 .text.__sfp_lock_acquire
                0x0000ce08        0x4 c:/nxp/mcuxpressoide_10.0.0_344/ide/tools/bin/../lib/gcc/arm-none-eabi/5.4.1/../../../../arm-none-eabi/lib/armv6-m\libc.a(lib_a-findfp.o)
                0x0000ce08                __sfp_lock_acquire
 .text.__sfp_lock_release
                0x0000ce0c        0x4 c:/nxp/mcuxpressoide_10.0.0_344/ide/tools/bin/../lib/gcc/arm-none-eabi/5.4.1/../../../../arm-none-eabi/lib/armv6-m\libc.a(lib_a-findfp.o)
                0x0000ce0c                __sfp_lock_release
 .text._malloc_trim_r
                0x0000ce10       0xa0 c:/nxp/mcuxpressoide_10.0.0_344/ide/tools/bin/../lib/gcc/arm-none-eabi/5.4.1/../../../../arm-none-eabi/lib/armv6-m\libc.a(lib_a-freer.o)
                0x0000ce10                _malloc_trim_r
 .text._free_r  0x0000ceb0      0x1c4 c:/nxp/mcuxpressoide_10.0.0_344/ide/tools/bin/../lib/gcc/arm-none-eabi/5.4.1/../../../../arm-none-eabi/lib/armv6-m\libc.a(lib_a-freer.o)
                0x0000ceb0                _free_r
 .text._fwalk_reent
                0x0000d074       0x4c c:/nxp/mcuxpressoide_10.0.0_344/ide/tools/bin/../lib/gcc/arm-none-eabi/5.4.1/../../../../arm-none-eabi/lib/armv6-m\libc.a(lib_a-fwalk.o)
                0x0000d074                _fwalk_reent
 .text.__locale_mb_cur_max
                0x0000d0c0       0x20 c:/nxp/mcuxpressoide_10.0.0_344/ide/tools/bin/../lib/gcc/arm-none-eabi/5.4.1/../../../../arm-none-eabi/lib/armv6-m\libc.a(lib_a-locale.o)
                0x0000d0c0                __locale_mb_cur_max
 .text.__locale_ctype_ptr_l
                0x0000d0e0        0x8 c:/nxp/mcuxpressoide_10.0.0_344/ide/tools/bin/../lib/gcc/arm-none-eabi/5.4.1/../../../../arm-none-eabi/lib/armv6-m\libc.a(lib_a-locale.o)
                0x0000d0e0                __locale_ctype_ptr_l
 .text._localeconv_r
                0x0000d0e8       0x1c c:/nxp/mcuxpressoide_10.0.0_344/ide/tools/bin/../lib/gcc/arm-none-eabi/5.4.1/../../../../arm-none-eabi/lib/armv6-m\libc.a(lib_a-localeconv.o)
                0x0000d0e8                _localeconv_r
 .text.__swhatbuf_r
                0x0000d104       0x60 c:/nxp/mcuxpressoide_10.0.0_344/ide/tools/bin/../lib/gcc/arm-none-eabi/5.4.1/../../../../arm-none-eabi/lib/armv6-m\libc.a(lib_a-makebuf.o)
                0x0000d104                __swhatbuf_r
 .text.__smakebuf_r
                0x0000d164       0x88 c:/nxp/mcuxpressoide_10.0.0_344/ide/tools/bin/../lib/gcc/arm-none-eabi/5.4.1/../../../../arm-none-eabi/lib/armv6-m\libc.a(lib_a-makebuf.o)
                0x0000d164                __smakebuf_r
 .text._malloc_r
                0x0000d1ec      0x554 c:/nxp/mcuxpressoide_10.0.0_344/ide/tools/bin/../lib/gcc/arm-none-eabi/5.4.1/../../../../arm-none-eabi/lib/armv6-m\libc.a(lib_a-mallocr.o)
                0x0000d1ec                _malloc_r
 .text.__ascii_mbtowc
                0x0000d740       0x2c c:/nxp/mcuxpressoide_10.0.0_344/ide/tools/bin/../lib/gcc/arm-none-eabi/5.4.1/../../../../arm-none-eabi/lib/armv6-m\libc.a(lib_a-mbtowc_r.o)
                0x0000d740                __ascii_mbtowc
 .text.memchr   0x0000d76c       0x90 c:/nxp/mcuxpressoide_10.0.0_344/ide/tools/bin/../lib/gcc/arm-none-eabi/5.4.1/../../../../arm-none-eabi/lib/armv6-m\libc.a(lib_a-memchr-stub.o)
                0x0000d76c                memchr
 .text.__malloc_lock
                0x0000d7fc        0x4 c:/nxp/mcuxpressoide_10.0.0_344/ide/tools/bin/../lib/gcc/arm-none-eabi/5.4.1/../../../../arm-none-eabi/lib/armv6-m\libc.a(lib_a-mlock.o)
                0x0000d7fc                __malloc_lock
 .text.__malloc_unlock
                0x0000d800        0x4 c:/nxp/mcuxpressoide_10.0.0_344/ide/tools/bin/../lib/gcc/arm-none-eabi/5.4.1/../../../../arm-none-eabi/lib/armv6-m\libc.a(lib_a-mlock.o)
                0x0000d800                __malloc_unlock
 .text._Balloc  0x0000d804       0x50 c:/nxp/mcuxpressoide_10.0.0_344/ide/tools/bin/../lib/gcc/arm-none-eabi/5.4.1/../../../../arm-none-eabi/lib/armv6-m\libc.a(lib_a-mprec.o)
                0x0000d804                _Balloc
 .text._Bfree   0x0000d854       0x14 c:/nxp/mcuxpressoide_10.0.0_344/ide/tools/bin/../lib/gcc/arm-none-eabi/5.4.1/../../../../arm-none-eabi/lib/armv6-m\libc.a(lib_a-mprec.o)
                0x0000d854                _Bfree
 .text.__multadd
                0x0000d868       0x8c c:/nxp/mcuxpressoide_10.0.0_344/ide/tools/bin/../lib/gcc/arm-none-eabi/5.4.1/../../../../arm-none-eabi/lib/armv6-m\libc.a(lib_a-mprec.o)
                0x0000d868                __multadd
 .text.__hi0bits
                0x0000d8f4       0x3c c:/nxp/mcuxpressoide_10.0.0_344/ide/tools/bin/../lib/gcc/arm-none-eabi/5.4.1/../../../../arm-none-eabi/lib/armv6-m\libc.a(lib_a-mprec.o)
                0x0000d8f4                __hi0bits
 .text.__lo0bits
                0x0000d930       0x5c c:/nxp/mcuxpressoide_10.0.0_344/ide/tools/bin/../lib/gcc/arm-none-eabi/5.4.1/../../../../arm-none-eabi/lib/armv6-m\libc.a(lib_a-mprec.o)
                0x0000d930                __lo0bits
 .text.__i2b    0x0000d98c       0x14 c:/nxp/mcuxpressoide_10.0.0_344/ide/tools/bin/../lib/gcc/arm-none-eabi/5.4.1/../../../../arm-none-eabi/lib/armv6-m\libc.a(lib_a-mprec.o)
                0x0000d98c                __i2b
 .text.__multiply
                0x0000d9a0      0x15c c:/nxp/mcuxpressoide_10.0.0_344/ide/tools/bin/../lib/gcc/arm-none-eabi/5.4.1/../../../../arm-none-eabi/lib/armv6-m\libc.a(lib_a-mprec.o)
                0x0000d9a0                __multiply
 .text.__pow5mult
                0x0000dafc       0xbc c:/nxp/mcuxpressoide_10.0.0_344/ide/tools/bin/../lib/gcc/arm-none-eabi/5.4.1/../../../../arm-none-eabi/lib/armv6-m\libc.a(lib_a-mprec.o)
                0x0000dafc                __pow5mult
 .text.__lshift
                0x0000dbb8       0xc0 c:/nxp/mcuxpressoide_10.0.0_344/ide/tools/bin/../lib/gcc/arm-none-eabi/5.4.1/../../../../arm-none-eabi/lib/armv6-m\libc.a(lib_a-mprec.o)
                0x0000dbb8                __lshift
 .text.__mcmp   0x0000dc78       0x3c c:/nxp/mcuxpressoide_10.0.0_344/ide/tools/bin/../lib/gcc/arm-none-eabi/5.4.1/../../../../arm-none-eabi/lib/armv6-m\libc.a(lib_a-mprec.o)
                0x0000dc78                __mcmp
 .text.__mdiff  0x0000dcb4      0x11c c:/nxp/mcuxpressoide_10.0.0_344/ide/tools/bin/../lib/gcc/arm-none-eabi/5.4.1/../../../../arm-none-eabi/lib/armv6-m\libc.a(lib_a-mprec.o)
                0x0000dcb4                __mdiff
 .text.__d2b    0x0000ddd0       0xbc c:/nxp/mcuxpressoide_10.0.0_344/ide/tools/bin/../lib/gcc/arm-none-eabi/5.4.1/../../../../arm-none-eabi/lib/armv6-m\libc.a(lib_a-mprec.o)
                0x0000ddd0                __d2b
 .text._sbrk_r  0x0000de8c       0x24 c:/nxp/mcuxpressoide_10.0.0_344/ide/tools/bin/../lib/gcc/arm-none-eabi/5.4.1/../../../../arm-none-eabi/lib/armv6-m\libc.a(lib_a-sbrkr.o)
                0x0000de8c                _sbrk_r
 .text.__sread  0x0000deb0       0x28 c:/nxp/mcuxpressoide_10.0.0_344/ide/tools/bin/../lib/gcc/arm-none-eabi/5.4.1/../../../../arm-none-eabi/lib/armv6-m\libc.a(lib_a-stdio.o)
                0x0000deb0                __sread
 .text.__swrite
                0x0000ded8       0x3c c:/nxp/mcuxpressoide_10.0.0_344/ide/tools/bin/../lib/gcc/arm-none-eabi/5.4.1/../../../../arm-none-eabi/lib/armv6-m\libc.a(lib_a-stdio.o)
                0x0000ded8                __swrite
 .text.__sseek  0x0000df14       0x2c c:/nxp/mcuxpressoide_10.0.0_344/ide/tools/bin/../lib/gcc/arm-none-eabi/5.4.1/../../../../arm-none-eabi/lib/armv6-m\libc.a(lib_a-stdio.o)
                0x0000df14                __sseek
 .text.__sclose
                0x0000df40        0xc c:/nxp/mcuxpressoide_10.0.0_344/ide/tools/bin/../lib/gcc/arm-none-eabi/5.4.1/../../../../arm-none-eabi/lib/armv6-m\libc.a(lib_a-stdio.o)
                0x0000df40                __sclose
 .text.__sprint_r.part.0
                0x0000df4c       0x78 c:/nxp/mcuxpressoide_10.0.0_344/ide/tools/bin/../lib/gcc/arm-none-eabi/5.4.1/../../../../arm-none-eabi/lib/armv6-m\libc.a(lib_a-vfiprintf.o)
 .text.__sprint_r
                0x0000dfc4       0x14 c:/nxp/mcuxpressoide_10.0.0_344/ide/tools/bin/../lib/gcc/arm-none-eabi/5.4.1/../../../../arm-none-eabi/lib/armv6-m\libc.a(lib_a-vfiprintf.o)
                0x0000dfc4                __sprint_r
 .text.__ascii_wctomb
                0x0000dfd8       0x1c c:/nxp/mcuxpressoide_10.0.0_344/ide/tools/bin/../lib/gcc/arm-none-eabi/5.4.1/../../../../arm-none-eabi/lib/armv6-m\libc.a(lib_a-wctomb_r.o)
                0x0000dfd8                __ascii_wctomb
 .text._write_r
                0x0000dff4       0x28 c:/nxp/mcuxpressoide_10.0.0_344/ide/tools/bin/../lib/gcc/arm-none-eabi/5.4.1/../../../../arm-none-eabi/lib/armv6-m\libc.a(lib_a-writer.o)
                0x0000dff4                _write_r
 .text._calloc_r
                0x0000e01c       0x60 c:/nxp/mcuxpressoide_10.0.0_344/ide/tools/bin/../lib/gcc/arm-none-eabi/5.4.1/../../../../arm-none-eabi/lib/armv6-m\libc.a(lib_a-callocr.o)
                0x0000e01c                _calloc_r
 .text._close_r
                0x0000e07c       0x24 c:/nxp/mcuxpressoide_10.0.0_344/ide/tools/bin/../lib/gcc/arm-none-eabi/5.4.1/../../../../arm-none-eabi/lib/armv6-m\libc.a(lib_a-closer.o)
                0x0000e07c                _close_r
 .text._fclose_r
                0x0000e0a0       0x8c c:/nxp/mcuxpressoide_10.0.0_344/ide/tools/bin/../lib/gcc/arm-none-eabi/5.4.1/../../../../arm-none-eabi/lib/armv6-m\libc.a(lib_a-fclose.o)
                0x0000e0a0                _fclose_r
 .text.__fputwc
                0x0000e12c       0x98 c:/nxp/mcuxpressoide_10.0.0_344/ide/tools/bin/../lib/gcc/arm-none-eabi/5.4.1/../../../../arm-none-eabi/lib/armv6-m\libc.a(lib_a-fputwc.o)
                0x0000e12c                __fputwc
 .text._fputwc_r
                0x0000e1c4       0x20 c:/nxp/mcuxpressoide_10.0.0_344/ide/tools/bin/../lib/gcc/arm-none-eabi/5.4.1/../../../../arm-none-eabi/lib/armv6-m\libc.a(lib_a-fputwc.o)
                0x0000e1c4                _fputwc_r
 .text._fstat_r
                0x0000e1e4       0x28 c:/nxp/mcuxpressoide_10.0.0_344/ide/tools/bin/../lib/gcc/arm-none-eabi/5.4.1/../../../../arm-none-eabi/lib/armv6-m\libc.a(lib_a-fstatr.o)
                0x0000e1e4                _fstat_r
 .text.__sfvwrite_r
                0x0000e20c      0x31c c:/nxp/mcuxpressoide_10.0.0_344/ide/tools/bin/../lib/gcc/arm-none-eabi/5.4.1/../../../../arm-none-eabi/lib/armv6-m\libc.a(lib_a-fvwrite.o)
                0x0000e20c                __sfvwrite_r
 .text._isatty_r
                0x0000e528       0x24 c:/nxp/mcuxpressoide_10.0.0_344/ide/tools/bin/../lib/gcc/arm-none-eabi/5.4.1/../../../../arm-none-eabi/lib/armv6-m\libc.a(lib_a-isattyr.o)
                0x0000e528                _isatty_r
 .text._lseek_r
                0x0000e54c       0x28 c:/nxp/mcuxpressoide_10.0.0_344/ide/tools/bin/../lib/gcc/arm-none-eabi/5.4.1/../../../../arm-none-eabi/lib/armv6-m\libc.a(lib_a-lseekr.o)
                0x0000e54c                _lseek_r
 .text.memmove  0x0000e574       0x98 c:/nxp/mcuxpressoide_10.0.0_344/ide/tools/bin/../lib/gcc/arm-none-eabi/5.4.1/../../../../arm-none-eabi/lib/armv6-m\libc.a(lib_a-memmove.o)
                0x0000e574                memmove
 .text._read_r  0x0000e60c       0x28 c:/nxp/mcuxpressoide_10.0.0_344/ide/tools/bin/../lib/gcc/arm-none-eabi/5.4.1/../../../../arm-none-eabi/lib/armv6-m\libc.a(lib_a-readr.o)
                0x0000e60c                _read_r
 .text._realloc_r
                0x0000e634      0x3dc c:/nxp/mcuxpressoide_10.0.0_344/ide/tools/bin/../lib/gcc/arm-none-eabi/5.4.1/../../../../arm-none-eabi/lib/armv6-m\libc.a(lib_a-reallocr.o)
                0x0000e634                _realloc_r
 .text.__swbuf_r
                0x0000ea10       0xb8 c:/nxp/mcuxpressoide_10.0.0_344/ide/tools/bin/../lib/gcc/arm-none-eabi/5.4.1/../../../../arm-none-eabi/lib/armv6-m\libc.a(lib_a-wbuf.o)
                0x0000ea10                __swbuf_r
 .text._wcrtomb_r
                0x0000eac8       0x54 c:/nxp/mcuxpressoide_10.0.0_344/ide/tools/bin/../lib/gcc/arm-none-eabi/5.4.1/../../../../arm-none-eabi/lib/armv6-m\libc.a(lib_a-wcrtomb.o)
                0x0000eac8                _wcrtomb_r
 .text          0x0000eb1c       0x7c c:/nxp/mcuxpressoide_10.0.0_344/ide/tools/bin/../lib/gcc/arm-none-eabi/5.4.1/armv6-m\libgcc.a(_arm_cmpdf2.o)
                0x0000eb1c                __aeabi_cdrcmple
                0x0000eb2c                __aeabi_cdcmple
                0x0000eb2c                __aeabi_cdcmpeq
                0x0000eb3c                __aeabi_dcmpeq
                0x0000eb48                __aeabi_dcmplt
                0x0000eb5c                __aeabi_dcmple
                0x0000eb70                __aeabi_dcmpgt
                0x0000eb84                __aeabi_dcmpge
 .text          0x0000eb98       0x40 c:/nxp/mcuxpressoide_10.0.0_344/ide/tools/bin/../lib/gcc/arm-none-eabi/5.4.1/armv6-m\libgcc.a(_aeabi_uldivmod.o)
                0x0000eb98                __aeabi_uldivmod
 .text          0x0000ebd8      0x180 c:/nxp/mcuxpressoide_10.0.0_344/ide/tools/bin/../lib/gcc/arm-none-eabi/5.4.1/armv6-m\libgcc.a(_udivmoddi4.o)
                0x0000ebd8                __udivmoddi4
 .text          0x0000ed58      0x658 c:/nxp/mcuxpressoide_10.0.0_344/ide/tools/bin/../lib/gcc/arm-none-eabi/5.4.1/armv6-m\libgcc.a(adddf3.o)
                0x0000ed58                __aeabi_dadd
 .text          0x0000f3b0       0x80 c:/nxp/mcuxpressoide_10.0.0_344/ide/tools/bin/../lib/gcc/arm-none-eabi/5.4.1/armv6-m\libgcc.a(eqdf2.o)
                0x0000f3b0                __nedf2
                0x0000f3b0                __eqdf2
 .text          0x0000f430       0xc8 c:/nxp/mcuxpressoide_10.0.0_344/ide/tools/bin/../lib/gcc/arm-none-eabi/5.4.1/armv6-m\libgcc.a(gedf2.o)
                0x0000f430                __gedf2
                0x0000f430                __gtdf2
 .text          0x0000f4f8       0xd4 c:/nxp/mcuxpressoide_10.0.0_344/ide/tools/bin/../lib/gcc/arm-none-eabi/5.4.1/armv6-m\libgcc.a(ledf2.o)
                0x0000f4f8                __ledf2
                0x0000f4f8                __ltdf2
 .text          0x0000f5cc      0x6a8 c:/nxp/mcuxpressoide_10.0.0_344/ide/tools/bin/../lib/gcc/arm-none-eabi/5.4.1/armv6-m\libgcc.a(subdf3.o)
                0x0000f5cc                __aeabi_dsub
 .text          0x0000fc74       0x40 c:/nxp/mcuxpressoide_10.0.0_344/ide/tools/bin/../lib/gcc/arm-none-eabi/5.4.1/armv6-m\libgcc.a(unorddf2.o)
                0x0000fc74                __aeabi_dcmpun
 .text          0x0000fcb4       0x84 c:/nxp/mcuxpressoide_10.0.0_344/ide/tools/bin/../lib/gcc/arm-none-eabi/5.4.1/armv6-m\libgcc.a(floatsidf.o)
                0x0000fcb4                __aeabi_i2d
 .text          0x0000fd38       0x18 c:/nxp/mcuxpressoide_10.0.0_344/ide/tools/bin/../lib/gcc/arm-none-eabi/5.4.1/armv6-m\libgcc.a(_clzdi2.o)
                0x0000fd38                __clzdi2
 .text._sbrk    0x0000fd50       0x40 c:/nxp/mcuxpressoide_10.0.0_344/ide/tools/bin/../lib/gcc/arm-none-eabi/5.4.1/../../../../arm-none-eabi/lib/armv6-m\libcr_newlib_semihost.a(_cr_sbrk.o)
                0x0000fd50                _sbrk
 .text.error    0x0000fd90       0x1c c:/nxp/mcuxpressoide_10.0.0_344/ide/tools/bin/../lib/gcc/arm-none-eabi/5.4.1/../../../../arm-none-eabi/lib/armv6-m\libcr_newlib_semihost.a(syscalls.o)
 .text.initialise_monitor_handles.part.0
                0x0000fdac       0x9c c:/nxp/mcuxpressoide_10.0.0_344/ide/tools/bin/../lib/gcc/arm-none-eabi/5.4.1/../../../../arm-none-eabi/lib/armv6-m\libcr_newlib_semihost.a(syscalls.o)
 .text.findslot
                0x0000fe48       0x30 c:/nxp/mcuxpressoide_10.0.0_344/ide/tools/bin/../lib/gcc/arm-none-eabi/5.4.1/../../../../arm-none-eabi/lib/armv6-m\libcr_newlib_semihost.a(syscalls.o)
 .text.checkerror
                0x0000fe78       0x20 c:/nxp/mcuxpressoide_10.0.0_344/ide/tools/bin/../lib/gcc/arm-none-eabi/5.4.1/../../../../arm-none-eabi/lib/armv6-m\libcr_newlib_semihost.a(syscalls.o)
 .text._swiread
                0x0000fe98       0x20 c:/nxp/mcuxpressoide_10.0.0_344/ide/tools/bin/../lib/gcc/arm-none-eabi/5.4.1/../../../../arm-none-eabi/lib/armv6-m\libcr_newlib_semihost.a(syscalls.o)
                0x0000fe98                _swiread
 .text._read    0x0000feb8       0x36 c:/nxp/mcuxpressoide_10.0.0_344/ide/tools/bin/../lib/gcc/arm-none-eabi/5.4.1/../../../../arm-none-eabi/lib/armv6-m\libcr_newlib_semihost.a(syscalls.o)
                0x0000feb8                _read
 .text._swilseek
                0x0000feee       0x76 c:/nxp/mcuxpressoide_10.0.0_344/ide/tools/bin/../lib/gcc/arm-none-eabi/5.4.1/../../../../arm-none-eabi/lib/armv6-m\libcr_newlib_semihost.a(syscalls.o)
                0x0000feee                _swilseek
 .text._lseek   0x0000ff64        0x8 c:/nxp/mcuxpressoide_10.0.0_344/ide/tools/bin/../lib/gcc/arm-none-eabi/5.4.1/../../../../arm-none-eabi/lib/armv6-m\libcr_newlib_semihost.a(syscalls.o)
                0x0000ff64                _lseek
 .text._swiwrite
                0x0000ff6c       0x20 c:/nxp/mcuxpressoide_10.0.0_344/ide/tools/bin/../lib/gcc/arm-none-eabi/5.4.1/../../../../arm-none-eabi/lib/armv6-m\libcr_newlib_semihost.a(syscalls.o)
                0x0000ff6c                _swiwrite
 .text._write   0x0000ff8c       0x40 c:/nxp/mcuxpressoide_10.0.0_344/ide/tools/bin/../lib/gcc/arm-none-eabi/5.4.1/../../../../arm-none-eabi/lib/armv6-m\libcr_newlib_semihost.a(syscalls.o)
                0x0000ff8c                _write
 .text._swiclose
                0x0000ffcc       0x18 c:/nxp/mcuxpressoide_10.0.0_344/ide/tools/bin/../lib/gcc/arm-none-eabi/5.4.1/../../../../arm-none-eabi/lib/armv6-m\libcr_newlib_semihost.a(syscalls.o)
                0x0000ffcc                _swiclose
 .text._close   0x0000ffe4       0x4c c:/nxp/mcuxpressoide_10.0.0_344/ide/tools/bin/../lib/gcc/arm-none-eabi/5.4.1/../../../../arm-none-eabi/lib/armv6-m\libcr_newlib_semihost.a(syscalls.o)
                0x0000ffe4                _close
 .text._swistat
                0x00010030       0x46 c:/nxp/mcuxpressoide_10.0.0_344/ide/tools/bin/../lib/gcc/arm-none-eabi/5.4.1/../../../../arm-none-eabi/lib/armv6-m\libcr_newlib_semihost.a(syscalls.o)
                0x00010030                _swistat
 .text._fstat   0x00010076       0x1a c:/nxp/mcuxpressoide_10.0.0_344/ide/tools/bin/../lib/gcc/arm-none-eabi/5.4.1/../../../../arm-none-eabi/lib/armv6-m\libcr_newlib_semihost.a(syscalls.o)
                0x00010076                _fstat
 .text._isatty  0x00010090       0x28 c:/nxp/mcuxpressoide_10.0.0_344/ide/tools/bin/../lib/gcc/arm-none-eabi/5.4.1/../../../../arm-none-eabi/lib/armv6-m\libcr_newlib_semihost.a(syscalls.o)
                0x00010090                _isatty
 .text.__check_heap_overflow
                0x000100b8       0x14 c:/nxp/mcuxpressoide_10.0.0_344/ide/tools/bin/../lib/gcc/arm-none-eabi/5.4.1/../../../../arm-none-eabi/lib/armv6-m\libcr_newlib_semihost.a(_cr_check_heap.o)
                0x000100b8                __check_heap_overflow
 .text.__errno  0x000100cc        0xc c:/nxp/mcuxpressoide_10.0.0_344/ide/tools/bin/../lib/gcc/arm-none-eabi/5.4.1/../../../../arm-none-eabi/lib/armv6-m\libc.a(lib_a-errno.o)
                0x000100cc                __errno
 *(.rodata .rodata.* .constdata .constdata.*)
 .rodata        0x000100d8       0x2e ./source/SmartTorqueFW.o
 *fill*         0x00010106        0x2 ff
 .rodata        0x00010108      0x174 ./source/_Bluetooth.o
 .rodata        0x0001027c        0x4 ./source/_Display.o
 .rodata.Display_Number
                0x00010280       0x28 ./source/_Display.o
 .rodata        0x000102a8       0x73 ./source/_HMI.o
 *fill*         0x0001031b        0x1 ff
 .rodata        0x0001031c       0x40 ./source/_Sys_Control.o
 .rodata.ConfigurationBuilder
                0x0001035c       0x2c ./source/_Sys_Control.o
 .rodata        0x00010388       0x18 ./freertos/tasks.o
                0x00010390                FreeRTOSDebugConfig
 .rodata        0x000103a0        0xd ./freertos/timers.o
 *fill*         0x000103ad        0x3 ff
 .rodata.prvProcessReceivedCommands
                0x000103b0       0x28 ./freertos/timers.o
 .rodata.CLOCK_GetFreq
                0x000103d8       0x50 ./drivers/fsl_clock.o
 .rodata.lircFreqs.5239
                0x00010428        0x8 ./drivers/fsl_clock.o
 .rodata.s_dmaIRQNumber
                0x00010430        0x4 ./drivers/fsl_dma.o
 .rodata.s_portBases
                0x00010434       0x14 ./drivers/fsl_gpio.o
 .rodata.s_gpioBases
                0x00010448       0x14 ./drivers/fsl_gpio.o
 .rodata.s_i2cDividerTable
                0x0001045c       0x80 ./drivers/fsl_i2c.o
 .rodata.s_i2cBases
                0x000104dc        0x8 ./drivers/fsl_i2c.o
 .rodata.s_i2cIrqs
                0x000104e4        0x2 ./drivers/fsl_i2c.o
 *fill*         0x000104e6        0x2 ff
 .rodata.s_i2cClocks
                0x000104e8        0x8 ./drivers/fsl_i2c.o
 .rodata.s_tpmBases
                0x000104f0        0xc ./drivers/fsl_tpm.o
 .rodata.s_tpmClocks
                0x000104fc        0xc ./drivers/fsl_tpm.o
 .rodata.s_uartBases
                0x00010508        0xc ./drivers/fsl_uart.o
 .rodata.s_uartIRQ
                0x00010514        0x3 ./drivers/fsl_uart.o
 *fill*         0x00010517        0x1 ff
 .rodata.s_uartClock
                0x00010518        0xc ./drivers/fsl_uart.o
 .rodata.mcgliteConfig_BOARD_BootClockRUN
                0x00010524        0x6 ./board/clock_config.o
                0x00010524                mcgliteConfig_BOARD_BootClockRUN
 *fill*         0x0001052a        0x2 ff
 .rodata.simConfig_BOARD_BootClockRUN
                0x0001052c        0x8 ./board/clock_config.o
                0x0001052c                simConfig_BOARD_BootClockRUN
 .rodata.oscConfig_BOARD_BootClockRUN
                0x00010534        0x8 ./board/clock_config.o
                0x00010534                oscConfig_BOARD_BootClockRUN
 .rodata.config
                0x0001053c        0x1 ./board/clock_config.o
                0x0001053c                config
 *fill*         0x0001053d        0x3 ff
 .rodata        0x00010540       0x40 c:/nxp/mcuxpressoide_10.0.0_344/ide/tools/bin/../lib/gcc/arm-none-eabi/5.4.1/armv6-m\libgcc.a(divdf3.o)
 .rodata        0x00010580       0x40 c:/nxp/mcuxpressoide_10.0.0_344/ide/tools/bin/../lib/gcc/arm-none-eabi/5.4.1/armv6-m\libgcc.a(muldf3.o)
 .rodata.str1.4
                0x000105c0       0x25 c:/nxp/mcuxpressoide_10.0.0_344/ide/tools/bin/../lib/gcc/arm-none-eabi/5.4.1/../../../../arm-none-eabi/lib/armv6-m\libc.a(lib_a-utoa.o)
 *fill*         0x000105e5        0x3 ff
 .rodata._vfprintf_r
                0x000105e8      0x164 c:/nxp/mcuxpressoide_10.0.0_344/ide/tools/bin/../lib/gcc/arm-none-eabi/5.4.1/../../../../arm-none-eabi/lib/armv6-m\libc.a(lib_a-vfprintf.o)
 .rodata.zeroes.7271
                0x0001074c       0x10 c:/nxp/mcuxpressoide_10.0.0_344/ide/tools/bin/../lib/gcc/arm-none-eabi/5.4.1/../../../../arm-none-eabi/lib/armv6-m\libc.a(lib_a-vfprintf.o)
 .rodata.str1.4
                0x0001075c       0x42 c:/nxp/mcuxpressoide_10.0.0_344/ide/tools/bin/../lib/gcc/arm-none-eabi/5.4.1/../../../../arm-none-eabi/lib/armv6-m\libc.a(lib_a-vfprintf.o)
 *fill*         0x0001079e        0x2 ff
 .rodata.blanks.7270
                0x000107a0       0x10 c:/nxp/mcuxpressoide_10.0.0_344/ide/tools/bin/../lib/gcc/arm-none-eabi/5.4.1/../../../../arm-none-eabi/lib/armv6-m\libc.a(lib_a-vfprintf.o)
 .rodata.str1.4
                0x000107b0       0x10 c:/nxp/mcuxpressoide_10.0.0_344/ide/tools/bin/../lib/gcc/arm-none-eabi/5.4.1/../../../../arm-none-eabi/lib/armv6-m\libc.a(lib_a-dtoa.o)
                                 0x12 (size before relaxing)
 .rodata.str1.4
                0x000107c0       0x10 c:/nxp/mcuxpressoide_10.0.0_344/ide/tools/bin/../lib/gcc/arm-none-eabi/5.4.1/../../../../arm-none-eabi/lib/armv6-m\libc.a(lib_a-locale.o)
                                 0x12 (size before relaxing)
 .rodata.__mprec_tens
                0x000107d0       0xc8 c:/nxp/mcuxpressoide_10.0.0_344/ide/tools/bin/../lib/gcc/arm-none-eabi/5.4.1/../../../../arm-none-eabi/lib/armv6-m\libc.a(lib_a-mprec.o)
                0x000107d0                __mprec_tens
 .rodata.p05.6085
                0x00010898        0xc c:/nxp/mcuxpressoide_10.0.0_344/ide/tools/bin/../lib/gcc/arm-none-eabi/5.4.1/../../../../arm-none-eabi/lib/armv6-m\libc.a(lib_a-mprec.o)
 *fill*         0x000108a4        0x4 ff
 .rodata.__mprec_bigtens
                0x000108a8       0x28 c:/nxp/mcuxpressoide_10.0.0_344/ide/tools/bin/../lib/gcc/arm-none-eabi/5.4.1/../../../../arm-none-eabi/lib/armv6-m\libc.a(lib_a-mprec.o)
                0x000108a8                __mprec_bigtens
 .rodata._ctype_
                0x000108d0      0x101 c:/nxp/mcuxpressoide_10.0.0_344/ide/tools/bin/../lib/gcc/arm-none-eabi/5.4.1/../../../../arm-none-eabi/lib/armv6-m\libc.a(lib_a-ctype_.o)
                0x000108d0                _ctype_
 .rodata.str1.1
                0x000109d1        0x4 c:/nxp/mcuxpressoide_10.0.0_344/ide/tools/bin/../lib/gcc/arm-none-eabi/5.4.1/../../../../arm-none-eabi/lib/armv6-m\libcr_newlib_semihost.a(syscalls.o)
                0x000109d8                . = ALIGN (0x4)
 *fill*         0x000109d5        0x3 ff

.glue_7         0x000109d8        0x0
 .glue_7        0x000109d8        0x0 linker stubs

.glue_7t        0x000109d8        0x0
 .glue_7t       0x000109d8        0x0 linker stubs

.vfp11_veneer   0x000109d8        0x0
 .vfp11_veneer  0x000109d8        0x0 linker stubs

.v4_bx          0x000109d8        0x0
 .v4_bx         0x000109d8        0x0 linker stubs

.init           0x000109d8        0x4
 .init          0x000109d8        0x4 c:/nxp/mcuxpressoide_10.0.0_344/ide/tools/bin/../lib/gcc/arm-none-eabi/5.4.1/armv6-m/crti.o
                0x000109d8                _init

.fini           0x000109dc        0x4
 .fini          0x000109dc        0x4 c:/nxp/mcuxpressoide_10.0.0_344/ide/tools/bin/../lib/gcc/arm-none-eabi/5.4.1/armv6-m/crti.o
                0x000109dc                _fini

.iplt           0x000109e0        0x0
 .iplt          0x000109e0        0x0 c:/nxp/mcuxpressoide_10.0.0_344/ide/tools/bin/../lib/gcc/arm-none-eabi/5.4.1/armv6-m/crtbegin.o

.ARM.extab
 *(.ARM.extab* .gnu.linkonce.armextab.*)
                0x000109e0                __exidx_start = .

.ARM.exidx      0x000109e0        0x8
 *(.ARM.exidx* .gnu.linkonce.armexidx.*)
 .ARM.exidx     0x000109e0        0x8 c:/nxp/mcuxpressoide_10.0.0_344/ide/tools/bin/../lib/gcc/arm-none-eabi/5.4.1/armv6-m\libgcc.a(_udivmoddi4.o)
                0x000109e8                __exidx_end = .
                0x000109e8                _etext = .

.rel.dyn        0x000109e8        0x0
 .rel.iplt      0x000109e8        0x0 c:/nxp/mcuxpressoide_10.0.0_344/ide/tools/bin/../lib/gcc/arm-none-eabi/5.4.1/armv6-m/crtbegin.o

.m_usb_data
 *(m_usb_bdt)

.mtb_buffer_default
                0x1fffe000       0x80
 *(.mtb*)
 .mtb.$RAM1     0x1fffe000       0x80 ./board/mtb.o
                0x1fffe000                __mtb_buffer__

.uninit_RESERVED
                0x1fffe080        0x0
 *(.bss.$RESERVED*)
                0x1fffe080                . = ALIGN (0x4)
                0x1fffe080                _end_uninit_RESERVED = .

.data           0x1fffe080      0x9d8 load address 0x000109e8
 FILL mask 0xff
                0x1fffe080                _data = .
 *(vtable)
 *(.ramfunc*)
 *(.data*)
 .data.DeviceId
                0x1fffe080        0x4 ./source/_Bluetooth.o
                0x1fffe080                DeviceId
 .data.uart_config
                0x1fffe084       0x18 ./source/_Bluetooth.o
                0x1fffe084                uart_config
 .data.Terminator
                0x1fffe09c        0x6 ./source/_Sys_Control.o
                0x1fffe09c                Terminator
 *fill*         0x1fffe0a2        0x2 ff
 .data.uxCriticalNesting
                0x1fffe0a4        0x4 ./freertos/port.o
 .data.SystemCoreClock
                0x1fffe0a8        0x4 ./CMSIS/system_MKL43Z4.o
                0x1fffe0a8                SystemCoreClock
 *fill*         0x1fffe0ac        0x4 ff
 .data.impure_data
                0x1fffe0b0      0x428 c:/nxp/mcuxpressoide_10.0.0_344/ide/tools/bin/../lib/gcc/arm-none-eabi/5.4.1/../../../../arm-none-eabi/lib/armv6-m\libc.a(lib_a-impure.o)
 .data._impure_ptr
                0x1fffe4d8        0x4 c:/nxp/mcuxpressoide_10.0.0_344/ide/tools/bin/../lib/gcc/arm-none-eabi/5.4.1/../../../../arm-none-eabi/lib/armv6-m\libc.a(lib_a-impure.o)
                0x1fffe4d8                _impure_ptr
 .data.__global_locale
                0x1fffe4dc      0x16c c:/nxp/mcuxpressoide_10.0.0_344/ide/tools/bin/../lib/gcc/arm-none-eabi/5.4.1/../../../../arm-none-eabi/lib/armv6-m\libc.a(lib_a-locale.o)
                0x1fffe4dc                __global_locale
 .data.__malloc_av_
                0x1fffe648      0x408 c:/nxp/mcuxpressoide_10.0.0_344/ide/tools/bin/../lib/gcc/arm-none-eabi/5.4.1/../../../../arm-none-eabi/lib/armv6-m\libc.a(lib_a-mallocr.o)
                0x1fffe648                __malloc_av_
 .data.__malloc_trim_threshold
                0x1fffea50        0x4 c:/nxp/mcuxpressoide_10.0.0_344/ide/tools/bin/../lib/gcc/arm-none-eabi/5.4.1/../../../../arm-none-eabi/lib/armv6-m\libc.a(lib_a-mallocr.o)
                0x1fffea50                __malloc_trim_threshold
 .data.__malloc_sbrk_base
                0x1fffea54        0x4 c:/nxp/mcuxpressoide_10.0.0_344/ide/tools/bin/../lib/gcc/arm-none-eabi/5.4.1/../../../../arm-none-eabi/lib/armv6-m\libc.a(lib_a-mallocr.o)
                0x1fffea54                __malloc_sbrk_base
                0x1fffea58                . = ALIGN (0x4)
                0x1fffea58                _edata = .

.igot.plt       0x1fffea58        0x0 load address 0x000113c0
 .igot.plt      0x1fffea58        0x0 c:/nxp/mcuxpressoide_10.0.0_344/ide/tools/bin/../lib/gcc/arm-none-eabi/5.4.1/armv6-m/crtbegin.o

.bss            0x1fffea58     0x414c load address 0x000113c0
                0x1fffea58                _bss = .
 *(.bss*)
 .bss.ulCount.10411
                0x1fffea58        0x4 ./source/SmartTorqueFW.o
 .bss.adc16ChanConfig
                0x1fffea5c        0x8 ./source/_ADCSense.o
                0x1fffea5c                adc16ChanConfig
 .bss.adc16Config
                0x1fffea64        0x9 ./source/_ADCSense.o
                0x1fffea64                adc16Config
 *fill*         0x1fffea6d        0x3 
 .bss.DMA_handle
                0x1fffea70       0x10 ./source/_ADCSense.o
                0x1fffea70                DMA_handle
 .bss.DMA_transfer
                0x1fffea80       0x10 ./source/_ADCSense.o
                0x1fffea80                DMA_transfer
 .bss.gBatterySense
                0x1fffea90       0x20 ./source/_ADCSense.o
                0x1fffea90                gBatterySense
 .bss.temp      0x1fffeab0        0x4 ./source/_ADCSense.o
                0x1fffeab0                temp
 .bss.ADC16_Array
                0x1fffeab4       0x80 ./source/_ADCSense.o
                0x1fffeab4                ADC16_Array
 .bss.TorqueVoltage
                0x1fffeb34        0x4 ./source/_ADCSense.o
                0x1fffeb34                TorqueVoltage
 .bss.BatteryVoltage
                0x1fffeb38        0x4 ./source/_ADCSense.o
                0x1fffeb38                BatteryVoltage
 .bss.channelswap.7098
                0x1fffeb3c        0x2 ./source/_ADCSense.o
 *fill*         0x1fffeb3e        0x2 
 .bss.bglib_temp_msg
                0x1fffeb40       0x1c ./source/_Bluetooth.o
                0x1fffeb40                bglib_temp_msg
 .bss.bglib_output
                0x1fffeb5c        0x4 ./source/_Bluetooth.o
                0x1fffeb5c                bglib_output
 .bss.msg_Head  0x1fffeb60        0x4 ./source/_Bluetooth.o
                0x1fffeb60                msg_Head
 .bss.btBuffer  0x1fffeb64       0x40 ./source/_Bluetooth.o
                0x1fffeb64                btBuffer
 .bss.respBuffer
                0x1fffeba4       0x40 ./source/_Bluetooth.o
                0x1fffeba4                respBuffer
 .bss.pck       0x1fffebe4        0x4 ./source/_Bluetooth.o
                0x1fffebe4                pck
 .bss.Bluetooth_rx
                0x1fffebe8       0x40 ./source/_Bluetooth.o
                0x1fffebe8                Bluetooth_rx
 .bss.Bluetooth_len
                0x1fffec28        0x1 ./source/_Bluetooth.o
                0x1fffec28                Bluetooth_len
 .bss.message_recieved
                0x1fffec29        0x1 ./source/_Bluetooth.o
                0x1fffec29                message_recieved
 *fill*         0x1fffec2a        0x2 
 .bss.my_address
                0x1fffec2c        0x6 ./source/_Bluetooth.o
                0x1fffec2c                my_address
 *fill*         0x1fffec32        0x2 
 .bss.connected_address
                0x1fffec34        0x6 ./source/_Bluetooth.o
                0x1fffec34                connected_address
 *fill*         0x1fffec3a        0x2 
 .bss.uart_handle
                0x1fffec3c       0x28 ./source/_Bluetooth.o
                0x1fffec3c                uart_handle
 .bss.t_uart_handle
                0x1fffec64       0x30 ./source/_Bluetooth.o
                0x1fffec64                t_uart_handle
 .bss.endpoint  0x1fffec94        0x1 ./source/_Bluetooth.o
                0x1fffec94                endpoint
 .bss.BTConnected
                0x1fffec95        0x1 ./source/_Bluetooth.o
                0x1fffec95                BTConnected
 .bss.rxIndex   0x1fffec96        0x1 ./source/_Bluetooth.o
                0x1fffec96                rxIndex
 .bss.serviceLocation
                0x1fffec97        0x1 ./source/_Bluetooth.o
                0x1fffec97                serviceLocation
 .bss.g_m_handle
                0x1fffec98       0x28 ./source/_FRAM.o
                0x1fffec98                g_m_handle
 .bss.completionFlag
                0x1fffecc0        0x1 ./source/_FRAM.o
                0x1fffecc0                completionFlag
 .bss.nakFlag   0x1fffecc1        0x1 ./source/_FRAM.o
                0x1fffecc1                nakFlag
 *fill*         0x1fffecc2        0x2 
 .bss._FRAM     0x1fffecc4       0x38 ./source/_FRAM.o
                0x1fffecc4                _FRAM
 .bss.UP_FLAG   0x1fffecfc        0x1 ./source/_HMI.o
                0x1fffecfc                UP_FLAG
 .bss.DOWN_FLAG
                0x1fffecfd        0x1 ./source/_HMI.o
                0x1fffecfd                DOWN_FLAG
 .bss.CLEAR_FLAG
                0x1fffecfe        0x1 ./source/_HMI.o
                0x1fffecfe                CLEAR_FLAG
 .bss.MODE_FLAG
                0x1fffecff        0x1 ./source/_HMI.o
                0x1fffecff                MODE_FLAG
 .bss.POWER_FLAG
                0x1fffed00        0x1 ./source/_HMI.o
                0x1fffed00                POWER_FLAG
 *fill*         0x1fffed01        0x3 
 .bss.realTime  0x1fffed04        0x8 ./source/_RTC.o
                0x1fffed04                realTime
 .bss.mainConfig
                0x1fffed0c       0x14 ./source/_Sys_Control.o
                0x1fffed0c                mainConfig
 .bss.builderConfig
                0x1fffed20       0x14 ./source/_Sys_Control.o
                0x1fffed20                builderConfig
 .bss.save      0x1fffed34        0x1 ./source/_Sys_Control.o
                0x1fffed34                save
 .bss.underConstruction
                0x1fffed35        0x1 ./source/_Sys_Control.o
                0x1fffed35                underConstruction
 .bss.resume    0x1fffed36        0x1 ./source/_Sys_Control.o
                0x1fffed36                resume
 .bss.DOWN      0x1fffed37        0x1 ./source/_Sys_Control.o
                0x1fffed37                DOWN
 .bss.UP        0x1fffed38        0x1 ./source/_Sys_Control.o
                0x1fffed38                UP
 .bss.Torquing  0x1fffed39        0x1 ./source/_Sys_Control.o
                0x1fffed39                Torquing
 *fill*         0x1fffed3a        0x2 
 .bss.xBuildHandle
                0x1fffed3c        0x4 ./source/_Sys_Control.o
                0x1fffed3c                xBuildHandle
 .bss.strTorque
                0x1fffed40        0xd ./source/_Sys_Control.o
                0x1fffed40                strTorque
 *fill*         0x1fffed4d        0x1 
 .bss.count     0x1fffed4e        0x2 ./source/_Timer.o
                0x1fffed4e                count
 .bss.pwm_param
                0x1fffed50        0x3 ./source/_Timer.o
                0x1fffed50                pwm_param
 *fill*         0x1fffed53        0x1 
 .bss.ucHeap    0x1fffed54     0x3c00 ./freertos/heap_4.o
 .bss.xStart    0x20002954        0x8 ./freertos/heap_4.o
 .bss.pxEnd     0x2000295c        0x4 ./freertos/heap_4.o
 .bss.xFreeBytesRemaining
                0x20002960        0x4 ./freertos/heap_4.o
 .bss.xMinimumEverFreeBytesRemaining
                0x20002964        0x4 ./freertos/heap_4.o
 .bss.xBlockAllocatedBit
                0x20002968        0x4 ./freertos/heap_4.o
 .bss.xQueueRegistry
                0x2000296c       0x40 ./freertos/queue.o
                0x2000296c                xQueueRegistry
 .bss.pxCurrentTCB
                0x200029ac        0x4 ./freertos/tasks.o
                0x200029ac                pxCurrentTCB
 .bss.pxReadyTasksLists
                0x200029b0       0x64 ./freertos/tasks.o
 .bss.xDelayedTaskList1
                0x20002a14       0x14 ./freertos/tasks.o
 .bss.xDelayedTaskList2
                0x20002a28       0x14 ./freertos/tasks.o
 .bss.pxDelayedTaskList
                0x20002a3c        0x4 ./freertos/tasks.o
 .bss.pxOverflowDelayedTaskList
                0x20002a40        0x4 ./freertos/tasks.o
 .bss.xPendingReadyList
                0x20002a44       0x14 ./freertos/tasks.o
 .bss.xTasksWaitingTermination
                0x20002a58       0x14 ./freertos/tasks.o
 .bss.uxDeletedTasksWaitingCleanUp
                0x20002a6c        0x4 ./freertos/tasks.o
 .bss.xSuspendedTaskList
                0x20002a70       0x14 ./freertos/tasks.o
 .bss.uxCurrentNumberOfTasks
                0x20002a84        0x4 ./freertos/tasks.o
 .bss.xTickCount
                0x20002a88        0x4 ./freertos/tasks.o
 .bss.uxTopReadyPriority
                0x20002a8c        0x4 ./freertos/tasks.o
 .bss.xSchedulerRunning
                0x20002a90        0x4 ./freertos/tasks.o
 .bss.uxPendedTicks
                0x20002a94        0x4 ./freertos/tasks.o
 .bss.xYieldPending
                0x20002a98        0x4 ./freertos/tasks.o
 .bss.xNumOfOverflows
                0x20002a9c        0x4 ./freertos/tasks.o
 .bss.uxTaskNumber
                0x20002aa0        0x4 ./freertos/tasks.o
 .bss.xNextTaskUnblockTime
                0x20002aa4        0x4 ./freertos/tasks.o
 .bss.xIdleTaskHandle
                0x20002aa8        0x4 ./freertos/tasks.o
 .bss.uxSchedulerSuspended
                0x20002aac        0x4 ./freertos/tasks.o
 .bss.xActiveTimerList1
                0x20002ab0       0x14 ./freertos/timers.o
 .bss.xActiveTimerList2
                0x20002ac4       0x14 ./freertos/timers.o
 .bss.pxCurrentTimerList
                0x20002ad8        0x4 ./freertos/timers.o
 .bss.pxOverflowTimerList
                0x20002adc        0x4 ./freertos/timers.o
 .bss.xTimerQueue
                0x20002ae0        0x4 ./freertos/timers.o
 .bss.xTimerTaskHandle
                0x20002ae4        0x4 ./freertos/timers.o
 .bss.xLastTime.4949
                0x20002ae8        0x4 ./freertos/timers.o
 .bss.g_xtal0Freq
                0x20002aec        0x4 ./drivers/fsl_clock.o
                0x20002aec                g_xtal0Freq
 .bss.g_xtal32Freq
                0x20002af0        0x4 ./drivers/fsl_clock.o
                0x20002af0                g_xtal32Freq
 .bss.s_DMAHandle
                0x20002af4       0x10 ./drivers/fsl_dma.o
 .bss.s_i2cHandle
                0x20002b04        0x8 ./drivers/fsl_i2c.o
 .bss.s_i2cMasterIsr
                0x20002b0c        0x4 ./drivers/fsl_i2c.o
 .bss.s_i2cSlaveIsr
                0x20002b10        0x4 ./drivers/fsl_i2c.o
 .bss.s_lpuartHandle
                0x20002b14        0x8 ./drivers/fsl_lpuart.o
 .bss.s_lpuartIsr
                0x20002b1c        0x4 ./drivers/fsl_lpuart.o
 .bss.s_uartHandle
                0x20002b20        0xc ./drivers/fsl_uart.o
 .bss.s_uartIsr
                0x20002b2c        0x4 ./drivers/fsl_uart.o
 .bss.__malloc_max_total_mem
                0x20002b30        0x4 c:/nxp/mcuxpressoide_10.0.0_344/ide/tools/bin/../lib/gcc/arm-none-eabi/5.4.1/../../../../arm-none-eabi/lib/armv6-m\libc.a(lib_a-mallocr.o)
                0x20002b30                __malloc_max_total_mem
 .bss.__malloc_max_sbrked_mem
                0x20002b34        0x4 c:/nxp/mcuxpressoide_10.0.0_344/ide/tools/bin/../lib/gcc/arm-none-eabi/5.4.1/../../../../arm-none-eabi/lib/armv6-m\libc.a(lib_a-mallocr.o)
                0x20002b34                __malloc_max_sbrked_mem
 .bss.__malloc_top_pad
                0x20002b38        0x4 c:/nxp/mcuxpressoide_10.0.0_344/ide/tools/bin/../lib/gcc/arm-none-eabi/5.4.1/../../../../arm-none-eabi/lib/armv6-m\libc.a(lib_a-mallocr.o)
                0x20002b38                __malloc_top_pad
 .bss.__malloc_current_mallinfo
                0x20002b3c       0x28 c:/nxp/mcuxpressoide_10.0.0_344/ide/tools/bin/../lib/gcc/arm-none-eabi/5.4.1/../../../../arm-none-eabi/lib/armv6-m\libc.a(lib_a-mallocr.o)
                0x20002b3c                __malloc_current_mallinfo
 .bss.__end_of_heap
                0x20002b64        0x4 c:/nxp/mcuxpressoide_10.0.0_344/ide/tools/bin/../lib/gcc/arm-none-eabi/5.4.1/../../../../arm-none-eabi/lib/armv6-m\libcr_newlib_semihost.a(_cr_sbrk.o)
                0x20002b64                __end_of_heap
 .bss.monitor_stdout
                0x20002b68        0x4 c:/nxp/mcuxpressoide_10.0.0_344/ide/tools/bin/../lib/gcc/arm-none-eabi/5.4.1/../../../../arm-none-eabi/lib/armv6-m\libcr_newlib_semihost.a(syscalls.o)
 .bss.initialized.5636
                0x20002b6c        0x4 c:/nxp/mcuxpressoide_10.0.0_344/ide/tools/bin/../lib/gcc/arm-none-eabi/5.4.1/../../../../arm-none-eabi/lib/armv6-m\libcr_newlib_semihost.a(syscalls.o)
 .bss.monitor_stdin
                0x20002b70        0x4 c:/nxp/mcuxpressoide_10.0.0_344/ide/tools/bin/../lib/gcc/arm-none-eabi/5.4.1/../../../../arm-none-eabi/lib/armv6-m\libcr_newlib_semihost.a(syscalls.o)
 .bss.monitor_stderr
                0x20002b74        0x4 c:/nxp/mcuxpressoide_10.0.0_344/ide/tools/bin/../lib/gcc/arm-none-eabi/5.4.1/../../../../arm-none-eabi/lib/armv6-m\libcr_newlib_semihost.a(syscalls.o)
 .bss.openfiles
                0x20002b78       0x28 c:/nxp/mcuxpressoide_10.0.0_344/ide/tools/bin/../lib/gcc/arm-none-eabi/5.4.1/../../../../arm-none-eabi/lib/armv6-m\libcr_newlib_semihost.a(syscalls.o)
 *(COMMON)
 COMMON         0x20002ba0        0x4 c:/nxp/mcuxpressoide_10.0.0_344/ide/tools/bin/../lib/gcc/arm-none-eabi/5.4.1/../../../../arm-none-eabi/lib/armv6-m\libc.a(lib_a-reent.o)
                0x20002ba0                errno
                0x20002ba4                . = ALIGN (0x4)
                0x20002ba4                _ebss = .
                [!provide]                PROVIDE (end, .)

.noinit         0x20002ba4        0x0 load address 0x000113c0
                0x20002ba4                _noinit = .
 *(.noinit*)
                0x20002ba4                . = ALIGN (0x4)
                0x20002ba4                _end_noinit = .

.heap           0x20002ba4      0x800 load address 0x000113c0
                0x20002ba4                _pvHeapStart = .
                0x200033a4                . = (. + 0x800)
 *fill*         0x20002ba4      0x800 
                0x200033a4                . = ALIGN (0x4)
                0x200033a4                _pvHeapLimit = .

.heap2stackfill
                0x200033a4      0x800 load address 0x000113c0
                0x20003ba4                . = (. + 0x800)
 *fill*         0x200033a4      0x800 

.stack          0x20005800        0x0
                0x20005800                _vStackBase = .
                0x20005800                . = ALIGN (0x4)