Archive member included to satisfy reference by file (symbol)

c:/nxp/mcuxpressoide_10.0.0_344/ide/tools/bin/../lib/gcc/arm-none-eabi/5.4.1/armv6-m\libgcc.a(_udivsi3.o)
                              ./utilities/fsl_debug_console.o (__aeabi_uidiv)
c:/nxp/mcuxpressoide_10.0.0_344/ide/tools/bin/../lib/gcc/arm-none-eabi/5.4.1/armv6-m\libgcc.a(_divsi3.o)
                              ./utilities/fsl_debug_console.o (__aeabi_idiv)
c:/nxp/mcuxpressoide_10.0.0_344/ide/tools/bin/../lib/gcc/arm-none-eabi/5.4.1/armv6-m\libgcc.a(_dvmd_tls.o)
                              c:/nxp/mcuxpressoide_10.0.0_344/ide/tools/bin/../lib/gcc/arm-none-eabi/5.4.1/armv6-m\libgcc.a(_udivsi3.o) (__aeabi_idiv0)
c:/nxp/mcuxpressoide_10.0.0_344/ide/tools/bin/../lib/gcc/arm-none-eabi/5.4.1/armv6-m\libgcc.a(divdf3.o)
                              ./source/_ADCSense.o (__aeabi_ddiv)
c:/nxp/mcuxpressoide_10.0.0_344/ide/tools/bin/../lib/gcc/arm-none-eabi/5.4.1/armv6-m\libgcc.a(muldf3.o)
                              ./source/_ADCSense.o (__aeabi_dmul)
c:/nxp/mcuxpressoide_10.0.0_344/ide/tools/bin/../lib/gcc/arm-none-eabi/5.4.1/armv6-m\libgcc.a(fixdfsi.o)
                              ./source/_ADCSense.o (__aeabi_d2iz)
c:/nxp/mcuxpressoide_10.0.0_344/ide/tools/bin/../lib/gcc/arm-none-eabi/5.4.1/armv6-m\libgcc.a(floatunsidf.o)
                              ./source/_ADCSense.o (__aeabi_ui2d)
c:/nxp/mcuxpressoide_10.0.0_344/ide/tools/bin/../lib/gcc/arm-none-eabi/5.4.1/armv6-m\libgcc.a(_clzsi2.o)
                              c:/nxp/mcuxpressoide_10.0.0_344/ide/tools/bin/../lib/gcc/arm-none-eabi/5.4.1/armv6-m\libgcc.a(divdf3.o) (__clzsi2)
c:/nxp/mcuxpressoide_10.0.0_344/ide/tools/bin/../lib/gcc/arm-none-eabi/5.4.1/../../../../arm-none-eabi/lib/armv6-m\libc.a(lib_a-atoi.o)
                              ./source/_Sys_Control.o (atoi)
c:/nxp/mcuxpressoide_10.0.0_344/ide/tools/bin/../lib/gcc/arm-none-eabi/5.4.1/../../../../arm-none-eabi/lib/armv6-m\libc.a(lib_a-exit.o)
                              c:/nxp/mcuxpressoide_10.0.0_344/ide/tools/bin/../lib/gcc/arm-none-eabi/5.4.1/../../../../arm-none-eabi/lib/armv6-m/crt0.o (exit)
c:/nxp/mcuxpressoide_10.0.0_344/ide/tools/bin/../lib/gcc/arm-none-eabi/5.4.1/../../../../arm-none-eabi/lib/armv6-m\libc.a(lib_a-impure.o)
                              c:/nxp/mcuxpressoide_10.0.0_344/ide/tools/bin/../lib/gcc/arm-none-eabi/5.4.1/../../../../arm-none-eabi/lib/armv6-m\libc.a(lib_a-exit.o) (_global_impure_ptr)
c:/nxp/mcuxpressoide_10.0.0_344/ide/tools/bin/../lib/gcc/arm-none-eabi/5.4.1/../../../../arm-none-eabi/lib/armv6-m\libc.a(lib_a-init.o)
                              c:/nxp/mcuxpressoide_10.0.0_344/ide/tools/bin/../lib/gcc/arm-none-eabi/5.4.1/../../../../arm-none-eabi/lib/armv6-m/crt0.o (__libc_init_array)
c:/nxp/mcuxpressoide_10.0.0_344/ide/tools/bin/../lib/gcc/arm-none-eabi/5.4.1/../../../../arm-none-eabi/lib/armv6-m\libc.a(lib_a-memcpy-stub.o)
                              ./source/_Bluetooth.o (memcpy)
c:/nxp/mcuxpressoide_10.0.0_344/ide/tools/bin/../lib/gcc/arm-none-eabi/5.4.1/../../../../arm-none-eabi/lib/armv6-m\libc.a(lib_a-memset.o)
                              c:/nxp/mcuxpressoide_10.0.0_344/ide/tools/bin/../lib/gcc/arm-none-eabi/5.4.1/../../../../arm-none-eabi/lib/armv6-m/crt0.o (memset)
c:/nxp/mcuxpressoide_10.0.0_344/ide/tools/bin/../lib/gcc/arm-none-eabi/5.4.1/../../../../arm-none-eabi/lib/armv6-m\libc.a(lib_a-strcmp.o)
                              ./source/_Sys_Control.o (strcmp)
c:/nxp/mcuxpressoide_10.0.0_344/ide/tools/bin/../lib/gcc/arm-none-eabi/5.4.1/../../../../arm-none-eabi/lib/armv6-m\libc.a(lib_a-strcpy.o)
                              ./source/_Sys_Control.o (strcpy)
c:/nxp/mcuxpressoide_10.0.0_344/ide/tools/bin/../lib/gcc/arm-none-eabi/5.4.1/../../../../arm-none-eabi/lib/armv6-m\libc.a(lib_a-strlen-stub.o)
                              ./utilities/fsl_debug_console.o (strlen)
c:/nxp/mcuxpressoide_10.0.0_344/ide/tools/bin/../lib/gcc/arm-none-eabi/5.4.1/../../../../arm-none-eabi/lib/armv6-m\libc.a(lib_a-strtol.o)
                              c:/nxp/mcuxpressoide_10.0.0_344/ide/tools/bin/../lib/gcc/arm-none-eabi/5.4.1/../../../../arm-none-eabi/lib/armv6-m\libc.a(lib_a-atoi.o) (_strtol_r)
c:/nxp/mcuxpressoide_10.0.0_344/ide/tools/bin/../lib/gcc/arm-none-eabi/5.4.1/../../../../arm-none-eabi/lib/armv6-m\libc.a(lib_a-__call_atexit.o)
                              c:/nxp/mcuxpressoide_10.0.0_344/ide/tools/bin/../lib/gcc/arm-none-eabi/5.4.1/../../../../arm-none-eabi/lib/armv6-m\libc.a(lib_a-exit.o) (__call_exitprocs)
c:/nxp/mcuxpressoide_10.0.0_344/ide/tools/bin/../lib/gcc/arm-none-eabi/5.4.1/../../../../arm-none-eabi/lib/armv6-m\libc.a(lib_a-atexit.o)
                              c:/nxp/mcuxpressoide_10.0.0_344/ide/tools/bin/../lib/gcc/arm-none-eabi/5.4.1/../../../../arm-none-eabi/lib/armv6-m\libc.a(lib_a-__call_atexit.o) (atexit)
c:/nxp/mcuxpressoide_10.0.0_344/ide/tools/bin/../lib/gcc/arm-none-eabi/5.4.1/../../../../arm-none-eabi/lib/armv6-m\libc.a(lib_a-fini.o)
[...]
Memory Configuration

Name             Origin             Length             Attributes
PROGRAM_FLASH    0x00000000         0x00040000         xr
SRAM             0x1fffe000         0x00008000         xrw
*default*        0x00000000         0xffffffff

Linker script and memory map

LOAD c:/nxp/mcuxpressoide_10.0.0_344/ide/tools/bin/../lib/gcc/arm-none-eabi/5.4.1/armv6-m/crti.o
LOAD c:/nxp/mcuxpressoide_10.0.0_344/ide/tools/bin/../lib/gcc/arm-none-eabi/5.4.1/armv6-m/crtbegin.o
LOAD c:/nxp/mcuxpressoide_10.0.0_344/ide/tools/bin/../lib/gcc/arm-none-eabi/5.4.1/../../../../arm-none-eabi/lib/armv6-m/crt0.o
LOAD ./utilities/fsl_debug_console.o
LOAD ./startup/startup_mkl43z4.o
LOAD ./source/SmartTorqueFW.o
LOAD ./source/_ADCSense.o
LOAD ./source/_Bluetooth.o
LOAD ./source/_Display.o
LOAD ./source/_FRAM.o
LOAD ./source/_HMI.o
LOAD ./source/_RTC.o
LOAD ./source/_Sys_Control.o
LOAD ./source/_Timer.o
LOAD ./freertos/croutine.o
LOAD ./freertos/event_groups.o
LOAD ./freertos/fsl_tickless_lptmr.o
LOAD ./freertos/fsl_tickless_systick.o
LOAD ./freertos/heap_4.o
LOAD ./freertos/list.o
LOAD ./freertos/port.o
LOAD ./freertos/queue.o
LOAD ./freertos/tasks.o
LOAD ./freertos/timers.o
LOAD ./drivers/fsl_adc16.o
LOAD ./drivers/fsl_clock.o
LOAD ./drivers/fsl_common.o
LOAD ./drivers/fsl_dma.o
LOAD ./drivers/fsl_dmamux.o
LOAD ./drivers/fsl_flash.o
LOAD ./drivers/fsl_gpio.o
LOAD ./drivers/fsl_i2c.o
LOAD ./drivers/fsl_i2c_freertos.o
LOAD ./drivers/fsl_lptmr.o
LOAD ./drivers/fsl_lpuart.o
LOAD ./drivers/fsl_lpuart_freertos.o
LOAD ./drivers/fsl_pmc.o
LOAD ./drivers/fsl_rtc.o
LOAD ./drivers/fsl_slcd.o
LOAD ./drivers/fsl_smc.o
LOAD ./drivers/fsl_tpm.o
LOAD ./drivers/fsl_uart.o
LOAD ./drivers/fsl_uart_freertos.o
LOAD ./board/board.o
LOAD ./board/clock_config.o
LOAD ./board/mtb.o
LOAD ./board/pin_mux.o
LOAD ./CMSIS/system_MKL43Z4.o
START GROUP
LOAD c:/nxp/mcuxpressoide_10.0.0_344/ide/tools/bin/../lib/gcc/arm-none-eabi/5.4.1/armv6-m\libgcc.a
LOAD c:/nxp/mcuxpressoide_10.0.0_344/ide/tools/bin/../lib/gcc/arm-none-eabi/5.4.1/../../../../arm-none-eabi/lib/armv6-m\libc.a
END GROUP
LOAD c:/nxp/mcuxpressoide_10.0.0_344/ide/tools/bin/../lib/gcc/arm-none-eabi/5.4.1/armv6-m/crtend.o
LOAD c:/nxp/mcuxpressoide_10.0.0_344/ide/tools/bin/../lib/gcc/arm-none-eabi/5.4.1/armv6-m/crtn.o
START GROUP
LOAD c:/nxp/mcuxpressoide_10.0.0_344/ide/tools/bin/../lib/gcc/arm-none-eabi/5.4.1/armv6-m\libgcc.a
LOAD c:/nxp/mcuxpressoide_10.0.0_344/ide/tools/bin/../lib/gcc/arm-none-eabi/5.4.1/../../../../arm-none-eabi/lib/armv6-m\libc.a
LOAD c:/nxp/mcuxpressoide_10.0.0_344/ide/tools/bin/../lib/gcc/arm-none-eabi/5.4.1/../../../../arm-none-eabi/lib/armv6-m\libm.a
LOAD c:/nxp/mcuxpressoide_10.0.0_344/ide/tools/bin/../lib/gcc/arm-none-eabi/5.4.1/../../../../arm-none-eabi/lib/armv6-m\libcr_newlib_none.a
END GROUP
                0x00000000                __base_PROGRAM_FLASH = 0x0
                0x00000000                __base_Flash = 0x0
                0x00040000                __top_PROGRAM_FLASH = 0x40000
                0x00040000                __top_Flash = 0x40000
                0x1fffe000                __base_SRAM = 0x1fffe000
                0x1fffe000                __base_RAM = 0x1fffe000
                0x20006000                __top_SRAM = 0x20006000
                0x20006000                __top_RAM = 0x20006000

.text           0x00000000     0xaa28
 FILL mask 0xff
                0x00000000                __vectors_start__ = ABSOLUTE (.)
 *(.isr_vector)
 .isr_vector    0x00000000       0xc0 ./startup/startup_mkl43z4.o
                0x00000000                g_pfnVectors
                0x00000000                __Vectors
                0x000000c0                . = ALIGN (0x4)
                0x000000c0                __section_table_start = .
                0x000000c0                __data_section_table = .
                0x000000c0        0x4 LONG 0xaa30 LOADADDR (.data)
                0x000000c4        0x4 LONG 0x1fffe080 ADDR (.data)
                0x000000c8        0x4 LONG 0x5c0 SIZEOF (.data)
                0x000000cc                __data_section_table_end = .
                0x000000cc                __bss_section_table = .
                0x000000cc        0x4 LONG 0x1fffe640 ADDR (.bss)
                0x000000d0        0x4 LONG 0x2cdc SIZEOF (.bss)
                0x000000d4                __bss_section_table_end = .
                0x000000d4                __section_table_end = .
 *(.after_vectors*)
 .after_vectors.init_data
                0x000000d4       0x40 ./startup/startup_mkl43z4.o
                0x000000d4                data_init
 .after_vectors.init_bss
                0x00000114       0x34 ./startup/startup_mkl43z4.o
                0x00000114                bss_init
 .after_vectors.reset
                0x00000148       0x84 ./startup/startup_mkl43z4.o
                0x00000148                ResetISR
 .after_vectors
                0x000001cc      0x230 ./startup/startup_mkl43z4.o
                0x000001cc                NMI_Handler
                0x000001d4                HardFault_Handler
                0x000001f4                Reserved42_DriverIRQHandler
                0x000001f4                PIT_DriverIRQHandler
                0x000001f4                SPI1_DriverIRQHandler
                0x000001f4                LPTMR0_DriverIRQHandler
                0x000001f4                PORTC_PORTD_DriverIRQHandler
                0x000001f4                PMC_DriverIRQHandler
                0x000001f4                Reserved43_DriverIRQHandler
                0x000001f4                CMP0_DriverIRQHandler
                0x000001f4                I2S0_DriverIRQHandler
                0x000001f4                ADC0_DriverIRQHandler
                0x000001f4                TPM2_DriverIRQHandler
                0x000001f4                SPI0_DriverIRQHandler
                0x000001f4                LCD_DriverIRQHandler
                0x000001f4                RTC_DriverIRQHandler
                0x000001f4                RTC_Seconds_DriverIRQHandler
                0x000001f4                LLWU_DriverIRQHandler
                0x000001f4                TPM1_DriverIRQHandler
                0x000001f4                PORTA_DriverIRQHandler
                0x000001f4                UART2_FLEXIO_DriverIRQHandler
                0x000001f4                FTFA_DriverIRQHandler
                0x000001f4                IntDefaultHandler
                0x000001f4                USB0_DriverIRQHandler
                0x000001f4                DAC0_DriverIRQHandler
                0x000001f4                TPM0_DriverIRQHandler
                0x000001f4                Reserved20_DriverIRQHandler
                0x0000020c                DMA1_IRQHandler
                0x0000021c                DMA2_IRQHandler
                0x0000022c                DMA3_IRQHandler
                0x0000023c                Reserved20_IRQHandler
                0x0000024c                FTFA_IRQHandler
                0x0000025c                PMC_IRQHandler
                0x0000026c                LLWU_IRQHandler
                0x0000027c                I2C0_IRQHandler
                0x0000028c                I2C1_IRQHandler
                0x0000029c                SPI0_IRQHandler
                0x000002ac                SPI1_IRQHandler
                0x000002bc                LPUART0_IRQHandler
                0x000002cc                LPUART1_IRQHandler
                0x000002ec                ADC0_IRQHandler
                0x000002fc                CMP0_IRQHandler
                0x0000030c                TPM0_IRQHandler
                0x0000032c                TPM2_IRQHandler
                0x0000033c                RTC_IRQHandler
                0x0000035c                PIT_IRQHandler
                0x0000036c                I2S0_IRQHandler
                0x0000037c                USB0_IRQHandler
                0x0000038c                DAC0_IRQHandler
                0x0000039c                Reserved42_IRQHandler
                0x000003ac                Reserved43_IRQHandler
                0x000003bc                LPTMR0_IRQHandler
                0x000003cc                LCD_IRQHandler
                0x00000400                . = 0x400
 *fill*         0x000003fc        0x4 ff
                0x00000400                PROVIDE (__FLASH_CONFIG_START__, .)
 *(.FlashConfig)
 .FlashConfig   0x00000400       0x10 ./startup/startup_mkl43z4.o
                0x00000400                Flash_Config
                0x00000410                PROVIDE (__FLASH_CONFIG_END__, .)
                0x00000001                ASSERT (! ((__FLASH_CONFIG_START__ == __FLASH_CONFIG_END__)), Linker Flash Config Support Enabled, but no .FlashConfig section provided within application)
 *(.text*)
 .text.DbgConsole_Printf
                0x00000410       0x44 ./utilities/fsl_debug_console.o
                0x00000410                DbgConsole_Printf
 .text.DbgConsole_Putchar
                0x00000454       0x34 ./utilities/fsl_debug_console.o
                0x00000454                DbgConsole_Putchar
 .text.DbgConsole_PrintfPaddingCharacter
                0x00000488       0x48 ./utilities/fsl_debug_console.o
 .text.DbgConsole_ConvertRadixNumToString
                0x000004d0      0x114 ./utilities/fsl_debug_console.o
 .text.DbgConsole_PrintfFormattedData
                0x000005e4      0x334 ./utilities/fsl_debug_console.o
 .text.main     0x00000918       0xa8 ./source/SmartTorqueFW.o
                0x00000918                main
 .text.vApplicationTickHook
                0x000009c0       0x2c ./source/SmartTorqueFW.o
                0x000009c0                vApplicationTickHook
 .text.vApplicationMallocFailedHook
                0x000009ec        0x8 ./source/SmartTorqueFW.o
                0x000009ec                vApplicationMallocFailedHook
 .text.vApplicationStackOverflowHook
                0x000009f4        0xc ./source/SmartTorqueFW.o
                0x000009f4                vApplicationStackOverflowHook
 .text.vApplicationIdleHook
                0x00000a00       0x18 ./source/SmartTorqueFW.o
                0x00000a00                vApplicationIdleHook
 .text.NVIC_EnableIRQ
                0x00000a18       0x2c ./source/_ADCSense.o
 .text.ADC16_EnableDMA
                0x00000a44       0x3c ./source/_ADCSense.o
 .text.ADC16_EnableHardwareTrigger
                0x00000a80       0x3c ./source/_ADCSense.o
 .text.DMA_EnableCycleSteal
                0x00000abc       0x4c ./source/_ADCSense.o
 .text.DMA_EnableAsyncRequest
                0x00000b08       0x4c ./source/_ADCSense.o
 .text.DMA_EnableInterrupts
                0x00000b54       0x38 ./source/_ADCSense.o
 .text.DMA_ClearChannelStatusFlags
                0x00000b8c       0x40 ./source/_ADCSense.o
 .text.DMA_StartTransfer
                0x00000bcc       0x44 ./source/_ADCSense.o
 .text.LPTMR_SetTimerPeriod
                0x00000c10       0x1c ./source/_ADCSense.o
 .text.LPTMR_StartTimer
                0x00000c2c       0x2c ./source/_ADCSense.o
 .text.LPTMR_StopTimer
                0x00000c58       0x2c ./source/_ADCSense.o
 .text.DMAMUX_EnableChannel
                0x00000c84       0x30 ./source/_ADCSense.o
 .text.DMAMUX_SetSource
                0x00000cb4       0x3c ./source/_ADCSense.o
 .text.ADC_INIT
                0x00000cf0       0xd4 ./source/_ADCSense.o
                0x00000cf0                ADC_INIT
 .text.BOARD_ConfigTrigger
                0x00000dc4       0x24 ./source/_ADCSense.o
                0x00000dc4                BOARD_ConfigTrigger
 .text.DMA_CONFIG
                0x00000de8       0xb0 ./source/_ADCSense.o
                0x00000de8                DMA_CONFIG
 .text.DMA0_IRQHandler
                0x00000e98       0xdc ./source/_ADCSense.o
                0x00000e98                DMA0_IRQHandler
 .text.getMeasurements
                0x00000f74      0x118 ./source/_ADCSense.o
                0x00000f74                getMeasurements
 .text.LPTMR_TRIG
                0x0000108c       0x30 ./source/_ADCSense.o
                0x0000108c                LPTMR_TRIG
 .text.vADC16Task
                0x000010bc       0x14 ./source/_ADCSense.o
                0x000010bc                vADC16Task
 .text.NVIC_EnableIRQ
                0x000010d0       0x2c ./source/_Bluetooth.o
 .text.NVIC_SetPriority
                0x000010fc       0xdc ./source/_Bluetooth.o
 .text.EnableIRQ
                0x000011d8       0x2c ./source/_Bluetooth.o
 .text.UART_WriteByte
                0x00001204       0x20 ./source/_Bluetooth.o
 .text.UART_ReadByte
                0x00001224       0x18 ./source/_Bluetooth.o
 .text.on_message_send
                0x0000123c       0xcc ./source/_Bluetooth.o
                0x0000123c                on_message_send
 .text.Bluetooth_INIT
                0x00001308       0x74 ./source/_Bluetooth.o
                0x00001308                Bluetooth_INIT
 .text.UART2_FLEXIO_IRQHandler
                0x0000137c       0x78 ./source/_Bluetooth.o
                0x0000137c                UART2_FLEXIO_IRQHandler
 .text.vBluetoothTask
                0x000013f4      0x61c ./source/_Bluetooth.o
                0x000013f4                vBluetoothTask
 .text.Bluetooth_Send
                0x00001a10       0x80 ./source/_Bluetooth.o
                0x00001a10                Bluetooth_Send
 .text.Bluetooth_Reset
                0x00001a90       0x30 ./source/_Bluetooth.o
                0x00001a90                Bluetooth_Reset
 .text.print_address
                0x00001ac0       0x54 ./source/_Bluetooth.o
                0x00001ac0                print_address
 .text.CLOCK_EnableClock
                0x00001b14       0x38 ./source/_Display.o
 .text.SLCD_StartDisplay
                0x00001b4c       0x1c ./source/_Display.o
 .text.SLCD_StopBlinkMode
                0x00001b68       0x20 ./source/_Display.o
 .text.SLCD_SetBackPlanePhase
                0x00001b88       0x28 ./source/_Display.o
 .text.SLCD_SetFrontPlaneSegments
                0x00001bb0       0x28 ./source/_Display.o
 .text.PORT_SetPinMux
                0x00001bd8       0x40 ./source/_Display.o
 .text.InitPins
                0x00001c18       0xdc ./source/_Display.o
                0x00001c18                InitPins
 .text.Display_Init
                0x00001cf4       0xcc ./source/_Display.o
                0x00001cf4                Display_Init
 .text.Display_Blink
                0x00001dc0       0x1c ./source/_Display.o
                0x00001dc0                Display_Blink
 .text.Display_Stop_Blink
                0x00001ddc       0x18 ./source/_Display.o
                0x00001ddc                Display_Stop_Blink
 .text.Set_Display
                0x00001df4       0xd4 ./source/_Display.o
                0x00001df4                Set_Display
 .text.Display_Number
                0x00001ec8      0x170 ./source/_Display.o
                0x00001ec8                Display_Number
 .text.CLOCK_EnableClock
                0x00002038       0x38 ./source/_FRAM.o
 .text.PORT_SetPinConfig
                0x00002070       0x28 ./source/_FRAM.o
 .text.GPIO_WritePinOutput
                0x00002098       0x34 ./source/_FRAM.o
 .text.i2c_master_callback
                0x000020cc       0x48 ./source/_FRAM.o
                0x000020cc                i2c_master_callback
 .text.FRAM_INIT
                0x00002114       0x84 ./source/_FRAM.o
                0x00002114                FRAM_INIT
 .text.i2c_release_bus_delay
                0x00002198       0x28 ./source/_FRAM.o
 .text.BOARD_I2C_ReleaseBus
                0x000021c0      0x178 ./source/_FRAM.o
                0x000021c0                BOARD_I2C_ReleaseBus
 .text.write    0x00002338       0xbc ./source/_FRAM.o
                0x00002338                write
 .text.read     0x000023f4       0xb8 ./source/_FRAM.o
                0x000023f4                read
 .text.NVIC_EnableIRQ
                0x000024ac       0x2c ./source/_HMI.o
 .text.EnableIRQ
                0x000024d8       0x2c ./source/_HMI.o
 .text.PORT_SetPinInterruptConfig
                0x00002504       0x40 ./source/_HMI.o
 .text.PORTA_IRQHandler
                0x00002544       0xa4 ./source/_HMI.o
                0x00002544                PORTA_IRQHandler
 .text.PORTC_PORTD_IRQHandler
                0x000025e8       0x74 ./source/_HMI.o
                0x000025e8                PORTC_PORTD_IRQHandler
 .text.HMI_INIT
                0x0000265c       0x68 ./source/_HMI.o
                0x0000265c                HMI_INIT
 .text.RTC_Seconds_IRQHandler
                0x000026c4       0x90 ./source/_RTC.o
                0x000026c4                RTC_Seconds_IRQHandler
 .text.GPIO_WritePinOutput
                0x00002754       0x34 ./source/_Sys_Control.o
 .text.GPIO_SetPinsOutput
                0x00002788       0x18 ./source/_Sys_Control.o
 .text.GPIO_ClearPinsOutput
                0x000027a0       0x18 ./source/_Sys_Control.o
 .text.Sys_Control_INIT
                0x000027b8       0xec ./source/_Sys_Control.o
                0x000027b8                Sys_Control_INIT
 .text.HandleButtons
                0x000028a4       0xa0 ./source/_Sys_Control.o
                0x000028a4                HandleButtons
 .text.UpdateDisplay
                0x00002944       0x1c ./source/_Sys_Control.o
                0x00002944                UpdateDisplay
 .text.vSystemControllerTask
                0x00002960      0x254 ./source/_Sys_Control.o
                0x00002960                vSystemControllerTask
 .text.ConfigurationBuilder
                0x00002bb4      0x6e8 ./source/_Sys_Control.o
                0x00002bb4                ConfigurationBuilder
 .text.Set_Configuration_default
                0x0000329c       0x60 ./source/_Sys_Control.o
                0x0000329c                Set_Configuration_default
 .text.NVIC_EnableIRQ
                0x000032fc       0x2c ./source/_Timer.o
 .text.CLOCK_SetTpmClock
                0x00003328       0x38 ./source/_Timer.o
 .text.EnableIRQ
                0x00003360       0x2c ./source/_Timer.o
 .text.TPM_ClearStatusFlags
                0x0000338c       0x18 ./source/_Timer.o
 .text.TPM_StartTimer
                0x000033a4       0x3c ./source/_Timer.o
 .text.Timer_INIT
                0x000033e0       0x94 ./source/_Timer.o
                0x000033e0                Timer_INIT
 .text.UpdatePWM
                0x00003474       0x30 ./source/_Timer.o
                0x00003474                UpdatePWM
 .text.TPM1_IRQHandler
                0x000034a4       0x2c ./source/_Timer.o
                0x000034a4                TPM1_IRQHandler
 .text.xEventGroupCreate
                0x000034d0       0x30 ./freertos/event_groups.o
                0x000034d0                xEventGroupCreate
 .text.xEventGroupSetBits
                0x00003500       0xf4 ./freertos/event_groups.o
                0x00003500                xEventGroupSetBits
 .text.vEventGroupDelete
                0x000035f4       0x54 ./freertos/event_groups.o
                0x000035f4                vEventGroupDelete
 .text.vEventGroupSetBitsCallback
                0x00003648       0x20 ./freertos/event_groups.o
                0x00003648                vEventGroupSetBitsCallback
 .text.xEventGroupSetBitsFromISR
                0x00003668       0x2c ./freertos/event_groups.o
                0x00003668                xEventGroupSetBitsFromISR
 .text.prvSetupTimerInterrupt
                0x00003694       0x3c ./freertos/fsl_tickless_lptmr.o
                0x00003694                prvSetupTimerInterrupt
 .text.pvPortMalloc
                0x000036d0      0x154 ./freertos/heap_4.o
                0x000036d0                pvPortMalloc
 .text.vPortFree
                0x00003824       0x90 ./freertos/heap_4.o
                0x00003824                vPortFree
 .text.xPortGetFreeHeapSize
                0x000038b4       0x14 ./freertos/heap_4.o
                0x000038b4                xPortGetFreeHeapSize
 .text.prvHeapInit
                0x000038c8       0xc0 ./freertos/heap_4.o
 .text.prvInsertBlockIntoFreeList
                0x00003988       0xb0 ./freertos/heap_4.o
 .text.vListInitialise
                0x00003a38       0x3c ./freertos/list.o
                0x00003a38                vListInitialise
 .text.vListInitialiseItem
                0x00003a74       0x18 ./freertos/list.o
                0x00003a74                vListInitialiseItem
 .text.vListInsertEnd
                0x00003a8c       0x44 ./freertos/list.o
                0x00003a8c                vListInsertEnd
 .text.vListInsert
                0x00003ad0       0x6c ./freertos/list.o
                0x00003ad0                vListInsert
 .text.uxListRemove
                0x00003b3c       0x50 ./freertos/list.o
                0x00003b3c                uxListRemove
 .text.pxPortInitialiseStack
                0x00003b8c       0x54 ./freertos/port.o
                0x00003b8c                pxPortInitialiseStack
 .text.prvTaskExitError
                0x00003be0       0x18 ./freertos/port.o
 .text.SVC_Handler
                0x00003bf8        0xc ./freertos/port.o
                0x00003bf8                SVC_Handler
 *fill*         0x00003c04        0xc ff
 .text.vPortStartFirstTask
                0x00003c10       0x38 ./freertos/port.o
 .text.xPortStartScheduler
                0x00003c48       0x44 ./freertos/port.o
                0x00003c48                xPortStartScheduler
 .text.vPortYield
                0x00003c8c       0x20 ./freertos/port.o
                0x00003c8c                vPortYield
 .text.vPortEnterCritical
                0x00003cac       0x24 ./freertos/port.o
                0x00003cac                vPortEnterCritical
 .text.vPortExitCritical
                0x00003cd0       0x30 ./freertos/port.o
                0x00003cd0                vPortExitCritical
 .text.ulSetInterruptMaskFromISR
                0x00003d00        0xc ./freertos/port.o
                0x00003d00                ulSetInterruptMaskFromISR
 .text.vClearInterruptMaskFromISR
                0x00003d0c        0x8 ./freertos/port.o
                0x00003d0c                vClearInterruptMaskFromISR
 *fill*         0x00003d14        0xc ff
 .text.PendSV_Handler
                0x00003d20       0x48 ./freertos/port.o
                0x00003d20                PendSV_Handler
 .text.SysTick_Handler
                0x00003d68       0x34 ./freertos/port.o
                0x00003d68                SysTick_Handler
 .text.xQueueGenericReset
                0x00003d9c       0xa8 ./freertos/queue.o
                0x00003d9c                xQueueGenericReset
 .text.xQueueGenericCreate
                0x00003e44       0x64 ./freertos/queue.o
                0x00003e44                xQueueGenericCreate
 .text.prvInitialiseNewQueue
                0x00003ea8       0x50 ./freertos/queue.o
 .text.prvInitialiseMutex
                0x00003ef8       0x34 ./freertos/queue.o
 .text.xQueueCreateMutex
                0x00003f2c       0x38 ./freertos/queue.o
                0x00003f2c                xQueueCreateMutex
 .text.xQueueGenericSend
                0x00003f64      0x188 ./freertos/queue.o
                0x00003f64                xQueueGenericSend
 .text.xQueueGenericSendFromISR
                0x000040ec       0xe4 ./freertos/queue.o
                0x000040ec                xQueueGenericSendFromISR
 .text.xQueueGenericReceive
                0x000041d0      0x1c8 ./freertos/queue.o
                0x000041d0                xQueueGenericReceive
 .text.vQueueDelete
                0x00004398       0x30 ./freertos/queue.o
                0x00004398                vQueueDelete
 .text.prvCopyDataToQueue
                0x000043c8       0xd8 ./freertos/queue.o
 .text.prvCopyDataFromQueue
                0x000044a0       0x4c ./freertos/queue.o
 .text.prvUnlockQueue
                0x000044ec       0xc0 ./freertos/queue.o
 .text.prvIsQueueEmpty
                0x000045ac       0x2c ./freertos/queue.o
 .text.prvIsQueueFull
                0x000045d8       0x30 ./freertos/queue.o
 .text.vQueueAddToRegistry
                0x00004608       0x50 ./freertos/queue.o
                0x00004608                vQueueAddToRegistry
 .text.vQueueUnregisterQueue
                0x00004658       0x54 ./freertos/queue.o
                0x00004658                vQueueUnregisterQueue
 .text.vQueueWaitForMessageRestricted
                0x000046ac       0x68 ./freertos/queue.o
                0x000046ac                vQueueWaitForMessageRestricted
 .text.xTaskCreate
                0x00004714       0x90 ./freertos/tasks.o
                0x00004714                xTaskCreate
 .text.prvInitialiseNewTask
                0x000047a4      0x12c ./freertos/tasks.o
 .text.prvAddNewTaskToReadyList
                0x000048d0       0xd0 ./freertos/tasks.o
 .text.vTaskDelay
                0x000049a0       0x4c ./freertos/tasks.o
                0x000049a0                vTaskDelay
 .text.vTaskSuspend
                0x000049ec       0xb8 ./freertos/tasks.o
                0x000049ec                vTaskSuspend
 .text.prvTaskIsTaskSuspended
                0x00004aa4       0x60 ./freertos/tasks.o
 .text.vTaskResume
                0x00004b04       0x9c ./freertos/tasks.o
                0x00004b04                vTaskResume
 .text.vTaskStartScheduler
                0x00004ba0       0x78 ./freertos/tasks.o
                0x00004ba0                vTaskStartScheduler
 .text.vTaskSuspendAll
                0x00004c18       0x18 ./freertos/tasks.o
                0x00004c18                vTaskSuspendAll
 .text.xTaskResumeAll
                0x00004c30      0x118 ./freertos/tasks.o
                0x00004c30                xTaskResumeAll
 .text.xTaskGetTickCount
                0x00004d48       0x1c ./freertos/tasks.o
                0x00004d48                xTaskGetTickCount
 .text.xTaskIncrementTick
                0x00004d64      0x160 ./freertos/tasks.o
                0x00004d64                xTaskIncrementTick
 .text.vTaskSwitchContext
                0x00004ec4       0xf4 ./freertos/tasks.o
                0x00004ec4                vTaskSwitchContext
 .text.vTaskPlaceOnEventList
                0x00004fb8       0x3c ./freertos/tasks.o
                0x00004fb8                vTaskPlaceOnEventList
 .text.vTaskPlaceOnEventListRestricted
                0x00004ff4       0x4c ./freertos/tasks.o
                0x00004ff4                vTaskPlaceOnEventListRestricted
 .text.xTaskRemoveFromEventList
                0x00005040       0xb8 ./freertos/tasks.o
                0x00005040                xTaskRemoveFromEventList
 .text.xTaskRemoveFromUnorderedEventList
                0x000050f8       0xb0 ./freertos/tasks.o
                0x000050f8                xTaskRemoveFromUnorderedEventList
 .text.vTaskSetTimeOutState
                0x000051a8       0x34 ./freertos/tasks.o
                0x000051a8                vTaskSetTimeOutState
 .text.xTaskCheckForTimeOut
                0x000051dc       0x9c ./freertos/tasks.o
                0x000051dc                xTaskCheckForTimeOut
 .text.vTaskMissedYield
                0x00005278       0x14 ./freertos/tasks.o
                0x00005278                vTaskMissedYield
 .text.prvIdleTask
                0x0000528c       0x24 ./freertos/tasks.o
 .text.prvInitialiseTaskLists
                0x000052b0       0x88 ./freertos/tasks.o
 .text.prvCheckTasksWaitingTermination
                0x00005338       0x74 ./freertos/tasks.o
 .text.prvDeleteTCB
                0x000053ac       0x24 ./freertos/tasks.o
 .text.prvResetNextTaskUnblockTime
                0x000053d0       0x48 ./freertos/tasks.o
 .text.xTaskGetSchedulerState
                0x00005418       0x38 ./freertos/tasks.o
                0x00005418                xTaskGetSchedulerState
 .text.vTaskPriorityInherit
                0x00005450       0xbc ./freertos/tasks.o
                0x00005450                vTaskPriorityInherit
 .text.xTaskPriorityDisinherit
                0x0000550c       0xb8 ./freertos/tasks.o
                0x0000550c                xTaskPriorityDisinherit
 .text.pvTaskIncrementMutexHeldCount
                0x000055c4       0x24 ./freertos/tasks.o
                0x000055c4                pvTaskIncrementMutexHeldCount
 .text.prvAddCurrentTaskToDelayedList
                0x000055e8       0xa8 ./freertos/tasks.o
 .text.xTimerCreateTimerTask
                0x00005690       0x54 ./freertos/timers.o
                0x00005690                xTimerCreateTimerTask
 .text.xTimerGenericCommand
                0x000056e4       0x9c ./freertos/timers.o
                0x000056e4                xTimerGenericCommand
 .text.prvProcessExpiredTimer
                0x00005780       0x70 ./freertos/timers.o
 .text.prvTimerTask
                0x000057f0       0x28 ./freertos/timers.o
 .text.prvProcessTimerOrBlockTask
                0x00005818       0x8c ./freertos/timers.o
 .text.prvGetNextExpireTime
                0x000058a4       0x40 ./freertos/timers.o
 .text.prvSampleTimeNow
                0x000058e4       0x40 ./freertos/timers.o
 .text.prvInsertTimerInActiveList
                0x00005924       0x84 ./freertos/timers.o
 .text.prvProcessReceivedCommands
                0x000059a8      0x12c ./freertos/timers.o
 .text.prvSwitchTimerLists
                0x00005ad4       0xb4 ./freertos/timers.o
 .text.prvCheckForValidListAndQueue
                0x00005b88       0x74 ./freertos/timers.o
 .text.xTimerPendFunctionCallFromISR
                0x00005bfc       0x54 ./freertos/timers.o
                0x00005bfc                xTimerPendFunctionCallFromISR
 .text.CLOCK_EnableClock
                0x00005c50       0x38 ./drivers/fsl_adc16.o
 .text.ADC16_GetInstance
                0x00005c88       0x34 ./drivers/fsl_adc16.o
 .text.ADC16_Init
                0x00005cbc      0x100 ./drivers/fsl_adc16.o
                0x00005cbc                ADC16_Init
 .text.ADC16_GetDefaultConfig
                0x00005dbc       0x48 ./drivers/fsl_adc16.o
                0x00005dbc                ADC16_GetDefaultConfig
 .text.ADC16_DoAutoCalibration
                0x00005e04      0x11c ./drivers/fsl_adc16.o
                0x00005e04                ADC16_DoAutoCalibration
 .text.ADC16_SetChannelMuxMode
                0x00005f20       0x3c ./drivers/fsl_adc16.o
                0x00005f20                ADC16_SetChannelMuxMode
 .text.ADC16_GetStatusFlags
                0x00005f5c       0x3c ./drivers/fsl_adc16.o
                0x00005f5c                ADC16_GetStatusFlags
 .text.ADC16_SetChannelConfig
                0x00005f98       0x48 ./drivers/fsl_adc16.o
                0x00005f98                ADC16_SetChannelConfig
 .text.ADC16_GetChannelStatusFlags
                0x00005fe0       0x30 ./drivers/fsl_adc16.o
                0x00005fe0                ADC16_GetChannelStatusFlags
 .text.CLOCK_SetEr32kClock
                0x00006010       0x30 ./drivers/fsl_clock.o
 .text.OSC_SetExtRefClkConfig
                0x00006040       0x48 ./drivers/fsl_clock.o
 .text.OSC_SetCapLoad
                0x00006088       0x4c ./drivers/fsl_clock.o
 .text.CLOCK_GetLircClkFreq
                0x000060d4       0x48 ./drivers/fsl_clock.o
 .text.CLOCK_GetOscRangeFromFreq
                0x0000611c       0x4c ./drivers/fsl_clock.o
 .text.CLOCK_GetOsc0ErClkFreq
                0x00006168       0x28 ./drivers/fsl_clock.o
                0x00006168                CLOCK_GetOsc0ErClkFreq
 .text.CLOCK_GetEr32kClkFreq
                0x00006190       0x60 ./drivers/fsl_clock.o
                0x00006190                CLOCK_GetEr32kClkFreq
 .text.CLOCK_GetFreq
                0x000061f0       0xc4 ./drivers/fsl_clock.o
                0x000061f0                CLOCK_GetFreq
 .text.CLOCK_SetSimConfig
                0x000062b4       0x2c ./drivers/fsl_clock.o
                0x000062b4                CLOCK_SetSimConfig
 .text.CLOCK_GetInternalRefClkFreq
                0x000062e0       0x48 ./drivers/fsl_clock.o
                0x000062e0                CLOCK_GetInternalRefClkFreq
 .text.CLOCK_GetPeriphClkFreq
                0x00006328       0x34 ./drivers/fsl_clock.o
                0x00006328                CLOCK_GetPeriphClkFreq
 .text.CLOCK_GetOutClkFreq
                0x0000635c       0x68 ./drivers/fsl_clock.o
                0x0000635c                CLOCK_GetOutClkFreq
 .text.CLOCK_SetMcgliteConfig
                0x000063c4      0x104 ./drivers/fsl_clock.o
                0x000063c4                CLOCK_SetMcgliteConfig
 .text.CLOCK_InitOsc0
                0x000064c8       0x98 ./drivers/fsl_clock.o
                0x000064c8                CLOCK_InitOsc0
 .text.NVIC_EnableIRQ
                0x00006560       0x2c ./drivers/fsl_dma.o
 .text.CLOCK_EnableClock
                0x0000658c       0x38 ./drivers/fsl_dma.o
 .text.EnableIRQ
                0x000065c4       0x2c ./drivers/fsl_dma.o
 .text.DMA_ClearChannelStatusFlags
                0x000065f0       0x40 ./drivers/fsl_dma.o
 .text.DMA_GetInstance
                0x00006630       0x34 ./drivers/fsl_dma.o
 .text.DMA_Init
                0x00006664       0x24 ./drivers/fsl_dma.o
                0x00006664                DMA_Init
 .text.DMA_SetTransferConfig
                0x00006688       0xb8 ./drivers/fsl_dma.o
                0x00006688                DMA_SetTransferConfig
 .text.DMA_CreateHandle
                0x00006740       0x6c ./drivers/fsl_dma.o
                0x00006740                DMA_CreateHandle
 .text.DMA_PrepareTransfer
                0x000067ac       0xb8 ./drivers/fsl_dma.o
                0x000067ac                DMA_PrepareTransfer
 .text.DMA_HandleIRQ
                0x00006864       0x3c ./drivers/fsl_dma.o
                0x00006864                DMA_HandleIRQ
 .text.DMA0_DriverIRQHandler
                0x000068a0       0x18 ./drivers/fsl_dma.o
                0x000068a0                DMA0_DriverIRQHandler
 .text.DMA1_DriverIRQHandler
                0x000068b8       0x18 ./drivers/fsl_dma.o
                0x000068b8                DMA1_DriverIRQHandler
 .text.DMA2_DriverIRQHandler
                0x000068d0       0x18 ./drivers/fsl_dma.o
                0x000068d0                DMA2_DriverIRQHandler
 .text.DMA3_DriverIRQHandler
                0x000068e8       0x18 ./drivers/fsl_dma.o
                0x000068e8                DMA3_DriverIRQHandler
 .text.CLOCK_EnableClock
                0x00006900       0x38 ./drivers/fsl_dmamux.o
 .text.DMAMUX_GetInstance
                0x00006938       0x34 ./drivers/fsl_dmamux.o
 .text.DMAMUX_Init
                0x0000696c       0x24 ./drivers/fsl_dmamux.o
                0x0000696c                DMAMUX_Init
 .text.GPIO_WritePinOutput
                0x00006990       0x34 ./drivers/fsl_gpio.o
 .text.GPIO_GetInstance
                0x000069c4       0x3c ./drivers/fsl_gpio.o
 .text.GPIO_PinInit
                0x00006a00       0x54 ./drivers/fsl_gpio.o
                0x00006a00                GPIO_PinInit
 .text.GPIO_ClearPinsInterruptFlags
                0x00006a54       0x3c ./drivers/fsl_gpio.o
                0x00006a54                GPIO_ClearPinsInterruptFlags
 .text.NVIC_EnableIRQ
                0x00006a90       0x2c ./drivers/fsl_i2c.o
 .text.CLOCK_EnableClock
                0x00006abc       0x38 ./drivers/fsl_i2c.o
 .text.EnableIRQ
                0x00006af4       0x2c ./drivers/fsl_i2c.o
 .text.I2C_MasterClearStatusFlags
                0x00006b20       0x58 ./drivers/fsl_i2c.o
 .text.I2C_GetInstance
                0x00006b78       0x3c ./drivers/fsl_i2c.o
                0x00006b78                I2C_GetInstance
 .text.I2C_InitTransferStateMachine
                0x00006bb4       0xa0 ./drivers/fsl_i2c.o
 .text.I2C_CheckAndClearError
                0x00006c54       0x40 ./drivers/fsl_i2c.o
 .text.I2C_MasterTransferRunStateMachine
                0x00006c94      0x268 ./drivers/fsl_i2c.o
 .text.I2C_TransferCommonIRQHandler
                0x00006efc       0x54 ./drivers/fsl_i2c.o
 .text.I2C_MasterInit
                0x00006f50       0xf4 ./drivers/fsl_i2c.o
                0x00006f50                I2C_MasterInit
 .text.I2C_MasterGetDefaultConfig
                0x00007044       0x2c ./drivers/fsl_i2c.o
                0x00007044                I2C_MasterGetDefaultConfig
 .text.I2C_EnableInterrupts
                0x00007070       0x68 ./drivers/fsl_i2c.o
                0x00007070                I2C_EnableInterrupts
 .text.I2C_DisableInterrupts
                0x000070d8       0x44 ./drivers/fsl_i2c.o
                0x000070d8                I2C_DisableInterrupts
 .text.I2C_MasterSetBaudRate
                0x0000711c       0xf4 ./drivers/fsl_i2c.o
                0x0000711c                I2C_MasterSetBaudRate
 .text.I2C_MasterStart
                0x00007210       0x84 ./drivers/fsl_i2c.o
                0x00007210                I2C_MasterStart
 .text.I2C_MasterRepeatedStart
                0x00007294       0xd4 ./drivers/fsl_i2c.o
                0x00007294                I2C_MasterRepeatedStart
 .text.I2C_MasterStop
                0x00007368       0x68 ./drivers/fsl_i2c.o
                0x00007368                I2C_MasterStop
 .text.I2C_MasterGetStatusFlags
                0x000073d0       0x4c ./drivers/fsl_i2c.o
                0x000073d0                I2C_MasterGetStatusFlags
 .text.I2C_MasterTransferCreateHandle
                0x0000741c       0x6c ./drivers/fsl_i2c.o
                0x0000741c                I2C_MasterTransferCreateHandle
 .text.I2C_MasterTransferNonBlocking
                0x00007488       0x4c ./drivers/fsl_i2c.o
                0x00007488                I2C_MasterTransferNonBlocking
 .text.I2C_MasterTransferHandleIRQ
                0x000074d4       0xac ./drivers/fsl_i2c.o
                0x000074d4                I2C_MasterTransferHandleIRQ
 .text.I2C0_DriverIRQHandler
                0x00007580       0x20 ./drivers/fsl_i2c.o
                0x00007580                I2C0_DriverIRQHandler
 .text.I2C1_DriverIRQHandler
                0x000075a0       0x20 ./drivers/fsl_i2c.o
                0x000075a0                I2C1_DriverIRQHandler
 .text.CLOCK_EnableClock
                0x000075c0       0x38 ./drivers/fsl_lptmr.o
 .text.LPTMR_GetInstance
                0x000075f8       0x34 ./drivers/fsl_lptmr.o
 .text.LPTMR_Init
                0x0000762c       0x84 ./drivers/fsl_lptmr.o
                0x0000762c                LPTMR_Init
 .text.LPTMR_GetDefaultConfig
                0x000076b0       0x3c ./drivers/fsl_lptmr.o
                0x000076b0                LPTMR_GetDefaultConfig
 .text.LPUART0_DriverIRQHandler
                0x000076ec       0x24 ./drivers/fsl_lpuart.o
                0x000076ec                LPUART0_DriverIRQHandler
 .text.LPUART1_DriverIRQHandler
                0x00007710       0x24 ./drivers/fsl_lpuart.o
                0x00007710                LPUART1_DriverIRQHandler
 .text.NVIC_EnableIRQ
                0x00007734       0x2c ./drivers/fsl_slcd.o
 .text.CLOCK_EnableClock
                0x00007760       0x38 ./drivers/fsl_slcd.o
 .text.EnableIRQ
                0x00007798       0x2c ./drivers/fsl_slcd.o
 .text.SLCD_GetInstance
                0x000077c4       0x34 ./drivers/fsl_slcd.o
 .text.SLCD_Init
                0x000077f8      0x200 ./drivers/fsl_slcd.o
                0x000077f8                SLCD_Init
 .text.SLCD_GetDefaultConfig
                0x000079f8       0x30 ./drivers/fsl_slcd.o
                0x000079f8                SLCD_GetDefaultConfig
 .text.SLCD_StartBlinkMode
                0x00007a28       0x64 ./drivers/fsl_slcd.o
                0x00007a28                SLCD_StartBlinkMode
 .text.CLOCK_EnableClock
                0x00007a8c       0x38 ./drivers/fsl_tpm.o
 .text.TPM_GetInstance
                0x00007ac4       0x40 ./drivers/fsl_tpm.o
 .text.TPM_Init
                0x00007b04       0xd8 ./drivers/fsl_tpm.o
                0x00007b04                TPM_Init
 .text.TPM_GetDefaultConfig
                0x00007bdc       0x4c ./drivers/fsl_tpm.o
                0x00007bdc                TPM_GetDefaultConfig
 .text.TPM_SetupPwm
                0x00007c28      0x1b4 ./drivers/fsl_tpm.o
                0x00007c28                TPM_SetupPwm
 .text.TPM_EnableInterrupts
                0x00007ddc       0x84 ./drivers/fsl_tpm.o
                0x00007ddc                TPM_EnableInterrupts
 .text.NVIC_EnableIRQ
                0x00007e60       0x2c ./drivers/fsl_uart.o
 .text.CLOCK_EnableClock
                0x00007e8c       0x38 ./drivers/fsl_uart.o
 .text.EnableIRQ
                0x00007ec4       0x2c ./drivers/fsl_uart.o
 .text.UART_GetInstance
                0x00007ef0       0x40 ./drivers/fsl_uart.o
                0x00007ef0                UART_GetInstance
 .text.UART_TransferGetRxRingBufferLength
                0x00007f30       0x50 ./drivers/fsl_uart.o
 .text.UART_TransferIsRxRingBufferFull
                0x00007f80       0x3c ./drivers/fsl_uart.o
 .text.UART_Init
                0x00007fbc      0x1d4 ./drivers/fsl_uart.o
                0x00007fbc                UART_Init
 .text.UART_GetDefaultConfig
                0x00008190       0x2c ./drivers/fsl_uart.o
                0x00008190                UART_GetDefaultConfig
 .text.UART_EnableInterrupts
                0x000081bc       0x58 ./drivers/fsl_uart.o
                0x000081bc                UART_EnableInterrupts
 .text.UART_DisableInterrupts
                0x00008214       0x64 ./drivers/fsl_uart.o
                0x00008214                UART_DisableInterrupts
 .text.UART_GetStatusFlags
                0x00008278       0x28 ./drivers/fsl_uart.o
                0x00008278                UART_GetStatusFlags
 .text.UART_ClearStatusFlags
                0x000082a0       0x80 ./drivers/fsl_uart.o
                0x000082a0                UART_ClearStatusFlags
 .text.UART_WriteNonBlocking
                0x00008320       0x34 ./drivers/fsl_uart.o
 .text.UART_ReadNonBlocking
                0x00008354       0x38 ./drivers/fsl_uart.o
 .text.UART_TransferCreateHandle
                0x0000838c       0x7c ./drivers/fsl_uart.o
                0x0000838c                UART_TransferCreateHandle
 .text.UART_TransferStartRingBuffer
                0x00008408       0x5c ./drivers/fsl_uart.o
                0x00008408                UART_TransferStartRingBuffer
 .text.UART_TransferHandleIRQ
                0x00008464      0x398 ./drivers/fsl_uart.o
                0x00008464                UART_TransferHandleIRQ
 .text.UART_EnableTx
                0x000087fc       0x40 ./drivers/fsl_uart_freertos.o
 .text.UART_EnableRx
                0x0000883c       0x40 ./drivers/fsl_uart_freertos.o
 .text.UART_RTOS_Callback
                0x0000887c       0xc8 ./drivers/fsl_uart_freertos.o
 .text.UART_RTOS_Init
                0x00008944      0x170 ./drivers/fsl_uart_freertos.o
                0x00008944                UART_RTOS_Init
 .text.CLOCK_SetSimSafeDivs
                0x00008ab4       0x20 ./board/clock_config.o
 .text.OSC_SetExtRefClkConfig
                0x00008ad4       0x48 ./board/clock_config.o
 .text.CLOCK_SetXtal0Freq
                0x00008b1c       0x1c ./board/clock_config.o
 .text.BOARD_BootClockRUN
                0x00008b38       0x6c ./board/clock_config.o
                0x00008b38                BOARD_BootClockRUN
 .text.CLOCK_EnableClock
                0x00008ba4       0x38 ./board/pin_mux.o
 .text.PORT_SetPinConfig
                0x00008bdc       0x28 ./board/pin_mux.o
 .text.PORT_SetPinMux
                0x00008c04       0x40 ./board/pin_mux.o
 .text.BOARD_InitPins
                0x00008c44      0x13c ./board/pin_mux.o
                0x00008c44                BOARD_InitPins
 .text.BOARD_InitLCD
                0x00008d80      0x1a4 ./board/pin_mux.o
                0x00008d80                BOARD_InitLCD
 .text.BOARD_InitBUTTONS
                0x00008f24       0x88 ./board/pin_mux.o
                0x00008f24                BOARD_InitBUTTONS
 .text.BOARD_InitLEDs
                0x00008fac       0x58 ./board/pin_mux.o
                0x00008fac                BOARD_InitLEDs
 .text.BOARD_InitDEBUG_UART
                0x00009004       0x7c ./board/pin_mux.o
                0x00009004                BOARD_InitDEBUG_UART
 .text.BOARD_InitOSC
                0x00009080       0x34 ./board/pin_mux.o
                0x00009080                BOARD_InitOSC
 .text.SystemInit
                0x000090b4       0x3c ./CMSIS/system_MKL43Z4.o
                0x000090b4                SystemInit
 .text          0x000090f0      0x114 c:/nxp/mcuxpressoide_10.0.0_344/ide/tools/bin/../lib/gcc/arm-none-eabi/5.4.1/armv6-m\libgcc.a(_udivsi3.o)
                0x000090f0                __aeabi_uidiv
                0x000090f0                __udivsi3
                0x000091fc                __aeabi_uidivmod
 .text          0x00009204      0x1d4 c:/nxp/mcuxpressoide_10.0.0_344/ide/tools/bin/../lib/gcc/arm-none-eabi/5.4.1/armv6-m\libgcc.a(_divsi3.o)
                0x00009204                __divsi3
                0x00009204                __aeabi_idiv
                0x000093d0                __aeabi_idivmod
 .text          0x000093d8        0x4 c:/nxp/mcuxpressoide_10.0.0_344/ide/tools/bin/../lib/gcc/arm-none-eabi/5.4.1/armv6-m\libgcc.a(_dvmd_tls.o)
                0x000093d8                __aeabi_idiv0
                0x000093d8                __aeabi_ldiv0
 .text          0x000093dc      0x62c c:/nxp/mcuxpressoide_10.0.0_344/ide/tools/bin/../lib/gcc/arm-none-eabi/5.4.1/armv6-m\libgcc.a(divdf3.o)
                0x000093dc                __aeabi_ddiv
 .text          0x00009a08      0x4f4 c:/nxp/mcuxpressoide_10.0.0_344/ide/tools/bin/../lib/gcc/arm-none-eabi/5.4.1/armv6-m\libgcc.a(muldf3.o)
                0x00009a08                __aeabi_dmul
 .text          0x00009efc       0x6c c:/nxp/mcuxpressoide_10.0.0_344/ide/tools/bin/../lib/gcc/arm-none-eabi/5.4.1/armv6-m\libgcc.a(fixdfsi.o)
                0x00009efc                __aeabi_d2iz
 .text          0x00009f68       0x70 c:/nxp/mcuxpressoide_10.0.0_344/ide/tools/bin/../lib/gcc/arm-none-eabi/5.4.1/armv6-m\libgcc.a(floatunsidf.o)
                0x00009f68                __aeabi_ui2d
 .text          0x00009fd8       0x3c c:/nxp/mcuxpressoide_10.0.0_344/ide/tools/bin/../lib/gcc/arm-none-eabi/5.4.1/armv6-m\libgcc.a(_clzsi2.o)
                0x00009fd8                __clzsi2
 .text.atoi     0x0000a014        0xc c:/nxp/mcuxpressoide_10.0.0_344/ide/tools/bin/../lib/gcc/arm-none-eabi/5.4.1/../../../../arm-none-eabi/lib/armv6-m\libc.a(lib_a-atoi.o)
                0x0000a014                atoi
 .text.memcpy   0x0000a020       0x7c c:/nxp/mcuxpressoide_10.0.0_344/ide/tools/bin/../lib/gcc/arm-none-eabi/5.4.1/../../../../arm-none-eabi/lib/armv6-m\libc.a(lib_a-memcpy-stub.o)
                0x0000a020                memcpy
 .text.memset   0x0000a09c       0x8c c:/nxp/mcuxpressoide_10.0.0_344/ide/tools/bin/../lib/gcc/arm-none-eabi/5.4.1/../../../../arm-none-eabi/lib/armv6-m\libc.a(lib_a-memset.o)
                0x0000a09c                memset
 .text          0x0000a128       0x88 c:/nxp/mcuxpressoide_10.0.0_344/ide/tools/bin/../lib/gcc/arm-none-eabi/5.4.1/../../../../arm-none-eabi/lib/armv6-m\libc.a(lib_a-strcmp.o)
                0x0000a128                strcmp
 .text.strcpy   0x0000a1b0       0x10 c:/nxp/mcuxpressoide_10.0.0_344/ide/tools/bin/../lib/gcc/arm-none-eabi/5.4.1/../../../../arm-none-eabi/lib/armv6-m\libc.a(lib_a-strcpy.o)
                0x0000a1b0                strcpy
 .text.strlen   0x0000a1c0       0x68 c:/nxp/mcuxpressoide_10.0.0_344/ide/tools/bin/../lib/gcc/arm-none-eabi/5.4.1/../../../../arm-none-eabi/lib/armv6-m\libc.a(lib_a-strlen-stub.o)
                0x0000a1c0                strlen
 .text._strtol_l.isra.0
                0x0000a228      0x14c c:/nxp/mcuxpressoide_10.0.0_344/ide/tools/bin/../lib/gcc/arm-none-eabi/5.4.1/../../../../arm-none-eabi/lib/armv6-m\libc.a(lib_a-strtol.o)
 .text.strtol   0x0000a374       0x2c c:/nxp/mcuxpressoide_10.0.0_344/ide/tools/bin/../lib/gcc/arm-none-eabi/5.4.1/../../../../arm-none-eabi/lib/armv6-m\libc.a(lib_a-strtol.o)
                0x0000a374                strtol
 .text.__locale_ctype_ptr_l
                0x0000a3a0        0x8 c:/nxp/mcuxpressoide_10.0.0_344/ide/tools/bin/../lib/gcc/arm-none-eabi/5.4.1/../../../../arm-none-eabi/lib/armv6-m\libc.a(lib_a-locale.o)
                0x0000a3a0                __locale_ctype_ptr_l
 .text.__ascii_mbtowc
                0x0000a3a8       0x2c c:/nxp/mcuxpressoide_10.0.0_344/ide/tools/bin/../lib/gcc/arm-none-eabi/5.4.1/../../../../arm-none-eabi/lib/armv6-m\libc.a(lib_a-mbtowc_r.o)
                0x0000a3a8                __ascii_mbtowc
 .text.__ascii_wctomb
                0x0000a3d4       0x1c c:/nxp/mcuxpressoide_10.0.0_344/ide/tools/bin/../lib/gcc/arm-none-eabi/5.4.1/../../../../arm-none-eabi/lib/armv6-m\libc.a(lib_a-wctomb_r.o)
                0x0000a3d4                __ascii_wctomb
 *(.rodata .rodata.* .constdata .constdata.*)
 .rodata        0x0000a3f0       0x2e ./source/SmartTorqueFW.o
 *fill*         0x0000a41e        0x2 ff
 .rodata        0x0000a420      0x1e0 ./source/_Bluetooth.o
 .rodata        0x0000a600        0x4 ./source/_Display.o
 .rodata.Display_Number
                0x0000a604       0x28 ./source/_Display.o
 .rodata        0x0000a62c       0x69 ./source/_HMI.o
 *fill*         0x0000a695        0x3 ff
 .rodata        0x0000a698       0x14 ./source/_Sys_Control.o
 .rodata.ConfigurationBuilder
                0x0000a6ac       0x2c ./source/_Sys_Control.o
 .rodata        0x0000a6d8       0x18 ./freertos/tasks.o
                0x0000a6e0                FreeRTOSDebugConfig
 .rodata        0x0000a6f0        0xd ./freertos/timers.o
 *fill*         0x0000a6fd        0x3 ff
 .rodata.prvProcessReceivedCommands
                0x0000a700       0x28 ./freertos/timers.o
 .rodata.CLOCK_GetFreq
                0x0000a728       0x50 ./drivers/fsl_clock.o
 .rodata.lircFreqs.5239
                0x0000a778        0x8 ./drivers/fsl_clock.o
 .rodata.s_dmaIRQNumber
                0x0000a780        0x4 ./drivers/fsl_dma.o
 .rodata.s_portBases
                0x0000a784       0x14 ./drivers/fsl_gpio.o
 .rodata.s_gpioBases
                0x0000a798       0x14 ./drivers/fsl_gpio.o
 .rodata.s_i2cDividerTable
                0x0000a7ac       0x80 ./drivers/fsl_i2c.o
 .rodata.s_i2cBases
                0x0000a82c        0x8 ./drivers/fsl_i2c.o
 .rodata.s_i2cIrqs
                0x0000a834        0x2 ./drivers/fsl_i2c.o
 *fill*         0x0000a836        0x2 ff
 .rodata.s_i2cClocks
                0x0000a838        0x8 ./drivers/fsl_i2c.o
 .rodata.s_tpmBases
                0x0000a840        0xc ./drivers/fsl_tpm.o
 .rodata.s_tpmClocks
                0x0000a84c        0xc ./drivers/fsl_tpm.o
 .rodata.s_uartBases
                0x0000a858        0xc ./drivers/fsl_uart.o
 .rodata.s_uartIRQ
                0x0000a864        0x3 ./drivers/fsl_uart.o
 *fill*         0x0000a867        0x1 ff
 .rodata.s_uartClock
                0x0000a868        0xc ./drivers/fsl_uart.o
 .rodata.mcgliteConfig_BOARD_BootClockRUN
                0x0000a874        0x6 ./board/clock_config.o
                0x0000a874                mcgliteConfig_BOARD_BootClockRUN
 *fill*         0x0000a87a        0x2 ff
 .rodata.simConfig_BOARD_BootClockRUN
                0x0000a87c        0x8 ./board/clock_config.o
                0x0000a87c                simConfig_BOARD_BootClockRUN
 .rodata.oscConfig_BOARD_BootClockRUN
                0x0000a884        0x8 ./board/clock_config.o
                0x0000a884                oscConfig_BOARD_BootClockRUN
 .rodata.config
                0x0000a88c        0x1 ./board/clock_config.o
                0x0000a88c                config
 *fill*         0x0000a88d        0x3 ff
 .rodata        0x0000a890       0x40 c:/nxp/mcuxpressoide_10.0.0_344/ide/tools/bin/../lib/gcc/arm-none-eabi/5.4.1/armv6-m\libgcc.a(divdf3.o)
 .rodata        0x0000a8d0       0x40 c:/nxp/mcuxpressoide_10.0.0_344/ide/tools/bin/../lib/gcc/arm-none-eabi/5.4.1/armv6-m\libgcc.a(muldf3.o)
 .rodata.str1.4
                0x0000a910       0x14 c:/nxp/mcuxpressoide_10.0.0_344/ide/tools/bin/../lib/gcc/arm-none-eabi/5.4.1/../../../../arm-none-eabi/lib/armv6-m\libc.a(lib_a-locale.o)
                                 0x12 (size before relaxing)
 .rodata._ctype_
                0x0000a924      0x101 c:/nxp/mcuxpressoide_10.0.0_344/ide/tools/bin/../lib/gcc/arm-none-eabi/5.4.1/../../../../arm-none-eabi/lib/armv6-m\libc.a(lib_a-ctype_.o)
                0x0000a924                _ctype_
                0x0000aa28                . = ALIGN (0x4)
 *fill*         0x0000aa25        0x3 ff

.glue_7         0x0000aa28        0x0
 .glue_7        0x0000aa28        0x0 linker stubs

.glue_7t        0x0000aa28        0x0
 .glue_7t       0x0000aa28        0x0 linker stubs

.vfp11_veneer   0x0000aa28        0x0
 .vfp11_veneer  0x0000aa28        0x0 linker stubs

.v4_bx          0x0000aa28        0x0
 .v4_bx         0x0000aa28        0x0 linker stubs

.init           0x0000aa28        0x4
 .init          0x0000aa28        0x4 c:/nxp/mcuxpressoide_10.0.0_344/ide/tools/bin/../lib/gcc/arm-none-eabi/5.4.1/armv6-m/crti.o
                0x0000aa28                _init

.fini           0x0000aa2c        0x4
 .fini          0x0000aa2c        0x4 c:/nxp/mcuxpressoide_10.0.0_344/ide/tools/bin/../lib/gcc/arm-none-eabi/5.4.1/armv6-m/crti.o
                0x0000aa2c                _fini

.iplt           0x0000aa30        0x0
 .iplt          0x0000aa30        0x0 c:/nxp/mcuxpressoide_10.0.0_344/ide/tools/bin/../lib/gcc/arm-none-eabi/5.4.1/armv6-m/crtbegin.o

.rel.dyn        0x0000aa30        0x0
 .rel.iplt      0x0000aa30        0x0 c:/nxp/mcuxpressoide_10.0.0_344/ide/tools/bin/../lib/gcc/arm-none-eabi/5.4.1/armv6-m/crtbegin.o

.ARM.extab
 *(.ARM.extab* .gnu.linkonce.armextab.*)
                0x0000aa30                __exidx_start = .

.ARM.exidx
 *(.ARM.exidx* .gnu.linkonce.armexidx.*)
                0x0000aa30                __exidx_end = .
                0x0000aa30                _etext = .

.m_usb_data
 *(m_usb_bdt)

.mtb_buffer_default
                0x1fffe000       0x80
 *(.mtb*)
 .mtb.$RAM1     0x1fffe000       0x80 ./board/mtb.o
                0x1fffe000                __mtb_buffer__

.uninit_RESERVED
                0x1fffe080        0x0
 *(.bss.$RESERVED*)
                0x1fffe080                . = ALIGN (0x4)
                0x1fffe080                _end_uninit_RESERVED = .

.data           0x1fffe080      0x5c0 load address 0x0000aa30
 FILL mask 0xff
                0x1fffe080                _data = .
 *(vtable)
 *(.ramfunc*)
 *(.data*)
 .data.DeviceId
                0x1fffe080        0x4 ./source/_Bluetooth.o
                0x1fffe080                DeviceId
 .data.conn_msg
                0x1fffe084        0x4 ./source/_Bluetooth.o
                0x1fffe084                conn_msg
 .data.uart_config
                0x1fffe088       0x18 ./source/_Bluetooth.o
                0x1fffe088                uart_config
 .data.uxCriticalNesting
                0x1fffe0a0        0x4 ./freertos/port.o
 .data.SystemCoreClock
                0x1fffe0a4        0x4 ./CMSIS/system_MKL43Z4.o
                0x1fffe0a4                SystemCoreClock
 .data.impure_data
                0x1fffe0a8      0x428 c:/nxp/mcuxpressoide_10.0.0_344/ide/tools/bin/../lib/gcc/arm-none-eabi/5.4.1/../../../../arm-none-eabi/lib/armv6-m\libc.a(lib_a-impure.o)
 .data._impure_ptr
                0x1fffe4d0        0x4 c:/nxp/mcuxpressoide_10.0.0_344/ide/tools/bin/../lib/gcc/arm-none-eabi/5.4.1/../../../../arm-none-eabi/lib/armv6-m\libc.a(lib_a-impure.o)
                0x1fffe4d0                _impure_ptr
 .data.__global_locale
                0x1fffe4d4      0x16c c:/nxp/mcuxpressoide_10.0.0_344/ide/tools/bin/../lib/gcc/arm-none-eabi/5.4.1/../../../../arm-none-eabi/lib/armv6-m\libc.a(lib_a-locale.o)
                0x1fffe4d4                __global_locale
                0x1fffe640                . = ALIGN (0x4)
                0x1fffe640                _edata = .

.igot.plt       0x1fffe640        0x0 load address 0x0000aff0
 .igot.plt      0x1fffe640        0x0 c:/nxp/mcuxpressoide_10.0.0_344/ide/tools/bin/../lib/gcc/arm-none-eabi/5.4.1/armv6-m/crtbegin.o

.bss            0x1fffe640     0x2cdc load address 0x0000aff0
                0x1fffe640                _bss = .
 *(.bss*)
 .bss.s_debugConsole
                0x1fffe640       0x10 ./utilities/fsl_debug_console.o
 .bss.ulCount.10415
                0x1fffe650        0x4 ./source/SmartTorqueFW.o
 .bss.adc16ChanConfig
                0x1fffe654        0x8 ./source/_ADCSense.o
                0x1fffe654                adc16ChanConfig
 .bss.adc16Config
                0x1fffe65c        0x9 ./source/_ADCSense.o
                0x1fffe65c                adc16Config
 *fill*         0x1fffe665        0x3 
 .bss.DMA_handle
                0x1fffe668       0x10 ./source/_ADCSense.o
                0x1fffe668                DMA_handle
 .bss.DMA_transfer
                0x1fffe678       0x10 ./source/_ADCSense.o
                0x1fffe678                DMA_transfer
 .bss.gBatterySense
                0x1fffe688       0x20 ./source/_ADCSense.o
                0x1fffe688                gBatterySense
 .bss.temp      0x1fffe6a8        0x4 ./source/_ADCSense.o
                0x1fffe6a8                temp
 .bss.ADC16_Array
                0x1fffe6ac       0x80 ./source/_ADCSense.o
                0x1fffe6ac                ADC16_Array
 .bss.TorqueVoltage
                0x1fffe72c        0x4 ./source/_ADCSense.o
                0x1fffe72c                TorqueVoltage
 .bss.BatteryVoltage
                0x1fffe730        0x4 ./source/_ADCSense.o
                0x1fffe730                BatteryVoltage
 .bss.channelswap.6326
                0x1fffe734        0x2 ./source/_ADCSense.o
 *fill*         0x1fffe736        0x2 
 .bss.bglib_temp_msg
                0x1fffe738       0x1c ./source/_Bluetooth.o
                0x1fffe738                bglib_temp_msg
 .bss.bglib_output
                0x1fffe754        0x4 ./source/_Bluetooth.o
                0x1fffe754                bglib_output
 .bss.msg_Head  0x1fffe758        0x4 ./source/_Bluetooth.o
                0x1fffe758                msg_Head
 .bss.btBuffer  0x1fffe75c       0x40 ./source/_Bluetooth.o
                0x1fffe75c                btBuffer
 .bss.respBuffer
                0x1fffe79c       0x40 ./source/_Bluetooth.o
                0x1fffe79c                respBuffer
 .bss.pck       0x1fffe7dc        0x4 ./source/_Bluetooth.o
                0x1fffe7dc                pck
 .bss.Bluetooth_rx
                0x1fffe7e0       0x40 ./source/_Bluetooth.o
                0x1fffe7e0                Bluetooth_rx
 .bss.Bluetooth_len
                0x1fffe820        0x1 ./source/_Bluetooth.o
                0x1fffe820                Bluetooth_len
 .bss.message_recieved
                0x1fffe821        0x1 ./source/_Bluetooth.o
                0x1fffe821                message_recieved
 *fill*         0x1fffe822        0x2 
 .bss.my_address
                0x1fffe824        0x6 ./source/_Bluetooth.o
                0x1fffe824                my_address
 *fill*         0x1fffe82a        0x2 
 .bss.connected_address
                0x1fffe82c        0x6 ./source/_Bluetooth.o
                0x1fffe82c                connected_address
 *fill*         0x1fffe832        0x2 
 .bss.uart_handle
                0x1fffe834       0x28 ./source/_Bluetooth.o
                0x1fffe834                uart_handle
 .bss.t_uart_handle
                0x1fffe85c       0x30 ./source/_Bluetooth.o
                0x1fffe85c                t_uart_handle
 .bss.endpoint  0x1fffe88c        0x1 ./source/_Bluetooth.o
                0x1fffe88c                endpoint
 .bss.BTConnected
                0x1fffe88d        0x1 ./source/_Bluetooth.o
                0x1fffe88d                BTConnected
 .bss.rxIndex   0x1fffe88e        0x1 ./source/_Bluetooth.o
                0x1fffe88e                rxIndex
 .bss.serviceLocation
                0x1fffe88f        0x1 ./source/_Bluetooth.o
                0x1fffe88f                serviceLocation
 .bss.g_m_handle
                0x1fffe890       0x28 ./source/_FRAM.o
                0x1fffe890                g_m_handle
 .bss.completionFlag
                0x1fffe8b8        0x1 ./source/_FRAM.o
                0x1fffe8b8                completionFlag
 .bss.nakFlag   0x1fffe8b9        0x1 ./source/_FRAM.o
                0x1fffe8b9                nakFlag
 *fill*         0x1fffe8ba        0x2 
 .bss._FRAM     0x1fffe8bc       0x38 ./source/_FRAM.o
                0x1fffe8bc                _FRAM
 .bss.UP_FLAG   0x1fffe8f4        0x1 ./source/_HMI.o
                0x1fffe8f4                UP_FLAG
 .bss.DOWN_FLAG
                0x1fffe8f5        0x1 ./source/_HMI.o
                0x1fffe8f5                DOWN_FLAG
 .bss.CLEAR_FLAG
                0x1fffe8f6        0x1 ./source/_HMI.o
                0x1fffe8f6                CLEAR_FLAG
 .bss.MODE_FLAG
                0x1fffe8f7        0x1 ./source/_HMI.o
                0x1fffe8f7                MODE_FLAG
 .bss.POWER_FLAG
                0x1fffe8f8        0x1 ./source/_HMI.o
                0x1fffe8f8                POWER_FLAG
 *fill*         0x1fffe8f9        0x3 
 .bss.realTime  0x1fffe8fc        0x8 ./source/_RTC.o
                0x1fffe8fc                realTime
 .bss.mainConfig
                0x1fffe904       0x14 ./source/_Sys_Control.o
                0x1fffe904                mainConfig
 .bss.builderConfig
                0x1fffe918       0x14 ./source/_Sys_Control.o
                0x1fffe918                builderConfig
 .bss.save      0x1fffe92c        0x1 ./source/_Sys_Control.o
                0x1fffe92c                save
 .bss.underConstruction
                0x1fffe92d        0x1 ./source/_Sys_Control.o
                0x1fffe92d                underConstruction
 .bss.resume    0x1fffe92e        0x1 ./source/_Sys_Control.o
                0x1fffe92e                resume
 .bss.DOWN      0x1fffe92f        0x1 ./source/_Sys_Control.o
                0x1fffe92f                DOWN
 .bss.UP        0x1fffe930        0x1 ./source/_Sys_Control.o
                0x1fffe930                UP
 *fill*         0x1fffe931        0x3 
 .bss.xBuildHandle
                0x1fffe934        0x4 ./source/_Sys_Control.o
                0x1fffe934                xBuildHandle
 .bss.count     0x1fffe938        0x2 ./source/_Timer.o
                0x1fffe938                count
 *fill*         0x1fffe93a        0x2 
 .bss.pwm_param
                0x1fffe93c        0x3 ./source/_Timer.o
                0x1fffe93c                pwm_param
 *fill*         0x1fffe93f        0x1 
 .bss.ucHeap    0x1fffe940     0x2800 ./freertos/heap_4.o
 .bss.xStart    0x20001140        0x8 ./freertos/heap_4.o
 .bss.pxEnd     0x20001148        0x4 ./freertos/heap_4.o
 .bss.xFreeBytesRemaining
                0x2000114c        0x4 ./freertos/heap_4.o
 .bss.xMinimumEverFreeBytesRemaining
                0x20001150        0x4 ./freertos/heap_4.o
 .bss.xBlockAllocatedBit
                0x20001154        0x4 ./freertos/heap_4.o
 .bss.xQueueRegistry
                0x20001158       0x40 ./freertos/queue.o
                0x20001158                xQueueRegistry
 .bss.pxCurrentTCB
                0x20001198        0x4 ./freertos/tasks.o
                0x20001198                pxCurrentTCB
 .bss.pxReadyTasksLists
                0x2000119c       0x64 ./freertos/tasks.o
 .bss.xDelayedTaskList1
                0x20001200       0x14 ./freertos/tasks.o
 .bss.xDelayedTaskList2
                0x20001214       0x14 ./freertos/tasks.o
 .bss.pxDelayedTaskList
                0x20001228        0x4 ./freertos/tasks.o
 .bss.pxOverflowDelayedTaskList
                0x2000122c        0x4 ./freertos/tasks.o
 .bss.xPendingReadyList
                0x20001230       0x14 ./freertos/tasks.o
 .bss.xTasksWaitingTermination
                0x20001244       0x14 ./freertos/tasks.o
 .bss.uxDeletedTasksWaitingCleanUp
                0x20001258        0x4 ./freertos/tasks.o
 .bss.xSuspendedTaskList
                0x2000125c       0x14 ./freertos/tasks.o
 .bss.uxCurrentNumberOfTasks
                0x20001270        0x4 ./freertos/tasks.o
 .bss.xTickCount
                0x20001274        0x4 ./freertos/tasks.o
 .bss.uxTopReadyPriority
                0x20001278        0x4 ./freertos/tasks.o
 .bss.xSchedulerRunning
                0x2000127c        0x4 ./freertos/tasks.o
 .bss.uxPendedTicks
                0x20001280        0x4 ./freertos/tasks.o
 .bss.xYieldPending
                0x20001284        0x4 ./freertos/tasks.o
 .bss.xNumOfOverflows
                0x20001288        0x4 ./freertos/tasks.o
 .bss.uxTaskNumber
                0x2000128c        0x4 ./freertos/tasks.o
 .bss.xNextTaskUnblockTime
                0x20001290        0x4 ./freertos/tasks.o
 .bss.xIdleTaskHandle
                0x20001294        0x4 ./freertos/tasks.o
 .bss.uxSchedulerSuspended
                0x20001298        0x4 ./freertos/tasks.o
 .bss.xActiveTimerList1
                0x2000129c       0x14 ./freertos/timers.o
 .bss.xActiveTimerList2
                0x200012b0       0x14 ./freertos/timers.o
 .bss.pxCurrentTimerList
                0x200012c4        0x4 ./freertos/timers.o
 .bss.pxOverflowTimerList
                0x200012c8        0x4 ./freertos/timers.o
 .bss.xTimerQueue
                0x200012cc        0x4 ./freertos/timers.o
 .bss.xTimerTaskHandle
                0x200012d0        0x4 ./freertos/timers.o
 .bss.xLastTime.4949
                0x200012d4        0x4 ./freertos/timers.o
 .bss.g_xtal0Freq
                0x200012d8        0x4 ./drivers/fsl_clock.o
                0x200012d8                g_xtal0Freq
 .bss.g_xtal32Freq
                0x200012dc        0x4 ./drivers/fsl_clock.o
                0x200012dc                g_xtal32Freq
 .bss.s_DMAHandle
                0x200012e0       0x10 ./drivers/fsl_dma.o
 .bss.s_i2cHandle
                0x200012f0        0x8 ./drivers/fsl_i2c.o
 .bss.s_i2cMasterIsr
                0x200012f8        0x4 ./drivers/fsl_i2c.o
 .bss.s_i2cSlaveIsr
                0x200012fc        0x4 ./drivers/fsl_i2c.o
 .bss.s_lpuartHandle
                0x20001300        0x8 ./drivers/fsl_lpuart.o
 .bss.s_lpuartIsr
                0x20001308        0x4 ./drivers/fsl_lpuart.o
 .bss.s_uartHandle
                0x2000130c        0xc ./drivers/fsl_uart.o
 .bss.s_uartIsr
                0x20001318        0x4 ./drivers/fsl_uart.o
 *(COMMON)
                0x2000131c                . = ALIGN (0x4)
                0x2000131c                _ebss = .
                [!provide]                PROVIDE (end, .)

.noinit         0x2000131c        0x0 load address 0x0000aff0
                0x2000131c                _noinit = .
 *(.noinit*)
                0x2000131c                . = ALIGN (0x4)
                0x2000131c                _end_noinit = .

.heap           0x2000131c      0x800 load address 0x0000aff0
                0x2000131c                _pvHeapStart = .
                0x20001b1c                . = (. + 0x800)
 *fill*         0x2000131c      0x800 
                0x20001b1c                . = ALIGN (0x4)
                0x20001b1c                _pvHeapLimit = .

.heap2stackfill
                0x20001b1c      0x800 load address 0x0000aff0
                0x2000231c                . = (. + 0x800)
 *fill*         0x20001b1c      0x800 

.stack          0x20005800        0x0
                0x20005800                _vStackBase = .
                0x20005800                . = ALIGN (0x4)
                0x20006000                _vStackTop = (. + 0x800)
OUTPUT(SmartTorqueFW2.axf elf32-littlearm)

.ARM.attributes
                0x00000000       0x28
 .ARM.attributes
                0x00000000       0x1e c:/nxp/mcuxpressoide_10.0.0_344/ide/tools/bin/../lib/gcc/arm-none-eabi/5.4.1/armv6-m/crti.o
 .ARM.attributes
                0x0000001e       0x32 ./utilities/fsl_debug_console.o
 .ARM.attributes
                0x00000050       0x32 ./startup/startup_mkl43z4.o
 .ARM.attributes
                0x00000082       0x32 ./source/SmartTorqueFW.o
 .ARM.attributes
                0x000000b4       0x32 ./source/_ADCSense.o
 .ARM.attributes
                0x000000e6       0x32 ./source/_Bluetooth.o
 .ARM.attributes
                0x00000118       0x32 ./source/_Display.o
 .ARM.attributes
                0x0000014a       0x32 ./source/_FRAM.o
 .ARM.attributes
                0x0000017c       0x32 ./source/_HMI.o
 .ARM.attributes
                0x000001ae       0x32 ./source/_RTC.o
 .ARM.attributes
                0x000001e0       0x32 ./source/_Sys_Control.o
 .ARM.attributes
                0x00000212       0x32 ./source/_Timer.o
 .ARM.attributes
                0x00000244       0x32 ./freertos/event_groups.o
 .ARM.attributes
                0x00000276       0x32 ./freertos/fsl_tickless_lptmr.o
 .ARM.attributes
                0x000002a8       0x32 ./freertos/heap_4.o
 .ARM.attributes
                0x000002da       0x32 ./freertos/list.o
 .ARM.attributes
                0x0000030c       0x32 ./freertos/port.o
 .ARM.attributes
                0x0000033e       0x32 ./freertos/queue.o
 .ARM.attributes
                0x00000370       0x32 ./freertos/tasks.o
 .ARM.attributes
                0x000003a2       0x32 ./freertos/timers.o
 .ARM.attributes
                0x000003d4       0x32 ./drivers/fsl_adc16.o
 .ARM.attributes
                0x00000406       0x32 ./drivers/fsl_clock.o
 .ARM.attributes
                0x00000438       0x32 ./drivers/fsl_dma.o
 .ARM.attributes
                0x0000046a       0x32 ./drivers/fsl_dmamux.o
 .ARM.attributes
                0x0000049c       0x32 ./drivers/fsl_gpio.o
 .ARM.attributes
                0x000004ce       0x32 ./drivers/fsl_i2c.o
 .ARM.attributes
                0x00000500       0x32 ./drivers/fsl_lptmr.o
 .ARM.attributes
                0x00000532       0x32 ./drivers/fsl_lpuart.o
 .ARM.attributes
                0x00000564       0x32 ./drivers/fsl_slcd.o
 .ARM.attributes
                0x00000596       0x32 ./drivers/fsl_tpm.o
 .ARM.attributes
                0x000005c8       0x32 ./drivers/fsl_uart.o
 .ARM.attributes
                0x000005fa       0x32 ./drivers/fsl_uart_freertos.o
 .ARM.attributes
                0x0000062c       0x32 ./board/clock_config.o
 .ARM.attributes
                0x0000065e       0x32 ./board/mtb.o
 .ARM.attributes
                0x00000690       0x32 ./board/pin_mux.o
 .ARM.attributes
                0x000006c2       0x32 ./CMSIS/system_MKL43Z4.o
 .ARM.attributes
                0x000006f4       0x1e c:/nxp/mcuxpressoide_10.0.0_344/ide/tools/bin/../lib/gcc/arm-none-eabi/5.4.1/armv6-m\libgcc.a(_udivsi3.o)
 .ARM.attributes
                0x00000712       0x1e c:/nxp/mcuxpressoide_10.0.0_344/ide/tools/bin/../lib/gcc/arm-none-eabi/5.4.1/armv6-m\libgcc.a(_divsi3.o)
 .ARM.attributes
                0x00000730       0x1e c:/nxp/mcuxpressoide_10.0.0_344/ide/tools/bin/../lib/gcc/arm-none-eabi/5.4.1/armv6-m\libgcc.a(_dvmd_tls.o)
 .ARM.attributes
                0x0000074e       0x2c c:/nxp/mcuxpressoide_10.0.0_344/ide/tools/bin/../lib/gcc/arm-none-eabi/5.4.1/armv6-m\libgcc.a(divdf3.o)
 .ARM.attributes
                0x0000077a       0x2c c:/nxp/mcuxpressoide_10.0.0_344/ide/tools/bin/../lib/gcc/arm-none-eabi/5.4.1/armv6-m\libgcc.a(muldf3.o)
 .ARM.attributes
                0x000007a6       0x2c c:/nxp/mcuxpressoide_10.0.0_344/ide/tools/bin/../lib/gcc/arm-none-eabi/5.4.1/armv6-m\libgcc.a(fixdfsi.o)
 .ARM.attributes
                0x000007d2       0x2c c:/nxp/mcuxpressoide_10.0.0_344/ide/tools/bin/../lib/gcc/arm-none-eabi/5.4.1/armv6-m\libgcc.a(floatunsidf.o)
 .ARM.attributes
                0x000007fe       0x1e c:/nxp/mcuxpressoide_10.0.0_344/ide/tools/bin/../lib/gcc/arm-none-eabi/5.4.1/armv6-m\libgcc.a(_clzsi2.o)
 .ARM.attributes
                0x0000081c       0x2c c:/nxp/mcuxpressoide_10.0.0_344/ide/tools/bin/../lib/gcc/arm-none-eabi/5.4.1/../../../../arm-none-eabi/lib/armv6-m\libc.a(lib_a-atoi.o)
 .ARM.attributes
                0x00000848       0x2c c:/nxp/mcuxpressoide_10.0.0_344/ide/tools/bin/../lib/gcc/arm-none-eabi/5.4.1/../../../../arm-none-eabi/lib/armv6-m\libc.a(lib_a-impure.o)
 .ARM.attributes
                0x00000874       0x2c c:/nxp/mcuxpressoide_10.0.0_344/ide/tools/bin/../lib/gcc/arm-none-eabi/5.4.1/../../../../arm-none-eabi/lib/armv6-m\libc.a(lib_a-memcpy-stub.o)
 .ARM.attributes
                0x000008a0       0x2c c:/nxp/mcuxpressoide_10.0.0_344/ide/tools/bin/../lib/gcc/arm-none-eabi/5.4.1/../../../../arm-none-eabi/lib/armv6-m\libc.a(lib_a-memset.o)
 .ARM.attributes
                0x000008cc       0x1b c:/nxp/mcuxpressoide_10.0.0_344/ide/tools/bin/../lib/gcc/arm-none-eabi/5.4.1/../../../../arm-none-eabi/lib/armv6-m\libc.a(lib_a-strcmp.o)
 .ARM.attributes
                0x000008e7       0x2c c:/nxp/mcuxpressoide_10.0.0_344/ide/tools/bin/../lib/gcc/arm-none-eabi/5.4.1/../../../../arm-none-eabi/lib/armv6-m\libc.a(lib_a-strcpy.o)
 .ARM.attributes
                0x00000913       0x2c c:/nxp/mcuxpressoide_10.0.0_344/ide/tools/bin/../lib/gcc/arm-none-eabi/5.4.1/../../../../arm-none-eabi/lib/armv6-m\libc.a(lib_a-strlen-stub.o)
 .ARM.attributes
                0x0000093f       0x2c c:/nxp/mcuxpressoide_10.0.0_344/ide/tools/bin/../lib/gcc/arm-none-eabi/5.4.1/../../../../arm-none-eabi/lib/armv6-m\libc.a(lib_a-strtol.o)
 .ARM.attributes
                0x0000096b       0x2c c:/nxp/mcuxpressoide_10.0.0_344/ide/tools/bin/../lib/gcc/arm-none-eabi/5.4.1/../../../../arm-none-eabi/lib/armv6-m\libc.a(lib_a-locale.o)
 .ARM.attributes
                0x00000997       0x2c c:/nxp/mcuxpressoide_10.0.0_344/ide/tools/bin/../lib/gcc/arm-none-eabi/5.4.1/../../../../arm-none-eabi/lib/armv6-m\libc.a(lib_a-mbtowc_r.o)
 .ARM.attributes
                0x000009c3       0x2c c:/nxp/mcuxpressoide_10.0.0_344/ide/tools/bin/../lib/gcc/arm-none-eabi/5.4.1/../../../../arm-none-eabi/lib/armv6-m\libc.a(lib_a-wctomb_r.o)
 .ARM.attributes
                0x000009ef       0x2c c:/nxp/mcuxpressoide_10.0.0_344/ide/tools/bin/../lib/gcc/arm-none-eabi/5.4.1/../../../../arm-none-eabi/lib/armv6-m\libc.a(lib_a-ctype_.o)

.comment        0x00000000       0x6e
 .comment       0x00000000       0x6e ./utilities/fsl_debug_console.o
                                 0x6f (size before relaxing)
 .comment       0x0000006e       0x6f ./startup/startup_mkl43z4.o
 .comment       0x0000006e       0x6f ./source/SmartTorqueFW.o
 .comment       0x0000006e       0x6f ./source/_ADCSense.o
 .comment       0x0000006e       0x6f ./source/_Bluetooth.o
 .comment       0x0000006e       0x6f ./source/_Display.o
 .comment       0x0000006e       0x6f ./source/_FRAM.o
 .comment       0x0000006e       0x6f ./source/_HMI.o
 .comment       0x0000006e       0x6f ./source/_RTC.o
 .comment       0x0000006e       0x6f ./source/_Sys_Control.o
 .comment       0x0000006e       0x6f ./source/_Timer.o
 .comment       0x0000006e       0x6f ./freertos/event_groups.o
 .comment       0x0000006e       0x6f ./freertos/fsl_tickless_lptmr.o
 .comment       0x0000006e       0x6f ./freertos/heap_4.o
 .comment       0x0000006e       0x6f ./freertos/list.o
 .comment       0x0000006e       0x6f ./freertos/port.o
 .comment       0x0000006e       0x6f ./freertos/queue.o
 .comment       0x0000006e       0x6f ./freertos/tasks.o
 .comment       0x0000006e       0x6f ./freertos/timers.o
 .comment       0x0000006e       0x6f ./drivers/fsl_adc16.o
 .comment       0x0000006e       0x6f ./drivers/fsl_clock.o
 .comment       0x0000006e       0x6f ./drivers/fsl_dma.o
 .comment       0x0000006e       0x6f ./drivers/fsl_dmamux.o
 .comment       0x0000006e       0x6f ./drivers/fsl_gpio.o
 .comment       0x0000006e       0x6f ./drivers/fsl_i2c.o
 .comment       0x0000006e       0x6f ./drivers/fsl_lptmr.o
 .comment       0x0000006e       0x6f ./drivers/fsl_lpuart.o
 .comment       0x0000006e       0x6f ./drivers/fsl_slcd.o
 .comment       0x0000006e       0x6f ./drivers/fsl_tpm.o
 .comment       0x0000006e       0x6f ./drivers/fsl_uart.o
 .comment       0x0000006e       0x6f ./drivers/fsl_uart_freertos.o
 .comment       0x0000006e       0x6f ./board/clock_config.o
 .comment       0x0000006e       0x6f ./board/mtb.o
 .comment       0x0000006e       0x6f ./board/pin_mux.o
 .comment       0x0000006e       0x6f ./CMSIS/system_MKL43Z4.o

.debug_frame    0x00000000      0x3a8
 .debug_frame   0x00000000       0x20 c:/nxp/mcuxpressoide_10.0.0_344/ide/tools/bin/../lib/gcc/arm-none-eabi/5.4.1/armv6-m\libgcc.a(_udivsi3.o)
 .debug_frame   0x00000020       0x20 c:/nxp/mcuxpressoide_10.0.0_344/ide/tools/bin/../lib/gcc/arm-none-eabi/5.4.1/armv6-m\libgcc.a(_divsi3.o)
 .debug_frame   0x00000040       0x3c c:/nxp/mcuxpressoide_10.0.0_344/ide/tools/bin/../lib/gcc/arm-none-eabi/5.4.1/armv6-m\libgcc.a(divdf3.o)
 .debug_frame   0x0000007c       0x3c c:/nxp/mcuxpressoide_10.0.0_344/ide/tools/bin/../lib/gcc/arm-none-eabi/5.4.1/armv6-m\libgcc.a(muldf3.o)
 .debug_frame   0x000000b8       0x2c c:/nxp/mcuxpressoide_10.0.0_344/ide/tools/bin/../lib/gcc/arm-none-eabi/5.4.1/armv6-m\libgcc.a(fixdfsi.o)
 .debug_frame   0x000000e4       0x2c c:/nxp/mcuxpressoide_10.0.0_344/ide/tools/bin/../lib/gcc/arm-none-eabi/5.4.1/armv6-m\libgcc.a(floatunsidf.o)
 .debug_frame   0x00000110       0x40 c:/nxp/mcuxpressoide_10.0.0_344/ide/tools/bin/../lib/gcc/arm-none-eabi/5.4.1/../../../../arm-none-eabi/lib/armv6-m\libc.a(lib_a-atoi.o)
 .debug_frame   0x00000150       0x2c c:/nxp/mcuxpressoide_10.0.0_344/ide/tools/bin/../lib/gcc/arm-none-eabi/5.4.1/../../../../arm-none-eabi/lib/armv6-m\libc.a(lib_a-memcpy-stub.o)
 .debug_frame   0x0000017c       0x2c c:/nxp/mcuxpressoide_10.0.0_344/ide/tools/bin/../lib/gcc/arm-none-eabi/5.4.1/../../../../arm-none-eabi/lib/armv6-m\libc.a(lib_a-memset.o)
 .debug_frame   0x000001a8       0x20 c:/nxp/mcuxpressoide_10.0.0_344/ide/tools/bin/../lib/gcc/arm-none-eabi/5.4.1/../../../../arm-none-eabi/lib/armv6-m\libc.a(lib_a-strcmp.o)
 .debug_frame   0x000001c8       0x20 c:/nxp/mcuxpressoide_10.0.0_344/ide/tools/bin/../lib/gcc/arm-none-eabi/5.4.1/../../../../arm-none-eabi/lib/armv6-m\libc.a(lib_a-strcpy.o)
 .debug_frame   0x000001e8       0x28 c:/nxp/mcuxpressoide_10.0.0_344/ide/tools/bin/../lib/gcc/arm-none-eabi/5.4.1/../../../../arm-none-eabi/lib/armv6-m\libc.a(lib_a-strlen-stub.o)
 .debug_frame   0x00000210       0x90 c:/nxp/mcuxpressoide_10.0.0_344/ide/tools/bin/../lib/gcc/arm-none-eabi/5.4.1/../../../../arm-none-eabi/lib/armv6-m\libc.a(lib_a-strtol.o)
 .debug_frame   0x000002a0       0x8c c:/nxp/mcuxpressoide_10.0.0_344/ide/tools/bin/../lib/gcc/arm-none-eabi/5.4.1/../../../../arm-none-eabi/lib/armv6-m\libc.a(lib_a-locale.o)
 .debug_frame   0x0000032c       0x40 c:/nxp/mcuxpressoide_10.0.0_344/ide/tools/bin/../lib/gcc/arm-none-eabi/5.4.1/../../../../arm-none-eabi/lib/armv6-m\libc.a(lib_a-mbtowc_r.o)
 .debug_frame   0x0000036c       0x3c c:/nxp/mcuxpressoide_10.0.0_344/ide/tools/bin/../lib/gcc/arm-none-eabi/5.4.1/../../../../arm-none-eabi/lib/armv6-m\libc.a(lib_a-wctomb_r.o)
