Archive member included to satisfy reference by file (symbol)

c:/nxp/mcuxpressoide_10.0.0_344/ide/tools/bin/../lib/gcc/arm-none-eabi/5.4.1/armv6-m\libgcc.a(_udivsi3.o)
                              ./utilities/fsl_debug_console.o (__aeabi_uidiv)
c:/nxp/mcuxpressoide_10.0.0_344/ide/tools/bin/../lib/gcc/arm-none-eabi/5.4.1/armv6-m\libgcc.a(_divsi3.o)
                              ./utilities/fsl_debug_console.o (__aeabi_idiv)
c:/nxp/mcuxpressoide_10.0.0_344/ide/tools/bin/../lib/gcc/arm-none-eabi/5.4.1/armv6-m\libgcc.a(_dvmd_tls.o)
                              c:/nxp/mcuxpressoide_10.0.0_344/ide/tools/bin/../lib/gcc/arm-none-eabi/5.4.1/armv6-m\libgcc.a(_udivsi3.o) (__aeabi_idiv0)
c:/nxp/mcuxpressoide_10.0.0_344/ide/tools/bin/../lib/gcc/arm-none-eabi/5.4.1/armv6-m\libgcc.a(_aeabi_uldivmod.o)
                              ./source/_Timer.o (__aeabi_uldivmod)
c:/nxp/mcuxpressoide_10.0.0_344/ide/tools/bin/../lib/gcc/arm-none-eabi/5.4.1/armv6-m\libgcc.a(_muldi3.o)
                              ./source/_Timer.o (__aeabi_lmul)
c:/nxp/mcuxpressoide_10.0.0_344/ide/tools/bin/../lib/gcc/arm-none-eabi/5.4.1/armv6-m\libgcc.a(_udivmoddi4.o)
                              c:/nxp/mcuxpressoide_10.0.0_344/ide/tools/bin/../lib/gcc/arm-none-eabi/5.4.1/armv6-m\libgcc.a(_aeabi_uldivmod.o) (__udivmoddi4)
c:/nxp/mcuxpressoide_10.0.0_344/ide/tools/bin/../lib/gcc/arm-none-eabi/5.4.1/armv6-m\libgcc.a(divdf3.o)
                              ./source/_ADCSense.o (__aeabi_ddiv)
c:/nxp/mcuxpressoide_10.0.0_344/ide/tools/bin/../lib/gcc/arm-none-eabi/5.4.1/armv6-m\libgcc.a(muldf3.o)
                              ./source/_ADCSense.o (__aeabi_dmul)
c:/nxp/mcuxpressoide_10.0.0_344/ide/tools/bin/../lib/gcc/arm-none-eabi/5.4.1/armv6-m\libgcc.a(fixdfsi.o)
                              ./source/_ADCSense.o (__aeabi_d2iz)
c:/nxp/mcuxpressoide_10.0.0_344/ide/tools/bin/../lib/gcc/arm-none-eabi/5.4.1/armv6-m\libgcc.a(floatunsidf.o)
                              ./source/_ADCSense.o (__aeabi_ui2d)
c:/nxp/mcuxpressoide_10.0.0_344/ide/tools/bin/../lib/gcc/arm-none-eabi/5.4.1/armv6-m\libgcc.a(_clzsi2.o)
                              c:/nxp/mcuxpressoide_10.0.0_344/ide/tools/bin/../lib/gcc/arm-none-eabi/5.4.1/armv6-m\libgcc.a(divdf3.o) (__clzsi2)
c:/nxp/mcuxpressoide_10.0.0_344/ide/tools/bin/../lib/gcc/arm-none-eabi/5.4.1/armv6-m\libgcc.a(_clzdi2.o)
                              c:/nxp/mcuxpressoide_10.0.0_344/ide/tools/bin/../lib/gcc/arm-none-eabi/5.4.1/armv6-m\libgcc.a(_udivmoddi4.o) (__clzdi2)
c:/nxp/mcuxpressoide_10.0.0_344/ide/tools/bin/../lib/gcc/arm-none-eabi/5.4.1/../../../../arm-none-eabi/lib/armv6-m\libc.a(lib_a-atoi.o)
                              ./source/_Sys_Control.o (atoi)
c:/nxp/mcuxpressoide_10.0.0_344/ide/tools/bin/../lib/gcc/arm-none-eabi/5.4.1/../../../../arm-none-eabi/lib/armv6-m\libc.a(lib_a-exit.o)
                              c:/nxp/mcuxpressoide_10.0.0_344/ide/tools/bin/../lib/gcc/arm-none-eabi/5.4.1/../../../../arm-none-eabi/lib/armv6-m/crt0.o (exit)
c:/nxp/mcuxpressoide_10.0.0_344/ide/tools/bin/../lib/gcc/arm-none-eabi/5.4.1/../../../../arm-none-eabi/lib/armv6-m\libc.a(lib_a-impure.o)
                              c:/nxp/mcuxpressoide_10.0.0_344/ide/tools/bin/../lib/gcc/arm-none-eabi/5.4.1/../../../../arm-none-eabi/lib/armv6-m\libc.a(lib_a-exit.o) (_global_impure_ptr)
c:/nxp/mcuxpressoide_10.0.0_344/ide/tools/bin/../lib/gcc/arm-none-eabi/5.4.1/../../../../arm-none-eabi/lib/armv6-m\libc.a(lib_a-init.o)
                              c:/nxp/mcuxpressoide_10.0.0_344/ide/tools/bin/../lib/gcc/arm-none-eabi/5.4.1/../../../../arm-none-eabi/lib/armv6-m/crt0.o (__libc_init_array)
c:/nxp/mcuxpressoide_10.0.0_344/ide/tools/bin/../lib/gcc/arm-none-eabi/5.4.1/../../../../arm-none-eabi/lib/armv6-m\libc.a(lib_a-memcpy-stub.o)
                              ./source/_Bluetooth.o (memcpy)
c:/nxp/mcuxpressoide_10.0.0_344/ide/tools/bin/../lib/gcc/arm-none-eabi/5.4.1/../../../../arm-none-eabi/lib/armv6-m\libc.a(lib_a-memset.o)
                              c:/nxp/mcuxpressoide_10.0.0_344/ide/tools/bin/../lib/gcc/arm-none-eabi/5.4.1/../../../../arm-none-eabi/lib/armv6-m/crt0.o (memset)
c:/nxp/mcuxpressoide_10.0.0_344/ide/tools/bin/../lib/gcc/arm-none-eabi/5.4.1/../../../../arm-none-eabi/lib/armv6-m\libc.a(lib_a-strcmp.o)
                              ./source/_Sys_Control.o (strcmp)
c:/nxp/mcuxpressoide_10.0.0_344/ide/tools/bin/../lib/gcc/arm-none-eabi/5.4.1/../../../../arm-none-eabi/lib/armv6-m\libc.a(lib_a-strcpy.o)
                              ./source/_Sys_Control.o (strcpy)
c:/nxp/mcuxpressoide_10.0.0_344/ide/tools/bin/../lib/gcc/arm-none-eabi/5.4.1/../../../../arm-none-eabi/lib/armv6-m\libc.a(lib_a-strlen-stub.o)
                              ./utilities/fsl_debug_console.o (strlen)
c:/nxp/mcuxpressoide_10.0.0_344/ide/tools/bin/../lib/gcc/arm-none-eabi/5.4.1/../../../../arm-none-eabi/lib/armv6-m\libc.a(lib_a-strtol.o)
[...]
Memory Configuration

Name             Origin             Length             Attributes
PROGRAM_FLASH    0x00000000         0x00040000         xr
SRAM             0x1fffe000         0x00008000         xrw
*default*        0x00000000         0xffffffff

Linker script and memory map

LOAD c:/nxp/mcuxpressoide_10.0.0_344/ide/tools/bin/../lib/gcc/arm-none-eabi/5.4.1/armv6-m/crti.o
LOAD c:/nxp/mcuxpressoide_10.0.0_344/ide/tools/bin/../lib/gcc/arm-none-eabi/5.4.1/armv6-m/crtbegin.o
LOAD c:/nxp/mcuxpressoide_10.0.0_344/ide/tools/bin/../lib/gcc/arm-none-eabi/5.4.1/../../../../arm-none-eabi/lib/armv6-m/crt0.o
LOAD ./utilities/fsl_debug_console.o
LOAD ./startup/startup_mkl43z4.o
LOAD ./source/SmartTorqueFW.o
LOAD ./source/_ADCSense.o
LOAD ./source/_Bluetooth.o
LOAD ./source/_Display.o
LOAD ./source/_FRAM.o
LOAD ./source/_HMI.o
LOAD ./source/_RTC.o
LOAD ./source/_Sys_Control.o
LOAD ./source/_Timer.o
LOAD ./freertos/croutine.o
LOAD ./freertos/event_groups.o
LOAD ./freertos/fsl_tickless_lptmr.o
LOAD ./freertos/fsl_tickless_systick.o
LOAD ./freertos/heap_4.o
LOAD ./freertos/list.o
LOAD ./freertos/port.o
LOAD ./freertos/queue.o
LOAD ./freertos/tasks.o
LOAD ./freertos/timers.o
LOAD ./drivers/fsl_adc16.o
LOAD ./drivers/fsl_clock.o
LOAD ./drivers/fsl_common.o
LOAD ./drivers/fsl_dma.o
LOAD ./drivers/fsl_dmamux.o
LOAD ./drivers/fsl_flash.o
LOAD ./drivers/fsl_gpio.o
LOAD ./drivers/fsl_i2c.o
LOAD ./drivers/fsl_i2c_freertos.o
LOAD ./drivers/fsl_lptmr.o
LOAD ./drivers/fsl_lpuart.o
LOAD ./drivers/fsl_lpuart_freertos.o
LOAD ./drivers/fsl_pmc.o
LOAD ./drivers/fsl_rtc.o
LOAD ./drivers/fsl_slcd.o
LOAD ./drivers/fsl_smc.o
LOAD ./drivers/fsl_tpm.o
LOAD ./drivers/fsl_uart.o
LOAD ./drivers/fsl_uart_freertos.o
LOAD ./board/board.o
LOAD ./board/clock_config.o
LOAD ./board/mtb.o
LOAD ./board/pin_mux.o
LOAD ./CMSIS/system_MKL43Z4.o
START GROUP
LOAD c:/nxp/mcuxpressoide_10.0.0_344/ide/tools/bin/../lib/gcc/arm-none-eabi/5.4.1/armv6-m\libgcc.a
LOAD c:/nxp/mcuxpressoide_10.0.0_344/ide/tools/bin/../lib/gcc/arm-none-eabi/5.4.1/../../../../arm-none-eabi/lib/armv6-m\libc.a
END GROUP
LOAD c:/nxp/mcuxpressoide_10.0.0_344/ide/tools/bin/../lib/gcc/arm-none-eabi/5.4.1/armv6-m/crtend.o
LOAD c:/nxp/mcuxpressoide_10.0.0_344/ide/tools/bin/../lib/gcc/arm-none-eabi/5.4.1/armv6-m/crtn.o
START GROUP
LOAD c:/nxp/mcuxpressoide_10.0.0_344/ide/tools/bin/../lib/gcc/arm-none-eabi/5.4.1/../../../../arm-none-eabi/lib/armv6-m\libcr_nohost_nf.a
LOAD c:/nxp/mcuxpressoide_10.0.0_344/ide/tools/bin/../lib/gcc/arm-none-eabi/5.4.1/../../../../arm-none-eabi/lib/armv6-m\libcr_c.a
LOAD c:/nxp/mcuxpressoide_10.0.0_344/ide/tools/bin/../lib/gcc/arm-none-eabi/5.4.1/armv6-m\libcr_eabihelpers.a
END GROUP
                0x00000000                __base_PROGRAM_FLASH = 0x0
                0x00000000                __base_Flash = 0x0
                0x00040000                __top_PROGRAM_FLASH = 0x40000
                0x00040000                __top_Flash = 0x40000
                0x1fffe000                __base_SRAM = 0x1fffe000
                0x1fffe000                __base_RAM = 0x1fffe000
                0x20006000                __top_SRAM = 0x20006000
                0x20006000                __top_RAM = 0x20006000

.text           0x00000000     0xac2c
 FILL mask 0xff
                0x00000000                __vectors_start__ = ABSOLUTE (.)
 *(.isr_vector)
 .isr_vector    0x00000000       0xc0 ./startup/startup_mkl43z4.o
                0x00000000                g_pfnVectors
                0x00000000                __Vectors
                0x000000c0                . = ALIGN (0x4)
                0x000000c0                __section_table_start = .
                0x000000c0                __data_section_table = .
                0x000000c0        0x4 LONG 0xac3c LOADADDR (.data)
                0x000000c4        0x4 LONG 0x1fffe080 ADDR (.data)
                0x000000c8        0x4 LONG 0x5b8 SIZEOF (.data)
                0x000000cc                __data_section_table_end = .
                0x000000cc                __bss_section_table = .
                0x000000cc        0x4 LONG 0x1fffe638 ADDR (.bss)
                0x000000d0        0x4 LONG 0x2d90 SIZEOF (.bss)
                0x000000d4                __bss_section_table_end = .
                0x000000d4                __section_table_end = .
 *(.after_vectors*)
 .after_vectors.init_data
                0x000000d4       0x40 ./startup/startup_mkl43z4.o
                0x000000d4                data_init
 .after_vectors.init_bss
                0x00000114       0x34 ./startup/startup_mkl43z4.o
                0x00000114                bss_init
 .after_vectors.reset
                0x00000148       0x84 ./startup/startup_mkl43z4.o
                0x00000148                ResetISR
 .after_vectors
                0x000001cc      0x230 ./startup/startup_mkl43z4.o
                0x000001cc                NMI_Handler
                0x000001d4                HardFault_Handler
                0x000001f4                Reserved42_DriverIRQHandler
                0x000001f4                PIT_DriverIRQHandler
                0x000001f4                SPI1_DriverIRQHandler
                0x000001f4                LPTMR0_DriverIRQHandler
                0x000001f4                PORTC_PORTD_DriverIRQHandler
                0x000001f4                PMC_DriverIRQHandler
                0x000001f4                Reserved43_DriverIRQHandler
                0x000001f4                CMP0_DriverIRQHandler
                0x000001f4                I2S0_DriverIRQHandler
                0x000001f4                ADC0_DriverIRQHandler
                0x000001f4                TPM2_DriverIRQHandler
                0x000001f4                SPI0_DriverIRQHandler
                0x000001f4                LCD_DriverIRQHandler
                0x000001f4                RTC_DriverIRQHandler
                0x000001f4                RTC_Seconds_DriverIRQHandler
                0x000001f4                LLWU_DriverIRQHandler
                0x000001f4                TPM1_DriverIRQHandler
                0x000001f4                PORTA_DriverIRQHandler
                0x000001f4                UART2_FLEXIO_DriverIRQHandler
                0x000001f4                FTFA_DriverIRQHandler
                0x000001f4                IntDefaultHandler
                0x000001f4                USB0_DriverIRQHandler
                0x000001f4                DAC0_DriverIRQHandler
                0x000001f4                TPM0_DriverIRQHandler
                0x000001f4                Reserved20_DriverIRQHandler
                0x0000020c                DMA1_IRQHandler
                0x0000021c                DMA2_IRQHandler
                0x0000022c                DMA3_IRQHandler
                0x0000023c                Reserved20_IRQHandler
                0x0000024c                FTFA_IRQHandler
                0x0000025c                PMC_IRQHandler
                0x0000026c                LLWU_IRQHandler
                0x0000027c                I2C0_IRQHandler
                0x0000028c                I2C1_IRQHandler
                0x0000029c                SPI0_IRQHandler
                0x000002ac                SPI1_IRQHandler
                0x000002bc                LPUART0_IRQHandler
                0x000002cc                LPUART1_IRQHandler
                0x000002ec                ADC0_IRQHandler
                0x000002fc                CMP0_IRQHandler
                0x0000030c                TPM0_IRQHandler
                0x0000032c                TPM2_IRQHandler
                0x0000033c                RTC_IRQHandler
                0x0000035c                PIT_IRQHandler
                0x0000036c                I2S0_IRQHandler
                0x0000037c                USB0_IRQHandler
                0x0000038c                DAC0_IRQHandler
                0x0000039c                Reserved42_IRQHandler
                0x000003ac                Reserved43_IRQHandler
                0x000003bc                LPTMR0_IRQHandler
                0x000003cc                LCD_IRQHandler
                0x00000400                . = 0x400
 *fill*         0x000003fc        0x4 ff
                0x00000400                PROVIDE (__FLASH_CONFIG_START__, .)
 *(.FlashConfig)
 .FlashConfig   0x00000400       0x10 ./startup/startup_mkl43z4.o
                0x00000400                Flash_Config
                0x00000410                PROVIDE (__FLASH_CONFIG_END__, .)
                0x00000001                ASSERT (! ((__FLASH_CONFIG_START__ == __FLASH_CONFIG_END__)), Linker Flash Config Support Enabled, but no .FlashConfig section provided within application)
 *(.text*)
 .text.DbgConsole_Printf
                0x00000410       0x44 ./utilities/fsl_debug_console.o
                0x00000410                DbgConsole_Printf
 .text.DbgConsole_Putchar
                0x00000454       0x34 ./utilities/fsl_debug_console.o
                0x00000454                DbgConsole_Putchar
 .text.DbgConsole_PrintfPaddingCharacter
                0x00000488       0x48 ./utilities/fsl_debug_console.o
 .text.DbgConsole_ConvertRadixNumToString
                0x000004d0      0x114 ./utilities/fsl_debug_console.o
 .text.DbgConsole_PrintfFormattedData
                0x000005e4      0x334 ./utilities/fsl_debug_console.o
 .text.main     0x00000918       0xa4 ./source/SmartTorqueFW.o
                0x00000918                main
 .text.vApplicationTickHook
                0x000009bc       0x2c ./source/SmartTorqueFW.o
                0x000009bc                vApplicationTickHook
 .text.vApplicationMallocFailedHook
                0x000009e8        0x8 ./source/SmartTorqueFW.o
                0x000009e8                vApplicationMallocFailedHook
 .text.vApplicationStackOverflowHook
                0x000009f0        0xc ./source/SmartTorqueFW.o
                0x000009f0                vApplicationStackOverflowHook
 .text.vApplicationIdleHook
                0x000009fc       0x18 ./source/SmartTorqueFW.o
                0x000009fc                vApplicationIdleHook
 .text.NVIC_EnableIRQ
                0x00000a14       0x2c ./source/_ADCSense.o
 .text.ADC16_EnableDMA
                0x00000a40       0x3c ./source/_ADCSense.o
 .text.ADC16_EnableHardwareTrigger
                0x00000a7c       0x3c ./source/_ADCSense.o
 .text.DMA_EnableCycleSteal
                0x00000ab8       0x4c ./source/_ADCSense.o
 .text.DMA_EnableAsyncRequest
                0x00000b04       0x4c ./source/_ADCSense.o
 .text.DMA_EnableInterrupts
                0x00000b50       0x38 ./source/_ADCSense.o
 .text.DMA_ClearChannelStatusFlags
                0x00000b88       0x40 ./source/_ADCSense.o
 .text.DMA_StartTransfer
                0x00000bc8       0x44 ./source/_ADCSense.o
 .text.LPTMR_SetTimerPeriod
                0x00000c0c       0x1c ./source/_ADCSense.o
 .text.LPTMR_StartTimer
                0x00000c28       0x2c ./source/_ADCSense.o
 .text.LPTMR_StopTimer
                0x00000c54       0x2c ./source/_ADCSense.o
 .text.DMAMUX_EnableChannel
                0x00000c80       0x30 ./source/_ADCSense.o
 .text.DMAMUX_SetSource
                0x00000cb0       0x3c ./source/_ADCSense.o
 .text.ADC_INIT
                0x00000cec       0xd0 ./source/_ADCSense.o
                0x00000cec                ADC_INIT
 .text.BOARD_ConfigTrigger
                0x00000dbc       0x24 ./source/_ADCSense.o
                0x00000dbc                BOARD_ConfigTrigger
 .text.DMA_CONFIG
                0x00000de0       0xb0 ./source/_ADCSense.o
                0x00000de0                DMA_CONFIG
 .text.DMA0_IRQHandler
                0x00000e90       0xe0 ./source/_ADCSense.o
                0x00000e90                DMA0_IRQHandler
 .text.getMeasurements
                0x00000f70      0x118 ./source/_ADCSense.o
                0x00000f70                getMeasurements
 .text.LPTMR_TRIG
                0x00001088       0x30 ./source/_ADCSense.o
                0x00001088                LPTMR_TRIG
 .text.vADC16Task
                0x000010b8       0x40 ./source/_ADCSense.o
                0x000010b8                vADC16Task
 .text.NVIC_EnableIRQ
                0x000010f8       0x2c ./source/_Bluetooth.o
 .text.NVIC_SetPriority
                0x00001124       0xdc ./source/_Bluetooth.o
 .text.EnableIRQ
                0x00001200       0x2c ./source/_Bluetooth.o
 .text.UART_WriteByte
                0x0000122c       0x20 ./source/_Bluetooth.o
 .text.UART_ReadByte
                0x0000124c       0x18 ./source/_Bluetooth.o
 .text.on_message_send
                0x00001264       0xcc ./source/_Bluetooth.o
                0x00001264                on_message_send
 .text.Bluetooth_INIT
                0x00001330       0x74 ./source/_Bluetooth.o
                0x00001330                Bluetooth_INIT
 .text.UART2_FLEXIO_IRQHandler
                0x000013a4       0x78 ./source/_Bluetooth.o
                0x000013a4                UART2_FLEXIO_IRQHandler
 .text.vBluetoothTask
                0x0000141c      0x5a4 ./source/_Bluetooth.o
                0x0000141c                vBluetoothTask
 .text.Bluetooth_Send
                0x000019c0       0x80 ./source/_Bluetooth.o
                0x000019c0                Bluetooth_Send
 .text.Bluetooth_Reset
                0x00001a40       0x30 ./source/_Bluetooth.o
                0x00001a40                Bluetooth_Reset
 .text.print_address
                0x00001a70       0x54 ./source/_Bluetooth.o
                0x00001a70                print_address
 .text.CLOCK_EnableClock
                0x00001ac4       0x38 ./source/_Display.o
 .text.SLCD_StartDisplay
                0x00001afc       0x1c ./source/_Display.o
 .text.SLCD_StopBlinkMode
                0x00001b18       0x20 ./source/_Display.o
 .text.SLCD_SetBackPlanePhase
                0x00001b38       0x28 ./source/_Display.o
 .text.SLCD_SetFrontPlaneSegments
                0x00001b60       0x28 ./source/_Display.o
 .text.PORT_SetPinMux
                0x00001b88       0x40 ./source/_Display.o
 .text.InitPins
                0x00001bc8       0xdc ./source/_Display.o
                0x00001bc8                InitPins
 .text.Display_Init
                0x00001ca4       0xcc ./source/_Display.o
                0x00001ca4                Display_Init
 .text.Display_Blink
                0x00001d70       0x1c ./source/_Display.o
                0x00001d70                Display_Blink
 .text.Display_Stop_Blink
                0x00001d8c       0x18 ./source/_Display.o
                0x00001d8c                Display_Stop_Blink
 .text.Set_Display
                0x00001da4       0xd4 ./source/_Display.o
                0x00001da4                Set_Display
 .text.Display_Number
                0x00001e78      0x170 ./source/_Display.o
                0x00001e78                Display_Number
 .text.CLOCK_EnableClock
                0x00001fe8       0x38 ./source/_FRAM.o
 .text.PORT_SetPinConfig
                0x00002020       0x28 ./source/_FRAM.o
 .text.GPIO_WritePinOutput
                0x00002048       0x34 ./source/_FRAM.o
 .text.i2c_master_callback
                0x0000207c       0x48 ./source/_FRAM.o
                0x0000207c                i2c_master_callback
 .text.FRAM_INIT
                0x000020c4       0x88 ./source/_FRAM.o
                0x000020c4                FRAM_INIT
 .text.i2c_release_bus_delay
                0x0000214c       0x28 ./source/_FRAM.o
 .text.BOARD_I2C_ReleaseBus
                0x00002174      0x178 ./source/_FRAM.o
                0x00002174                BOARD_I2C_ReleaseBus
 .text.write    0x000022ec       0xbc ./source/_FRAM.o
                0x000022ec                write
 .text.read     0x000023a8       0xb8 ./source/_FRAM.o
                0x000023a8                read
 .text.NVIC_EnableIRQ
                0x00002460       0x2c ./source/_HMI.o
 .text.EnableIRQ
                0x0000248c       0x2c ./source/_HMI.o
 .text.PORT_SetPinInterruptConfig
                0x000024b8       0x40 ./source/_HMI.o
 .text.PORTA_IRQHandler
                0x000024f8       0xa4 ./source/_HMI.o
                0x000024f8                PORTA_IRQHandler
 .text.PORTC_PORTD_IRQHandler
                0x0000259c       0x74 ./source/_HMI.o
                0x0000259c                PORTC_PORTD_IRQHandler
 .text.HMI_INIT
                0x00002610       0x68 ./source/_HMI.o
                0x00002610                HMI_INIT
 .text.RTC_Seconds_IRQHandler
                0x00002678       0x90 ./source/_RTC.o
                0x00002678                RTC_Seconds_IRQHandler
 .text.GPIO_WritePinOutput
                0x00002708       0x34 ./source/_Sys_Control.o
 .text.GPIO_SetPinsOutput
                0x0000273c       0x18 ./source/_Sys_Control.o
 .text.GPIO_ClearPinsOutput
                0x00002754       0x18 ./source/_Sys_Control.o
 .text.Sys_Control_INIT
                0x0000276c       0xec ./source/_Sys_Control.o
                0x0000276c                Sys_Control_INIT
 .text.HandleButtons
                0x00002858       0xa0 ./source/_Sys_Control.o
                0x00002858                HandleButtons
 .text.UpdateDisplay
                0x000028f8       0x1c ./source/_Sys_Control.o
                0x000028f8                UpdateDisplay
 .text.vSystemControllerTask
                0x00002914      0x208 ./source/_Sys_Control.o
                0x00002914                vSystemControllerTask
 .text.ConfigurationBuilder
                0x00002b1c      0x600 ./source/_Sys_Control.o
                0x00002b1c                ConfigurationBuilder
 .text.Set_Configuration_default
                0x0000311c       0x60 ./source/_Sys_Control.o
                0x0000311c                Set_Configuration_default
 .text.NVIC_EnableIRQ
                0x0000317c       0x2c ./source/_Timer.o
 .text.CLOCK_SetTpmClock
                0x000031a8       0x38 ./source/_Timer.o
 .text.EnableIRQ
                0x000031e0       0x2c ./source/_Timer.o
 .text.TPM_ClearStatusFlags
                0x0000320c       0x18 ./source/_Timer.o
 .text.TPM_SetTimerPeriod
                0x00003224       0x18 ./source/_Timer.o
 .text.TPM_StartTimer
                0x0000323c       0x3c ./source/_Timer.o
 .text.TPM_StopTimer
                0x00003278       0x2c ./source/_Timer.o
 .text.Timer_INIT
                0x000032a4       0x4c ./source/_Timer.o
                0x000032a4                Timer_INIT
 .text.delay_ms
                0x000032f0       0x60 ./source/_Timer.o
                0x000032f0                delay_ms
 .text.delay_us
                0x00003350       0x84 ./source/_Timer.o
                0x00003350                delay_us
 .text.TPM1_IRQHandler
                0x000033d4       0x2c ./source/_Timer.o
                0x000033d4                TPM1_IRQHandler
 .text.xEventGroupCreate
                0x00003400       0x30 ./freertos/event_groups.o
                0x00003400                xEventGroupCreate
 .text.xEventGroupSetBits
                0x00003430       0xf4 ./freertos/event_groups.o
                0x00003430                xEventGroupSetBits
 .text.vEventGroupDelete
                0x00003524       0x54 ./freertos/event_groups.o
                0x00003524                vEventGroupDelete
 .text.vEventGroupSetBitsCallback
                0x00003578       0x20 ./freertos/event_groups.o
                0x00003578                vEventGroupSetBitsCallback
 .text.xEventGroupSetBitsFromISR
                0x00003598       0x2c ./freertos/event_groups.o
                0x00003598                xEventGroupSetBitsFromISR
 .text.prvSetupTimerInterrupt
                0x000035c4       0x3c ./freertos/fsl_tickless_lptmr.o
                0x000035c4                prvSetupTimerInterrupt
 .text.pvPortMalloc
                0x00003600      0x154 ./freertos/heap_4.o
                0x00003600                pvPortMalloc
 .text.vPortFree
                0x00003754       0x90 ./freertos/heap_4.o
                0x00003754                vPortFree
 .text.xPortGetFreeHeapSize
                0x000037e4       0x14 ./freertos/heap_4.o
                0x000037e4                xPortGetFreeHeapSize
 .text.prvHeapInit
                0x000037f8       0xc0 ./freertos/heap_4.o
 .text.prvInsertBlockIntoFreeList
                0x000038b8       0xb0 ./freertos/heap_4.o
 .text.vListInitialise
                0x00003968       0x3c ./freertos/list.o
                0x00003968                vListInitialise
 .text.vListInitialiseItem
                0x000039a4       0x18 ./freertos/list.o
                0x000039a4                vListInitialiseItem
 .text.vListInsertEnd
                0x000039bc       0x44 ./freertos/list.o
                0x000039bc                vListInsertEnd
 .text.vListInsert
                0x00003a00       0x6c ./freertos/list.o
                0x00003a00                vListInsert
 .text.uxListRemove
                0x00003a6c       0x50 ./freertos/list.o
                0x00003a6c                uxListRemove
 .text.pxPortInitialiseStack
                0x00003abc       0x54 ./freertos/port.o
                0x00003abc                pxPortInitialiseStack
 .text.prvTaskExitError
                0x00003b10       0x18 ./freertos/port.o
 .text.SVC_Handler
                0x00003b28        0xc ./freertos/port.o
                0x00003b28                SVC_Handler
 *fill*         0x00003b34        0xc ff
 .text.vPortStartFirstTask
                0x00003b40       0x38 ./freertos/port.o
 .text.xPortStartScheduler
                0x00003b78       0x44 ./freertos/port.o
                0x00003b78                xPortStartScheduler
 .text.vPortYield
                0x00003bbc       0x20 ./freertos/port.o
                0x00003bbc                vPortYield
 .text.vPortEnterCritical
                0x00003bdc       0x24 ./freertos/port.o
                0x00003bdc                vPortEnterCritical
 .text.vPortExitCritical
                0x00003c00       0x30 ./freertos/port.o
                0x00003c00                vPortExitCritical
 .text.ulSetInterruptMaskFromISR
                0x00003c30        0xc ./freertos/port.o
                0x00003c30                ulSetInterruptMaskFromISR
 .text.vClearInterruptMaskFromISR
                0x00003c3c        0x8 ./freertos/port.o
                0x00003c3c                vClearInterruptMaskFromISR
 *fill*         0x00003c44        0xc ff
 .text.PendSV_Handler
                0x00003c50       0x48 ./freertos/port.o
                0x00003c50                PendSV_Handler
 .text.SysTick_Handler
                0x00003c98       0x34 ./freertos/port.o
                0x00003c98                SysTick_Handler
 .text.xQueueGenericReset
                0x00003ccc       0xa8 ./freertos/queue.o
                0x00003ccc                xQueueGenericReset
 .text.xQueueGenericCreate
                0x00003d74       0x64 ./freertos/queue.o
                0x00003d74                xQueueGenericCreate
 .text.prvInitialiseNewQueue
                0x00003dd8       0x50 ./freertos/queue.o
 .text.prvInitialiseMutex
                0x00003e28       0x34 ./freertos/queue.o
 .text.xQueueCreateMutex
                0x00003e5c       0x38 ./freertos/queue.o
                0x00003e5c                xQueueCreateMutex
 .text.xQueueGenericSend
                0x00003e94      0x188 ./freertos/queue.o
                0x00003e94                xQueueGenericSend
 .text.xQueueGenericSendFromISR
                0x0000401c       0xe4 ./freertos/queue.o
                0x0000401c                xQueueGenericSendFromISR
 .text.xQueueGenericReceive
                0x00004100      0x1c8 ./freertos/queue.o
                0x00004100                xQueueGenericReceive
 .text.vQueueDelete
                0x000042c8       0x30 ./freertos/queue.o
                0x000042c8                vQueueDelete
 .text.prvCopyDataToQueue
                0x000042f8       0xd8 ./freertos/queue.o
 .text.prvCopyDataFromQueue
                0x000043d0       0x4c ./freertos/queue.o
 .text.prvUnlockQueue
                0x0000441c       0xc0 ./freertos/queue.o
 .text.prvIsQueueEmpty
                0x000044dc       0x2c ./freertos/queue.o
 .text.prvIsQueueFull
                0x00004508       0x30 ./freertos/queue.o
 .text.vQueueAddToRegistry
                0x00004538       0x50 ./freertos/queue.o
                0x00004538                vQueueAddToRegistry
 .text.vQueueUnregisterQueue
                0x00004588       0x54 ./freertos/queue.o
                0x00004588                vQueueUnregisterQueue
 .text.vQueueWaitForMessageRestricted
                0x000045dc       0x68 ./freertos/queue.o
                0x000045dc                vQueueWaitForMessageRestricted
 .text.xTaskCreate
                0x00004644       0x90 ./freertos/tasks.o
                0x00004644                xTaskCreate
 .text.prvInitialiseNewTask
                0x000046d4      0x12c ./freertos/tasks.o
 .text.prvAddNewTaskToReadyList
                0x00004800       0xd0 ./freertos/tasks.o
 .text.vTaskDelay
                0x000048d0       0x4c ./freertos/tasks.o
                0x000048d0                vTaskDelay
 .text.vTaskSuspend
                0x0000491c       0xb8 ./freertos/tasks.o
                0x0000491c                vTaskSuspend
 .text.prvTaskIsTaskSuspended
                0x000049d4       0x60 ./freertos/tasks.o
 .text.vTaskResume
                0x00004a34       0x9c ./freertos/tasks.o
                0x00004a34                vTaskResume
 .text.vTaskStartScheduler
                0x00004ad0       0x78 ./freertos/tasks.o
                0x00004ad0                vTaskStartScheduler
 .text.vTaskSuspendAll
                0x00004b48       0x18 ./freertos/tasks.o
                0x00004b48                vTaskSuspendAll
 .text.xTaskResumeAll
                0x00004b60      0x118 ./freertos/tasks.o
                0x00004b60                xTaskResumeAll
 .text.xTaskGetTickCount
                0x00004c78       0x1c ./freertos/tasks.o
                0x00004c78                xTaskGetTickCount
 .text.xTaskIncrementTick
                0x00004c94      0x160 ./freertos/tasks.o
                0x00004c94                xTaskIncrementTick
 .text.vTaskSwitchContext
                0x00004df4       0xf4 ./freertos/tasks.o
                0x00004df4                vTaskSwitchContext
 .text.vTaskPlaceOnEventList
                0x00004ee8       0x3c ./freertos/tasks.o
                0x00004ee8                vTaskPlaceOnEventList
 .text.vTaskPlaceOnEventListRestricted
                0x00004f24       0x4c ./freertos/tasks.o
                0x00004f24                vTaskPlaceOnEventListRestricted
 .text.xTaskRemoveFromEventList
                0x00004f70       0xb8 ./freertos/tasks.o
                0x00004f70                xTaskRemoveFromEventList
 .text.xTaskRemoveFromUnorderedEventList
                0x00005028       0xb0 ./freertos/tasks.o
                0x00005028                xTaskRemoveFromUnorderedEventList
 .text.vTaskSetTimeOutState
                0x000050d8       0x34 ./freertos/tasks.o
                0x000050d8                vTaskSetTimeOutState
 .text.xTaskCheckForTimeOut
                0x0000510c       0x9c ./freertos/tasks.o
                0x0000510c                xTaskCheckForTimeOut
 .text.vTaskMissedYield
                0x000051a8       0x14 ./freertos/tasks.o
                0x000051a8                vTaskMissedYield
 .text.prvIdleTask
                0x000051bc       0x24 ./freertos/tasks.o
 .text.prvInitialiseTaskLists
                0x000051e0       0x88 ./freertos/tasks.o
 .text.prvCheckTasksWaitingTermination
                0x00005268       0x74 ./freertos/tasks.o
 .text.prvDeleteTCB
                0x000052dc       0x24 ./freertos/tasks.o
 .text.prvResetNextTaskUnblockTime
                0x00005300       0x48 ./freertos/tasks.o
 .text.xTaskGetSchedulerState
                0x00005348       0x38 ./freertos/tasks.o
                0x00005348                xTaskGetSchedulerState
 .text.vTaskPriorityInherit
                0x00005380       0xbc ./freertos/tasks.o
                0x00005380                vTaskPriorityInherit
 .text.xTaskPriorityDisinherit
                0x0000543c       0xb8 ./freertos/tasks.o
                0x0000543c                xTaskPriorityDisinherit
 .text.pvTaskIncrementMutexHeldCount
                0x000054f4       0x24 ./freertos/tasks.o
                0x000054f4                pvTaskIncrementMutexHeldCount
 .text.prvAddCurrentTaskToDelayedList
                0x00005518       0xa8 ./freertos/tasks.o
 .text.xTimerCreateTimerTask
                0x000055c0       0x54 ./freertos/timers.o
                0x000055c0                xTimerCreateTimerTask
 .text.xTimerGenericCommand
                0x00005614       0x9c ./freertos/timers.o
                0x00005614                xTimerGenericCommand
 .text.prvProcessExpiredTimer
                0x000056b0       0x70 ./freertos/timers.o
 .text.prvTimerTask
                0x00005720       0x28 ./freertos/timers.o
 .text.prvProcessTimerOrBlockTask
                0x00005748       0x8c ./freertos/timers.o
 .text.prvGetNextExpireTime
                0x000057d4       0x40 ./freertos/timers.o
 .text.prvSampleTimeNow
                0x00005814       0x40 ./freertos/timers.o
 .text.prvInsertTimerInActiveList
                0x00005854       0x84 ./freertos/timers.o
 .text.prvProcessReceivedCommands
                0x000058d8      0x12c ./freertos/timers.o
 .text.prvSwitchTimerLists
                0x00005a04       0xb4 ./freertos/timers.o
 .text.prvCheckForValidListAndQueue
                0x00005ab8       0x74 ./freertos/timers.o
 .text.xTimerPendFunctionCallFromISR
                0x00005b2c       0x54 ./freertos/timers.o
                0x00005b2c                xTimerPendFunctionCallFromISR
 .text.CLOCK_EnableClock
                0x00005b80       0x38 ./drivers/fsl_adc16.o
 .text.ADC16_GetInstance
                0x00005bb8       0x34 ./drivers/fsl_adc16.o
 .text.ADC16_Init
                0x00005bec      0x100 ./drivers/fsl_adc16.o
                0x00005bec                ADC16_Init
 .text.ADC16_GetDefaultConfig
                0x00005cec       0x48 ./drivers/fsl_adc16.o
                0x00005cec                ADC16_GetDefaultConfig
 .text.ADC16_DoAutoCalibration
                0x00005d34      0x11c ./drivers/fsl_adc16.o
                0x00005d34                ADC16_DoAutoCalibration
 .text.ADC16_SetChannelMuxMode
                0x00005e50       0x3c ./drivers/fsl_adc16.o
                0x00005e50                ADC16_SetChannelMuxMode
 .text.ADC16_GetStatusFlags
                0x00005e8c       0x3c ./drivers/fsl_adc16.o
                0x00005e8c                ADC16_GetStatusFlags
 .text.ADC16_SetChannelConfig
                0x00005ec8       0x48 ./drivers/fsl_adc16.o
                0x00005ec8                ADC16_SetChannelConfig
 .text.ADC16_GetChannelStatusFlags
                0x00005f10       0x30 ./drivers/fsl_adc16.o
                0x00005f10                ADC16_GetChannelStatusFlags
 .text.CLOCK_SetEr32kClock
                0x00005f40       0x30 ./drivers/fsl_clock.o
 .text.CLOCK_GetLircClkFreq
                0x00005f70       0x48 ./drivers/fsl_clock.o
 .text.CLOCK_GetOsc0ErClkFreq
                0x00005fb8       0x28 ./drivers/fsl_clock.o
                0x00005fb8                CLOCK_GetOsc0ErClkFreq
 .text.CLOCK_GetEr32kClkFreq
                0x00005fe0       0x60 ./drivers/fsl_clock.o
                0x00005fe0                CLOCK_GetEr32kClkFreq
 .text.CLOCK_GetFreq
                0x00006040       0xc4 ./drivers/fsl_clock.o
                0x00006040                CLOCK_GetFreq
 .text.CLOCK_SetSimConfig
                0x00006104       0x2c ./drivers/fsl_clock.o
                0x00006104                CLOCK_SetSimConfig
 .text.CLOCK_GetInternalRefClkFreq
                0x00006130       0x48 ./drivers/fsl_clock.o
                0x00006130                CLOCK_GetInternalRefClkFreq
 .text.CLOCK_GetPeriphClkFreq
                0x00006178       0x34 ./drivers/fsl_clock.o
                0x00006178                CLOCK_GetPeriphClkFreq
 .text.CLOCK_GetOutClkFreq
                0x000061ac       0x68 ./drivers/fsl_clock.o
                0x000061ac                CLOCK_GetOutClkFreq
 .text.CLOCK_SetMcgliteConfig
                0x00006214      0x104 ./drivers/fsl_clock.o
                0x00006214                CLOCK_SetMcgliteConfig
 .text.NVIC_EnableIRQ
                0x00006318       0x2c ./drivers/fsl_dma.o
 .text.CLOCK_EnableClock
                0x00006344       0x38 ./drivers/fsl_dma.o
 .text.EnableIRQ
                0x0000637c       0x2c ./drivers/fsl_dma.o
 .text.DMA_ClearChannelStatusFlags
                0x000063a8       0x40 ./drivers/fsl_dma.o
 .text.DMA_GetInstance
                0x000063e8       0x34 ./drivers/fsl_dma.o
 .text.DMA_Init
                0x0000641c       0x24 ./drivers/fsl_dma.o
                0x0000641c                DMA_Init
 .text.DMA_SetTransferConfig
                0x00006440       0xb8 ./drivers/fsl_dma.o
                0x00006440                DMA_SetTransferConfig
 .text.DMA_CreateHandle
                0x000064f8       0x6c ./drivers/fsl_dma.o
                0x000064f8                DMA_CreateHandle
 .text.DMA_PrepareTransfer
                0x00006564       0xb8 ./drivers/fsl_dma.o
                0x00006564                DMA_PrepareTransfer
 .text.DMA_HandleIRQ
                0x0000661c       0x3c ./drivers/fsl_dma.o
                0x0000661c                DMA_HandleIRQ
 .text.DMA0_DriverIRQHandler
                0x00006658       0x18 ./drivers/fsl_dma.o
                0x00006658                DMA0_DriverIRQHandler
 .text.DMA1_DriverIRQHandler
                0x00006670       0x18 ./drivers/fsl_dma.o
                0x00006670                DMA1_DriverIRQHandler
 .text.DMA2_DriverIRQHandler
                0x00006688       0x18 ./drivers/fsl_dma.o
                0x00006688                DMA2_DriverIRQHandler
 .text.DMA3_DriverIRQHandler
                0x000066a0       0x18 ./drivers/fsl_dma.o
                0x000066a0                DMA3_DriverIRQHandler
 .text.CLOCK_EnableClock
                0x000066b8       0x38 ./drivers/fsl_dmamux.o
 .text.DMAMUX_GetInstance
                0x000066f0       0x34 ./drivers/fsl_dmamux.o
 .text.DMAMUX_Init
                0x00006724       0x24 ./drivers/fsl_dmamux.o
                0x00006724                DMAMUX_Init
 .text.GPIO_WritePinOutput
                0x00006748       0x34 ./drivers/fsl_gpio.o
 .text.GPIO_GetInstance
                0x0000677c       0x3c ./drivers/fsl_gpio.o
 .text.GPIO_PinInit
                0x000067b8       0x54 ./drivers/fsl_gpio.o
                0x000067b8                GPIO_PinInit
 .text.GPIO_ClearPinsInterruptFlags
                0x0000680c       0x3c ./drivers/fsl_gpio.o
                0x0000680c                GPIO_ClearPinsInterruptFlags
 .text.NVIC_EnableIRQ
                0x00006848       0x2c ./drivers/fsl_i2c.o
 .text.CLOCK_EnableClock
                0x00006874       0x38 ./drivers/fsl_i2c.o
 .text.EnableIRQ
                0x000068ac       0x2c ./drivers/fsl_i2c.o
 .text.I2C_MasterClearStatusFlags
                0x000068d8       0x58 ./drivers/fsl_i2c.o
 .text.I2C_GetInstance
                0x00006930       0x3c ./drivers/fsl_i2c.o
                0x00006930                I2C_GetInstance
 .text.I2C_InitTransferStateMachine
                0x0000696c       0xa0 ./drivers/fsl_i2c.o
 .text.I2C_CheckAndClearError
                0x00006a0c       0x40 ./drivers/fsl_i2c.o
 .text.I2C_MasterTransferRunStateMachine
                0x00006a4c      0x268 ./drivers/fsl_i2c.o
 .text.I2C_TransferCommonIRQHandler
                0x00006cb4       0x54 ./drivers/fsl_i2c.o
 .text.I2C_MasterInit
                0x00006d08       0xf4 ./drivers/fsl_i2c.o
                0x00006d08                I2C_MasterInit
 .text.I2C_MasterGetDefaultConfig
                0x00006dfc       0x2c ./drivers/fsl_i2c.o
                0x00006dfc                I2C_MasterGetDefaultConfig
 .text.I2C_EnableInterrupts
                0x00006e28       0x68 ./drivers/fsl_i2c.o
                0x00006e28                I2C_EnableInterrupts
 .text.I2C_DisableInterrupts
                0x00006e90       0x44 ./drivers/fsl_i2c.o
                0x00006e90                I2C_DisableInterrupts
 .text.I2C_MasterSetBaudRate
                0x00006ed4       0xf4 ./drivers/fsl_i2c.o
                0x00006ed4                I2C_MasterSetBaudRate
 .text.I2C_MasterStart
                0x00006fc8       0x84 ./drivers/fsl_i2c.o
                0x00006fc8                I2C_MasterStart
 .text.I2C_MasterRepeatedStart
                0x0000704c       0xd4 ./drivers/fsl_i2c.o
                0x0000704c                I2C_MasterRepeatedStart
 .text.I2C_MasterStop
                0x00007120       0x68 ./drivers/fsl_i2c.o
                0x00007120                I2C_MasterStop
 .text.I2C_MasterGetStatusFlags
                0x00007188       0x4c ./drivers/fsl_i2c.o
                0x00007188                I2C_MasterGetStatusFlags
 .text.I2C_MasterTransferCreateHandle
                0x000071d4       0x6c ./drivers/fsl_i2c.o
                0x000071d4                I2C_MasterTransferCreateHandle
 .text.I2C_MasterTransferNonBlocking
                0x00007240       0x4c ./drivers/fsl_i2c.o
                0x00007240                I2C_MasterTransferNonBlocking
 .text.I2C_MasterTransferHandleIRQ
                0x0000728c       0xac ./drivers/fsl_i2c.o
                0x0000728c                I2C_MasterTransferHandleIRQ
 .text.I2C0_DriverIRQHandler
                0x00007338       0x20 ./drivers/fsl_i2c.o
                0x00007338                I2C0_DriverIRQHandler
 .text.I2C1_DriverIRQHandler
                0x00007358       0x20 ./drivers/fsl_i2c.o
                0x00007358                I2C1_DriverIRQHandler
 .text.CLOCK_EnableClock
                0x00007378       0x38 ./drivers/fsl_lptmr.o
 .text.LPTMR_GetInstance
                0x000073b0       0x34 ./drivers/fsl_lptmr.o
 .text.LPTMR_Init
                0x000073e4       0x84 ./drivers/fsl_lptmr.o
                0x000073e4                LPTMR_Init
 .text.LPTMR_GetDefaultConfig
                0x00007468       0x3c ./drivers/fsl_lptmr.o
                0x00007468                LPTMR_GetDefaultConfig
 .text.LPUART0_DriverIRQHandler
                0x000074a4       0x24 ./drivers/fsl_lpuart.o
                0x000074a4                LPUART0_DriverIRQHandler
 .text.LPUART1_DriverIRQHandler
                0x000074c8       0x24 ./drivers/fsl_lpuart.o
                0x000074c8                LPUART1_DriverIRQHandler
 .text.NVIC_EnableIRQ
                0x000074ec       0x2c ./drivers/fsl_slcd.o
 .text.CLOCK_EnableClock
                0x00007518       0x38 ./drivers/fsl_slcd.o
 .text.EnableIRQ
                0x00007550       0x2c ./drivers/fsl_slcd.o
 .text.SLCD_GetInstance
                0x0000757c       0x34 ./drivers/fsl_slcd.o
 .text.SLCD_Init
                0x000075b0      0x200 ./drivers/fsl_slcd.o
                0x000075b0                SLCD_Init
 .text.SLCD_GetDefaultConfig
                0x000077b0       0x30 ./drivers/fsl_slcd.o
                0x000077b0                SLCD_GetDefaultConfig
 .text.SLCD_StartBlinkMode
                0x000077e0       0x64 ./drivers/fsl_slcd.o
                0x000077e0                SLCD_StartBlinkMode
 .text.CLOCK_EnableClock
                0x00007844       0x38 ./drivers/fsl_tpm.o
 .text.TPM_GetInstance
                0x0000787c       0x40 ./drivers/fsl_tpm.o
 .text.TPM_Init
                0x000078bc       0xd8 ./drivers/fsl_tpm.o
                0x000078bc                TPM_Init
 .text.TPM_GetDefaultConfig
                0x00007994       0x4c ./drivers/fsl_tpm.o
                0x00007994                TPM_GetDefaultConfig
 .text.TPM_EnableInterrupts
                0x000079e0       0x84 ./drivers/fsl_tpm.o
                0x000079e0                TPM_EnableInterrupts
 .text.NVIC_EnableIRQ
                0x00007a64       0x2c ./drivers/fsl_uart.o
 .text.CLOCK_EnableClock
                0x00007a90       0x38 ./drivers/fsl_uart.o
 .text.EnableIRQ
                0x00007ac8       0x2c ./drivers/fsl_uart.o
 .text.UART_GetInstance
                0x00007af4       0x40 ./drivers/fsl_uart.o
                0x00007af4                UART_GetInstance
 .text.UART_TransferGetRxRingBufferLength
                0x00007b34       0x50 ./drivers/fsl_uart.o
 .text.UART_TransferIsRxRingBufferFull
                0x00007b84       0x3c ./drivers/fsl_uart.o
 .text.UART_Init
                0x00007bc0      0x1d4 ./drivers/fsl_uart.o
                0x00007bc0                UART_Init
 .text.UART_GetDefaultConfig
                0x00007d94       0x2c ./drivers/fsl_uart.o
                0x00007d94                UART_GetDefaultConfig
 .text.UART_EnableInterrupts
                0x00007dc0       0x58 ./drivers/fsl_uart.o
                0x00007dc0                UART_EnableInterrupts
 .text.UART_DisableInterrupts
                0x00007e18       0x64 ./drivers/fsl_uart.o
                0x00007e18                UART_DisableInterrupts
 .text.UART_GetStatusFlags
                0x00007e7c       0x28 ./drivers/fsl_uart.o
                0x00007e7c                UART_GetStatusFlags
 .text.UART_ClearStatusFlags
                0x00007ea4       0x80 ./drivers/fsl_uart.o
                0x00007ea4                UART_ClearStatusFlags
 .text.UART_WriteNonBlocking
                0x00007f24       0x34 ./drivers/fsl_uart.o
 .text.UART_ReadNonBlocking
                0x00007f58       0x38 ./drivers/fsl_uart.o
 .text.UART_TransferCreateHandle
                0x00007f90       0x7c ./drivers/fsl_uart.o
                0x00007f90                UART_TransferCreateHandle
 .text.UART_TransferStartRingBuffer
                0x0000800c       0x5c ./drivers/fsl_uart.o
                0x0000800c                UART_TransferStartRingBuffer
 .text.UART_TransferHandleIRQ
                0x00008068      0x398 ./drivers/fsl_uart.o
                0x00008068                UART_TransferHandleIRQ
 .text.UART_EnableTx
                0x00008400       0x40 ./drivers/fsl_uart_freertos.o
 .text.UART_EnableRx
                0x00008440       0x40 ./drivers/fsl_uart_freertos.o
 .text.UART_RTOS_Callback
                0x00008480       0xc8 ./drivers/fsl_uart_freertos.o
 .text.UART_RTOS_Init
                0x00008548      0x170 ./drivers/fsl_uart_freertos.o
                0x00008548                UART_RTOS_Init
 .text.CLOCK_SetSimSafeDivs
                0x000086b8       0x20 ./board/clock_config.o
 .text.BOARD_BootClockRUN
                0x000086d8       0x34 ./board/clock_config.o
                0x000086d8                BOARD_BootClockRUN
 .text.CLOCK_EnableClock
                0x0000870c       0x38 ./board/pin_mux.o
 .text.PORT_SetPinConfig
                0x00008744       0x28 ./board/pin_mux.o
 .text.PORT_SetPinMux
                0x0000876c       0x40 ./board/pin_mux.o
 .text.BOARD_InitPins
                0x000087ac       0xf0 ./board/pin_mux.o
                0x000087ac                BOARD_InitPins
 .text.BOARD_InitLCD
                0x0000889c      0x1a4 ./board/pin_mux.o
                0x0000889c                BOARD_InitLCD
 .text.BOARD_InitBUTTONS
                0x00008a40       0x88 ./board/pin_mux.o
                0x00008a40                BOARD_InitBUTTONS
 .text.BOARD_InitLEDs
                0x00008ac8       0x88 ./board/pin_mux.o
                0x00008ac8                BOARD_InitLEDs
 .text.BOARD_InitDEBUG_UART
                0x00008b50       0x7c ./board/pin_mux.o
                0x00008b50                BOARD_InitDEBUG_UART
 .text.SystemInit
                0x00008bcc       0x3c ./CMSIS/system_MKL43Z4.o
                0x00008bcc                SystemInit
 .text          0x00008c08      0x114 c:/nxp/mcuxpressoide_10.0.0_344/ide/tools/bin/../lib/gcc/arm-none-eabi/5.4.1/armv6-m\libgcc.a(_udivsi3.o)
                0x00008c08                __aeabi_uidiv
                0x00008c08                __udivsi3
                0x00008d14                __aeabi_uidivmod
 .text          0x00008d1c      0x1d4 c:/nxp/mcuxpressoide_10.0.0_344/ide/tools/bin/../lib/gcc/arm-none-eabi/5.4.1/armv6-m\libgcc.a(_divsi3.o)
                0x00008d1c                __divsi3
                0x00008d1c                __aeabi_idiv
                0x00008ee8                __aeabi_idivmod
 .text          0x00008ef0        0x4 c:/nxp/mcuxpressoide_10.0.0_344/ide/tools/bin/../lib/gcc/arm-none-eabi/5.4.1/armv6-m\libgcc.a(_dvmd_tls.o)
                0x00008ef0                __aeabi_idiv0
                0x00008ef0                __aeabi_ldiv0
 .text          0x00008ef4       0x40 c:/nxp/mcuxpressoide_10.0.0_344/ide/tools/bin/../lib/gcc/arm-none-eabi/5.4.1/armv6-m\libgcc.a(_aeabi_uldivmod.o)
                0x00008ef4                __aeabi_uldivmod
 .text          0x00008f34       0x58 c:/nxp/mcuxpressoide_10.0.0_344/ide/tools/bin/../lib/gcc/arm-none-eabi/5.4.1/armv6-m\libgcc.a(_muldi3.o)
                0x00008f34                __muldi3
                0x00008f34                __aeabi_lmul
 .text          0x00008f8c      0x180 c:/nxp/mcuxpressoide_10.0.0_344/ide/tools/bin/../lib/gcc/arm-none-eabi/5.4.1/armv6-m\libgcc.a(_udivmoddi4.o)
                0x00008f8c                __udivmoddi4
 .text          0x0000910c      0x62c c:/nxp/mcuxpressoide_10.0.0_344/ide/tools/bin/../lib/gcc/arm-none-eabi/5.4.1/armv6-m\libgcc.a(divdf3.o)
                0x0000910c                __aeabi_ddiv
 .text          0x00009738      0x4f4 c:/nxp/mcuxpressoide_10.0.0_344/ide/tools/bin/../lib/gcc/arm-none-eabi/5.4.1/armv6-m\libgcc.a(muldf3.o)
                0x00009738                __aeabi_dmul
 .text          0x00009c2c       0x6c c:/nxp/mcuxpressoide_10.0.0_344/ide/tools/bin/../lib/gcc/arm-none-eabi/5.4.1/armv6-m\libgcc.a(fixdfsi.o)
                0x00009c2c                __aeabi_d2iz
 .text          0x00009c98       0x70 c:/nxp/mcuxpressoide_10.0.0_344/ide/tools/bin/../lib/gcc/arm-none-eabi/5.4.1/armv6-m\libgcc.a(floatunsidf.o)
                0x00009c98                __aeabi_ui2d
 .text          0x00009d08       0x3c c:/nxp/mcuxpressoide_10.0.0_344/ide/tools/bin/../lib/gcc/arm-none-eabi/5.4.1/armv6-m\libgcc.a(_clzsi2.o)
                0x00009d08                __clzsi2
 .text          0x00009d44       0x18 c:/nxp/mcuxpressoide_10.0.0_344/ide/tools/bin/../lib/gcc/arm-none-eabi/5.4.1/armv6-m\libgcc.a(_clzdi2.o)
                0x00009d44                __clzdi2
 .text.atoi     0x00009d5c        0xc c:/nxp/mcuxpressoide_10.0.0_344/ide/tools/bin/../lib/gcc/arm-none-eabi/5.4.1/../../../../arm-none-eabi/lib/armv6-m\libc.a(lib_a-atoi.o)
                0x00009d5c                atoi
 .text.memcpy   0x00009d68       0x7c c:/nxp/mcuxpressoide_10.0.0_344/ide/tools/bin/../lib/gcc/arm-none-eabi/5.4.1/../../../../arm-none-eabi/lib/armv6-m\libc.a(lib_a-memcpy-stub.o)
                0x00009d68                memcpy
 .text.memset   0x00009de4       0x8c c:/nxp/mcuxpressoide_10.0.0_344/ide/tools/bin/../lib/gcc/arm-none-eabi/5.4.1/../../../../arm-none-eabi/lib/armv6-m\libc.a(lib_a-memset.o)
                0x00009de4                memset
 .text          0x00009e70       0x88 c:/nxp/mcuxpressoide_10.0.0_344/ide/tools/bin/../lib/gcc/arm-none-eabi/5.4.1/../../../../arm-none-eabi/lib/armv6-m\libc.a(lib_a-strcmp.o)
                0x00009e70                strcmp
 .text.strcpy   0x00009ef8       0x10 c:/nxp/mcuxpressoide_10.0.0_344/ide/tools/bin/../lib/gcc/arm-none-eabi/5.4.1/../../../../arm-none-eabi/lib/armv6-m\libc.a(lib_a-strcpy.o)
                0x00009ef8                strcpy
 .text.strlen   0x00009f08       0x68 c:/nxp/mcuxpressoide_10.0.0_344/ide/tools/bin/../lib/gcc/arm-none-eabi/5.4.1/../../../../arm-none-eabi/lib/armv6-m\libc.a(lib_a-strlen-stub.o)
                0x00009f08                strlen
 .text._strtol_l.isra.0
                0x00009f70      0x14c c:/nxp/mcuxpressoide_10.0.0_344/ide/tools/bin/../lib/gcc/arm-none-eabi/5.4.1/../../../../arm-none-eabi/lib/armv6-m\libc.a(lib_a-strtol.o)
 .text.strtol   0x0000a0bc       0x2c c:/nxp/mcuxpressoide_10.0.0_344/ide/tools/bin/../lib/gcc/arm-none-eabi/5.4.1/../../../../arm-none-eabi/lib/armv6-m\libc.a(lib_a-strtol.o)
                0x0000a0bc                strtol
 .text.__locale_ctype_ptr_l
                0x0000a0e8        0x8 c:/nxp/mcuxpressoide_10.0.0_344/ide/tools/bin/../lib/gcc/arm-none-eabi/5.4.1/../../../../arm-none-eabi/lib/armv6-m\libc.a(lib_a-locale.o)
                0x0000a0e8                __locale_ctype_ptr_l
 .text.__ascii_mbtowc
                0x0000a0f0       0x2c c:/nxp/mcuxpressoide_10.0.0_344/ide/tools/bin/../lib/gcc/arm-none-eabi/5.4.1/../../../../arm-none-eabi/lib/armv6-m\libc.a(lib_a-mbtowc_r.o)
                0x0000a0f0                __ascii_mbtowc
 .text.__ascii_wctomb
                0x0000a11c       0x1c c:/nxp/mcuxpressoide_10.0.0_344/ide/tools/bin/../lib/gcc/arm-none-eabi/5.4.1/../../../../arm-none-eabi/lib/armv6-m\libc.a(lib_a-wctomb_r.o)
                0x0000a11c                __ascii_wctomb
 .text.__main   0x0000a138        0xc c:/nxp/mcuxpressoide_10.0.0_344/ide/tools/bin/../lib/gcc/arm-none-eabi/5.4.1/../../../../arm-none-eabi/lib/armv6-m\libcr_nohost_nf.a(_cr__main.o)
                0x0000a138                __main
 .text._initio  0x0000a144       0x7c c:/nxp/mcuxpressoide_10.0.0_344/ide/tools/bin/../lib/gcc/arm-none-eabi/5.4.1/../../../../arm-none-eabi/lib/armv6-m\libcr_c.a(initio.o)
                0x0000a144                _initio
 .text.setvbuf  0x0000a1c0       0x4c c:/nxp/mcuxpressoide_10.0.0_344/ide/tools/bin/../lib/gcc/arm-none-eabi/5.4.1/../../../../arm-none-eabi/lib/armv6-m\libcr_c.a(setvbuf.o)
                0x0000a1c0                setvbuf
 .text._fdopen  0x0000a20c       0x74 c:/nxp/mcuxpressoide_10.0.0_344/ide/tools/bin/../lib/gcc/arm-none-eabi/5.4.1/../../../../arm-none-eabi/lib/armv6-m\libcr_c.a(_fdopen.o)
                0x0000a20c                _fdopen
 .text.fclose   0x0000a280       0x5c c:/nxp/mcuxpressoide_10.0.0_344/ide/tools/bin/../lib/gcc/arm-none-eabi/5.4.1/../../../../arm-none-eabi/lib/armv6-m\libcr_c.a(fclose.o)
                0x0000a280                fclose
 .text.fflush   0x0000a2dc       0x44 c:/nxp/mcuxpressoide_10.0.0_344/ide/tools/bin/../lib/gcc/arm-none-eabi/5.4.1/../../../../arm-none-eabi/lib/armv6-m\libcr_c.a(fflush.o)
                0x0000a2dc                fflush
 .text.fseek    0x0000a320       0xf0 c:/nxp/mcuxpressoide_10.0.0_344/ide/tools/bin/../lib/gcc/arm-none-eabi/5.4.1/../../../../arm-none-eabi/lib/armv6-m\libcr_c.a(fseek.o)
                0x0000a320                fseek
 .text.ftell    0x0000a410       0x48 c:/nxp/mcuxpressoide_10.0.0_344/ide/tools/bin/../lib/gcc/arm-none-eabi/5.4.1/../../../../arm-none-eabi/lib/armv6-m\libcr_c.a(ftell.o)
                0x0000a410                ftell
 .text.remove   0x0000a458       0x12 c:/nxp/mcuxpressoide_10.0.0_344/ide/tools/bin/../lib/gcc/arm-none-eabi/5.4.1/../../../../arm-none-eabi/lib/armv6-m\libcr_c.a(remove.o)
                0x0000a458                remove
 *fill*         0x0000a46a        0x2 ff
 .text._do_fflush
                0x0000a46c       0x48 c:/nxp/mcuxpressoide_10.0.0_344/ide/tools/bin/../lib/gcc/arm-none-eabi/5.4.1/../../../../arm-none-eabi/lib/armv6-m\libcr_c.a(_do_fflush.o)
                0x0000a46c                _do_fflush
 .text._fflush  0x0000a4b4       0x60 c:/nxp/mcuxpressoide_10.0.0_344/ide/tools/bin/../lib/gcc/arm-none-eabi/5.4.1/../../../../arm-none-eabi/lib/armv6-m\libcr_c.a(_fflush.o)
                0x0000a4b4                _fflush
 .text._Cwritebuf
                0x0000a514       0x6c c:/nxp/mcuxpressoide_10.0.0_344/ide/tools/bin/../lib/gcc/arm-none-eabi/5.4.1/../../../../arm-none-eabi/lib/armv6-m\libcr_c.a(_writebuf.o)
                0x0000a514                _Cwritebuf
 .text.free     0x0000a580       0x2e c:/nxp/mcuxpressoide_10.0.0_344/ide/tools/bin/../lib/gcc/arm-none-eabi/5.4.1/../../../../arm-none-eabi/lib/armv6-m\libcr_c.a(alloc.o)
                0x0000a580                free
 *fill*         0x0000a5ae        0x2 ff
 .text._deferredlazyseek
                0x0000a5b0       0x40 c:/nxp/mcuxpressoide_10.0.0_344/ide/tools/bin/../lib/gcc/arm-none-eabi/5.4.1/../../../../arm-none-eabi/lib/armv6-m\libcr_c.a(_deferredlazyseek.o)
                0x0000a5b0                _deferredlazyseek
 .text.__sys_close
                0x0000a5f0        0x6 c:/nxp/mcuxpressoide_10.0.0_344/ide/tools/bin/../lib/gcc/arm-none-eabi/5.4.1/../../../../arm-none-eabi/lib/armv6-m\libcr_nohost_nf.a(__sys_close.o)
                0x0000a5f0                __sys_close
 .text.__sys_flen
                0x0000a5f6        0x6 c:/nxp/mcuxpressoide_10.0.0_344/ide/tools/bin/../lib/gcc/arm-none-eabi/5.4.1/../../../../arm-none-eabi/lib/armv6-m\libcr_nohost_nf.a(__sys_flen.o)
                0x0000a5f6                __sys_flen
 .text.__sys_istty
                0x0000a5fc        0x6 c:/nxp/mcuxpressoide_10.0.0_344/ide/tools/bin/../lib/gcc/arm-none-eabi/5.4.1/../../../../arm-none-eabi/lib/armv6-m\libcr_nohost_nf.a(__sys_istty.o)
                0x0000a5fc                __sys_istty
 .text.__sys_remove
                0x0000a602        0x6 c:/nxp/mcuxpressoide_10.0.0_344/ide/tools/bin/../lib/gcc/arm-none-eabi/5.4.1/../../../../arm-none-eabi/lib/armv6-m\libcr_nohost_nf.a(__sys_remove.o)
                0x0000a602                __sys_remove
 .text.__sys_seek
                0x0000a608        0x6 c:/nxp/mcuxpressoide_10.0.0_344/ide/tools/bin/../lib/gcc/arm-none-eabi/5.4.1/../../../../arm-none-eabi/lib/armv6-m\libcr_nohost_nf.a(__sys_seek.o)
                0x0000a608                __sys_seek
 .text.__sys_tmpnam
                0x0000a60e        0x6 c:/nxp/mcuxpressoide_10.0.0_344/ide/tools/bin/../lib/gcc/arm-none-eabi/5.4.1/../../../../arm-none-eabi/lib/armv6-m\libcr_nohost_nf.a(__sys_tmpnam.o)
                0x0000a60e                __sys_tmpnam
 .text.__sys_write
                0x0000a614        0x4 c:/nxp/mcuxpressoide_10.0.0_344/ide/tools/bin/../lib/gcc/arm-none-eabi/5.4.1/../../../../arm-none-eabi/lib/armv6-m\libcr_nohost_nf.a(__sys_write.o)
                0x0000a614                __sys_write
 *(.rodata .rodata.* .constdata .constdata.*)
 .rodata        0x0000a618       0x2e ./source/SmartTorqueFW.o
 *fill*         0x0000a646        0x2 ff
 .rodata        0x0000a648      0x1c0 ./source/_Bluetooth.o
 .rodata        0x0000a808        0x4 ./source/_Display.o
 .rodata.Display_Number
                0x0000a80c       0x28 ./source/_Display.o
 .rodata        0x0000a834       0x69 ./source/_HMI.o
 *fill*         0x0000a89d        0x3 ff
 .rodata        0x0000a8a0       0x14 ./source/_Sys_Control.o
 .rodata.ConfigurationBuilder
                0x0000a8b4       0x2c ./source/_Sys_Control.o
 .rodata        0x0000a8e0       0x18 ./freertos/tasks.o
                0x0000a8e8                FreeRTOSDebugConfig
 .rodata        0x0000a8f8        0xd ./freertos/timers.o
 *fill*         0x0000a905        0x3 ff
 .rodata.prvProcessReceivedCommands
                0x0000a908       0x28 ./freertos/timers.o
 .rodata.CLOCK_GetFreq
                0x0000a930       0x50 ./drivers/fsl_clock.o
 .rodata.lircFreqs.5082
                0x0000a980        0x8 ./drivers/fsl_clock.o
 .rodata.s_dmaIRQNumber
                0x0000a988        0x4 ./drivers/fsl_dma.o
 .rodata.s_portBases
                0x0000a98c       0x14 ./drivers/fsl_gpio.o
 .rodata.s_gpioBases
                0x0000a9a0       0x14 ./drivers/fsl_gpio.o
 .rodata.s_i2cDividerTable
                0x0000a9b4       0x80 ./drivers/fsl_i2c.o
 .rodata.s_i2cBases
                0x0000aa34        0x8 ./drivers/fsl_i2c.o
 .rodata.s_i2cIrqs
                0x0000aa3c        0x2 ./drivers/fsl_i2c.o
 *fill*         0x0000aa3e        0x2 ff
 .rodata.s_i2cClocks
                0x0000aa40        0x8 ./drivers/fsl_i2c.o
 .rodata.s_tpmBases
                0x0000aa48        0xc ./drivers/fsl_tpm.o
 .rodata.s_tpmClocks
                0x0000aa54        0xc ./drivers/fsl_tpm.o
 .rodata.s_uartBases
                0x0000aa60        0xc ./drivers/fsl_uart.o
 .rodata.s_uartIRQ
                0x0000aa6c        0x3 ./drivers/fsl_uart.o
 *fill*         0x0000aa6f        0x1 ff
 .rodata.s_uartClock
                0x0000aa70        0xc ./drivers/fsl_uart.o
 .rodata.mcgliteConfig_BOARD_BootClockRUN
                0x0000aa7c        0x6 ./board/clock_config.o
                0x0000aa7c                mcgliteConfig_BOARD_BootClockRUN
 *fill*         0x0000aa82        0x2 ff
 .rodata.simConfig_BOARD_BootClockRUN
                0x0000aa84        0x8 ./board/clock_config.o
                0x0000aa84                simConfig_BOARD_BootClockRUN
 .rodata        0x0000aa8c       0x40 c:/nxp/mcuxpressoide_10.0.0_344/ide/tools/bin/../lib/gcc/arm-none-eabi/5.4.1/armv6-m\libgcc.a(divdf3.o)
 .rodata        0x0000aacc       0x40 c:/nxp/mcuxpressoide_10.0.0_344/ide/tools/bin/../lib/gcc/arm-none-eabi/5.4.1/armv6-m\libgcc.a(muldf3.o)
 .rodata.str1.4
                0x0000ab0c       0x14 c:/nxp/mcuxpressoide_10.0.0_344/ide/tools/bin/../lib/gcc/arm-none-eabi/5.4.1/../../../../arm-none-eabi/lib/armv6-m\libc.a(lib_a-locale.o)
                                 0x12 (size before relaxing)
 .rodata._ctype_
                0x0000ab20      0x101 c:/nxp/mcuxpressoide_10.0.0_344/ide/tools/bin/../lib/gcc/arm-none-eabi/5.4.1/../../../../arm-none-eabi/lib/armv6-m\libc.a(lib_a-ctype_.o)
                0x0000ab20                _ctype_
 .rodata.str1.1
                0x0000ac21        0x4 c:/nxp/mcuxpressoide_10.0.0_344/ide/tools/bin/../lib/gcc/arm-none-eabi/5.4.1/../../../../arm-none-eabi/lib/armv6-m\libcr_c.a(initio.o)
 *fill*         0x0000ac25        0x3 ff
 .rodata.__num_Ciob_streams
                0x0000ac28        0x4 c:/nxp/mcuxpressoide_10.0.0_344/ide/tools/bin/../lib/gcc/arm-none-eabi/5.4.1/../../../../arm-none-eabi/lib/armv6-m\libcr_nohost_nf.a(__ciob.o)
                0x0000ac28                __num_Ciob_streams
                0x0000ac2c                . = ALIGN (0x4)

.glue_7         0x0000ac2c        0x0
 .glue_7        0x0000ac2c        0x0 linker stubs

.glue_7t        0x0000ac2c        0x0
 .glue_7t       0x0000ac2c        0x0 linker stubs

.vfp11_veneer   0x0000ac2c        0x0
 .vfp11_veneer  0x0000ac2c        0x0 linker stubs

.v4_bx          0x0000ac2c        0x0
 .v4_bx         0x0000ac2c        0x0 linker stubs

.init           0x0000ac2c        0x4
 .init          0x0000ac2c        0x4 c:/nxp/mcuxpressoide_10.0.0_344/ide/tools/bin/../lib/gcc/arm-none-eabi/5.4.1/armv6-m/crti.o
                0x0000ac2c                _init

.fini           0x0000ac30        0x4
 .fini          0x0000ac30        0x4 c:/nxp/mcuxpressoide_10.0.0_344/ide/tools/bin/../lib/gcc/arm-none-eabi/5.4.1/armv6-m/crti.o
                0x0000ac30                _fini

.iplt           0x0000ac34        0x0
 .iplt          0x0000ac34        0x0 c:/nxp/mcuxpressoide_10.0.0_344/ide/tools/bin/../lib/gcc/arm-none-eabi/5.4.1/armv6-m/crtbegin.o

.ARM.extab
 *(.ARM.extab* .gnu.linkonce.armextab.*)
                0x0000ac34                __exidx_start = .

.ARM.exidx      0x0000ac34        0x8
 *(.ARM.exidx* .gnu.linkonce.armexidx.*)
 .ARM.exidx     0x0000ac34        0x8 c:/nxp/mcuxpressoide_10.0.0_344/ide/tools/bin/../lib/gcc/arm-none-eabi/5.4.1/armv6-m\libgcc.a(_udivmoddi4.o)
                0x0000ac3c                __exidx_end = .
                0x0000ac3c                _etext = .

.rel.dyn        0x0000ac3c        0x0
 .rel.iplt      0x0000ac3c        0x0 c:/nxp/mcuxpressoide_10.0.0_344/ide/tools/bin/../lib/gcc/arm-none-eabi/5.4.1/armv6-m/crtbegin.o

.m_usb_data
 *(m_usb_bdt)

.mtb_buffer_default
                0x1fffe000       0x80
 *(.mtb*)
 .mtb.$RAM1     0x1fffe000       0x80 ./board/mtb.o
                0x1fffe000                __mtb_buffer__

.uninit_RESERVED
                0x1fffe080        0x0
 *(.bss.$RESERVED*)
                0x1fffe080                . = ALIGN (0x4)
                0x1fffe080                _end_uninit_RESERVED = .

.data           0x1fffe080      0x5b8 load address 0x0000ac3c
 FILL mask 0xff
                0x1fffe080                _data = .
 *(vtable)
 *(.ramfunc*)
 *(.data*)
 .data.uart_config
                0x1fffe080       0x18 ./source/_Bluetooth.o
                0x1fffe080                uart_config
 .data.uxCriticalNesting
                0x1fffe098        0x4 ./freertos/port.o
 .data.SystemCoreClock
                0x1fffe09c        0x4 ./CMSIS/system_MKL43Z4.o
                0x1fffe09c                SystemCoreClock
 .data.impure_data
                0x1fffe0a0      0x428 c:/nxp/mcuxpressoide_10.0.0_344/ide/tools/bin/../lib/gcc/arm-none-eabi/5.4.1/../../../../arm-none-eabi/lib/armv6-m\libc.a(lib_a-impure.o)
 .data._impure_ptr
                0x1fffe4c8        0x4 c:/nxp/mcuxpressoide_10.0.0_344/ide/tools/bin/../lib/gcc/arm-none-eabi/5.4.1/../../../../arm-none-eabi/lib/armv6-m\libc.a(lib_a-impure.o)
                0x1fffe4c8                _impure_ptr
 .data.__global_locale
                0x1fffe4cc      0x16c c:/nxp/mcuxpressoide_10.0.0_344/ide/tools/bin/../lib/gcc/arm-none-eabi/5.4.1/../../../../arm-none-eabi/lib/armv6-m\libc.a(lib_a-locale.o)
                0x1fffe4cc                __global_locale
                0x1fffe638                . = ALIGN (0x4)
                0x1fffe638                _edata = .

.igot.plt       0x1fffe638        0x0 load address 0x0000b1f4
 .igot.plt      0x1fffe638        0x0 c:/nxp/mcuxpressoide_10.0.0_344/ide/tools/bin/../lib/gcc/arm-none-eabi/5.4.1/armv6-m/crtbegin.o

.bss            0x1fffe638     0x2d90 load address 0x0000b1f4
                0x1fffe638                _bss = .
 *(.bss*)
 .bss.s_debugConsole
                0x1fffe638       0x10 ./utilities/fsl_debug_console.o
 .bss.ulCount.9348
                0x1fffe648        0x4 ./source/SmartTorqueFW.o
 .bss.adc16ChanConfig
                0x1fffe64c        0x8 ./source/_ADCSense.o
                0x1fffe64c                adc16ChanConfig
 .bss.adc16Config
                0x1fffe654        0x9 ./source/_ADCSense.o
                0x1fffe654                adc16Config
 *fill*         0x1fffe65d        0x3 
 .bss.DMA_handle
                0x1fffe660       0x10 ./source/_ADCSense.o
                0x1fffe660                DMA_handle
 .bss.DMA_transfer
                0x1fffe670       0x10 ./source/_ADCSense.o
                0x1fffe670                DMA_transfer
 .bss.gBatterySense
                0x1fffe680       0x20 ./source/_ADCSense.o
                0x1fffe680                gBatterySense
 .bss.temp      0x1fffe6a0        0x4 ./source/_ADCSense.o
                0x1fffe6a0                temp
 .bss.ADC16_Array
                0x1fffe6a4       0x80 ./source/_ADCSense.o
                0x1fffe6a4                ADC16_Array
 .bss.TorqueVoltage
                0x1fffe724        0x4 ./source/_ADCSense.o
                0x1fffe724                TorqueVoltage
 .bss.BatteryVoltage
                0x1fffe728        0x4 ./source/_ADCSense.o
                0x1fffe728                BatteryVoltage
 .bss.channelswap.6167
                0x1fffe72c        0x2 ./source/_ADCSense.o
 *fill*         0x1fffe72e        0x2 
 .bss.bglib_temp_msg
                0x1fffe730       0x1c ./source/_Bluetooth.o
                0x1fffe730                bglib_temp_msg
 .bss.bglib_output
                0x1fffe74c        0x4 ./source/_Bluetooth.o
                0x1fffe74c                bglib_output
 .bss.msg_Head  0x1fffe750        0x4 ./source/_Bluetooth.o
                0x1fffe750                msg_Head
 .bss.btBuffer  0x1fffe754       0x40 ./source/_Bluetooth.o
                0x1fffe754                btBuffer
 .bss.respBuffer
                0x1fffe794       0x40 ./source/_Bluetooth.o
                0x1fffe794                respBuffer
 .bss.pck       0x1fffe7d4        0x4 ./source/_Bluetooth.o
                0x1fffe7d4                pck
 .bss.Bluetooth_rx
                0x1fffe7d8       0x40 ./source/_Bluetooth.o
                0x1fffe7d8                Bluetooth_rx
 .bss.Bluetooth_len
                0x1fffe818        0x1 ./source/_Bluetooth.o
                0x1fffe818                Bluetooth_len
 .bss.message_recieved
                0x1fffe819        0x1 ./source/_Bluetooth.o
                0x1fffe819                message_recieved
 *fill*         0x1fffe81a        0x2 
 .bss.my_address
                0x1fffe81c        0x6 ./source/_Bluetooth.o
                0x1fffe81c                my_address
 *fill*         0x1fffe822        0x2 
 .bss.connected_address
                0x1fffe824        0x6 ./source/_Bluetooth.o
                0x1fffe824                connected_address
 *fill*         0x1fffe82a        0x2 
 .bss.uart_handle
                0x1fffe82c       0x28 ./source/_Bluetooth.o
                0x1fffe82c                uart_handle
 .bss.t_uart_handle
                0x1fffe854       0x30 ./source/_Bluetooth.o
                0x1fffe854                t_uart_handle
 .bss.endpoint  0x1fffe884        0x1 ./source/_Bluetooth.o
                0x1fffe884                endpoint
 .bss.BTConnected
                0x1fffe885        0x1 ./source/_Bluetooth.o
                0x1fffe885                BTConnected
 .bss.rxIndex   0x1fffe886        0x1 ./source/_Bluetooth.o
                0x1fffe886                rxIndex
 .bss.serviceLocation
                0x1fffe887        0x1 ./source/_Bluetooth.o
                0x1fffe887                serviceLocation
 .bss.g_m_handle
                0x1fffe888       0x28 ./source/_FRAM.o
                0x1fffe888                g_m_handle
 .bss.completionFlag
                0x1fffe8b0        0x1 ./source/_FRAM.o
                0x1fffe8b0                completionFlag
 .bss.nakFlag   0x1fffe8b1        0x1 ./source/_FRAM.o
                0x1fffe8b1                nakFlag
 *fill*         0x1fffe8b2        0x2 
 .bss._FRAM     0x1fffe8b4       0x38 ./source/_FRAM.o
                0x1fffe8b4                _FRAM
 .bss.UP_FLAG   0x1fffe8ec        0x1 ./source/_HMI.o
                0x1fffe8ec                UP_FLAG
 .bss.DOWN_FLAG
                0x1fffe8ed        0x1 ./source/_HMI.o
                0x1fffe8ed                DOWN_FLAG
 .bss.CLEAR_FLAG
                0x1fffe8ee        0x1 ./source/_HMI.o
                0x1fffe8ee                CLEAR_FLAG
 .bss.MODE_FLAG
                0x1fffe8ef        0x1 ./source/_HMI.o
                0x1fffe8ef                MODE_FLAG
 .bss.POWER_FLAG
                0x1fffe8f0        0x1 ./source/_HMI.o
                0x1fffe8f0                POWER_FLAG
 *fill*         0x1fffe8f1        0x3 
 .bss.realTime  0x1fffe8f4        0x8 ./source/_RTC.o
                0x1fffe8f4                realTime
 .bss.mainConfig
                0x1fffe8fc       0x14 ./source/_Sys_Control.o
                0x1fffe8fc                mainConfig
 .bss.builderConfig
                0x1fffe910       0x14 ./source/_Sys_Control.o
                0x1fffe910                builderConfig
 .bss.save      0x1fffe924        0x1 ./source/_Sys_Control.o
                0x1fffe924                save
 .bss.underConstruction
                0x1fffe925        0x1 ./source/_Sys_Control.o
                0x1fffe925                underConstruction
 .bss.resume    0x1fffe926        0x1 ./source/_Sys_Control.o
                0x1fffe926                resume
 .bss.DOWN      0x1fffe927        0x1 ./source/_Sys_Control.o
                0x1fffe927                DOWN
 .bss.UP        0x1fffe928        0x1 ./source/_Sys_Control.o
                0x1fffe928                UP
 *fill*         0x1fffe929        0x3 
 .bss.xBuildHandle
                0x1fffe92c        0x4 ./source/_Sys_Control.o
                0x1fffe92c                xBuildHandle
 .bss.count     0x1fffe930        0x2 ./source/_Timer.o
                0x1fffe930                count
 *fill*         0x1fffe932        0x2 
 .bss.ucHeap    0x1fffe934     0x2800 ./freertos/heap_4.o
 .bss.xStart    0x20001134        0x8 ./freertos/heap_4.o
 .bss.pxEnd     0x2000113c        0x4 ./freertos/heap_4.o
 .bss.xFreeBytesRemaining
                0x20001140        0x4 ./freertos/heap_4.o
 .bss.xMinimumEverFreeBytesRemaining
                0x20001144        0x4 ./freertos/heap_4.o
 .bss.xBlockAllocatedBit
                0x20001148        0x4 ./freertos/heap_4.o
 .bss.xQueueRegistry
                0x2000114c       0x40 ./freertos/queue.o
                0x2000114c                xQueueRegistry
 .bss.pxCurrentTCB
                0x2000118c        0x4 ./freertos/tasks.o
                0x2000118c                pxCurrentTCB
 .bss.pxReadyTasksLists
                0x20001190       0x64 ./freertos/tasks.o
 .bss.xDelayedTaskList1
                0x200011f4       0x14 ./freertos/tasks.o
 .bss.xDelayedTaskList2
                0x20001208       0x14 ./freertos/tasks.o
 .bss.pxDelayedTaskList
                0x2000121c        0x4 ./freertos/tasks.o
 .bss.pxOverflowDelayedTaskList
                0x20001220        0x4 ./freertos/tasks.o
 .bss.xPendingReadyList
                0x20001224       0x14 ./freertos/tasks.o
 .bss.xTasksWaitingTermination
                0x20001238       0x14 ./freertos/tasks.o
 .bss.uxDeletedTasksWaitingCleanUp
                0x2000124c        0x4 ./freertos/tasks.o
 .bss.xSuspendedTaskList
                0x20001250       0x14 ./freertos/tasks.o
 .bss.uxCurrentNumberOfTasks
                0x20001264        0x4 ./freertos/tasks.o
 .bss.xTickCount
                0x20001268        0x4 ./freertos/tasks.o
 .bss.uxTopReadyPriority
                0x2000126c        0x4 ./freertos/tasks.o
 .bss.xSchedulerRunning
                0x20001270        0x4 ./freertos/tasks.o
 .bss.uxPendedTicks
                0x20001274        0x4 ./freertos/tasks.o
 .bss.xYieldPending
                0x20001278        0x4 ./freertos/tasks.o
 .bss.xNumOfOverflows
                0x2000127c        0x4 ./freertos/tasks.o
 .bss.uxTaskNumber
                0x20001280        0x4 ./freertos/tasks.o
 .bss.xNextTaskUnblockTime
                0x20001284        0x4 ./freertos/tasks.o
 .bss.xIdleTaskHandle
                0x20001288        0x4 ./freertos/tasks.o
 .bss.uxSchedulerSuspended
                0x2000128c        0x4 ./freertos/tasks.o
 .bss.xActiveTimerList1
                0x20001290       0x14 ./freertos/timers.o
 .bss.xActiveTimerList2
                0x200012a4       0x14 ./freertos/timers.o
 .bss.pxCurrentTimerList
                0x200012b8        0x4 ./freertos/timers.o
 .bss.pxOverflowTimerList
                0x200012bc        0x4 ./freertos/timers.o
 .bss.xTimerQueue
                0x200012c0        0x4 ./freertos/timers.o
 .bss.xTimerTaskHandle
                0x200012c4        0x4 ./freertos/timers.o
 .bss.xLastTime.4599
                0x200012c8        0x4 ./freertos/timers.o
 .bss.g_xtal0Freq
                0x200012cc        0x4 ./drivers/fsl_clock.o
                0x200012cc                g_xtal0Freq
 .bss.g_xtal32Freq
                0x200012d0        0x4 ./drivers/fsl_clock.o
                0x200012d0                g_xtal32Freq
 .bss.s_DMAHandle
                0x200012d4       0x10 ./drivers/fsl_dma.o
 .bss.s_i2cHandle
                0x200012e4        0x8 ./drivers/fsl_i2c.o
 .bss.s_i2cMasterIsr
                0x200012ec        0x4 ./drivers/fsl_i2c.o
 .bss.s_i2cSlaveIsr
                0x200012f0        0x4 ./drivers/fsl_i2c.o
 .bss.s_lpuartHandle
                0x200012f4        0x8 ./drivers/fsl_lpuart.o
 .bss.s_lpuartIsr
                0x200012fc        0x4 ./drivers/fsl_lpuart.o
 .bss.s_uartHandle
                0x20001300        0xc ./drivers/fsl_uart.o
 .bss.s_uartIsr
                0x2000130c        0x4 ./drivers/fsl_uart.o
 .bss.errno     0x20001310        0x4 c:/nxp/mcuxpressoide_10.0.0_344/ide/tools/bin/../lib/gcc/arm-none-eabi/5.4.1/../../../../arm-none-eabi/lib/armv6-m\libcr_c.a(errno.o)
                0x20001310                errno
 .bss.__Ciob    0x20001314       0xb4 c:/nxp/mcuxpressoide_10.0.0_344/ide/tools/bin/../lib/gcc/arm-none-eabi/5.4.1/../../../../arm-none-eabi/lib/armv6-m\libcr_nohost_nf.a(__ciob.o)
                0x20001314                __Ciob
 *(COMMON)
                0x200013c8                . = ALIGN (0x4)
                0x200013c8                _ebss = .
                [!provide]                PROVIDE (end, .)

.noinit         0x200013c8        0x0 load address 0x0000b1f4
                0x200013c8                _noinit = .
 *(.noinit*)
                0x200013c8                . = ALIGN (0x4)
                0x200013c8                _end_noinit = .

.heap           0x200013c8      0x800 load address 0x0000b1f4
                0x200013c8                _pvHeapStart = .
                0x20001bc8                . = (. + 0x800)
 *fill*         0x200013c8      0x800 
                0x20001bc8                . = ALIGN (0x4)
                0x20001bc8                _pvHeapLimit = .

.heap2stackfill
                0x20001bc8      0x800 load address 0x0000b1f4
                0x200023c8                . = (. + 0x800)
 *fill*         0x20001bc8      0x800 

.stack          0x20005800        0x0
                0x20005800                _vStackBase = .
                0x20005800                . = ALIGN (0x4)
                0x20006000                _vStackTop = (. + 0x800)
OUTPUT(SmartTorqueFW2.axf elf32-littlearm)

.ARM.attributes
                0x00000000       0x28
 .ARM.attributes
                0x00000000       0x1e c:/nxp/mcuxpressoide_10.0.0_344/ide/tools/bin/../lib/gcc/arm-none-eabi/5.4.1/armv6-m/crti.o
 .ARM.attributes
                0x0000001e       0x32 ./utilities/fsl_debug_console.o
 .ARM.attributes
                0x00000050       0x32 ./startup/startup_mkl43z4.o
 .ARM.attributes
                0x00000082       0x32 ./source/SmartTorqueFW.o
 .ARM.attributes
                0x000000b4       0x32 ./source/_ADCSense.o
 .ARM.attributes
                0x000000e6       0x32 ./source/_Bluetooth.o
 .ARM.attributes
                0x00000118       0x32 ./source/_Display.o
 .ARM.attributes
                0x0000014a       0x32 ./source/_FRAM.o
 .ARM.attributes
                0x0000017c       0x32 ./source/_HMI.o
 .ARM.attributes
                0x000001ae       0x32 ./source/_RTC.o
 .ARM.attributes
                0x000001e0       0x32 ./source/_Sys_Control.o
 .ARM.attributes
                0x00000212       0x32 ./source/_Timer.o
 .ARM.attributes
                0x00000244       0x32 ./freertos/event_groups.o
 .ARM.attributes
                0x00000276       0x32 ./freertos/fsl_tickless_lptmr.o
 .ARM.attributes
                0x000002a8       0x32 ./freertos/heap_4.o
 .ARM.attributes
                0x000002da       0x32 ./freertos/list.o
 .ARM.attributes
                0x0000030c       0x32 ./freertos/port.o
 .ARM.attributes
                0x0000033e       0x32 ./freertos/queue.o
 .ARM.attributes
                0x00000370       0x32 ./freertos/tasks.o
 .ARM.attributes
                0x000003a2       0x32 ./freertos/timers.o
 .ARM.attributes
                0x000003d4       0x32 ./drivers/fsl_adc16.o
 .ARM.attributes
                0x00000406       0x32 ./drivers/fsl_clock.o
 .ARM.attributes
                0x00000438       0x32 ./drivers/fsl_dma.o
 .ARM.attributes
                0x0000046a       0x32 ./drivers/fsl_dmamux.o
 .ARM.attributes
                0x0000049c       0x32 ./drivers/fsl_gpio.o
 .ARM.attributes
                0x000004ce       0x32 ./drivers/fsl_i2c.o
 .ARM.attributes
                0x00000500       0x32 ./drivers/fsl_lptmr.o
 .ARM.attributes
                0x00000532       0x32 ./drivers/fsl_lpuart.o
 .ARM.attributes
                0x00000564       0x32 ./drivers/fsl_slcd.o
 .ARM.attributes
                0x00000596       0x32 ./drivers/fsl_tpm.o
 .ARM.attributes
                0x000005c8       0x32 ./drivers/fsl_uart.o
 .ARM.attributes
                0x000005fa       0x32 ./drivers/fsl_uart_freertos.o
 .ARM.attributes
                0x0000062c       0x32 ./board/clock_config.o
 .ARM.attributes
                0x0000065e       0x32 ./board/mtb.o
 .ARM.attributes
                0x00000690       0x32 ./board/pin_mux.o
 .ARM.attributes
                0x000006c2       0x32 ./CMSIS/system_MKL43Z4.o
 .ARM.attributes
                0x000006f4       0x1e c:/nxp/mcuxpressoide_10.0.0_344/ide/tools/bin/../lib/gcc/arm-none-eabi/5.4.1/armv6-m\libgcc.a(_udivsi3.o)
 .ARM.attributes
                0x00000712       0x1e c:/nxp/mcuxpressoide_10.0.0_344/ide/tools/bin/../lib/gcc/arm-none-eabi/5.4.1/armv6-m\libgcc.a(_divsi3.o)
 .ARM.attributes
                0x00000730       0x1e c:/nxp/mcuxpressoide_10.0.0_344/ide/tools/bin/../lib/gcc/arm-none-eabi/5.4.1/armv6-m\libgcc.a(_dvmd_tls.o)
 .ARM.attributes
                0x0000074e       0x1e c:/nxp/mcuxpressoide_10.0.0_344/ide/tools/bin/../lib/gcc/arm-none-eabi/5.4.1/armv6-m\libgcc.a(_aeabi_uldivmod.o)
 .ARM.attributes
                0x0000076c       0x2c c:/nxp/mcuxpressoide_10.0.0_344/ide/tools/bin/../lib/gcc/arm-none-eabi/5.4.1/armv6-m\libgcc.a(_muldi3.o)
 .ARM.attributes
                0x00000798       0x2c c:/nxp/mcuxpressoide_10.0.0_344/ide/tools/bin/../lib/gcc/arm-none-eabi/5.4.1/armv6-m\libgcc.a(_udivmoddi4.o)
 .ARM.attributes
                0x000007c4       0x2c c:/nxp/mcuxpressoide_10.0.0_344/ide/tools/bin/../lib/gcc/arm-none-eabi/5.4.1/armv6-m\libgcc.a(divdf3.o)
 .ARM.attributes
                0x000007f0       0x2c c:/nxp/mcuxpressoide_10.0.0_344/ide/tools/bin/../lib/gcc/arm-none-eabi/5.4.1/armv6-m\libgcc.a(muldf3.o)
 .ARM.attributes
                0x0000081c       0x2c c:/nxp/mcuxpressoide_10.0.0_344/ide/tools/bin/../lib/gcc/arm-none-eabi/5.4.1/armv6-m\libgcc.a(fixdfsi.o)
 .ARM.attributes
                0x00000848       0x2c c:/nxp/mcuxpressoide_10.0.0_344/ide/tools/bin/../lib/gcc/arm-none-eabi/5.4.1/armv6-m\libgcc.a(floatunsidf.o)
 .ARM.attributes
                0x00000874       0x1e c:/nxp/mcuxpressoide_10.0.0_344/ide/tools/bin/../lib/gcc/arm-none-eabi/5.4.1/armv6-m\libgcc.a(_clzsi2.o)
 .ARM.attributes
                0x00000892       0x1e c:/nxp/mcuxpressoide_10.0.0_344/ide/tools/bin/../lib/gcc/arm-none-eabi/5.4.1/armv6-m\libgcc.a(_clzdi2.o)
 .ARM.attributes
                0x000008b0       0x2c c:/nxp/mcuxpressoide_10.0.0_344/ide/tools/bin/../lib/gcc/arm-none-eabi/5.4.1/../../../../arm-none-eabi/lib/armv6-m\libc.a(lib_a-atoi.o)
 .ARM.attributes
                0x000008dc       0x2c c:/nxp/mcuxpressoide_10.0.0_344/ide/tools/bin/../lib/gcc/arm-none-eabi/5.4.1/../../../../arm-none-eabi/lib/armv6-m\libc.a(lib_a-impure.o)
 .ARM.attributes
                0x00000908       0x2c c:/nxp/mcuxpressoide_10.0.0_344/ide/tools/bin/../lib/gcc/arm-none-eabi/5.4.1/../../../../arm-none-eabi/lib/armv6-m\libc.a(lib_a-memcpy-stub.o)
 .ARM.attributes
                0x00000934       0x2c c:/nxp/mcuxpressoide_10.0.0_344/ide/tools/bin/../lib/gcc/arm-none-eabi/5.4.1/../../../../arm-none-eabi/lib/armv6-m\libc.a(lib_a-memset.o)
 .ARM.attributes
                0x00000960       0x1b c:/nxp/mcuxpressoide_10.0.0_344/ide/tools/bin/../lib/gcc/arm-none-eabi/5.4.1/../../../../arm-none-eabi/lib/armv6-m\libc.a(lib_a-strcmp.o)
 .ARM.attributes
                0x0000097b       0x2c c:/nxp/mcuxpressoide_10.0.0_344/ide/tools/bin/../lib/gcc/arm-none-eabi/5.4.1/../../../../arm-none-eabi/lib/armv6-m\libc.a(lib_a-strcpy.o)
 .ARM.attributes
                0x000009a7       0x2c c:/nxp/mcuxpressoide_10.0.0_344/ide/tools/bin/../lib/gcc/arm-none-eabi/5.4.1/../../../../arm-none-eabi/lib/armv6-m\libc.a(lib_a-strlen-stub.o)
 .ARM.attributes
                0x000009d3       0x2c c:/nxp/mcuxpressoide_10.0.0_344/ide/tools/bin/../lib/gcc/arm-none-eabi/5.4.1/../../../../arm-none-eabi/lib/armv6-m\libc.a(lib_a-strtol.o)
 .ARM.attributes
                0x000009ff       0x2c c:/nxp/mcuxpressoide_10.0.0_344/ide/tools/bin/../lib/gcc/arm-none-eabi/5.4.1/../../../../arm-none-eabi/lib/armv6-m\libc.a(lib_a-locale.o)
 .ARM.attributes
                0x00000a2b       0x2c c:/nxp/mcuxpressoide_10.0.0_344/ide/tools/bin/../lib/gcc/arm-none-eabi/5.4.1/../../../../arm-none-eabi/lib/armv6-m\libc.a(lib_a-mbtowc_r.o)
 .ARM.attributes
                0x00000a57       0x2c c:/nxp/mcuxpressoide_10.0.0_344/ide/tools/bin/../lib/gcc/arm-none-eabi/5.4.1/../../../../arm-none-eabi/lib/armv6-m\libc.a(lib_a-wctomb_r.o)
 .ARM.attributes
                0x00000a83       0x2c c:/nxp/mcuxpressoide_10.0.0_344/ide/tools/bin/../lib/gcc/arm-none-eabi/5.4.1/../../../../arm-none-eabi/lib/armv6-m\libc.a(lib_a-ctype_.o)
 .ARM.attributes
                0x00000aaf       0x31 c:/nxp/mcuxpressoide_10.0.0_344/ide/tools/bin/../lib/gcc/arm-none-eabi/5.4.1/../../../../arm-none-eabi/lib/armv6-m\libcr_nohost_nf.a(_cr__main.o)
 .ARM.attributes
                0x00000ae0       0x31 c:/nxp/mcuxpressoide_10.0.0_344/ide/tools/bin/../lib/gcc/arm-none-eabi/5.4.1/../../../../arm-none-eabi/lib/armv6-m\libcr_c.a(initio.o)
 .ARM.attributes
                0x00000b11       0x31 c:/nxp/mcuxpressoide_10.0.0_344/ide/tools/bin/../lib/gcc/arm-none-eabi/5.4.1/../../../../arm-none-eabi/lib/armv6-m\libcr_c.a(setvbuf.o)
 .ARM.attributes
                0x00000b42       0x31 c:/nxp/mcuxpressoide_10.0.0_344/ide/tools/bin/../lib/gcc/arm-none-eabi/5.4.1/../../../../arm-none-eabi/lib/armv6-m\libcr_c.a(_fdopen.o)
 .ARM.attributes
                0x00000b73       0x31 c:/nxp/mcuxpressoide_10.0.0_344/ide/tools/bin/../lib/gcc/arm-none-eabi/5.4.1/../../../../arm-none-eabi/lib/armv6-m\libcr_c.a(fclose.o)
 .ARM.attributes
                0x00000ba4       0x31 c:/nxp/mcuxpressoide_10.0.0_344/ide/tools/bin/../lib/gcc/arm-none-eabi/5.4.1/../../../../arm-none-eabi/lib/armv6-m\libcr_c.a(fflush.o)
 .ARM.attributes
                0x00000bd5       0x31 c:/nxp/mcuxpressoide_10.0.0_344/ide/tools/bin/../lib/gcc/arm-none-eabi/5.4.1/../../../../arm-none-eabi/lib/armv6-m\libcr_c.a(fseek.o)
 .ARM.attributes
                0x00000c06       0x31 c:/nxp/mcuxpressoide_10.0.0_344/ide/tools/bin/../lib/gcc/arm-none-eabi/5.4.1/../../../../arm-none-eabi/lib/armv6-m\libcr_c.a(ftell.o)
 .ARM.attributes
                0x00000c37       0x31 c:/nxp/mcuxpressoide_10.0.0_344/ide/tools/bin/../lib/gcc/arm-none-eabi/5.4.1/../../../../arm-none-eabi/lib/armv6-m\libcr_c.a(remove.o)
 .ARM.attributes
                0x00000c68       0x31 c:/nxp/mcuxpressoide_10.0.0_344/ide/tools/bin/../lib/gcc/arm-none-eabi/5.4.1/../../../../arm-none-eabi/lib/armv6-m\libcr_c.a(_do_fflush.o)
 .ARM.attributes
                0x00000c99       0x31 c:/nxp/mcuxpressoide_10.0.0_344/ide/tools/bin/../lib/gcc/arm-none-eabi/5.4.1/../../../../arm-none-eabi/lib/armv6-m\libcr_c.a(_fflush.o)
 .ARM.attributes
                0x00000cca       0x31 c:/nxp/mcuxpressoide_10.0.0_344/ide/tools/bin/../lib/gcc/arm-none-eabi/5.4.1/../../../../arm-none-eabi/lib/armv6-m\libcr_c.a(_writebuf.o)
 .ARM.attributes
                0x00000cfb       0x31 c:/nxp/mcuxpressoide_10.0.0_344/ide/tools/bin/../lib/gcc/arm-none-eabi/5.4.1/../../../../arm-none-eabi/lib/armv6-m\libcr_c.a(alloc.o)
 .ARM.attributes
                0x00000d2c       0x31 c:/nxp/mcuxpressoide_10.0.0_344/ide/tools/bin/../lib/gcc/arm-none-eabi/5.4.1/../../../../arm-none-eabi/lib/armv6-m\libcr_c.a(errno.o)
 .ARM.attributes
                0x00000d5d       0x31 c:/nxp/mcuxpressoide_10.0.0_344/ide/tools/bin/../lib/gcc/arm-none-eabi/5.4.1/../../../../arm-none-eabi/lib/armv6-m\libcr_c.a(_deferredlazyseek.o)
 .ARM.attributes
                0x00000d8e       0x31 c:/nxp/mcuxpressoide_10.0.0_344/ide/tools/bin/../lib/gcc/arm-none-eabi/5.4.1/../../../../arm-none-eabi/lib/armv6-m\libcr_nohost_nf.a(__ciob.o)
 .ARM.attributes
                0x00000dbf       0x31 c:/nxp/mcuxpressoide_10.0.0_344/ide/tools/bin/../lib/gcc/arm-none-eabi/5.4.1/../../../../arm-none-eabi/lib/armv6-m\libcr_nohost_nf.a(__sys_close.o)
 .ARM.attributes
                0x00000df0       0x31 c:/nxp/mcuxpressoide_10.0.0_344/ide/tools/bin/../lib/gcc/arm-none-eabi/5.4.1/../../../../arm-none-eabi/lib/armv6-m\libcr_nohost_nf.a(__sys_flen.o)
 .ARM.attributes
                0x00000e21       0x31 c:/nxp/mcuxpressoide_10.0.0_344/ide/tools/bin/../lib/gcc/arm-none-eabi/5.4.1/../../../../arm-none-eabi/lib/armv6-m\libcr_nohost_nf.a(__sys_istty.o)
 .ARM.attributes
                0x00000e52       0x31 c:/nxp/mcuxpressoide_10.0.0_344/ide/tools/bin/../lib/gcc/arm-none-eabi/5.4.1/../../../../arm-none-eabi/lib/armv6-m\libcr_nohost_nf.a(__sys_remove.o)
 .ARM.attributes
                0x00000e83       0x31 c:/nxp/mcuxpressoide_10.0.0_344/ide/tools/bin/../lib/gcc/arm-none-eabi/5.4.1/../../../../arm-none-eabi/lib/armv6-m\libcr_nohost_nf.a(__sys_seek.o)
 .ARM.attributes
                0x00000eb4       0x31 c:/nxp/mcuxpressoide_10.0.0_344/ide/tools/bin/../lib/gcc/arm-none-eabi/5.4.1/../../../../arm-none-eabi/lib/armv6-m\libcr_nohost_nf.a(__sys_tmpnam.o)
 .ARM.attributes
                0x00000ee5       0x31 c:/nxp/mcuxpressoide_10.0.0_344/ide/tools/bin/../lib/gcc/arm-none-eabi/5.4.1/../../../../arm-none-eabi/lib/armv6-m\libcr_nohost_nf.a(__sys_write.o)

.comment        0x00000000       0x6e
 .comment       0x00000000       0x6e ./utilities/fsl_debug_console.o
                                 0x6f (size before relaxing)
 .comment       0x0000006e       0x6f ./startup/startup_mkl43z4.o
 .comment       0x0000006e       0x6f ./source/SmartTorqueFW.o
 .comment       0x0000006e       0x6f ./source/_ADCSense.o
 .comment       0x0000006e       0x6f ./source/_Bluetooth.o
 .comment       0x0000006e       0x6f ./source/_Display.o
 .comment       0x0000006e       0x6f ./source/_FRAM.o
 .comment       0x0000006e       0x6f ./source/_HMI.o
 .comment       0x0000006e       0x6f ./source/_RTC.o
 .comment       0x0000006e       0x6f ./source/_Sys_Control.o
 .comment       0x0000006e       0x6f ./source/_Timer.o
 .comment       0x0000006e       0x6f ./freertos/event_groups.o
 .comment       0x0000006e       0x6f ./freertos/fsl_tickless_lptmr.o
 .comment       0x0000006e       0x6f ./freertos/heap_4.o
 .comment       0x0000006e       0x6f ./freertos/list.o
 .comment       0x0000006e       0x6f ./freertos/port.o
 .comment       0x0000006e       0x6f ./freertos/queue.o
 .comment       0x0000006e       0x6f ./freertos/tasks.o
 .comment       0x0000006e       0x6f ./freertos/timers.o
 .comment       0x0000006e       0x6f ./drivers/fsl_adc16.o
 .comment       0x0000006e       0x6f ./drivers/fsl_clock.o
 .comment       0x0000006e       0x6f ./drivers/fsl_dma.o
 .comment       0x0000006e       0x6f ./drivers/fsl_dmamux.o
 .comment       0x0000006e       0x6f ./drivers/fsl_gpio.o
 .comment       0x0000006e       0x6f ./drivers/fsl_i2c.o
 .comment       0x0000006e       0x6f ./drivers/fsl_lptmr.o
 .comment       0x0000006e       0x6f ./drivers/fsl_lpuart.o
 .comment       0x0000006e       0x6f ./drivers/fsl_slcd.o
 .comment       0x0000006e       0x6f ./drivers/fsl_tpm.o
 .comment       0x0000006e       0x6f ./drivers/fsl_uart.o
 .comment       0x0000006e       0x6f ./drivers/fsl_uart_freertos.o
 .comment       0x0000006e       0x6f ./board/clock_config.o
 .comment       0x0000006e       0x6f ./board/mtb.o
 .comment       0x0000006e       0x6f ./board/pin_mux.o
 .comment       0x0000006e       0x6f ./CMSIS/system_MKL43Z4.o
 .comment       0x0000006e       0x6f c:/nxp/mcuxpressoide_10.0.0_344/ide/tools/bin/../lib/gcc/arm-none-eabi/5.4.1/../../../../arm-none-eabi/lib/armv6-m\libcr_nohost_nf.a(_cr__main.o)
 .comment       0x0000006e       0x6f c:/nxp/mcuxpressoide_10.0.0_344/ide/tools/bin/../lib/gcc/arm-none-eabi/5.4.1/../../../../arm-none-eabi/lib/armv6-m\libcr_c.a(initio.o)
 .comment       0x0000006e       0x6f c:/nxp/mcuxpressoide_10.0.0_344/ide/tools/bin/../lib/gcc/arm-none-eabi/5.4.1/../../../../arm-none-eabi/lib/armv6-m\libcr_c.a(setvbuf.o)
 .comment       0x0000006e       0x6f c:/nxp/mcuxpressoide_10.0.0_344/ide/tools/bin/../lib/gcc/arm-none-eabi/5.4.1/../../../../arm-none-eabi/lib/armv6-m\libcr_c.a(_fdopen.o)
 .comment       0x0000006e       0x6f c:/nxp/mcuxpressoide_10.0.0_344/ide/tools/bin/../lib/gcc/arm-none-eabi/5.4.1/../../../../arm-none-eabi/lib/armv6-m\libcr_c.a(fclose.o)
 .comment       0x0000006e       0x6f c:/nxp/mcuxpressoide_10.0.0_344/ide/tools/bin/../lib/gcc/arm-none-eabi/5.4.1/../../../../arm-none-eabi/lib/armv6-m\libcr_c.a(fflush.o)
 .comment       0x0000006e       0x6f c:/nxp/mcuxpressoide_10.0.0_344/ide/tools/bin/../lib/gcc/arm-none-eabi/5.4.1/../../../../arm-none-eabi/lib/armv6-m\libcr_c.a(fseek.o)
 .comment       0x0000006e       0x6f c:/nxp/mcuxpressoide_10.0.0_344/ide/tools/bin/../lib/gcc/arm-none-eabi/5.4.1/../../../../arm-none-eabi/lib/armv6-m\libcr_c.a(ftell.o)
 .comment       0x0000006e       0x6f c:/nxp/mcuxpressoide_10.0.0_344/ide/tools/bin/../lib/gcc/arm-none-eabi/5.4.1/../../../../arm-none-eabi/lib/armv6-m\libcr_c.a(remove.o)
 .comment       0x0000006e       0x6f c:/nxp/mcuxpressoide_10.0.0_344/ide/tools/bin/../lib/gcc/arm-none-eabi/5.4.1/../../../../arm-none-eabi/lib/armv6-m\libcr_c.a(_do_fflush.o)
 .comment       0x0000006e       0x6f c:/nxp/mcuxpressoide_10.0.0_344/ide/tools/bin/../lib/gcc/arm-none-eabi/5.4.1/../../../../arm-none-eabi/lib/armv6-m\libcr_c.a(_fflush.o)
 .comment       0x0000006e       0x6f c:/nxp/mcuxpressoide_10.0.0_344/ide/tools/bin/../lib/gcc/arm-none-eabi/5.4.1/../../../../arm-none-eabi/lib/armv6-m\libcr_c.a(_writebuf.o)
 .comment       0x0000006e       0x6f c:/nxp/mcuxpressoide_10.0.0_344/ide/tools/bin/../lib/gcc/arm-none-eabi/5.4.1/../../../../arm-none-eabi/lib/armv6-m\libcr_c.a(alloc.o)
 .comment       0x0000006e       0x6f c:/nxp/mcuxpressoide_10.0.0_344/ide/tools/bin/../lib/gcc/arm-none-eabi/5.4.1/../../../../arm-none-eabi/lib/armv6-m\libcr_c.a(errno.o)
 .comment       0x0000006e       0x6f c:/nxp/mcuxpressoide_10.0.0_344/ide/tools/bin/../lib/gcc/arm-none-eabi/5.4.1/../../../../arm-none-eabi/lib/armv6-m\libcr_c.a(_deferredlazyseek.o)
 .comment       0x0000006e       0x6f c:/nxp/mcuxpressoide_10.0.0_344/ide/tools/bin/../lib/gcc/arm-none-eabi/5.4.1/../../../../arm-none-eabi/lib/armv6-m\libcr_nohost_nf.a(__ciob.o)
 .comment       0x0000006e       0x6f c:/nxp/mcuxpressoide_10.0.0_344/ide/tools/bin/../lib/gcc/arm-none-eabi/5.4.1/../../../../arm-none-eabi/lib/armv6-m\libcr_nohost_nf.a(__sys_close.o)
 .comment       0x0000006e       0x6f c:/nxp/mcuxpressoide_10.0.0_344/ide/tools/bin/../lib/gcc/arm-none-eabi/5.4.1/../../../../arm-none-eabi/lib/armv6-m\libcr_nohost_nf.a(__sys_flen.o)
 .comment       0x0000006e       0x6f c:/nxp/mcuxpressoide_10.0.0_344/ide/tools/bin/../lib/gcc/arm-none-eabi/5.4.1/../../../../arm-none-eabi/lib/armv6-m\libcr_nohost_nf.a(__sys_istty.o)
 .comment       0x0000006e       0x6f c:/nxp/mcuxpressoide_10.0.0_344/ide/tools/bin/../lib/gcc/arm-none-eabi/5.4.1/../../../../arm-none-eabi/lib/armv6-m\libcr_nohost_nf.a(__sys_remove.o)
 .comment       0x0000006e       0x6f c:/nxp/mcuxpressoide_10.0.0_344/ide/tools/bin/../lib/gcc/arm-none-eabi/5.4.1/../../../../arm-none-eabi/lib/armv6-m\libcr_nohost_nf.a(__sys_seek.o)
 .comment       0x0000006e       0x6f c:/nxp/mcuxpressoide_10.0.0_344/ide/tools/bin/../lib/gcc/arm-none-eabi/5.4.1/../../../../arm-none-eabi/lib/armv6-m\libcr_nohost_nf.a(__sys_tmpnam.o)
 .comment       0x0000006e       0x6f c:/nxp/mcuxpressoide_10.0.0_344/ide/tools/bin/../lib/gcc/arm-none-eabi/5.4.1/../../../../arm-none-eabi/lib/armv6-m\libcr_nohost_nf.a(__sys_write.o)

.debug_frame    0x00000000      0x418
 .debug_frame   0x00000000       0x20 c:/nxp/mcuxpressoide_10.0.0_344/ide/tools/bin/../lib/gcc/arm-none-eabi/5.4.1/armv6-m\libgcc.a(_udivsi3.o)
 .debug_frame   0x00000020       0x20 c:/nxp/mcuxpressoide_10.0.0_344/ide/tools/bin/../lib/gcc/arm-none-eabi/5.4.1/armv6-m\libgcc.a(_divsi3.o)
 .debug_frame   0x00000040       0x34 c:/nxp/mcuxpressoide_10.0.0_344/ide/tools/bin/../lib/gcc/arm-none-eabi/5.4.1/armv6-m\libgcc.a(_muldi3.o)
 .debug_frame   0x00000074       0x3c c:/nxp/mcuxpressoide_10.0.0_344/ide/tools/bin/../lib/gcc/arm-none-eabi/5.4.1/armv6-m\libgcc.a(_udivmoddi4.o)
 .debug_frame   0x000000b0       0x3c c:/nxp/mcuxpressoide_10.0.0_344/ide/tools/bin/../lib/gcc/arm-none-eabi/5.4.1/armv6-m\libgcc.a(divdf3.o)
 .debug_frame   0x000000ec       0x3c c:/nxp/mcuxpressoide_10.0.0_344/ide/tools/bin/../lib/gcc/arm-none-eabi/5.4.1/armv6-m\libgcc.a(muldf3.o)
 .debug_frame   0x00000128       0x2c c:/nxp/mcuxpressoide_10.0.0_344/ide/tools/bin/../lib/gcc/arm-none-eabi/5.4.1/armv6-m\libgcc.a(fixdfsi.o)
 .debug_frame   0x00000154       0x2c c:/nxp/mcuxpressoide_10.0.0_344/ide/tools/bin/../lib/gcc/arm-none-eabi/5.4.1/armv6-m\libgcc.a(floatunsidf.o)
 .debug_frame   0x00000180       0x40 c:/nxp/mcuxpressoide_10.0.0_344/ide/tools/bin/../lib/gcc/arm-none-eabi/5.4.1/../../../../arm-none-eabi/lib/armv6-m\libc.a(lib_a-atoi.o)
 .debug_frame   0x000001c0       0x2c c:/nxp/mcuxpressoide_10.0.0_344/ide/tools/bin/../lib/gcc/arm-none-eabi/5.4.1/../../../../arm-none-eabi/lib/armv6-m\libc.a(lib_a-memcpy-stub.o)
 .debug_frame   0x000001ec       0x2c c:/nxp/mcuxpressoide_10.0.0_344/ide/tools/bin/../lib/gcc/arm-none-eabi/5.4.1/../../../../arm-none-eabi/lib/armv6-m\libc.a(lib_a-memset.o)
 .debug_frame   0x00000218       0x20 c:/nxp/mcuxpressoide_10.0.0_344/ide/tools/bin/../lib/gcc/arm-none-eabi/5.4.1/../../../../arm-none-eabi/lib/armv6-m\libc.a(lib_a-strcmp.o)
 .debug_frame   0x00000238       0x20 c:/nxp/mcuxpressoide_10.0.0_344/ide/tools/bin/../lib/gcc/arm-none-eabi/5.4.1/../../../../arm-none-eabi/lib/armv6-m\libc.a(lib_a-strcpy.o)
 .debug_frame   0x00000258       0x28 c:/nxp/mcuxpressoide_10.0.0_344/ide/tools/bin/../lib/gcc/arm-none-eabi/5.4.1/../../../../arm-none-eabi/lib/armv6-m\libc.a(lib_a-strlen-stub.o)
 .debug_frame   0x00000280       0x90 c:/nxp/mcuxpressoide_10.0.0_344/ide/tools/bin/../lib/gcc/arm-none-eabi/5.4.1/../../../../arm-none-eabi/lib/armv6-m\libc.a(lib_a-strtol.o)
 .debug_frame   0x00000310       0x8c c:/nxp/mcuxpressoide_10.0.0_344/ide/tools/bin/../lib/gcc/arm-none-eabi/5.4.1/../../../../arm-none-eabi/lib/armv6-m\libc.a(lib_a-locale.o)
 .debug_frame   0x0000039c       0x40 c:/nxp/mcuxpressoide_10.0.0_344/ide/tools/bin/../lib/gcc/arm-none-eabi/5.4.1/../../../../arm-none-eabi/lib/armv6-m\libc.a(lib_a-mbtowc_r.o)
 .debug_frame   0x000003dc       0x3c c:/nxp/mcuxpressoide_10.0.0_344/ide/tools/bin/../lib/gcc/arm-none-eabi/5.4.1/../../../../arm-none-eabi/lib/armv6-m\libc.a(lib_a-wctomb_r.o)